0 ASSIGN 7 R0 0
0 PICK 7 R0
0 REPORT pending=0 aged=0 idle=0 to_pickup=0 delivering=1 to_charger=0 charging=0 dead=0 hot=3,1,1
1 DELIVER 7 R0 1
1 REPORT pending=0 aged=0 idle=1 to_pickup=0 delivering=0 to_charger=0 charging=0 dead=0 hot=3,1,1
2 REPORT pending=0 aged=0 idle=1 to_pickup=0 delivering=0 to_charger=0 charging=0 dead=0 hot=3,1,1
3 REPORT pending=0 aged=0 idle=1 to_pickup=0 delivering=0 to_charger=0 charging=0 dead=0 hot=3,1,1
4 REPORT pending=0 aged=0 idle=1 to_pickup=0 delivering=0 to_charger=0 charging=0 dead=0 hot=3,1,1
5 REPORT pending=0 aged=0 idle=1 to_pickup=0 delivering=0 to_charger=0 charging=0 dead=0 hot=3,1,1
6 REPORT pending=0 aged=0 idle=1 to_pickup=0 delivering=0 to_charger=0 charging=0 dead=0 hot=3,1,1
7 REPORT pending=0 aged=0 idle=1 to_pickup=0 delivering=0 to_charger=0 charging=0 dead=0 hot=3,1,1
8 REPORT pending=0 aged=0 idle=1 to_pickup=0 delivering=0 to_charger=0 charging=0 dead=0 hot=3,1,1
9 REPORT pending=0 aged=0 idle=1 to_pickup=0 delivering=0 to_charger=0 charging=0 dead=0 hot=3,1,1
10 REPORT pending=0 aged=0 idle=1 to_pickup=0 delivering=0 to_charger=0 charging=0 dead=0 hot=3,1,1
11 REPORT pending=0 aged=0 idle=1 to_pickup=0 delivering=0 to_charger=0 charging=0 dead=0 hot=3,1,1
12 REPORT pending=0 aged=0 idle=1 to_pickup=0 delivering=0 to_charger=0 charging=0 dead=0 hot=3,1,1
13 REPORT pending=0 aged=0 idle=1 to_pickup=0 delivering=0 to_charger=0 charging=0 dead=0 hot=3,1,1
14 REPORT pending=0 aged=0 idle=1 to_pickup=0 delivering=0 to_charger=0 charging=0 dead=0 hot=3,1,1
15 REPORT pending=0 aged=0 idle=1 to_pickup=0 delivering=0 to_charger=0 charging=0 dead=0 hot=3,1,1
16 REPORT pending=0 aged=0 idle=1 to_pickup=0 delivering=0 to_charger=0 charging=0 dead=0 hot=3,1,1
17 REPORT pending=0 aged=0 idle=1 to_pickup=0 delivering=0 to_charger=0 charging=0 dead=0 hot=3,1,1
18 REPORT pending=0 aged=0 idle=1 to_pickup=0 delivering=0 to_charger=0 charging=0 dead=0 hot=3,1,1
19 REPORT pending=0 aged=0 idle=1 to_pickup=0 delivering=0 to_charger=0 charging=0 dead=0 hot=3,1,1
SUMMARY delivered=1 lost=0 rejected=0 cancelled=0 open=0
LATENCY sum=1 max=1 avg=1
ROBOT R0 3 2 40 IDLE 0 0
