0 ASSIGN 1 R16 14
0 ASSIGN 2 R25 3
1 ASSIGN 3 R7 4
1 ASSIGN 4 R14 10
2 ASSIGN 5 R0 5
2 PICK 2 R25
3 ASSIGN 6 R29 10
3 ASSIGN 7 R21 5
4 ASSIGN 9 R23 4
4 ASSIGN 8 R9 7
4 PICK 3 R7
5 ASSIGN 10 R1 17
5 ASSIGN 11 R28 16
6 ASSIGN 13 R24 18
6 ASSIGN 12 R19 11
6 PICK 5 R0
7 ASSIGN 14 R8 11
7 ASSIGN 15 R22 8
7 PICK 7 R21
7 PICK 9 R23
8 ASSIGN 16 R5 12
9 ASSIGN 17 R18 10
9 ASSIGN 18 R20 22
10 ASSIGN 19 R6 11
10 ASSIGN 20 R3 24
10 PICK 8 R9
10 PICK 4 R14
11 ASSIGN 22 R13 29
11 ASSIGN 21 R15 16
12 ASSIGN 23 R2 31
12 ASSIGN 24 R11 17
12 PICK 6 R29
13 ASSIGN 26 R26 34
13 ASSIGN 25 R4 14
13 PICK 1 R16
14 ASSIGN 27 R12 16
14 PICK 15 R22
15 ASSIGN 28 R10 38
16 ASSIGN 29 R17 25
16 PICK 12 R19
17 ASSIGN 30 R27 11
17 PICK 14 R8
18 PICK 17 R18
19 PICK 16 R5
20 PICK 19 R6
20 PICK 11 R28
21 PICK 10 R1
23 SIDESTEP R12
23 PICK 13 R24
24 SIDESTEP R10
24 DELIVER 9 R23 20
25 ASSIGN 39 R23 10
26 PICK 25 R4
26 PICK 21 R15
28 PICK 24 R11
28 SIDESTEP R12
29 DELIVER 6 R29 26
30 ASSIGN 49 R29 31
30 SIDESTEP R21
30 PICK 30 R27
31 DELIVER 21 R15 20
32 ASSIGN 40 R15 27
32 DELIVER 2 R25 32
33 ASSIGN 48 R25 40
33 PICK 20 R3
33 SIDESTEP R12
33 SIDESTEP R20
34 PICK 39 R23
36 SIDESTEP R7
37 SIDESTEP R25
38 DELIVER 17 R18 29
38 SIDESTEP R20
39 ASSIGN 60 R18 48
39 PICK 22 R13
39 SIDESTEP R15
40 PICK 29 R17
41 SIDESTEP R7
42 PICK 23 R2
43 DELIVER 5 R0 41
43 SIDESTEP R20
44 ASSIGN 68 R0 41
44 SIDESTEP R4
44 SIDESTEP R15
46 SIDESTEP R7
46 PICK 26 R26
47 DELIVER 14 R8 40
48 ASSIGN 62 R8 57
48 SIDESTEP R20
49 SIDESTEP R4
49 SIDESTEP R15
49 SIDESTEP R27
49 REPORT pending=47 idle=0 to_pickup=9 delivering=21 to_charger=0 charging=0 dead=0 hot=31,26,8
51 SIDESTEP R7
51 DELIVER 8 R9 47
52 ASSIGN 85 R9 30
52 SIDESTEP R25
53 SIDESTEP R11
53 SIDESTEP R20
53 DELIVER 11 R28 48
54 ASSIGN 92 R28 30
54 SIDESTEP R15
54 SIDESTEP R27
55 CANCEL 48
55 ASSIGN 73 R25 44
55 DELIVER 1 R16 55
56 ASSIGN 93 R16 21
56 SIDESTEP R7
56 DELIVER 7 R21 53
56 DELIVER 15 R22 49
57 ASSIGN 34 R22 26
57 ASSIGN 35 R21 36
57 PICK 27 R12
57 DELIVER 4 R14 56
58 ASSIGN 38 R14 40
58 SIDESTEP R11
58 SIDESTEP R20
59 SIDESTEP R10
59 SIDESTEP R27
60 SIDESTEP R19
61 SIDESTEP R5
61 SIDESTEP R7
62 SIDESTEP R8
62 SIDESTEP R22
62 DELIVER 39 R23 40
63 ASSIGN 103 R23 47
63 SIDESTEP R20
64 SIDESTEP R10
64 DELIVER 13 R24 58
64 DELIVER 26 R26 51
65 ASSIGN 104 R26 12
65 ASSIGN 108 R24 31
66 SIDESTEP R0
66 SIDESTEP R5
66 SIDESTEP R17
66 SIDESTEP R27
67 SIDESTEP R3
67 SIDESTEP R28
68 SIDESTEP R20
68 PICK 49 R29
69 CANCEL_FAIL 1
71 SIDESTEP R0
71 SIDESTEP R10
71 DELIVER 12 R19 65
72 ASSIGN 109 R19 53
72 SIDESTEP R5
72 SIDESTEP R27
73 REJECT 122
73 SIDESTEP R2
73 SIDESTEP R6
73 SIDESTEP R20
76 DELIVER 3 R7 75
76 SIDESTEP R9
76 SIDESTEP R10
76 SIDESTEP R11
76 DELIVER 27 R12 62
76 PICK 93 R16
76 PICK 104 R26
76 SIDESTEP R28
77 ASSIGN 41 R7 37
77 ASSIGN 43 R12 58
77 DELIVER 20 R3 67
77 SIDESTEP R5
77 SIDESTEP R27
78 ASSIGN 47 R3 9
78 SIDESTEP R0
78 SIDESTEP R2
79 DELIVER 22 R13 68
80 CANCEL 116
80 ASSIGN 52 R13 18
81 SIDESTEP R28
82 SIDESTEP R27
83 CANCEL 86
83 SIDESTEP R0
83 SIDESTEP R2
83 SIDESTEP R11
83 SIDESTEP R17
83 SIDESTEP R19
84 DELIVER 19 R6 74
85 ASSIGN 138 R6 22
85 PICK 18 R20
86 PICK 47 R3
86 DELIVER 25 R4 73
87 ASSIGN 139 R4 38
87 PICK 85 R9
87 PICK 40 R15
87 SIDESTEP R27
88 SIDESTEP R0
88 SIDESTEP R2
88 DELIVER 93 R16 34
88 SIDESTEP R19
89 ASSIGN 147 R16 31
91 SIDESTEP R20
92 DELIVER 104 R26 32
92 SIDESTEP R27
93 ASSIGN 151 R26 22
93 SIDESTEP R0
93 SIDESTEP R2
93 DELIVER 29 R17 77
93 SIDESTEP R19
94 ASSIGN 56 R17 41
94 PICK 60 R18
95 DELIVER 16 R5 87
95 PICK 108 R24
96 ASSIGN 158 R5 33
96 DELIVER 47 R3 70
96 SIDESTEP R20
96 DELIVER 49 R29 68
97 CANCEL_FAIL 4
97 ASSIGN 161 R29 42
97 ASSIGN 59 R3 50
97 PICK 52 R13
99 DELIVER 10 R1 94
99 REPORT pending=101 idle=1 to_pickup=20 delivering=9 to_charger=0 charging=0 dead=0 hot=32,29,5
100 ASSIGN 164 R1 66
100 SIDESTEP R18
101 SIDESTEP R4
102 CANCEL 56
102 ASSIGN 61 R17 33
102 PICK 92 R28
104 PICK 28 R10
105 DELIVER 24 R11 93
105 PICK 38 R14
105 SIDESTEP R18
106 ASSIGN 171 R11 47
106 DELIVER 23 R2 94
106 SIDESTEP R4
107 ASSIGN 172 R2 38
107 PICK 34 R22
108 CANCEL 101
108 PICK 35 R21
108 SIDESTEP R26
111 SIDESTEP R4
113 SIDESTEP R3
113 SIDESTEP R29
114 PICK 41 R7
114 SIDESTEP R28
115 PICK 62 R8
115 SIDESTEP R15
116 SIDESTEP R4
117 SIDESTEP R17
118 DELIVER 52 R13 89
118 SIDESTEP R29
119 ASSIGN 185 R13 44
119 PICK 147 R16
119 SIDESTEP R28
120 PICK 151 R26
121 SIDESTEP R4
122 SIDESTEP R17
123 SIDESTEP R11
123 PICK 73 R25
123 SIDESTEP R29
124 DELIVER 85 R9 74
124 SIDESTEP R28
125 ASSIGN 177 R9 29
126 PICK 68 R0
126 SIDESTEP R4
126 SIDESTEP R19
127 SIDESTEP R17
127 PICK 103 R23
128 PICK 158 R5
128 SIDESTEP R11
129 SIDESTEP R28
130 SIDESTEP R3
130 SIDESTEP R22
131 CANCEL 156
131 SIDESTEP R4
131 DELIVER 28 R10 116
132 ASSIGN 210 R10 30
132 SIDESTEP R17
133 SIDESTEP R9
134 PICK 43 R12
134 SIDESTEP R15
134 DELIVER 147 R16 46
134 SIDESTEP R28
135 ASSIGN 214 R16 56
135 SIDESTEP R7
136 SIDESTEP R4
136 DELIVER 18 R20 127
136 SIDESTEP R22
137 CANCEL_FAIL 23
137 CANCEL 130
137 ASSIGN 193 R20 23
138 DELIVER 108 R24 75
139 ASSIGN 203 R24 50
140 SIDESTEP R0
141 SIDESTEP R4
141 SIDESTEP R22
142 SIDESTEP R1
143 DELIVER 60 R18 108
143 DELIVER 35 R21 124
144 ASSIGN 69 R18 27
144 ASSIGN 71 R21 38
146 SIDESTEP R4
146 PICK 138 R6
146 SIDESTEP R15
146 SIDESTEP R22
148 PICK 172 R2
149 REPORT pending=166 idle=0 to_pickup=15 delivering=15 to_charger=0 charging=0 dead=0 hot=25,21,4
150 SIDESTEP R20
151 DELIVER 38 R14 130
151 DELIVER 40 R15 129
152 ASSIGN 241 R15 5
152 ASSIGN 237 R14 35
153 SIDESTEP R7
154 CANCEL_FAIL 30
154 SIDESTEP R11
155 SIDESTEP R20
156 SIDESTEP R4
156 PICK 241 R15
157 SIDESTEP R29
158 SIDESTEP R7
159 CANCEL 94
159 DELIVER 151 R26 69
160 ASSIGN 245 R26 43
160 SIDESTEP R20
161 PICK 210 R10
161 DELIVER 30 R27 144
161 DELIVER 92 R28 107
162 ASSIGN 246 R27 15
162 ASSIGN 257 R28 32
162 SIDESTEP R29
163 SIDESTEP R7
164 SIDESTEP R17
164 PICK 109 R19
165 SIDESTEP R20
166 SIDESTEP R16
167 SIDESTEP R29
168 SIDESTEP R7
169 CANCEL_FAIL 60
169 SIDESTEP R17
170 CANCEL 230
170 DELIVER 138 R6 88
170 SIDESTEP R10
170 PICK 69 R18
171 ASSIGN 264 R6 51
171 SIDESTEP R4
171 SIDESTEP R16
171 SIDESTEP R28
172 CANCEL 75
172 PICK 164 R1
173 SIDESTEP R7
173 PICK 61 R17
175 SIDESTEP R10
175 PICK 185 R13
175 DELIVER 34 R22 156
176 ASSIGN 279 R22 37
176 SIDESTEP R4
176 DELIVER 69 R18 136
176 PICK 246 R27
176 SIDESTEP R28
176 PICK 161 R29
177 ASSIGN 287 R18 25
177 DELIVER 68 R0 137
178 ASSIGN 276 R0 39
178 DELIVER 164 R1 79
178 PICK 59 R3
178 SIDESTEP R7
179 ASSIGN 76 R1 49
180 SIDESTEP R10
181 SIDESTEP R4
181 DELIVER 158 R5 86
182 ASSIGN 295 R5 23
182 SIDESTEP R22
182 DELIVER 103 R23 123
183 ASSIGN 87 R23 58
183 SIDESTEP R7
183 PICK 171 R11
183 SIDESTEP R29
184 SIDESTEP R24
185 SIDESTEP R1
185 SIDESTEP R10
186 SIDESTEP R4
186 DELIVER 43 R12 162
187 CANCEL_FAIL 28
187 ASSIGN 300 R12 7
187 SIDESTEP R5
187 PICK 237 R14
187 SIDESTEP R15
187 DELIVER 73 R25 144
188 CANCEL 183
188 REJECT 307
188 ASSIGN 88 R25 12
188 DELIVER 62 R8 152
189 ASSIGN 96 R8 45
189 SIDESTEP R24
190 SIDESTEP R10
191 SIDESTEP R4
191 SIDESTEP R12
192 SIDESTEP R6
192 SIDESTEP R15
192 DELIVER 109 R19 129
193 CANCEL 207
193 ASSIGN 102 R19 21
193 DELIVER 246 R27 43
194 ASSIGN 105 R27 44
195 SIDESTEP R10
195 SIDESTEP R29
196 SIDESTEP R4
196 PICK 193 R20
197 SIDESTEP R15
198 PICK 177 R9
199 PICK 300 R12
199 PICK 88 R25
199 REPORT pending=223 idle=0 to_pickup=16 delivering=14 to_charger=0 charging=0 dead=0 hot=29,29,6
200 DELIVER 172 R2 96
200 SIDESTEP R10
200 SIDESTEP R29
201 ASSIGN 322 R2 30
201 SIDESTEP R4
201 PICK 287 R18
202 SIDESTEP R15
204 SIDESTEP R26
205 SIDESTEP R10
205 DELIVER 185 R13 93
205 SIDESTEP R29
206 ASSIGN 334 R13 59
207 CANCEL 244
207 DELIVER 41 R7 184
207 SIDESTEP R15
208 ASSIGN 324 R7 19
208 PICK 71 R21
209 SIDESTEP R26
210 SIDESTEP R10
212 SIDESTEP R15
213 DELIVER 171 R11 110
213 DELIVER 61 R17 177
213 PICK 102 R19
214 ASSIGN 341 R17 21
214 ASSIGN 338 R11 36
215 CANCEL 173
215 CANCEL 298
215 SIDESTEP R2
215 SIDESTEP R10
216 CANCEL 99
216 CANCEL 192
216 PICK 276 R0
216 SIDESTEP R5
216 SIDESTEP R21
216 SIDESTEP R26
217 PICK 203 R24
220 SIDESTEP R2
221 SIDESTEP R16
221 SIDESTEP R21
222 SIDESTEP R13
223 PICK 295 R5
224 DELIVER 177 R9 117
225 ASSIGN 361 R9 30
225 SIDESTEP R2
225 DELIVER 59 R3 191
226 CANCEL 74
226 ASSIGN 363 R3 11
226 PICK 324 R7
227 PICK 264 R6
227 SIDESTEP R13
227 SIDESTEP R27
230 SIDESTEP R2
230 PICK 257 R28
232 SIDESTEP R13
232 PICK 245 R26
232 SIDESTEP R27
233 PICK 96 R8
233 SIDESTEP R18
234 PICK 76 R1
234 PICK 341 R17
235 SIDESTEP R2
236 PICK 363 R3
237 DELIVER 300 R12 53
238 ASSIGN 370 R12 32
238 SIDESTEP R18
238 SIDESTEP R21
239 CANCEL 159
239 SIDESTEP R7
239 SIDESTEP R11
239 SIDESTEP R16
239 PICK 279 R22
240 CANCEL 212
240 SIDESTEP R2
240 PICK 87 R23
242 DELIVER 161 R29 145
243 ASSIGN 381 R29 45
243 SIDESTEP R18
244 SIDESTEP R1
244 SIDESTEP R5
244 SIDESTEP R7
244 SIDESTEP R8
244 SIDESTEP R11
244 SIDESTEP R16
245 SIDESTEP R2
246 DELIVER 237 R14 101
247 ASSIGN 386 R14 35
248 SIDESTEP R18
248 DELIVER 203 R24 125
249 ASSIGN 394 R24 66
249 SIDESTEP R5
249 SIDESTEP R7
249 SIDESTEP R11
249 SIDESTEP R16
249 DELIVER 71 R21 207
249 REPORT pending=282 idle=1 to_pickup=11 delivering=18 to_charger=0 charging=0 dead=0 hot=26,30,5
250 ASSIGN 400 R21 27
250 SIDESTEP R2
251 DELIVER 210 R10 124
251 PICK 105 R27
252 ASSIGN 107 R10 39
253 CANCEL 233
253 SIDESTEP R18
253 DELIVER 102 R19 194
254 ASSIGN 409 R19 18
254 SIDESTEP R5
254 SIDESTEP R7
254 SIDESTEP R11
254 SIDESTEP R16
255 CANCEL 118
255 SIDESTEP R2
256 DELIVER 276 R0 86
256 PICK 139 R4
257 ASSIGN 416 R0 35
257 SIDESTEP R15
257 SIDESTEP R17
257 SIDESTEP R27
258 CANCEL 310
258 CANCEL 334
258 ASSIGN 418 R13 27
258 SIDESTEP R18
259 SIDESTEP R5
259 SIDESTEP R7
259 SIDESTEP R11
259 DELIVER 245 R26 109
260 CANCEL 174
260 ASSIGN 420 R26 32
260 SIDESTEP R1
260 SIDESTEP R2
260 PICK 214 R16
260 SIDESTEP R29
261 CANCEL 297
262 SIDESTEP R15
263 CANCEL 292
263 SIDESTEP R18
263 DELIVER 193 R20 146
264 CANCEL_FAIL 164
264 ASSIGN 427 R20 14
264 SIDESTEP R11
265 CANCEL 152
265 SIDESTEP R5
265 SIDESTEP R19
265 DELIVER 88 R25 213
266 CANCEL 222
266 ASSIGN 114 R25 42
266 SIDESTEP R1
268 SIDESTEP R18
269 CANCEL 284
269 SIDESTEP R11
270 SIDESTEP R3
271 SIDESTEP R26
272 CANCEL 390
272 SIDESTEP R15
272 SIDESTEP R19
273 CANCEL 377
273 SIDESTEP R18
274 SIDESTEP R11
275 SIDESTEP R29
276 CANCEL 398
276 SIDESTEP R3
276 SIDESTEP R26
277 CANCEL_FAIL 237
277 SIDESTEP R19
277 PICK 427 R20
277 PICK 400 R21
278 SIDESTEP R18
279 SIDESTEP R11
281 SIDESTEP R3
281 PICK 386 R14
281 SIDESTEP R26
284 CANCEL_FAIL 185
284 SIDESTEP R2
284 PICK 418 R13
285 SIDESTEP R20
286 DELIVER 96 R8 230
286 DELIVER 341 R17 76
286 DELIVER 257 R28 130
287 ASSIGN 452 R8 57
287 ASSIGN 439 R17 52
287 ASSIGN 456 R28 53
287 DELIVER 324 R7 88
287 PICK 361 R9
287 DELIVER 87 R23 236
288 ASSIGN 124 R23 30
288 ASSIGN 127 R7 41
288 SIDESTEP R24
289 SIDESTEP R0
289 SIDESTEP R2
289 DELIVER 264 R6 128
289 SIDESTEP R19
290 ASSIGN 128 R6 10
292 DELIVER 279 R22 119
293 ASSIGN 132 R22 32
293 DELIVER 241 R15 146
294 ASSIGN 133 R15 46
294 SIDESTEP R2
294 PICK 107 R10
294 SIDESTEP R19
294 SIDESTEP R29
295 SIDESTEP R18
297 CANCEL 256
297 PICK 370 R12
297 DELIVER 427 R20 35
298 ASSIGN 478 R20 24
299 CANCEL 465
299 SIDESTEP R16
299 SIDESTEP R19
299 REPORT pending=331 idle=0 to_pickup=17 delivering=13 to_charger=0 charging=0 dead=0 hot=13,20,7
300 CANCEL 316
300 SIDESTEP R1
300 DELIVER 295 R5 119
300 PICK 128 R6
300 SIDESTEP R18
300 DELIVER 400 R21 52
301 ASSIGN 485 R21 25
301 ASSIGN 135 R5 29
301 SIDESTEP R0
303 DELIVER 370 R12 75
304 ASSIGN 137 R12 22
305 SIDESTEP R8
305 SIDESTEP R18
306 SIDESTEP R0
307 PICK 114 R25
307 DELIVER 105 R27 246
308 ASSIGN 496 R27 35
308 DELIVER 363 R3 86
308 SIDESTEP R10
308 PICK 420 R26
309 ASSIGN 142 R3 43
309 SIDESTEP R9
309 PICK 338 R11
310 SIDESTEP R8
310 SIDESTEP R12
310 SIDESTEP R14
311 SIDESTEP R2
312 DELIVER 139 R4 229
312 DELIVER 418 R13 54
313 ASSIGN 504 R13 26
313 ASSIGN 505 R4 25
313 DELIVER 128 R6 237
313 SIDESTEP R10
313 SIDESTEP R29
314 ASSIGN 145 R6 13
314 SIDESTEP R9
315 SIDESTEP R14
315 PICK 381 R29
317 CANCEL 368
317 CANCEL 449
318 SIDESTEP R10
318 PICK 409 R19
318 SIDESTEP R20
319 DELIVER 214 R16 189
320 ASSIGN 517 R16 11
320 PICK 416 R0
320 SIDESTEP R14
321 SIDESTEP R2
321 SIDESTEP R18
323 SIDESTEP R20
324 PICK 132 R22
325 CANCEL 517
325 ASSIGN 520 R16 24
325 SIDESTEP R14
325 PICK 485 R21
326 SIDESTEP R18
326 DELIVER 420 R26 67
327 ASSIGN 523 R26 6
328 PICK 127 R7
328 SIDESTEP R24
329 SIDESTEP R6
329 SIDESTEP R12
330 DELIVER 338 R11 122
330 SIDESTEP R14
331 ASSIGN 531 R11 53
331 PICK 322 R2
332 PICK 523 R26
333 SIDESTEP R16
333 SIDESTEP R18
334 SIDESTEP R6
334 SIDESTEP R12
335 SIDESTEP R14
335 SIDESTEP R27
336 PICK 394 R24
337 DELIVER 76 R1 292
337 PICK 478 R20
338 ASSIGN 549 R1 33
338 PICK 504 R13
338 PICK 439 R17
338 SIDESTEP R18
339 DELIVER 416 R0 82
339 SIDESTEP R6
339 PICK 133 R15
339 PICK 456 R28
340 CANCEL 270
340 ASSIGN 553 R0 17
340 SIDESTEP R14
341 PICK 505 R4
341 DELIVER 381 R29 106
342 ASSIGN 150 R29 46
343 PICK 135 R5
343 SIDESTEP R12
343 SIDESTEP R18
344 PICK 145 R6
345 DELIVER 361 R9 124
345 DELIVER 107 R10 283
345 SIDESTEP R14
346 ASSIGN 153 R10 55
346 ASSIGN 154 R9 40
346 SIDESTEP R7
348 SIDESTEP R19
348 PICK 496 R27
349 SIDESTEP R3
349 PICK 124 R23
349 REPORT pending=396 idle=0 to_pickup=10 delivering=20 to_charger=0 charging=0 dead=0 hot=15,20,3
351 SIDESTEP R7
351 DELIVER 478 R20 54
352 ASSIGN 564 R20 37
352 PICK 520 R16
353 SIDESTEP R19
354 SIDESTEP R3
355 CANCEL 569
355 PICK 452 R8
355 DELIVER 132 R22 277
356 CANCEL_FAIL 264
356 ASSIGN 163 R22 36
356 SIDESTEP R7
356 DELIVER 114 R25 289
356 DELIVER 456 R28 72
357 CANCEL 272
357 ASSIGN 165 R28 29
357 ASSIGN 175 R25 11
357 PICK 553 R0
358 SIDESTEP R19
359 SIDESTEP R3
363 DELIVER 287 R18 186
363 SIDESTEP R19
364 ASSIGN 178 R18 42
364 SIDESTEP R3
365 CANCEL 308
366 CANCEL 524
366 DELIVER 322 R2 168
367 ASSIGN 595 R2 21
367 DELIVER 135 R5 286
367 PICK 175 R25
368 ASSIGN 596 R5 25
368 SIDESTEP R0
368 SIDESTEP R24
369 SIDESTEP R3
369 SIDESTEP R13
370 PICK 549 R1
370 PICK 137 R12
370 DELIVER 133 R15 291
370 SIDESTEP R28
371 ASSIGN 180 R15 32
371 DELIVER 520 R16 50
372 ASSIGN 603 R16 17
372 DELIVER 485 R21 71
373 ASSIGN 182 R21 24
373 SIDESTEP R0
374 CANCEL 509
374 SIDESTEP R13
375 DELIVER 145 R6 288
376 ASSIGN 187 R6 25
376 SIDESTEP R5
377 SIDESTEP R17
378 SIDESTEP R0
378 SIDESTEP R14
378 SIDESTEP R20
379 SIDESTEP R11
379 SIDESTEP R13
379 SIDESTEP R26
381 SIDESTEP R19
381 SIDESTEP R27
382 DELIVER 505 R4 70
383 ASSIGN 610 R4 12
383 SIDESTEP R0
383 SIDESTEP R14
384 CANCEL 471
384 SIDESTEP R11
384 SIDESTEP R13
384 SIDESTEP R26
385 PICK 154 R9
385 SIDESTEP R18
386 CANCEL 507
386 SIDESTEP R27
387 PICK 150 R29
388 SIDESTEP R0
388 SIDESTEP R14
389 PICK 603 R16
389 DELIVER 439 R17 117
390 ASSIGN 194 R17 16
391 PICK 595 R2
391 SIDESTEP R8
391 SIDESTEP R27
392 PICK 165 R28
393 SIDESTEP R0
393 SIDESTEP R14
394 PICK 610 R4
394 DELIVER 127 R7 319
395 ASSIGN 632 R7 19
395 PICK 163 R22
396 SIDESTEP R8
396 DELIVER 124 R23 322
396 DELIVER 175 R25 290
396 SIDESTEP R27
397 CANCEL 475
397 ASSIGN 637 R23 38
397 ASSIGN 195 R25 36
398 CANCEL 419
398 SIDESTEP R14
398 SIDESTEP R19
399 PICK 596 R5
399 REPORT pending=444 idle=0 to_pickup=12 delivering=18 to_charger=0 charging=0 dead=0 hot=13,15,4
400 PICK 187 R6
400 PICK 153 R10
401 SIDESTEP R27
403 SIDESTEP R14
404 SIDESTEP R18
404 DELIVER 409 R19 151
405 CANCEL 365
405 ASSIGN 639 R19 25
405 DELIVER 603 R16 33
406 ASSIGN 641 R16 20
406 SIDESTEP R13
407 PICK 564 R20
408 SIDESTEP R14
409 PICK 142 R3
411 SIDESTEP R13
412 CANCEL 412
412 SIDESTEP R6
412 SIDESTEP R18
412 SIDESTEP R22
413 PICK 632 R7
413 PICK 531 R11
413 SIDESTEP R14
413 PICK 194 R17
414 SIDESTEP R5
414 SIDESTEP R23
416 DELIVER 553 R0 76
416 SIDESTEP R12
416 SIDESTEP R21
417 ASSIGN 647 R0 14
417 DELIVER 595 R2 50
417 SIDESTEP R18
417 SIDESTEP R22
418 CANCEL 503
418 ASSIGN 658 R2 41
418 SIDESTEP R14
419 SIDESTEP R23
420 CANCEL 653
421 SIDESTEP R12
421 SIDESTEP R29
422 SIDESTEP R18
422 SIDESTEP R22
423 SIDESTEP R6
423 SIDESTEP R14
423 PICK 182 R21
424 CANCEL 537
424 CANCEL 669
424 DELIVER 549 R1 86
424 SIDESTEP R5
425 ASSIGN 670 R1 26
425 PICK 641 R16
425 DELIVER 496 R27 117
426 ASSIGN 200 R27 39
426 SIDESTEP R12
426 SIDESTEP R29
427 SIDESTEP R0
427 SIDESTEP R22
428 CANCEL 673
428 DELIVER 154 R9 336
428 SIDESTEP R14
429 ASSIGN 201 R9 27
429 DELIVER 504 R13 117
429 DELIVER 165 R28 329
430 ASSIGN 208 R28 11
430 ASSIGN 216 R13 25
430 SIDESTEP R26
431 SIDESTEP R12
431 DELIVER 394 R24 186
431 SIDESTEP R29
432 ASSIGN 217 R24 54
432 SIDESTEP R8
432 SIDESTEP R17
432 SIDESTEP R22
432 SIDESTEP R25
433 DELIVER 632 R7 41
433 SIDESTEP R14
434 ASSIGN 698 R7 37
435 SIDESTEP R26
436 CANCEL 552
436 SIDESTEP R12
437 DELIVER 142 R3 352
437 SIDESTEP R4
437 SIDESTEP R8
437 SIDESTEP R17
437 SIDESTEP R22
438 ASSIGN 702 R3 22
438 SIDESTEP R6
438 SIDESTEP R14
438 PICK 178 R18
438 PICK 195 R25
439 SIDESTEP R0
440 REJECT 707
440 SIDESTEP R26
440 PICK 208 R28
441 CANCEL 463
441 SIDESTEP R12
442 SIDESTEP R4
442 DELIVER 564 R20 95
442 SIDESTEP R22
442 SIDESTEP R29
443 ASSIGN 709 R20 43
443 SIDESTEP R14
444 SIDESTEP R2
445 SIDESTEP R8
445 SIDESTEP R26
446 SIDESTEP R12
446 PICK 637 R23
447 SIDESTEP R22
448 CANCEL 508
448 REJECT 717
448 SIDESTEP R14
448 DELIVER 641 R16 49
449 ASSIGN 219 R16 55
449 REPORT pending=497 idle=0 to_pickup=13 delivering=17 to_charger=0 charging=0 dead=0 hot=22,20,4
450 PICK 670 R1
450 SIDESTEP R8
450 SIDESTEP R26
451 SIDESTEP R12
452 SIDESTEP R11
452 SIDESTEP R22
453 SIDESTEP R2
453 SIDESTEP R14
454 PICK 216 R13
455 SIDESTEP R1
455 PICK 201 R9
456 PICK 647 R0
456 DELIVER 596 R5 88
457 ASSIGN 223 R5 32
457 SIDESTEP R22
458 SIDESTEP R2
458 SIDESTEP R14
459 PICK 702 R3
460 SIDESTEP R1
460 DELIVER 452 R8 178
460 SIDESTEP R27
460 SIDESTEP R29
461 ASSIGN 736 R8 42
462 DELIVER 187 R6 348
462 SIDESTEP R22
463 ASSIGN 738 R6 23
463 SIDESTEP R14
465 SIDESTEP R1
465 SIDESTEP R27
467 CANCEL 512
467 DELIVER 137 R12 385
467 PICK 639 R19
467 SIDESTEP R22
468 ASSIGN 739 R12 28
468 SIDESTEP R14
468 DELIVER 208 R28 342
469 ASSIGN 750 R28 20
469 SIDESTEP R17
469 DELIVER 182 R21 359
470 ASSIGN 226 R21 35
470 SIDESTEP R1
470 DELIVER 610 R4 93
470 PICK 698 R7
470 SIDESTEP R11
471 ASSIGN 227 R4 32
471 DELIVER 153 R10 380
472 ASSIGN 229 R10 42
472 DELIVER 201 R9 350
472 DELIVER 178 R18 364
472 SIDESTEP R22
473 CANCEL_FAIL 670
473 ASSIGN 232 R9 20
473 ASSIGN 239 R18 31
473 SIDESTEP R14
473 DELIVER 523 R26 150
474 ASSIGN 251 R26 30
474 SIDESTEP R17
475 DELIVER 647 R0 72
475 SIDESTEP R1
475 SIDESTEP R24
475 DELIVER 150 R29 385
476 CANCEL_FAIL 595
476 ASSIGN 760 R29 46
476 ASSIGN 258 R0 32
476 PICK 200 R27
477 PICK 658 R2
477 SIDESTEP R7
477 SIDESTEP R22
478 SIDESTEP R14
478 DELIVER 195 R25 359
479 ASSIGN 763 R25 56
482 SIDESTEP R18
482 SIDESTEP R22
483 SIDESTEP R14
485 PICK 738 R6
486 SIDESTEP R19
487 SIDESTEP R18
487 SIDESTEP R22
488 DELIVER 216 R13 357
488 SIDESTEP R14
488 PICK 709 R20
489 ASSIGN 768 R13 24
489 PICK 223 R5
489 PICK 750 R28
490 SIDESTEP R6
491 SIDESTEP R19
492 SIDESTEP R18
492 SIDESTEP R22
492 DELIVER 637 R23 96
493 ASSIGN 769 R23 49
493 SIDESTEP R14
495 SIDESTEP R6
495 DELIVER 531 R11 167
495 PICK 739 R12
495 SIDESTEP R17
496 ASSIGN 780 R11 11
496 SIDESTEP R1
496 DELIVER 702 R3 60
497 CANCEL 779
497 ASSIGN 783 R3 21
497 SIDESTEP R22
498 SIDESTEP R14
499 REPORT pending=552 idle=0 to_pickup=17 delivering=13 to_charger=0 charging=0 dead=0 hot=46,8,4
500 SIDESTEP R6
501 CANCEL 718
501 SIDESTEP R1
502 CANCEL 521
502 SIDESTEP R22
503 PICK 736 R8
503 SIDESTEP R14
504 CANCEL 530
504 CANCEL 699
504 PICK 219 R16
504 PICK 226 R21
505 SIDESTEP R2
505 SIDESTEP R6
506 PICK 780 R11
506 SIDESTEP R19
507 SIDESTEP R17
507 SIDESTEP R22
507 SIDESTEP R24
507 SIDESTEP R27
508 PICK 258 R0
508 SIDESTEP R14
510 SIDESTEP R2
510 PICK 227 R4
510 SIDESTEP R6
510 PICK 180 R15
511 SIDESTEP R19
512 SIDESTEP R17
512 SIDESTEP R29
513 PICK 217 R24
514 SIDESTEP R1
514 SIDESTEP R5
514 PICK 229 R10
515 SIDESTEP R6
516 SIDESTEP R15
517 PICK 783 R3
517 SIDESTEP R17
518 PICK 251 R26
519 SIDESTEP R1
519 SIDESTEP R5
520 SIDESTEP R6
520 PICK 232 R9
520 DELIVER 780 R11 30
521 CANCEL 697
521 ASSIGN 802 R11 57
521 SIDESTEP R15
522 DELIVER 698 R7 88
522 SIDESTEP R17
523 ASSIGN 813 R7 28
523 DELIVER 750 R28 54
524 ASSIGN 817 R28 34
524 PICK 768 R13
526 DELIVER 639 R19 128
526 SIDESTEP R24
526 PICK 760 R29
527 ASSIGN 827 R19 38
527 SIDESTEP R17
528 CANCEL 757
529 REJECT 838
529 SIDESTEP R8
529 PICK 239 R18
531 DELIVER 670 R1 114
531 SIDESTEP R24
532 ASSIGN 814 R1 45
532 DELIVER 709 R20 91
533 ASSIGN 818 R20 44
534 SIDESTEP R8
535 DELIVER 226 R21 398
535 PICK 763 R25
536 ASSIGN 826 R21 41
536 SIDESTEP R24
536 SIDESTEP R28
537 CANCEL 796
538 SIDESTEP R9
539 SIDESTEP R6
539 SIDESTEP R8
540 SIDESTEP R21
541 SIDESTEP R17
541 SIDESTEP R24
541 SIDESTEP R28
542 DELIVER 200 R27 420
543 ASSIGN 848 R27 69
544 SIDESTEP R6
545 CANCEL 584
546 DELIVER 658 R2 136
546 SIDESTEP R4
546 SIDESTEP R17
546 SIDESTEP R24
546 SIDESTEP R28
547 ASSIGN 867 R2 20
547 DELIVER 386 R14 309
548 ASSIGN 851 R14 33
549 REPORT pending=609 idle=0 to_pickup=11 delivering=19 to_charger=0 charging=0 dead=0 hot=6,9,4
550 PICK 813 R7
550 SIDESTEP R21
551 SIDESTEP R17
551 DELIVER 163 R22 453
552 ASSIGN 857 R22 20
552 SIDESTEP R6
552 SIDESTEP R8
552 SIDESTEP R26
553 SIDESTEP R15
555 DELIVER 223 R5 420
555 DELIVER 232 R9 414
556 CANCEL_FAIL 639
556 ASSIGN 878 R5 15
556 ASSIGN 860 R9 26
556 DELIVER 768 R13 76
557 ASSIGN 871 R13 57
557 SIDESTEP R6
557 SIDESTEP R8
558 SIDESTEP R15
559 DELIVER 227 R4 421
559 DELIVER 739 R12 98
559 SIDESTEP R17
559 SIDESTEP R26
560 ASSIGN 875 R12 39
560 ASSIGN 876 R4 41
560 SIDESTEP R28
561 SIDESTEP R3
562 CANCEL_FAIL 698
562 SIDESTEP R8
563 CANCEL_FAIL 647
563 SIDESTEP R15
564 DELIVER 229 R10 425
564 SIDESTEP R17
564 SIDESTEP R26
565 ASSIGN 889 R10 32
565 SIDESTEP R28
566 CANCEL 785
566 SIDESTEP R3
566 DELIVER 219 R16 433
567 ASSIGN 899 R16 38
567 SIDESTEP R8
568 SIDESTEP R15
568 DELIVER 760 R29 93
569 ASSIGN 892 R29 31
569 SIDESTEP R17
569 SIDESTEP R26
570 SIDESTEP R14
571 SIDESTEP R3
571 PICK 857 R22
572 SIDESTEP R8
573 SIDESTEP R2
573 SIDESTEP R23
574 SIDESTEP R17
574 SIDESTEP R26
575 CANCEL 874
575 SIDESTEP R14
576 SIDESTEP R5
577 CANCEL 701
577 PICK 867 R2
577 DELIVER 738 R6 116
577 SIDESTEP R8
577 PICK 802 R11
577 DELIVER 239 R18 431
578 CANCEL 766
578 ASSIGN 916 R6 9
578 ASSIGN 896 R18 20
578 DELIVER 258 R0 421
579 ASSIGN 905 R0 40
579 SIDESTEP R17
579 SIDESTEP R26
580 SIDESTEP R14
581 PICK 814 R1
581 SIDESTEP R5
582 SIDESTEP R8
582 PICK 769 R23
584 DELIVER 783 R3 93
584 DELIVER 813 R7 72
584 SIDESTEP R17
585 ASSIGN 907 R3 37
585 ASSIGN 917 R7 54
586 SIDESTEP R5
586 PICK 916 R6
586 SIDESTEP R20
588 CANCEL 747
588 CANCEL 885
588 PICK 826 R21
589 SIDESTEP R17
590 CANCEL_FAIL 709
590 SIDESTEP R9
592 DELIVER 251 R26 439
592 SIDESTEP R28
593 ASSIGN 939 R26 31
593 SIDESTEP R5
594 CANCEL 655
594 SIDESTEP R14
594 SIDESTEP R17
595 SIDESTEP R8
595 SIDESTEP R9
595 DELIVER 763 R25 118
596 GO_CHARGE R25 6 1
596 PICK 889 R10
596 SIDESTEP R22
598 SIDESTEP R5
598 PICK 896 R18
599 SIDESTEP R14
599 SIDESTEP R17
599 PICK 817 R28
599 REPORT pending=666 idle=0 to_pickup=15 delivering=14 to_charger=1 charging=0 dead=0 hot=11,11,5
600 SIDESTEP R8
600 SIDESTEP R9
600 PICK 818 R20
600 SIDESTEP R27
601 SIDESTEP R22
601 DELIVER 217 R24 470
602 ASSIGN 952 R24 42
604 CANCEL 688
604 CANCEL 832
604 PICK 876 R4
604 SIDESTEP R13
604 SIDESTEP R14
604 SIDESTEP R17
604 PICK 827 R19
605 SIDESTEP R8
605 SIDESTEP R9
605 DELIVER 769 R23 124
606 ASSIGN 926 R23 14
606 SIDESTEP R5
606 PICK 875 R12
606 DELIVER 180 R15 497
606 SIDESTEP R22
607 ASSIGN 950 R15 25
608 DELIVER 916 R6 30
608 PICK 899 R16
609 ASSIGN 953 R6 28
609 SIDESTEP R17
610 SIDESTEP R0
610 SIDESTEP R8
610 SIDESTEP R9
611 SIDESTEP R5
611 SIDESTEP R22
613 SIDESTEP R16
614 DELIVER 889 R10 53
615 CANCEL 836
615 ASSIGN 973 R10 23
615 SIDESTEP R0
616 CANCEL_FAIL 826
616 SIDESTEP R5
617 REJECT 978
618 DELIVER 896 R18 52
618 SIDESTEP R26
619 ASSIGN 261 R18 28
619 PICK 926 R23
620 SIDESTEP R0
620 SIDESTEP R21
621 SIDESTEP R5
621 PICK 892 R29
622 SIDESTEP R7
622 PICK 860 R9
624 DELIVER 736 R8 164
624 SIDESTEP R14
624 SIDESTEP R19
625 ASSIGN 983 R8 24
625 PICK 871 R13
625 SIDESTEP R21
626 SIDESTEP R5
629 SIDESTEP R12
629 SIDESTEP R14
629 DELIVER 194 R17 511
629 SIDESTEP R29
630 ASSIGN 986 R17 45
630 SIDESTEP R21
630 DELIVER 926 R23 45
630 PICK 939 R26
631 GO_CHARGE R23 16 1
631 SIDESTEP R19
632 PICK 950 R15
632 CHARGE R25
633 SIDESTEP R0
634 SIDESTEP R14
636 PICK 953 R6
636 SIDESTEP R19
636 SIDESTEP R20
638 DELIVER 802 R11 134
639 ASSIGN 1002 R11 30
639 SIDESTEP R14
640 CANCEL 888
640 SIDESTEP R17
640 PICK 848 R27
641 PICK 878 R5
641 PICK 973 R10
641 SIDESTEP R19
641 SIDESTEP R20
641 SIDESTEP R29
642 SIDESTEP R18
643 CANCEL 762
643 PICK 905 R0
643 PICK 952 R24
645 PICK 917 R7
646 SIDESTEP R20
646 SIDESTEP R26
646 SIDESTEP R28
647 CANCEL 728
647 CHARGED R25
647 ASSIGN 1005 R25 31
647 SIDESTEP R18
648 DELIVER 814 R1 135
648 PICK 983 R8
649 ASSIGN 996 R1 44
649 DELIVER 973 R10 36
649 REPORT pending=725 idle=1 to_pickup=7 delivering=21 to_charger=1 charging=0 dead=0 hot=24,21,6
650 ASSIGN 998 R10 33
650 PICK 907 R3
651 REJECT 1030
652 DELIVER 867 R2 105
652 DELIVER 899 R16 85
653 ASSIGN 1017 R2 24
653 GO_CHARGE R16 6 1
655 DELIVER 875 R12 103
655 PICK 851 R14
655 SIDESTEP R20
655 DELIVER 817 R28 140
656 ASSIGN 1031 R28 15
656 ASSIGN 262 R12 23
656 DELIVER 857 R22 116
657 ASSIGN 266 R22 12
657 SIDESTEP R13
657 DELIVER 827 R19 134
658 ASSIGN 269 R19 28
658 DELIVER 950 R15 59
659 ASSIGN 273 R15 46
659 DELIVER 876 R4 106
659 CHARGE R16
660 ASSIGN 278 R4 20
660 SIDESTEP R20
662 CANCEL_FAIL 953
662 SIDESTEP R0
662 PICK 261 R18
664 SIDESTEP R7
664 SIDESTEP R23
665 CANCEL 1047
665 SIDESTEP R20
666 CANCEL 991
667 SIDESTEP R8
668 DELIVER 860 R9 126
668 PICK 1002 R11
668 SIDESTEP R13
668 SIDESTEP R28
669 ASSIGN 1058 R9 32
669 SIDESTEP R7
669 PICK 266 R22
670 SIDESTEP R1
670 SIDESTEP R23
671 DELIVER 952 R24 71
671 SIDESTEP R27
672 ASSIGN 1065 R24 34
673 SIDESTEP R13
674 CHARGED R16
674 ASSIGN 1066 R16 57
674 SIDESTEP R7
675 DELIVER 826 R21 153
676 CANCEL 834
676 ASSIGN 1068 R21 37
676 DELIVER 939 R26 84
676 SIDESTEP R27
677 ASSIGN 286 R26 28
677 SIDESTEP R28
678 PICK 262 R12
678 DELIVER 892 R29 115
679 ASSIGN 289 R29 12
679 PICK 278 R4
679 SIDESTEP R7
679 SIDESTEP R15
680 REJECT 1077
681 PICK 1017 R2
681 PICK 1005 R25
681 SIDESTEP R27
682 SIDESTEP R20
682 SIDESTEP R28
683 PICK 998 R10
684 SIDESTEP R7
684 CHARGE R23
685 CANCEL_FAIL 1005
686 DELIVER 905 R0 116
687 ASSIGN 1083 R0 41
687 SIDESTEP R6
687 PICK 269 R19
687 SIDESTEP R20
687 SIDESTEP R28
688 DELIVER 983 R8 68
689 REJECT 1091
689 GO_CHARGE R8 6 1
689 SIDESTEP R7
689 SIDESTEP R29
690 DELIVER 851 R14 153
691 ASSIGN 1085 R14 51
692 CHARGE R8
692 SIDESTEP R20
692 SIDESTEP R28
693 SIDESTEP R27
694 CANCEL 984
694 SIDESTEP R7
694 DELIVER 1002 R11 62
694 DELIVER 261 R18 536
694 SIDESTEP R29
695 CANCEL 1062
695 CANCEL 1093
695 GO_CHARGE R11 26 1
695 GO_CHARGE R18 36 1
695 DELIVER 953 R6 94
696 CANCEL 1013
696 ASSIGN 1076 R6 54
697 SIDESTEP R4
697 SIDESTEP R20
697 SIDESTEP R26
697 SIDESTEP R28
698 DELIVER 1017 R2 54
698 SIDESTEP R27
699 CHARGED R23
699 ASSIGN 1081 R2 40
699 ASSIGN 1086 R23 30
699 SIDESTEP R7
699 SIDESTEP R29
699 REPORT pending=776 idle=0 to_pickup=15 delivering=12 to_charger=2 charging=1 dead=0 hot=26,30,5
702 SIDESTEP R20
702 SIDESTEP R28
703 REJECT 1113
703 DELIVER 1005 R25 68
704 ASSIGN 1089 R25 10
704 SIDESTEP R4
704 SIDESTEP R7
704 SIDESTEP R29
705 SIDESTEP R0
705 PICK 1058 R9
705 SIDESTEP R27
706 CANCEL 923
706 CHARGED R8
706 ASSIGN 1098 R8 36
707 SIDESTEP R1
707 DELIVER 907 R3 136
707 SIDESTEP R20
707 SIDESTEP R28
708 GO_CHARGE R3 16 1
709 SIDESTEP R4
709 SIDESTEP R7
709 SIDESTEP R29
710 SIDESTEP R27
711 DELIVER 878 R5 157
711 SIDESTEP R18
712 ASSIGN 1105 R5 40
712 SIDESTEP R1
712 SIDESTEP R28
713 CANCEL 1053
713 PICK 1089 R25
714 SIDESTEP R4
714 SIDESTEP R29
715 CANCEL_FAIL 1091
715 SIDESTEP R15
715 SIDESTEP R27
717 SIDESTEP R2
717 SIDESTEP R28
718 CANCEL_FAIL 1113
718 SIDESTEP R12
719 SIDESTEP R4
719 SIDESTEP R6
719 SIDESTEP R29
720 SIDESTEP R1
720 SIDESTEP R15
720 PICK 1068 R21
720 SIDESTEP R27
722 DELIVER 1058 R9 56
722 DELIVER 998 R10 93
722 SIDESTEP R28
723 REJECT 1145
723 GO_CHARGE R9 6 1
723 GO_CHARGE R10 6 1
724 SIDESTEP R6
724 DELIVER 871 R13 175
725 GO_CHARGE R13 36 1
725 SIDESTEP R1
725 SIDESTEP R8
725 SIDESTEP R15
725 SIDESTEP R27
727 CANCEL_FAIL 851
727 PICK 286 R26
727 SIDESTEP R28
728 DELIVER 269 R19 563
729 ASSIGN 1135 R19 27
729 SIDESTEP R6
730 SIDESTEP R1
730 SIDESTEP R15
730 PICK 1066 R16
730 DELIVER 1089 R25 42
731 ASSIGN 1147 R25 61
732 SIDESTEP R3
732 SIDESTEP R23
734 CANCEL 1075
734 SIDESTEP R6
734 PICK 986 R17
735 SIDESTEP R1
736 SIDESTEP R7
737 SIDESTEP R2
737 SIDESTEP R3
737 PICK 273 R15
737 DELIVER 818 R20 221
737 SIDESTEP R23
737 SIDESTEP R28
737 PICK 289 R29
738 CANCEL_FAIL 896
738 ASSIGN 1125 R20 36
739 SIDESTEP R6
741 SIDESTEP R7
742 DELIVER 278 R4 570
742 CHARGE R11
742 SIDESTEP R23
743 GO_CHARGE R4 6 1
743 SIDESTEP R0
744 SIDESTEP R6
744 SIDESTEP R14
744 DELIVER 1068 R21 71
744 SIDESTEP R24
745 GO_CHARGE R21 36 1
745 PICK 996 R1
746 SIDESTEP R7
747 SIDESTEP R23
748 PICK 1081 R2
748 CHARGE R4
749 SIDESTEP R3
749 SIDESTEP R6
749 SIDESTEP R14
749 REPORT pending=843 idle=0 to_pickup=11 delivering=11 to_charger=6 charging=2 dead=0 hot=13,17,5
750 PICK 1031 R28
751 SIDESTEP R7
751 SIDESTEP R16
751 SIDESTEP R17
752 CANCEL 1185
752 SIDESTEP R23
754 SIDESTEP R3
754 SIDESTEP R14
754 PICK 1065 R24
755 CANCEL 977
755 PICK 1135 R19
755 DELIVER 848 R27 219
756 GO_CHARGE R27 16 1
756 SIDESTEP R7
756 SIDESTEP R16
756 SIDESTEP R17
757 REJECT 1198
757 CHARGED R11
757 ASSIGN 1168 R11 46
757 SIDESTEP R23
758 SIDESTEP R1
759 SIDESTEP R14
759 SIDESTEP R25
760 CANCEL 1178
760 SIDESTEP R8
761 SIDESTEP R7
761 SIDESTEP R16
761 DELIVER 266 R22 598
762 CHARGED R4
762 ASSIGN 1174 R22 15
762 ASSIGN 1205 R4 30
762 CHARGE R10
764 SIDESTEP R13
764 SIDESTEP R19
764 SIDESTEP R25
765 SIDESTEP R8
765 DELIVER 262 R12 606
765 PICK 1085 R14
766 CANCEL 995
766 GO_CHARGE R12 26 1
766 SIDESTEP R3
766 SIDESTEP R16
766 SIDESTEP R29
767 REJECT 1216
768 SIDESTEP R20
769 DELIVER 1081 R2 86
769 SIDESTEP R19
769 SIDESTEP R25
770 GO_CHARGE R2 16 1
771 SIDESTEP R16
771 SIDESTEP R29
772 CANCEL 1039
773 CANCEL 1094
773 CHARGE R18
773 SIDESTEP R20
774 PICK 1083 R0
774 SIDESTEP R6
774 SIDESTEP R19
776 SIDESTEP R16
776 PICK 1174 R22
776 DELIVER 286 R26 600
776 SIDESTEP R29
777 GO_CHARGE R26 6 1
777 SIDESTEP R17
778 SIDESTEP R8
779 CHARGED R10
779 ASSIGN 1224 R10 47
779 SIDESTEP R19
781 SIDESTEP R16
781 SIDESTEP R28
781 SIDESTEP R29
782 PICK 1105 R5
783 DELIVER 917 R7 204
783 SIDESTEP R8
784 GO_CHARGE R7 6 1
784 SIDESTEP R19
785 SIDESTEP R24
786 SIDESTEP R16
786 PICK 1125 R20
786 DELIVER 1031 R28 135
787 GO_CHARGE R28 36 1
787 DELIVER 986 R17 165
788 ASSIGN 1227 R17 53
788 CHARGE R3
788 SIDESTEP R8
789 CHARGED R18
789 ASSIGN 1248 R18 49
789 SIDESTEP R19
790 CHARGE R13
790 SIDESTEP R24
791 PICK 1205 R4
791 CHARGE R7
791 SIDESTEP R16
793 SIDESTEP R1
793 SIDESTEP R8
794 SIDESTEP R19
795 CANCEL_FAIL 950
795 DELIVER 273 R15 627
795 SIDESTEP R24
796 ASSIGN 1128 R15 19
796 SIDESTEP R16
797 PICK 1076 R6
798 SIDESTEP R1
798 SIDESTEP R8
799 SIDESTEP R19
799 REPORT pending=910 idle=0 to_pickup=8 delivering=12 to_charger=7 charging=3 dead=0 hot=5,2,4
800 SIDESTEP R24
801 SIDESTEP R16
802 CANCEL 1191
802 PICK 1086 R23
803 SIDESTEP R1
803 SIDESTEP R8
803 SIDESTEP R11
803 DELIVER 1085 R14 118
804 CHARGED R3
804 ASSIGN 1264 R3 6
804 GO_CHARGE R14 16 1
804 SIDESTEP R15
804 SIDESTEP R19
805 CANCEL 1072
806 CHARGED R13
806 ASSIGN 1274 R13 32
806 SIDESTEP R16
807 CHARGED R7
807 ASSIGN 1131 R7 24
808 SIDESTEP R1
808 SIDESTEP R8
808 SIDESTEP R11
809 PICK 1264 R3
809 SIDESTEP R15
809 SIDESTEP R19
810 SIDESTEP R22
811 SIDESTEP R16
813 SIDESTEP R1
813 SIDESTEP R8
813 SIDESTEP R11
813 PICK 1147 R25
813 SIDESTEP R26
814 SIDESTEP R19
815 SIDESTEP R6
816 CHARGE R9
816 SIDESTEP R16
816 SIDESTEP R17
818 SIDESTEP R1
818 SIDESTEP R8
818 SIDESTEP R11
820 SIDESTEP R6
821 SIDESTEP R16
821 DELIVER 1065 R24 150
822 GO_CHARGE R24 6 1
823 SIDESTEP R1
823 SIDESTEP R8
823 SIDESTEP R11
823 SIDESTEP R12
826 SIDESTEP R16
827 SIDESTEP R23
828 SIDESTEP R1
828 DELIVER 1105 R5 130
828 SIDESTEP R8
828 SIDESTEP R10
828 SIDESTEP R11
828 SIDESTEP R12
829 CANCEL_FAIL 1081
829 GO_CHARGE R5 6 1
829 SIDESTEP R0
829 SIDESTEP R15
829 SIDESTEP R17
830 PICK 1131 R7
831 CANCEL 1016
831 CANCEL 1144
831 CHARGED R9
831 ASSIGN 1296 R9 21
831 DELIVER 1135 R19 113
831 CHARGE R26
832 GO_CHARGE R19 6 1
832 SIDESTEP R23
833 SIDESTEP R1
833 SIDESTEP R11
833 PICK 1128 R15
833 CHARGE R27
834 REJECT 1327
834 SIDESTEP R0
835 DELIVER 1205 R4 75
836 ASSIGN 1315 R4 30
836 PICK 1224 R10
837 PICK 1248 R18
837 SIDESTEP R23
838 SIDESTEP R6
838 SIDESTEP R11
838 SIDESTEP R14
839 SIDESTEP R0
839 DELIVER 1125 R20 127
840 GO_CHARGE R20 36 1
841 PICK 1274 R13
842 SIDESTEP R23
842 DELIVER 1147 R25 117
843 CANCEL 1305
843 ASSIGN 1316 R25 21
843 SIDESTEP R6
843 SIDESTEP R11
844 SIDESTEP R0
844 SIDESTEP R15
844 DELIVER 289 R29 666
845 GO_CHARGE R29 6 1
847 CHARGED R26
847 ASSIGN 1346 R26 13
848 CHARGED R27
848 ASSIGN 1132 R27 8
848 DELIVER 1264 R3 51
848 SIDESTEP R11
848 DELIVER 1066 R16 177
848 CHARGE R24
849 ASSIGN 1133 R3 19
849 ASSIGN 1146 R16 41
849 SIDESTEP R0
849 CHARGE R2
849 SIDESTEP R6
849 SIDESTEP R15
849 SIDESTEP R22
849 SIDESTEP R23
849 REPORT pending=979 idle=0 to_pickup=10 delivering=10 to_charger=8 charging=2 dead=0 hot=14,14,6
851 PICK 1296 R9
852 PICK 1098 R8
852 SIDESTEP R10
852 PICK 1227 R17
853 SIDESTEP R11
854 SIDESTEP R0
854 SIDESTEP R19
855 PICK 1132 R27
857 SIDESTEP R20
858 CANCEL 1250
858 SIDESTEP R11
859 CANCEL 1262
859 SIDESTEP R0
859 DELIVER 1224 R10 87
859 SIDESTEP R19
859 PICK 1346 R26
859 SIDESTEP R29
860 ASSIGN 1358 R10 53
862 SIDESTEP R14
863 SIDESTEP R11
863 CHARGE R12
864 SIDESTEP R0
864 SIDESTEP R19
864 PICK 1316 R25
865 CHARGED R24
865 ASSIGN 1365 R24 27
865 DELIVER 996 R1 237
865 PICK 1315 R4
865 SIDESTEP R29
866 CHARGED R2
866 ASSIGN 1375 R2 15
866 GO_CHARGE R1 36 1
866 CHARGE R5
867 PICK 1133 R3
867 DELIVER 1174 R22 124
868 CANCEL 1240
868 CANCEL 1324
868 GO_CHARGE R22 6 1
868 SIDESTEP R11
868 SIDESTEP R18
869 SIDESTEP R0
870 DELIVER 1086 R23 184
871 ASSIGN 1160 R23 22
872 CANCEL 1158
872 DELIVER 1131 R7 156
872 DELIVER 1098 R8 179
873 ASSIGN 1161 R7 42
873 ASSIGN 1165 R8 35
873 SIDESTEP R11
873 CHARGE R14
873 SIDESTEP R18
874 SIDESTEP R0
878 DELIVER 1076 R6 198
878 SIDESTEP R11
879 CHARGED R12
879 ASSIGN 1400 R12 25
879 GO_CHARGE R6 6 1
879 SIDESTEP R0
880 PICK 1375 R2
880 SIDESTEP R15
880 SIDESTEP R18
881 CANCEL 1351
881 SIDESTEP R16
882 CHARGED R5
882 ASSIGN 1402 R5 40
882 SIDESTEP R8
882 CHARGE R19
882 SIDESTEP R26
883 SIDESTEP R11
883 SIDESTEP R22
884 SIDESTEP R0
885 CANCEL 1129
885 DELIVER 1274 R13 81
885 SIDESTEP R18
886 ASSIGN 1187 R13 44
887 DELIVER 1315 R4 59
888 CANCEL 1201
888 ASSIGN 1196 R4 43
888 SIDESTEP R11
888 DELIVER 1227 R17 115
889 CHARGED R14
889 ASSIGN 1197 R14 15
889 GO_CHARGE R17 16 1
889 SIDESTEP R0
889 SIDESTEP R8
889 SIDESTEP R22
891 PICK 1365 R24
892 PICK 1160 R23
893 SIDESTEP R11
894 SIDESTEP R0
894 SIDESTEP R8
895 SIDESTEP R22
896 PICK 1146 R16
897 CHARGED R19
897 ASSIGN 1425 R19 48
897 DELIVER 1346 R26 52
897 CHARGE R29
898 CANCEL_FAIL 1346
898 ASSIGN 1200 R26 56
898 SIDESTEP R11
899 SIDESTEP R0
899 REPORT pending=1037 idle=0 to_pickup=11 delivering=11 to_charger=7 charging=1 dead=0 hot=6,1,4
901 DELIVER 1132 R27 185
902 ASSIGN 1203 R27 30
903 SIDESTEP R11
903 PICK 1400 R12
903 DELIVER 1128 R15 189
903 SIDESTEP R23
904 GO_CHARGE R15 26 1
904 SIDESTEP R0
904 PICK 1197 R14
905 SIDESTEP R17
905 DELIVER 1316 R25 76
906 ASSIGN 1440 R25 39
908 CANCEL 1156
908 DELIVER 1296 R9 90
908 SIDESTEP R11
908 SIDESTEP R15
908 DELIVER 1248 R18 120
909 ASSIGN 1441 R18 27
909 ASSIGN 1207 R9 11
909 SIDESTEP R0
910 CANCEL 1228
910 DELIVER 1375 R2 45
910 CHARGE R20
911 ASSIGN 1237 R2 49
911 SIDESTEP R17
912 CANCEL_FAIL 101450
913 CHARGED R29
913 ASSIGN 1238 R29 46
913 SIDESTEP R11
913 DELIVER 1197 R14 157
913 SIDESTEP R28
914 ASSIGN 1452 R14 47
914 PICK 1161 R7
914 CHARGE R22
916 DELIVER 1133 R3 199
917 ASSIGN 1245 R3 35
918 SIDESTEP R11
919 PICK 1207 R9
920 SIDESTEP R17
922 PICK 1402 R5
924 PICK 1358 R10
926 SIDESTEP R17
927 CHARGED R20
927 ASSIGN 1271 R20 21
927 CHARGE R21
928 CANCEL 1347
928 SIDESTEP R7
929 CANCEL 1184
930 PICK 1196 R4
930 SIDESTEP R18
931 CANCEL 1339
931 CHARGED R22
931 ASSIGN 1290 R22 25
931 PICK 1203 R27
932 CHARGE R6
933 CANCEL 1313
933 SIDESTEP R7
933 SIDESTEP R13
934 SIDESTEP R12
936 SIDESTEP R11
937 SIDESTEP R17
937 DELIVER 1365 R24 81
938 ASSIGN 1294 R24 39
940 SIDESTEP R12
941 CANCEL 1411
941 SIDESTEP R11
941 PICK 1441 R18
942 DELIVER 1083 R0 258
942 SIDESTEP R3
942 PICK 1187 R13
943 CHARGED R21
943 ASSIGN 1299 R21 48
943 GO_CHARGE R0 36 1
943 SIDESTEP R17
943 CHARGE R28
944 DELIVER 1358 R10 92
944 PICK 1425 R19
944 SIDESTEP R24
944 PICK 1440 R25
945 ASSIGN 1310 R10 24
946 CANCEL 1412
946 SIDESTEP R11
946 SIDESTEP R12
947 DELIVER 1146 R16 223
947 SIDESTEP R20
948 ASSIGN 1501 R16 43
949 SIDESTEP R17
949 DELIVER 1160 R23 216
949 SIDESTEP R24
949 REPORT pending=1092 idle=1 to_pickup=13 delivering=10 to_charger=4 charging=2 dead=0 hot=33,1,3
950 CHARGED R6
950 ASSIGN 1510 R6 19
950 ASSIGN 1320 R23 49
951 SIDESTEP R11
952 CANCEL 1267
952 SIDESTEP R12
952 SIDESTEP R20
953 DELIVER 1196 R4 197
953 PICK 1200 R26
954 ASSIGN 1512 R4 10
955 DELIVER 1441 R18 50
955 PICK 1290 R22
956 ASSIGN 1323 R18 14
956 SIDESTEP R11
958 REJECT 1522
958 REJECT 1523
958 PICK 1245 R3
958 SIDESTEP R12
959 PICK 1237 R2
959 PICK 1238 R29
960 CHARGED R28
960 ASSIGN 1330 R28 45
960 PICK 1452 R14
960 PICK 1271 R20
961 CHARGE R1
961 SIDESTEP R11
961 CHARGE R17
963 PICK 1512 R4
963 DELIVER 1425 R19 68
964 ASSIGN 1531 R19 57
964 SIDESTEP R12
966 SIDESTEP R11
966 SIDESTEP R20
966 SIDESTEP R23
967 DELIVER 1203 R27 208
968 ASSIGN 1333 R27 25
968 PICK 1510 R6
968 PICK 1310 R10
969 REJECT 1544
970 SIDESTEP R12
970 PICK 1323 R18
971 SIDESTEP R11
973 DELIVER 1161 R7 239
974 ASSIGN 1548 R7 27
974 SIDESTEP R25
975 CANCEL_FAIL 1296
976 SIDESTEP R11
976 SIDESTEP R12
977 DELIVER 1452 R14 63
978 CHARGED R17
978 ASSIGN 1336 R17 30
978 ASSIGN 1355 R14 56
979 CHARGED R1
979 ASSIGN 1366 R1 44
980 CANCEL 1545
980 SIDESTEP R9
981 SIDESTEP R11
982 SIDESTEP R12
982 DELIVER 1238 R29 201
983 ASSIGN 1382 R29 30
983 DELIVER 1310 R10 157
983 SIDESTEP R20
984 ASSIGN 1383 R10 50
984 DELIVER 1245 R3 198
984 SIDESTEP R5
985 ASSIGN 1390 R3 27
985 DELIVER 1290 R22 171
986 ASSIGN 1392 R22 35
986 SIDESTEP R11
987 DEAD R0
987 DELIVER 1187 R13 237
987 SIDESTEP R17
988 CANCEL 1520
988 ASSIGN 1395 R13 32
988 SIDESTEP R12
988 PICK 1294 R24
988 SIDESTEP R29
989 SIDESTEP R4
990 SIDESTEP R5
990 DELIVER 1323 R18 158
991 CANCEL 1281
991 ASSIGN 1576 R18 38
991 DELIVER 1207 R9 230
991 SIDESTEP R11
992 CANCEL 1560
992 ASSIGN 1398 R9 38
993 DELIVER 1440 R25 88
993 PICK 1333 R27
994 ASSIGN 1433 R25 37
994 SIDESTEP R12
994 PICK 1501 R16
994 PICK 1299 R21
995 CANCEL 1487
995 SIDESTEP R5
995 SIDESTEP R14
996 SIDESTEP R11
996 SIDESTEP R28
997 DELIVER 1510 R6 47
998 ASSIGN 1444 R6 23
999 SIDESTEP R12
999 REPORT pending=1149 idle=0 to_pickup=18 delivering=10 to_charger=1 charging=0 dead=1 hot=34,27,4
1000 CANCEL 1460
1000 SIDESTEP R5
1000 SIDESTEP R26
1001 PICK 1548 R7
1001 SIDESTEP R11
1001 SIDESTEP R28
1001 SIDESTEP R29
1003 SIDESTEP R23
1004 SIDESTEP R12
1005 CANCEL 1496
1005 SIDESTEP R5
1005 SIDESTEP R18
1006 SIDESTEP R28
1007 DELIVER 1237 R2 226
1008 ASSIGN 1446 R2 21
1008 SIDESTEP R1
1009 SIDESTEP R12
1009 SIDESTEP R17
1009 DELIVER 1271 R20 207
1010 ASSIGN 1447 R20 47
1010 SIDESTEP R5
1010 SIDESTEP R18
1010 DELIVER 1200 R26 252
1011 ASSIGN 1614 R26 47
1011 PICK 1390 R3
1013 SIDESTEP R1
1013 SIDESTEP R23
1014 REJECT 1618
1014 SIDESTEP R12
1015 SIDESTEP R5
1015 PICK 1336 R17
1018 SIDESTEP R1
1018 SIDESTEP R23
1019 SIDESTEP R7
1019 SIDESTEP R12
1019 PICK 1395 R13
1019 SIDESTEP R14
1019 DELIVER 1294 R24 202
1019 SIDESTEP R27
1020 ASSIGN 1449 R24 28
1020 SIDESTEP R5
1020 PICK 1444 R6
1021 CHARGE R15
1022 SIDESTEP R21
1022 PICK 1382 R29
1023 SIDESTEP R1
1023 SIDESTEP R23
1024 SIDESTEP R12
1024 SIDESTEP R27
1025 SIDESTEP R5
1025 SIDESTEP R7
1026 PICK 1330 R28
1027 REJECT 1636
1028 PICK 1446 R2
1028 PICK 1168 R11
1029 PICK 1398 R9
1029 SIDESTEP R12
1029 DELIVER 1395 R13 153
1029 SIDESTEP R27
1030 ASSIGN 1457 R13 30
1030 SIDESTEP R5
1030 PICK 1433 R25
1033 PICK 1531 R19
1033 DELIVER 1299 R21 213
1034 CANCEL 1552
1034 ASSIGN 1645 R21 11
1034 DELIVER 1444 R6 127
1034 SIDESTEP R12
1034 PICK 1320 R23
1034 SIDESTEP R27
1035 ASSIGN 1648 R6 39
1035 SIDESTEP R5
1036 CANCEL 1475
1036 SIDESTEP R9
1037 SIDESTEP R26
1038 CANCEL 1393
1038 SIDESTEP R20
1039 CHARGED R15
1039 ASSIGN 1470 R15 44
1039 SIDESTEP R12
1040 DELIVER 1390 R3 166
1040 SIDESTEP R5
1041 ASSIGN 1480 R3 7
1041 SIDESTEP R9
1041 PICK 1576 R18
1043 SIDESTEP R20
1044 DELIVER 1446 R2 135
1044 SIDESTEP R12
1044 PICK 1645 R21
1045 ASSIGN 1489 R2 17
1045 DELIVER 1512 R4 93
1045 SIDESTEP R5
1046 ASSIGN 1493 R4 32
1046 SIDESTEP R9
1047 PICK 1366 R1
1047 PICK 1480 R3
1047 SIDESTEP R11
1047 PICK 1449 R24
1048 SIDESTEP R20
1048 DELIVER 1330 R28 212
1049 ASSIGN 1500 R28 56
1049 SIDESTEP R12
1049 SIDESTEP R15
1049 REPORT pending=1208 idle=0 to_pickup=12 delivering=17 to_charger=0 charging=0 dead=1 hot=5,19,4
1050 CANCEL 1505
1050 CANCEL 1586
1050 SIDESTEP R5
1051 SIDESTEP R7
1051 SIDESTEP R9
1052 CANCEL 1407
1054 SIDESTEP R12
1054 SIDESTEP R15
1054 DELIVER 1382 R29 184
1055 ASSIGN 1680 R29 42
1056 SIDESTEP R9
1057 DELIVER 1645 R21 25
1058 ASSIGN 1519 R21 37
1058 PICK 1355 R14
1059 SIDESTEP R12
1059 PICK 1457 R13
1059 DELIVER 1336 R17 220
1060 ASSIGN 1527 R17 48
1061 REJECT 1691
1061 PICK 1489 R2
1061 SIDESTEP R3
1061 SIDESTEP R4
1061 SIDESTEP R9
1062 CANCEL 1638
1062 DELIVER 1501 R16 116
1063 ASSIGN 1530 R16 46
1064 SIDESTEP R12
1065 CANCEL 1564
1065 SIDESTEP R29
1066 REJECT 1700
1066 SIDESTEP R3
1066 SIDESTEP R4
1066 SIDESTEP R7
1066 PICK 1383 R10
1068 CANCEL 1486
1068 DELIVER 1402 R5 188
1068 DELIVER 1320 R23 237
1068 PICK 1614 R26
1069 ASSIGN 1705 R23 32
1069 ASSIGN 1577 R5 45
1069 SIDESTEP R2
1069 SIDESTEP R12
1071 SIDESTEP R4
1072 CANCEL 1387
1072 DELIVER 1433 R25 172
1073 ASSIGN 1584 R25 27
1073 PICK 1648 R6
1073 SIDESTEP R21
1073 DELIVER 1449 R24 162
1074 ASSIGN 1715 R24 30
1074 SIDESTEP R2
1074 SIDESTEP R12
1074 SIDESTEP R28
1075 SIDESTEP R8
1076 SIDESTEP R4
1078 CANCEL 1693
1079 SIDESTEP R2
1079 SIDESTEP R12
1080 SIDESTEP R22
1081 SIDESTEP R4
1081 SIDESTEP R18
1081 PICK 1447 R20
1083 CANCEL 1724
1083 SIDESTEP R21
1084 DELIVER 1548 R7 112
1085 REJECT 1733
1085 ASSIGN 1720 R7 28
1085 SIDESTEP R22
1086 SIDESTEP R4
1086 SIDESTEP R18
1087 RESCUE R0
1087 ASSIGN 1734 R0 23
1087 DELIVER 1457 R13 170
1088 ASSIGN 1612 R13 44
1090 SIDESTEP R3
1091 SIDESTEP R4
1091 PICK 1165 R8
1091 SIDESTEP R18
1092 SIDESTEP R2
1092 DELIVER 1168 R11 353
1093 CANCEL 1525
1093 ASSIGN 1632 R11 38
1095 CANCEL 1719
1095 SIDESTEP R3
1095 DELIVER 1614 R26 84
1096 ASSIGN 1652 R26 10
1096 SIDESTEP R4
1097 SIDESTEP R1
1097 SIDESTEP R2
1097 DELIVER 1648 R6 63
1098 ASSIGN 1752 R6 68
1098 SIDESTEP R27
1099 PICK 1584 R25
1099 REPORT pending=1262 idle=0 to_pickup=17 delivering=13 to_charger=0 charging=0 dead=0 hot=5,4,5
1100 SIDESTEP R3
1100 DELIVER 1576 R18 111
1101 ASSIGN 1669 R18 23
1101 PICK 1705 R23
1102 SIDESTEP R2
1102 SIDESTEP R22
1103 SIDESTEP R4
1103 DELIVER 1165 R8 365
1103 DELIVER 1400 R12 224
1104 ASSIGN 1673 R12 23
1104 ASSIGN 1678 R8 50
1104 PICK 1470 R15
1106 PICK 1680 R29
1107 REJECT 1768
1107 SIDESTEP R2
1107 DELIVER 1531 R19 144
1107 SIDESTEP R22
1107 PICK 1652 R26
1108 ASSIGN 1682 R19 41
1108 SIDESTEP R4
1108 PICK 1530 R16
1109 PICK 1734 R0
1109 PICK 1527 R17
1110 PICK 1392 R22
1111 DELIVER 1333 R27 274
1111 PICK 1500 R28
1112 CANCEL 1757
1112 ASSIGN 1697 R27 42
1112 SIDESTEP R3
1112 SIDESTEP R21
1113 SIDESTEP R4
1113 SIDESTEP R7
1114 DELIVER 1398 R9 236
1114 DELIVER 1584 R25 121
1115 ASSIGN 1706 R25 33
1115 ASSIGN 1718 R9 28
1116 DELIVER 1366 R1 259
1117 ASSIGN 1725 R1 36
1117 DELIVER 1355 R14 266
1117 DELIVER 1470 R15 190
1118 ASSIGN 1738 R15 31
1118 ASSIGN 1743 R14 32
1118 SIDESTEP R7
1120 DELIVER 1383 R10 250
1121 ASSIGN 1764 R10 25
1121 PICK 1577 R5
1124 CANCEL_FAIL 101793
1124 DELIVER 1480 R3 192
1124 PICK 1720 R7
1124 PICK 1519 R21
1125 ASSIGN 1772 R3 40
1125 SIDESTEP R29
1126 SIDESTEP R2
1127 SIDESTEP R12
1127 SIDESTEP R17
1128 DELIVER 1447 R20 219
1129 ASSIGN 1793 R20 61
1129 SIDESTEP R26
1130 SIDESTEP R29
1131 PICK 1669 R18
1132 PICK 1673 R12
1132 PICK 1612 R13
1132 SIDESTEP R17
1132 SIDESTEP R21
1134 CANCEL 1738
1134 ASSIGN 1794 R15 23
1137 SIDESTEP R3
1137 SIDESTEP R5
1137 SIDESTEP R24
1137 SIDESTEP R29
1138 DELIVER 1734 R0 52
1138 DELIVER 1392 R22 263
1139 ASSIGN 1815 R0 41
1139 ASSIGN 296 R22 47
1141 CANCEL 1723
1141 SIDESTEP R13
1142 SIDESTEP R3
1142 PICK 1718 R9
1142 SIDESTEP R24
1142 SIDESTEP R29
1143 CANCEL 1539
1145 CANCEL 1598
1145 PICK 1493 R4
1145 PICK 1764 R10
1145 DELIVER 1673 R12 95
1146 ASSIGN 1824 R12 49
1146 SIDESTEP R13
1146 DELIVER 1669 R18 99
1147 ASSIGN 299 R18 23
1147 SIDESTEP R3
1147 SIDESTEP R7
1147 PICK 1715 R24
1147 SIDESTEP R29
1149 PICK 1743 R14
1149 PICK 1682 R19
1149 DELIVER 1705 R23 80
1149 REPORT pending=1316 idle=1 to_pickup=13 delivering=16 to_charger=0 charging=0 dead=0 hot=23,32,4
1150 ASSIGN 1831 R23 45
1150 DELIVER 1489 R2 211
1151 ASSIGN 1834 R2 27
1151 SIDESTEP R13
1152 PICK 1725 R1
1152 PICK 1632 R11
1153 PICK 1697 R27
1155 CANCEL 1812
1155 SIDESTEP R8
1156 REJECT 1842
1156 PICK 1794 R15
1157 SIDESTEP R3
1157 SIDESTEP R26
1158 CANCEL 1608
1158 DELIVER 1720 R7 80
1158 SIDESTEP R25
1159 ASSIGN 1840 R7 28
1159 DELIVER 1718 R9 83
1160 ASSIGN 1836 R9 19
1160 PICK 1678 R8
1162 SIDESTEP R22
1162 SIDESTEP R26
1163 SIDESTEP R25
1165 PICK 1752 R6
1165 DELIVER 1530 R16 203
1166 ASSIGN 1850 R16 39
1166 SIDESTEP R20
1168 CANCEL 1762
1168 CANCEL 1802
1168 SIDESTEP R25
1169 DELIVER 1493 R4 227
1169 SIDESTEP R12
1170 ASSIGN 1853 R4 53
1170 SIDESTEP R26
1171 SIDESTEP R17
1171 SIDESTEP R20
1172 SIDESTEP R13
1173 SIDESTEP R25
1174 SIDESTEP R12
1174 PICK 299 R18
1175 SIDESTEP R26
1176 SIDESTEP R8
1176 SIDESTEP R17
1176 SIDESTEP R20
1177 PICK 1834 R2
1178 DELIVER 1500 R28 233
1179 ASSIGN 1856 R28 24
1179 PICK 1815 R0
1180 DELIVER 1764 R10 75
1180 SIDESTEP R24
1181 ASSIGN 1885 R10 25
1181 SIDESTEP R17
1181 SIDESTEP R20
1182 SIDESTEP R8
1183 DELIVER 1612 R13 173
1183 SIDESTEP R15
1183 DELIVER 1680 R29 129
1184 ASSIGN 1859 R13 23
1184 ASSIGN 1866 R29 41
1184 SIDESTEP R2
1184 DELIVER 1752 R6 86
1185 ASSIGN 1875 R6 19
1186 SIDESTEP R17
1186 SIDESTEP R20
1187 SIDESTEP R8
1187 SIDESTEP R26
1188 SIDESTEP R15
1188 PICK 1706 R25
1189 SIDESTEP R2
1189 SIDESTEP R24
1190 PICK 1840 R7
1191 CANCEL 1617
1191 SIDESTEP R17
1192 PICK 296 R22
1193 SIDESTEP R13
1193 SIDESTEP R15
1193 SIDESTEP R26
1194 CANCEL 1751
1194 CANCEL 1820
1194 SIDESTEP R2
1194 SIDESTEP R12
1194 SIDESTEP R25
1195 DELIVER 299 R18 1011
1196 ASSIGN 1901 R18 35
1196 DELIVER 1725 R1 115
1196 SIDESTEP R17
1197 ASSIGN 1887 R1 25
1198 SIDESTEP R15
1198 SIDESTEP R26
1199 SIDESTEP R2
1199 SIDESTEP R8
1199 SIDESTEP R13
1199 SIDESTEP R25
1199 REPORT pending=1378 idle=0 to_pickup=14 delivering=16 to_charger=0 charging=0 dead=0 hot=24,31,6
1200 SIDESTEP R6
1200 SIDESTEP R23
1201 SIDESTEP R17
1202 PICK 1856 R28
1202 SIDESTEP R29
1203 SIDESTEP R15
1203 DELIVER 1519 R21 247
1204 ASSIGN 1911 R21 47
1204 SIDESTEP R8
1204 SIDESTEP R14
1204 SIDESTEP R18
1204 SIDESTEP R25
1205 SIDESTEP R6
1205 PICK 1885 R10
1205 SIDESTEP R12
1205 SIDESTEP R13
1206 DELIVER 1632 R11 182
1206 SIDESTEP R17
1207 ASSIGN 1905 R11 22
1207 SIDESTEP R29
1208 CANCEL 1835
1208 SIDESTEP R15
1208 PICK 1850 R16
1209 SIDESTEP R18
1209 SIDESTEP R25
1209 SIDESTEP R26
1210 SIDESTEP R4
1210 SIDESTEP R6
1210 PICK 1836 R9
1210 SIDESTEP R12
1210 SIDESTEP R23
1210 DELIVER 1715 R24 136
1211 ASSIGN 1917 R24 49
1211 SIDESTEP R13
1212 CANCEL 1772
1212 ASSIGN 1922 R3 20
1213 CANCEL 1867
1213 SIDESTEP R15
1214 SIDESTEP R18
1214 SIDESTEP R25
1214 SIDESTEP R26
1215 SIDESTEP R6
1215 DELIVER 1840 R7 61
1215 SIDESTEP R8
1216 ASSIGN 1940 R7 24
1217 SIDESTEP R13
1218 CANCEL 1884
1218 DELIVER 1577 R5 228
1218 DELIVER 1743 R14 126
1218 SIDESTEP R15
1219 ASSIGN 1923 R14 26
1219 ASSIGN 313 R5 42
1219 DELIVER 1527 R17 258
1220 CANCEL 1944
1220 ASSIGN 318 R17 56
1220 SIDESTEP R0
1220 SIDESTEP R1
1221 PICK 1831 R23
1221 SIDESTEP R26
1222 SIDESTEP R13
1222 DELIVER 1682 R19 167
1223 ASSIGN 1950 R19 30
1225 SIDESTEP R1
1225 SIDESTEP R8
1226 SIDESTEP R26
1227 SIDESTEP R2
1227 SIDESTEP R13
1228 PICK 1905 R11
1228 PICK 1793 R20
1229 PICK 1853 R4
1229 PICK 1824 R12
1231 CANCEL 1838
1231 SIDESTEP R1
1231 SIDESTEP R10
1232 SIDESTEP R2
1232 PICK 1875 R6
1232 SIDESTEP R8
1232 SIDESTEP R13
1232 SIDESTEP R28
1236 SIDESTEP R1
1236 SIDESTEP R10
1236 DELIVER 1850 R16 75
1236 SIDESTEP R26
1237 ASSIGN 1957 R16 52
1237 SIDESTEP R0
1237 SIDESTEP R2
1237 PICK 1922 R3
1237 SIDESTEP R8
1237 SIDESTEP R13
1237 SIDESTEP R21
1239 PICK 1940 R7
1241 CANCEL 1736
1241 SIDESTEP R1
1241 DELIVER 1794 R15 116
1241 SIDESTEP R26
1242 ASSIGN 1962 R15 35
1242 SIDESTEP R13
1243 SIDESTEP R0
1244 CANCEL 1852
1244 SIDESTEP R8
1245 DELIVER 1836 R9 93
1245 DELIVER 1905 R11 51
1245 DELIVER 1793 R20 121
1245 DELIVER 296 R22 1063
1246 ASSIGN 1973 R22 30
1246 ASSIGN 1963 R9 41
1246 ASSIGN 1979 R11 10
1246 ASSIGN 320 R20 36
1248 SIDESTEP R10
1248 PICK 1866 R29
1249 SIDESTEP R3
1249 REPORT pending=1441 idle=0 to_pickup=15 delivering=15 to_charger=0 charging=0 dead=0 hot=23,30,5
1251 DELIVER 1815 R0 112
1251 DELIVER 1885 R10 70
1251 DELIVER 1706 R25 181
1252 ASSIGN 1996 R10 52
1252 ASSIGN 1999 R0 33
1252 GO_CHARGE R25 36 1
1252 PICK 1950 R19
1253 SIDESTEP R26
1253 SIDESTEP R28
1254 PICK 1923 R14
1255 PICK 1979 R11
1258 SIDESTEP R10
1258 SIDESTEP R26
1259 SIDESTEP R1
1259 PICK 1911 R21
1260 PICK 313 R5
1260 SIDESTEP R13
1262 DELIVER 1875 R6 86
1263 ASSIGN 2004 R6 39
1263 SIDESTEP R10
1263 PICK 1917 R24
1264 SIDESTEP R0
1264 SIDESTEP R1
1264 SIDESTEP R8
1265 DELIVER 1834 R2 114
1265 SIDESTEP R13
1265 DELIVER 1856 R28 100
1266 ASSIGN 2005 R2 13
1266 ASSIGN 2021 R28 43
1267 DELIVER 1831 R23 118
1268 CANCEL 1941
1268 ASSIGN 2022 R23 33
1268 SIDESTEP R10
1268 PICK 1901 R18
1269 SIDESTEP R8
1269 SIDESTEP R26
1270 CANCEL 1754
1270 SIDESTEP R0
1270 SIDESTEP R13
1271 DELIVER 1853 R4 108
1272 ASSIGN 2025 R4 46
1273 DELIVER 1697 R27 209
1274 ASSIGN 2007 R27 28
1274 SIDESTEP R25
1275 DELIVER 1678 R8 222
1275 SIDESTEP R13
1275 PICK 318 R17
1275 PICK 1973 R22
1276 ASSIGN 2014 R8 12
1276 PICK 1887 R1
1276 PICK 1962 R15
1277 CANCEL 1808
1278 PICK 2005 R2
1279 CANCEL_FAIL 1905
1279 SIDESTEP R5
1279 DELIVER 1923 R14 74
1280 ASSIGN 2024 R14 22
1281 PICK 320 R20
1282 SIDESTEP R29
1283 SIDESTEP R8
1283 DELIVER 1911 R21 85
1283 SIDESTEP R27
1284 ASSIGN 2026 R21 13
1284 SIDESTEP R14
1284 DELIVER 1652 R26 248
1285 ASSIGN 2028 R26 20
1285 SIDESTEP R13
1285 SIDESTEP R28
1286 PICK 1963 R9
1287 SIDESTEP R29
1288 SIDESTEP R8
1288 PICK 1957 R16
1288 SIDESTEP R27
1290 SIDESTEP R28
1291 DELIVER 1824 R12 146
1292 ASSIGN 2059 R12 52
1292 SIDESTEP R29
1293 SIDESTEP R8
1294 DELIVER 1922 R3 90
1294 SIDESTEP R5
1294 DELIVER 1979 R11 56
1295 CANCEL 1930
1295 ASSIGN 2061 R11 8
1295 ASSIGN 2037 R3 67
1295 DELIVER 318 R17 1099
1295 DELIVER 1950 R19 73
1296 ASSIGN 2039 R17 50
1296 ASSIGN 2043 R19 26
1296 DELIVER 1901 R18 104
1296 PICK 2026 R21
1297 ASSIGN 2072 R18 34
1297 SIDESTEP R1
1298 SIDESTEP R27
1299 SIDESTEP R15
1299 REPORT pending=1495 idle=0 to_pickup=17 delivering=12 to_charger=1 charging=0 dead=0 hot=23,29,5
1300 CANCEL 1872
1300 PICK 1999 R0
1300 DELIVER 1940 R7 85
1300 PICK 2022 R23
1301 ASSIGN 2071 R7 60
1301 PICK 2004 R6
1301 SIDESTEP R22
1302 SIDESTEP R1
1302 SIDESTEP R5
1302 SIDESTEP R24
1303 CANCEL 1844
1303 SIDESTEP R27
1304 CHARGE R25
1304 PICK 2028 R26
1304 DELIVER 1866 R29 134
1305 ASSIGN 2082 R29 44
1306 PICK 1859 R13
1307 SIDESTEP R5
1308 DELIVER 1963 R9 79
1308 DELIVER 1962 R15 79
1308 SIDESTEP R22
1308 DELIVER 2022 R23 43
1309 ASSIGN 2089 R15 13
1309 ASSIGN 311 R23 21
1309 ASSIGN 321 R9 22
1309 SIDESTEP R11
1309 PICK 2024 R14
1309 DELIVER 2026 R21 42
1310 ASSIGN 332 R21 31
1310 DELIVER 1917 R24 109
1311 ASSIGN 333 R24 27
1312 SIDESTEP R8
1313 SIDESTEP R5
1313 PICK 2061 R11
1313 SIDESTEP R22
1314 DELIVER 320 R20 1117
1315 ASSIGN 2099 R20 35
1316 CANCEL 2025
1316 GO_CHARGE R4 26 1
1317 SIDESTEP R1
1317 SIDESTEP R8
1317 SIDESTEP R27
1318 CHARGE R4
1318 SIDESTEP R22
1319 CANCEL 1906
1319 SIDESTEP R5
1320 DELIVER 1957 R16 94
1320 SIDESTEP R24
1321 CHARGED R25
1321 ASSIGN 2104 R25 33
1321 GO_CHARGE R16 6 1
1321 PICK 2089 R15
1321 PICK 2043 R19
1321 SIDESTEP R21
1321 SIDESTEP R29
1322 CANCEL 2060
1322 SIDESTEP R1
1322 SIDESTEP R8
1324 SIDESTEP R13
1325 CANCEL 1970
1325 SIDESTEP R3
1325 CHARGE R16
1325 SIDESTEP R24
1326 SIDESTEP R21
1326 SIDESTEP R29
1327 SIDESTEP R1
1327 SIDESTEP R8
1328 DELIVER 2024 R14 62
1329 ASSIGN 2114 R14 32
1329 SIDESTEP R13
1329 PICK 311 R23
1330 SIDESTEP R3
1330 PICK 321 R9
1330 SIDESTEP R24
1331 PICK 1996 R10
1331 SIDESTEP R21
1331 SIDESTEP R29
1332 CHARGED R4
1332 ASSIGN 2124 R4 32
1332 SIDESTEP R1
1332 SIDESTEP R8
1332 PICK 2007 R27
1333 PICK 2021 R28
1334 CANCEL_FAIL 1834
1334 DELIVER 2028 R26 65
1335 ASSIGN 2127 R26 40
1335 SIDESTEP R3
1335 SIDESTEP R19
1335 SIDESTEP R24
1337 SIDESTEP R14
1339 PICK 2072 R18
1340 SIDESTEP R3
1340 PICK 2014 R8
1340 SIDESTEP R19
1341 CHARGED R16
1341 ASSIGN 2139 R16 16
1341 DELIVER 2061 R11 50
1342 ASSIGN 2142 R11 29
1342 SIDESTEP R2
1343 DELIVER 2004 R6 89
1343 PICK 2059 R12
1343 SIDESTEP R28
1344 ASSIGN 336 R6 38
1344 DELIVER 2089 R15 37
1345 ASSIGN 339 R15 32
1345 DELIVER 1999 R0 96
1345 SIDESTEP R3
1345 SIDESTEP R19
1346 GO_CHARGE R0 6 1
1347 DELIVER 2005 R2 93
1347 SIDESTEP R23
1348 ASSIGN 2160 R2 36
1348 SIDESTEP R20
1348 SIDESTEP R28
1349 SIDESTEP R27
1349 REPORT pending=1560 idle=0 to_pickup=16 delivering=13 to_charger=1 charging=0 dead=0 hot=32,11,5
1350 SIDESTEP R19
1351 SIDESTEP R5
1353 PICK 2104 R25
1354 CANCEL 2139
1354 ASSIGN 2167 R16 15
1354 DELIVER 1973 R22 120
1354 SIDESTEP R27
1355 CANCEL_FAIL 1922
1355 ASSIGN 2157 R22 48
1355 DELIVER 321 R9 1158
1355 SIDESTEP R14
1355 SIDESTEP R19
1356 ASSIGN 2162 R9 20
1356 SIDESTEP R11
1357 CANCEL 2110
1358 SIDESTEP R3
1358 DELIVER 313 R5 1166
1359 ASSIGN 2175 R5 39
1359 PICK 332 R21
1359 SIDESTEP R27
1360 CANCEL 2050
1360 PICK 2071 R7
1360 SIDESTEP R19
1361 SIDESTEP R2
1361 SIDESTEP R11
1361 SIDESTEP R13
1363 SIDESTEP R3
1364 SIDESTEP R27
1365 SIDESTEP R19
1365 PICK 2099 R20
1366 CHARGE R0
1366 SIDESTEP R2
1366 SIDESTEP R11
1366 PICK 2039 R17
1367 SIDESTEP R22
1367 PICK 333 R24
1368 SIDESTEP R1
1368 SIDESTEP R3
1368 SIDESTEP R8
1368 PICK 2167 R16
1368 PICK 2082 R29
1369 SIDESTEP R14
1369 SIDESTEP R27
1370 SIDESTEP R20
1370 DELIVER 332 R21 1166
1371 ASSIGN 2182 R21 52
1371 DELIVER 2072 R18 74
1372 ASSIGN 2190 R18 10
1372 DELIVER 311 R23 1181
1373 GO_CHARGE R23 16 1
1374 CANCEL 1995
1374 SIDESTEP R14
1374 PICK 2127 R26
1375 SIDESTEP R6
1375 PICK 2162 R9
1377 DELIVER 2014 R8 117
1378 ASSIGN 2202 R8 14
1378 PICK 2124 R4
1379 SIDESTEP R2
1379 SIDESTEP R14
1379 SIDESTEP R20
1380 SIDESTEP R7
1380 DELIVER 1859 R13 213
1381 ASSIGN 2203 R13 32
1381 DELIVER 1887 R1 198
1381 PICK 2190 R18
1382 CHARGED R0
1382 ASSIGN 2211 R1 35
1382 ASSIGN 2213 R0 7
1382 SIDESTEP R23
1383 CANCEL 1964
1383 REJECT 2217
1384 SIDESTEP R2
1384 SIDESTEP R14
1385 SIDESTEP R7
1385 SIDESTEP R19
1387 PICK 336 R6
1387 DELIVER 2059 R12 98
1387 SIDESTEP R23
1388 ASSIGN 2221 R12 6
1388 PICK 2213 R0
1389 SIDESTEP R2
1389 SIDESTEP R14
1390 CANCEL 1971
1390 CANCEL 2090
1390 SIDESTEP R7
1390 SIDESTEP R19
1390 SIDESTEP R22
1391 PICK 2202 R8
1392 CANCEL 2064
1393 DELIVER 2213 R0 13
1393 SIDESTEP R9
1393 PICK 2221 R12
1394 ASSIGN 2224 R0 20
1394 SIDESTEP R29
1395 DELIVER 1996 R10 147
1395 SIDESTEP R16
1396 CANCEL 2180
1396 GO_CHARGE R10 6 1
1396 PICK 339 R15
1398 SIDESTEP R9
1398 SIDESTEP R23
1399 SIDESTEP R29
1399 REPORT pending=1622 idle=0 to_pickup=10 delivering=18 to_charger=2 charging=0 dead=0 hot=24,18,4
1400 SIDESTEP R16
1401 PICK 2175 R5
1401 SIDESTEP R8
1401 DELIVER 333 R24 1197
1402 ASSIGN 2226 R24 10
1402 SIDESTEP R22
1403 DELIVER 2104 R25 87
1404 CANCEL 2134
1404 ASSIGN 2252 R25 42
1404 SIDESTEP R29
1405 SIDESTEP R16
1405 SIDESTEP R21
1405 DELIVER 2021 R28 141
1406 ASSIGN 2231 R28 12
1407 SIDESTEP R10
1407 PICK 2142 R11
1407 SIDESTEP R14
1407 DELIVER 2190 R18 41
1408 GO_CHARGE R18 26 1
1408 DELIVER 2039 R17 132
1409 ASSIGN 2259 R17 13
1410 DELIVER 2162 R9 61
1410 SIDESTEP R13
1410 SIDESTEP R16
1411 GO_CHARGE R9 36 1
1411 PICK 2226 R24
1412 CANCEL 2096
1412 SIDESTEP R2
1412 SIDESTEP R10
1412 SIDESTEP R14
1413 PICK 2224 R0
1413 SIDESTEP R15
1415 DELIVER 2124 R4 87
1416 ASSIGN 2234 R4 44
1417 PICK 2211 R1
1417 SIDESTEP R10
1417 SIDESTEP R14
1417 DELIVER 2127 R26 88
1417 PICK 2231 R28
1418 ASSIGN 2248 R26 66
1418 SIDESTEP R5
1418 SIDESTEP R11
1418 SIDESTEP R15
1420 CANCEL 2073
1420 DELIVER 2043 R19 141
1421 ASSIGN 2253 R19 35
1421 PICK 2259 R17
1421 PICK 2157 R22
1422 CANCEL 2245
1422 DELIVER 2007 R27 166
1423 ASSIGN 2260 R27 38
1423 SIDESTEP R11
1423 SIDESTEP R15
1424 CANCEL_FAIL 2071
1425 DELIVER 2221 R12 39
1425 SIDESTEP R25
1426 ASSIGN 2261 R12 40
1427 PICK 2160 R2
1427 DELIVER 2099 R20 114
1428 ASSIGN 2278 R20 13
1428 SIDESTEP R11
1428 PICK 2114 R14
1428 SIDESTEP R15
1429 SIDESTEP R8
1429 PICK 2203 R13
1429 DELIVER 2082 R29 126
1430 ASSIGN 2280 R29 32
1430 SIDESTEP R17
1430 SIDESTEP R25
1430 DELIVER 2231 R28 39
1431 ASSIGN 2283 R28 33
1432 DELIVER 336 R6 1225
1432 DELIVER 2226 R24 44
1433 ASSIGN 2297 R24 37
1433 ASSIGN 343 R6 40
1433 SIDESTEP R1
1433 SIDESTEP R11
1433 SIDESTEP R15
1433 SIDESTEP R23
1434 SIDESTEP R8
1435 SIDESTEP R25
1437 SIDESTEP R17
1439 DELIVER 2071 R7 142
1440 GO_CHARGE R7 16 1
1440 PICK 2278 R20
1440 SIDESTEP R25
1441 PICK 2037 R3
1441 SIDESTEP R23
1442 SIDESTEP R12
1442 SIDESTEP R17
1443 SIDESTEP R10
1444 PICK 2182 R21
1444 SIDESTEP R28
1445 SIDESTEP R0
1445 SIDESTEP R25
1446 REJECT 2322
1446 SIDESTEP R23
1447 SIDESTEP R12
1447 SIDESTEP R17
1449 REPORT pending=1686 idle=0 to_pickup=10 delivering=15 to_charger=5 charging=0 dead=0 hot=14,15,7
1450 CHARGE R9
1450 CHARGE R18
1450 SIDESTEP R25
1451 CANCEL_FAIL 102332
1452 SIDESTEP R3
1452 DELIVER 2167 R16 100
1452 SIDESTEP R17
1453 ASSIGN 2320 R16 42
1453 SIDESTEP R1
1453 SIDESTEP R27
1454 SIDESTEP R8
1454 SIDESTEP R22
1454 SIDESTEP R23
1455 DELIVER 2114 R14 133
1455 SIDESTEP R25
1456 ASSIGN 2328 R14 45
1457 SIDESTEP R3
1458 DELIVER 2142 R11 120
1458 SIDESTEP R27
1459 ASSIGN 2315 R11 24
1459 PICK 2234 R4
1459 SIDESTEP R22
1459 SIDESTEP R23
1460 CANCEL 2215
1460 SIDESTEP R20
1460 SIDESTEP R25
1461 CANCEL 2195
1462 SIDESTEP R3
1462 SIDESTEP R17
1463 DELIVER 2224 R0 76
1464 ASSIGN 2316 R0 30
1464 SIDESTEP R22
1465 CANCEL 2299
1465 SIDESTEP R20
1465 PICK 2280 R29
1466 CHARGED R9
1466 CHARGED R18
1466 ASSIGN 2318 R9 14
1466 ASSIGN 2336 R18 32
1467 CANCEL_FAIL 2114
1467 SIDESTEP R3
1467 SIDESTEP R7
1467 SIDESTEP R17
1468 SIDESTEP R16
1469 DELIVER 2203 R13 94
1469 PICK 2297 R24
1469 PICK 2283 R28
1470 GO_CHARGE R13 26 1
1471 PICK 2253 R19
1471 DELIVER 2182 R21 110
1472 ASSIGN 2346 R21 37
1472 SIDESTEP R3
1472 PICK 343 R6
1472 SIDESTEP R17
1472 SIDESTEP R22
1473 DELIVER 2202 R8 99
1473 SIDESTEP R16
1474 REJECT 2368
1474 ASSIGN 344 R8 9
1476 CHARGE R23
1477 DELIVER 2160 R2 129
1477 SIDESTEP R17
1477 SIDESTEP R22
1477 SIDESTEP R25
1478 ASSIGN 2372 R2 35
1478 SIDESTEP R10
1478 SIDESTEP R16
1479 DELIVER 343 R6 1268
1479 PICK 2318 R9
1480 GO_CHARGE R6 36 1
1481 DELIVER 2211 R1 102
1482 REJECT 2384
1482 ASSIGN 2381 R1 43
1482 SIDESTEP R3
1482 PICK 344 R8
1482 PICK 2315 R11
1482 SIDESTEP R17
1482 SIDESTEP R19
1482 SIDESTEP R22
1482 SIDESTEP R25
1482 DELIVER 2280 R29 61
1483 ASSIGN 2374 R29 41
1483 PICK 2248 R26
1487 SIDESTEP R3
1487 DELIVER 339 R15 1279
1487 SIDESTEP R17
1487 SIDESTEP R19
1488 ASSIGN 2382 R15 39
1492 SIDESTEP R3
1492 SIDESTEP R4
1492 DELIVER 2175 R5 135
1492 CHARGE R10
1492 SIDESTEP R17
1492 SIDESTEP R19
1492 SIDESTEP R22
1493 CHARGED R23
1493 ASSIGN 2397 R5 31
1493 ASSIGN 349 R23 22
1493 PICK 2316 R0
1493 PICK 2260 R27
1496 CANCEL 2348
1497 SIDESTEP R3
1497 SIDESTEP R4
1497 DELIVER 2315 R11 55
1497 SIDESTEP R17
1497 PICK 2336 R18
1497 SIDESTEP R19
1497 SIDESTEP R29
1498 GO_CHARGE R11 36 1
1499 CANCEL_FAIL 2248
1499 REPORT pending=1748 idle=0 to_pickup=11 delivering=14 to_charger=4 charging=1 dead=0 hot=5,6,5
SUMMARY delivered=421 lost=0 rejected=28 cancelled=219 open=1773
LATENCY sum=76060 max=1279 avg=181
ROBOT R0 38 34 538 DELIVERING 1050 333
ROBOT R1 3 16 271 TO_PICKUP 1037 441
ROBOT R2 22 8 184 TO_PICKUP 1090 382
ROBOT R3 5 6 153 DELIVERING 1087 388
ROBOT R4 15 18 496 DELIVERING 1152 309
ROBOT R5 34 31 244 TO_PICKUP 996 481
ROBOT R6 35 23 124 TO_CHARGER 1184 289
ROBOT R7 14 1 52 TO_CHARGER 1188 296
ROBOT R8 17 18 269 DELIVERING 903 577
ROBOT R9 20 15 603 DELIVERING 1147 320
ROBOT R10 6 1 321 CHARGING 1191 271
ROBOT R11 46 32 163 TO_CHARGER 1043 431
ROBOT R12 5 9 208 TO_PICKUP 1032 439
ROBOT R13 4 4 114 TO_CHARGER 1126 348
ROBOT R14 40 26 140 TO_PICKUP 1100 384
ROBOT R15 11 14 316 TO_PICKUP 992 480
ROBOT R16 23 17 522 TO_PICKUP 1228 243
ROBOT R17 5 7 265 DELIVERING 1009 459
ROBOT R18 17 20 624 DELIVERING 1160 301
ROBOT R19 5 8 170 DELIVERING 1036 444
ROBOT R20 21 28 190 DELIVERING 1084 391
ROBOT R21 46 11 180 TO_PICKUP 1060 422
ROBOT R22 13 19 279 DELIVERING 995 482
ROBOT R23 23 1 651 TO_PICKUP 1133 333
ROBOT R24 17 21 129 DELIVERING 1145 333
ROBOT R25 13 11 523 TO_PICKUP 1261 209
ROBOT R26 32 13 141 DELIVERING 1099 373
ROBOT R27 29 26 235 DELIVERING 971 498
ROBOT R28 8 27 184 DELIVERING 1090 389
ROBOT R29 21 26 182 TO_PICKUP 1058 424
