0 ASSIGN 1 R12 2
1 PICK 1 R12
3 ASSIGN 2 R10 5
6 ASSIGN 3 R23 4
7 PICK 2 R10
8 ASSIGN 4 R5 7
9 PICK 3 R23
12 ASSIGN 5 R13 6
13 ASSIGN 6 R0 5
14 PICK 4 R5
16 ASSIGN 7 R20 6
17 PICK 6 R0
17 PICK 5 R13
21 PICK 7 R20
23 ASSIGN 8 R21 5
24 ASSIGN 9 R3 4
27 ASSIGN 10 R15 7
27 PICK 9 R3
27 DELIVER 1 R12 27
27 PICK 8 R21
28 ASSIGN 11 R19 7
28 SIDESTEP R0
29 ASSIGN 12 R12 9
29 DELIVER 3 R23 23
31 DELIVER 4 R5 23
32 ASSIGN 13 R23 14
33 PICK 10 R15
34 PICK 11 R19
36 ASSIGN 14 R22 6
37 PICK 12 R12
38 ASSIGN 15 R18 2
39 ASSIGN 16 R5 16
39 PICK 15 R18
41 DELIVER 2 R10 38
41 PICK 14 R22
43 ASSIGN 17 R17 10
43 DELIVER 5 R13 31
47 SIDESTEP R19
49 ASSIGN 18 R2 8
49 PICK 13 R23
49 REPORT pending=0 idle=11 to_pickup=3 delivering=10 to_charger=0 charging=0 dead=0 hot=15,24,3
52 DELIVER 9 R3 28
52 SIDESTEP R17
53 ASSIGN 19 R4 11
55 ASSIGN 20 R11 15
56 PICK 18 R2
56 PICK 16 R5
56 DELIVER 15 R18 18
57 DELIVER 12 R12 28
57 SIDESTEP R17
58 ASSIGN 21 R1 15
58 DELIVER 11 R19 30
62 SIDESTEP R17
62 DELIVER 7 R20 46
63 ASSIGN 22 R19 7
63 PICK 19 R4
65 ASSIGN 23 R18 8
65 DELIVER 10 R15 38
67 SIDESTEP R17
69 DELIVER 16 R5 30
69 PICK 20 R11
69 PICK 22 R19
71 ASSIGN 24 R10 11
71 DELIVER 6 R0 58
72 PICK 21 R1
72 PICK 23 R18
73 ASSIGN 25 R16 15
73 SIDESTEP R21
74 ASSIGN 26 R15 19
74 SIDESTEP R22
75 ASSIGN 27 R14 10
75 DELIVER 8 R21 52
79 SIDESTEP R18
80 SIDESTEP R22
81 PICK 24 R10
81 PICK 17 R17
84 ASSIGN 28 R3 11
84 PICK 27 R14
84 SIDESTEP R18
84 DELIVER 13 R23 52
85 ASSIGN 29 R7 12
86 ASSIGN 30 R20 9
86 DELIVER 18 R2 37
86 SIDESTEP R22
87 ASSIGN 31 R13 8
87 PICK 25 R16
89 SIDESTEP R18
90 SIDESTEP R17
91 ASSIGN 32 R23 11
92 ASSIGN 33 R21 19
92 PICK 26 R15
92 SIDESTEP R22
93 ASSIGN 34 R5 6
94 ASSIGN 35 R9 13
94 PICK 30 R20
95 PICK 28 R3
95 SIDESTEP R17
95 DELIVER 14 R22 59
96 PICK 29 R7
96 SIDESTEP R13
97 ASSIGN 36 R6 5
98 ASSIGN 37 R12 18
98 PICK 34 R5
99 REPORT pending=0 idle=4 to_pickup=6 delivering=14 to_charger=0 charging=0 dead=0 hot=10,6,3
100 PICK 31 R13
100 SIDESTEP R17
101 DELIVER 21 R1 43
101 PICK 36 R6
101 PICK 32 R23
102 DELIVER 19 R4 49
103 ASSIGN 38 R8 22
104 SIDESTEP R18
105 SIDESTEP R17
106 PICK 35 R9
107 CANCEL_FAIL 15
107 DELIVER 20 R11 52
107 DELIVER 22 R19 44
109 CANCEL_FAIL 2
109 ASSIGN 39 R11 32
109 DELIVER 30 R20 23
110 DELIVER 27 R14 35
110 PICK 33 R21
111 SIDESTEP R10
114 SIDESTEP R13
114 SIDESTEP R16
114 SIDESTEP R17
115 ASSIGN 40 R1 26
115 PICK 37 R12
116 ASSIGN 41 R20 32
116 SIDESTEP R10
117 ASSIGN 42 R22 4
117 SIDESTEP R7
118 ASSIGN 43 R4 22
119 ASSIGN 44 R14 35
119 SIDESTEP R13
119 DELIVER 26 R15 45
119 SIDESTEP R17
120 ASSIGN 45 R15 37
120 DELIVER 25 R16 47
120 PICK 42 R22
121 ASSIGN 46 R2 13
121 SIDESTEP R10
123 SIDESTEP R7
124 SIDESTEP R17
125 ASSIGN 47 R19 24
129 SIDESTEP R17
129 SIDESTEP R22
130 CANCEL_FAIL 17
131 SIDESTEP R3
132 ASSIGN 48 R16 27
133 ASSIGN 49 R0 5
133 PICK 46 R2
134 DELIVER 29 R7 49
134 DELIVER 24 R10 63
134 SIDESTEP R17
134 DELIVER 23 R18 69
134 SIDESTEP R22
135 DELIVER 33 R21 43
136 PICK 38 R8
136 DELIVER 31 R13 49
137 PICK 49 R0
138 ASSIGN 50 R18 10
139 ASSIGN 51 R13 5
139 PICK 43 R4
139 SIDESTEP R17
139 SIDESTEP R22
140 PICK 40 R1
140 PICK 39 R11
140 SIDESTEP R19
141 ASSIGN 52 R7 24
142 ASSIGN 53 R10 12
143 SIDESTEP R16
144 SIDESTEP R3
144 SIDESTEP R22
145 ASSIGN 54 R21 34
145 SIDESTEP R5
145 SIDESTEP R6
145 SIDESTEP R19
146 SIDESTEP R1
147 PICK 50 R18
148 SIDESTEP R16
149 SIDESTEP R0
149 SIDESTEP R3
149 SIDESTEP R22
149 REPORT pending=1 idle=0 to_pickup=9 delivering=15 to_charger=0 charging=0 dead=0 hot=17,26,7
150 CANCEL_FAIL 46
150 SIDESTEP R2
150 SIDESTEP R6
150 SIDESTEP R19
151 PICK 51 R13
151 PICK 41 R20
152 DELIVER 32 R23 61
153 ASSIGN 57 R23 28
153 PICK 44 R14
153 SIDESTEP R16
154 SIDESTEP R0
154 SIDESTEP R17
154 SIDESTEP R22
155 SIDESTEP R2
155 SIDESTEP R6
155 SIDESTEP R19
156 SIDESTEP R18
158 SIDESTEP R16
159 SIDESTEP R0
159 SIDESTEP R14
159 SIDESTEP R17
159 SIDESTEP R22
160 SIDESTEP R6
160 SIDESTEP R8
160 DELIVER 37 R12 62
160 PICK 45 R15
160 SIDESTEP R19
161 ASSIGN 55 R12 19
161 SIDESTEP R18
164 SIDESTEP R17
164 SIDESTEP R22
165 SIDESTEP R0
165 SIDESTEP R2
165 DELIVER 34 R5 72
165 SIDESTEP R8
165 SIDESTEP R16
165 SIDESTEP R19
166 CANCEL_FAIL 39
166 ASSIGN 61 R5 26
166 SIDESTEP R6
166 SIDESTEP R18
169 SIDESTEP R22
170 SIDESTEP R16
170 SIDESTEP R19
170 DELIVER 41 R20 54
171 ASSIGN 56 R20 21
171 PICK 53 R10
171 SIDESTEP R18
172 DELIVER 46 R2 51
173 ASSIGN 58 R2 28
174 DELIVER 38 R8 71
174 DELIVER 35 R9 80
174 SIDESTEP R22
175 ASSIGN 65 R8 36
175 ASSIGN 59 R9 20
175 DELIVER 43 R4 57
175 DELIVER 39 R11 66
175 SIDESTEP R16
176 ASSIGN 60 R4 30
176 ASSIGN 63 R11 49
176 DELIVER 40 R1 61
176 SIDESTEP R18
177 ASSIGN 64 R1 28
180 SIDESTEP R4
180 DELIVER 36 R6 83
180 SIDESTEP R16
181 ASSIGN 67 R6 20
181 SIDESTEP R2
181 SIDESTEP R18
181 SIDESTEP R22
182 SIDESTEP R11
182 PICK 55 R12
182 SIDESTEP R21
185 SIDESTEP R16
185 DELIVER 17 R17 142
186 REJECT 69
186 ASSIGN 66 R17 37
186 SIDESTEP R18
187 SIDESTEP R4
187 SIDESTEP R10
187 SIDESTEP R11
189 DELIVER 28 R3 105
189 DELIVER 45 R15 69
190 ASSIGN 70 R3 17
190 ASSIGN 72 R15 22
191 PICK 61 R5
191 SIDESTEP R18
191 PICK 56 R20
192 SIDESTEP R4
192 SIDESTEP R10
192 SIDESTEP R23
194 PICK 59 R9
197 SIDESTEP R4
197 SIDESTEP R10
199 DELIVER 44 R14 80
199 REPORT pending=3 idle=1 to_pickup=14 delivering=9 to_charger=0 charging=0 dead=0 hot=13,21,5
200 ASSIGN 68 R14 29
201 PICK 52 R7
201 SIDESTEP R9
202 SIDESTEP R4
202 SIDESTEP R10
202 SIDESTEP R19
204 CANCEL_FAIL 41
204 PICK 64 R1
205 SIDESTEP R17
205 SIDESTEP R23
206 PICK 70 R3
206 SIDESTEP R9
207 SIDESTEP R4
207 SIDESTEP R10
207 SIDESTEP R18
207 SIDESTEP R19
208 SIDESTEP R15
210 DELIVER 42 R22 93
211 ASSIGN 74 R22 4
211 DELIVER 64 R1 37
211 SIDESTEP R9
211 DELIVER 51 R13 72
212 ASSIGN 75 R1 11
212 ASSIGN 62 R13 20
212 SIDESTEP R4
212 SIDESTEP R10
213 SIDESTEP R15
213 DELIVER 56 R20 61
214 ASSIGN 71 R20 14
214 SIDESTEP R18
214 PICK 74 R22
215 PICK 57 R23
216 PICK 65 R8
216 PICK 54 R21
217 DELIVER 49 R0 84
217 SIDESTEP R5
217 SIDESTEP R10
218 ASSIGN 78 R0 28
218 SIDESTEP R15
219 SIDESTEP R7
219 SIDESTEP R18
221 SIDESTEP R16
222 SIDESTEP R10
223 SIDESTEP R15
224 SIDESTEP R4
224 SIDESTEP R7
224 SIDESTEP R18
225 SIDESTEP R1
227 SIDESTEP R10
227 PICK 48 R16
227 PICK 71 R20
228 SIDESTEP R15
229 SIDESTEP R6
230 SIDESTEP R1
230 SIDESTEP R12
231 DELIVER 61 R5 66
231 SIDESTEP R7
231 PICK 62 R13
231 PICK 47 R19
232 ASSIGN 81 R5 34
232 PICK 58 R2
232 SIDESTEP R10
232 PICK 66 R17
235 SIDESTEP R1
235 PICK 67 R6
236 SIDESTEP R7
236 DELIVER 55 R12 89
236 PICK 68 R14
237 ASSIGN 73 R12 41
237 DELIVER 59 R9 74
237 PICK 63 R11
237 DELIVER 47 R19 112
238 ASSIGN 76 R19 31
238 ASSIGN 77 R9 32
238 DELIVER 71 R20 49
239 ASSIGN 79 R20 19
239 SIDESTEP R17
240 SIDESTEP R1
240 DELIVER 50 R18 102
241 ASSIGN 80 R18 33
241 SIDESTEP R7
243 SIDESTEP R0
243 DELIVER 70 R3 55
244 CANCEL_FAIL 26
244 ASSIGN 82 R3 42
245 SIDESTEP R1
245 DELIVER 54 R21 100
246 ASSIGN 86 R21 20
246 SIDESTEP R7
247 CANCEL_FAIL 100087
247 DELIVER 53 R10 105
247 PICK 72 R15
248 ASSIGN 83 R10 17
248 SIDESTEP R0
249 DELIVER 67 R6 70
249 REPORT pending=5 idle=1 to_pickup=12 delivering=11 to_charger=0 charging=0 dead=0 hot=8,5,4
250 ASSIGN 84 R6 20
250 SIDESTEP R1
251 SIDESTEP R7
253 SIDESTEP R0
253 DELIVER 48 R16 121
254 ASSIGN 91 R16 37
254 DELIVER 65 R8 79
255 ASSIGN 85 R8 34
255 SIDESTEP R1
255 PICK 60 R4
256 SIDESTEP R7
259 DELIVER 72 R15 69
260 ASSIGN 92 R15 21
260 SIDESTEP R20
261 SIDESTEP R7
262 SIDESTEP R18
263 PICK 78 R0
263 DELIVER 74 R22 52
264 ASSIGN 95 R22 22
264 PICK 83 R10
265 PICK 81 R5
265 SIDESTEP R19
266 SIDESTEP R3
266 SIDESTEP R7
267 PICK 75 R1
268 DELIVER 58 R2 108
269 ASSIGN 97 R2 11
269 SIDESTEP R0
269 PICK 84 R6
269 PICK 77 R9
269 DELIVER 62 R13 99
269 PICK 86 R21
270 ASSIGN 87 R13 50
271 SIDESTEP R7
271 DELIVER 66 R17 95
272 ASSIGN 88 R17 32
275 SIDESTEP R18
275 PICK 76 R19
275 DELIVER 57 R23 122
276 ASSIGN 98 R23 17
276 SIDESTEP R16
276 PICK 79 R20
279 PICK 97 R2
279 SIDESTEP R8
280 PICK 92 R15
280 SIDESTEP R18
281 SIDESTEP R16
282 SIDESTEP R10
282 SIDESTEP R13
285 PICK 95 R22
286 DELIVER 84 R6 53
286 DELIVER 52 R7 145
286 DELIVER 92 R15 30
287 ASSIGN 101 R15 20
287 ASSIGN 102 R7 35
287 ASSIGN 103 R6 34
287 SIDESTEP R10
287 SIDESTEP R19
289 PICK 73 R12
291 DELIVER 63 R11 120
292 ASSIGN 105 R11 38
292 DELIVER 75 R1 80
292 SIDESTEP R19
293 ASSIGN 89 R1 38
293 PICK 82 R3
293 SIDESTEP R23
294 DELIVER 78 R0 76
295 ASSIGN 90 R0 38
295 PICK 85 R8
296 SIDESTEP R14
297 SIDESTEP R19
298 SIDESTEP R5
298 SIDESTEP R23
299 DELIVER 79 R20 76
299 DELIVER 86 R21 53
299 REPORT pending=9 idle=2 to_pickup=11 delivering=11 to_charger=0 charging=0 dead=0 hot=14,5,4
300 ASSIGN 93 R20 30
300 ASSIGN 94 R21 37
300 DELIVER 97 R2 31
300 DELIVER 77 R9 83
301 ASSIGN 96 R9 20
301 ASSIGN 99 R2 37
301 SIDESTEP R14
302 SIDESTEP R19
303 SIDESTEP R5
303 PICK 88 R17
303 SIDESTEP R23
305 DELIVER 60 R4 141
306 ASSIGN 100 R4 27
306 SIDESTEP R14
306 SIDESTEP R16
307 SIDESTEP R19
307 DELIVER 95 R22 43
308 ASSIGN 104 R22 20
308 SIDESTEP R18
308 SIDESTEP R23
309 CANCEL_FAIL 82
312 SIDESTEP R19
313 SIDESTEP R6
313 SIDESTEP R17
313 SIDESTEP R20
313 SIDESTEP R23
314 SIDESTEP R2
314 SIDESTEP R4
316 PICK 101 R15
317 DELIVER 82 R3 87
317 PICK 91 R16
317 SIDESTEP R19
318 ASSIGN 106 R3 40
318 DELIVER 81 R5 92
318 DELIVER 73 R12 116
318 SIDESTEP R20
318 SIDESTEP R23
319 ASSIGN 107 R5 28
319 ASSIGN 108 R12 43
321 PICK 102 R7
321 PICK 96 R9
322 SIDESTEP R19
323 SIDESTEP R6
323 SIDESTEP R13
323 SIDESTEP R17
323 PICK 80 R18
323 SIDESTEP R20
323 SIDESTEP R23
324 SIDESTEP R8
327 DELIVER 68 R14 144
328 ASSIGN 117 R14 23
328 SIDESTEP R13
328 SIDESTEP R20
328 SIDESTEP R23
330 PICK 89 R1
330 PICK 105 R11
330 DELIVER 91 R16 79
331 ASSIGN 109 R16 48
331 SIDESTEP R6
331 SIDESTEP R8
331 SIDESTEP R19
332 SIDESTEP R22
333 PICK 90 R0
333 SIDESTEP R20
333 SIDESTEP R23
334 SIDESTEP R14
334 DELIVER 101 R15 54
335 ASSIGN 120 R15 10
336 SIDESTEP R6
336 PICK 94 R21
338 SIDESTEP R8
338 SIDESTEP R13
338 SIDESTEP R20
338 SIDESTEP R23
339 PICK 100 R4
339 SIDESTEP R14
339 PICK 104 R22
341 CANCEL_FAIL 65
341 SIDESTEP R6
341 DELIVER 94 R21 82
342 ASSIGN 121 R21 11
343 SIDESTEP R23
344 SIDESTEP R14
344 PICK 120 R15
345 DELIVER 96 R9 80
346 ASSIGN 123 R9 21
346 PICK 107 R5
346 DELIVER 83 R10 114
346 DELIVER 105 R11 58
347 ASSIGN 125 R11 17
347 ASSIGN 110 R10 26
347 PICK 87 R13
349 SIDESTEP R14
349 REPORT pending=10 idle=0 to_pickup=12 delivering=12 to_charger=0 charging=0 dead=0 hot=13,12,3
350 SIDESTEP R1
351 DELIVER 120 R15 18
351 DELIVER 80 R18 126
352 ASSIGN 111 R18 17
352 ASSIGN 112 R15 44
352 PICK 121 R21
355 SIDESTEP R1
357 PICK 106 R3
357 DELIVER 102 R7 74
358 ASSIGN 113 R7 43
360 SIDESTEP R1
361 PICK 99 R2
361 PICK 108 R12
363 SIDESTEP R11
364 SIDESTEP R0
364 SIDESTEP R7
364 SIDESTEP R23
365 SIDESTEP R1
365 DELIVER 100 R4 87
365 SIDESTEP R17
366 ASSIGN 114 R4 33
366 SIDESTEP R2
366 DELIVER 85 R8 128
366 PICK 123 R9
366 PICK 93 R20
367 ASSIGN 115 R8 38
367 SIDESTEP R21
367 PICK 98 R23
368 DELIVER 104 R22 82
369 ASSIGN 116 R22 10
369 PICK 103 R6
369 SIDESTEP R18
370 SIDESTEP R3
372 PICK 110 R10
372 SIDESTEP R21
373 SIDESTEP R13
373 DELIVER 88 R17 125
374 ASSIGN 118 R17 31
375 SIDESTEP R11
377 DELIVER 90 R0 127
377 DELIVER 107 R5 87
377 SIDESTEP R21
378 ASSIGN 132 R0 17
378 ASSIGN 119 R5 42
378 SIDESTEP R13
378 PICK 109 R16
378 PICK 116 R22
379 SIDESTEP R9
379 PICK 125 R11
379 PICK 111 R18
383 DELIVER 76 R19 169
384 ASSIGN 122 R19 38
384 PICK 117 R14
384 DELIVER 98 R23 109
385 ASSIGN 124 R23 26
387 SIDESTEP R11
388 DELIVER 106 R3 99
389 ASSIGN 126 R3 12
389 DELIVER 89 R1 140
390 ASSIGN 127 R1 4
390 DELIVER 111 R18 71
390 DELIVER 93 R20 132
390 SIDESTEP R22
391 ASSIGN 128 R20 35
391 ASSIGN 129 R18 16
392 DELIVER 110 R10 83
392 SIDESTEP R11
393 ASSIGN 142 R10 17
393 PICK 127 R1
395 PICK 132 R0
395 DELIVER 87 R13 148
395 PICK 112 R15
395 SIDESTEP R22
396 ASSIGN 130 R13 31
396 DELIVER 108 R12 97
397 ASSIGN 131 R12 15
397 SIDESTEP R7
397 DELIVER 123 R9 54
397 SIDESTEP R11
398 ASSIGN 144 R9 10
398 DELIVER 127 R1 42
398 PICK 114 R4
399 ASSIGN 133 R1 43
399 REPORT pending=9 idle=0 to_pickup=14 delivering=10 to_charger=0 charging=0 dead=0 hot=5,8,4
401 PICK 126 R3
402 DELIVER 103 R6 118
402 SIDESTEP R11
403 ASSIGN 145 R6 19
404 PICK 115 R8
406 PICK 129 R18
407 PICK 144 R9
407 SIDESTEP R11
408 PICK 113 R7
409 PICK 142 R10
410 PICK 124 R23
411 SIDESTEP R2
411 PICK 131 R12
412 SIDESTEP R11
413 DELIVER 129 R18 46
413 DELIVER 121 R21 78
414 ASSIGN 146 R21 14
414 ASSIGN 151 R18 31
414 DELIVER 144 R9 16
415 ASSIGN 147 R9 23
416 SIDESTEP R2
416 DELIVER 116 R22 89
417 ASSIGN 148 R22 30
417 SIDESTEP R0
417 DELIVER 142 R10 24
418 ASSIGN 153 R10 30
420 DELIVER 126 R3 66
421 ASSIGN 154 R3 23
423 SIDESTEP R1
423 DELIVER 117 R14 95
423 SIDESTEP R22
424 ASSIGN 155 R14 54
424 SIDESTEP R4
425 DELIVER 131 R12 53
425 PICK 122 R19
426 ASSIGN 156 R12 20
426 PICK 130 R13
426 DELIVER 109 R16 118
427 ASSIGN 134 R16 20
427 PICK 128 R20
428 SIDESTEP R1
428 DELIVER 125 R11 82
428 PICK 118 R17
428 PICK 146 R21
428 SIDESTEP R22
429 ASSIGN 135 R11 30
429 PICK 145 R6
432 SIDESTEP R3
433 SIDESTEP R1
433 SIDESTEP R11
433 DELIVER 112 R15 113
434 ASSIGN 136 R15 27
435 DELIVER 99 R2 159
435 SIDESTEP R16
436 ASSIGN 137 R2 15
436 SIDESTEP R9
436 SIDESTEP R17
437 DELIVER 113 R7 114
438 ASSIGN 138 R7 15
439 DELIVER 145 R6 39
439 SIDESTEP R23
440 ASSIGN 139 R6 13
440 PICK 119 R5
441 SIDESTEP R9
443 DELIVER 114 R4 118
444 ASSIGN 140 R4 24
444 DELIVER 115 R8 118
444 PICK 151 R18
444 SIDESTEP R23
445 ASSIGN 141 R8 40
445 PICK 156 R12
445 SIDESTEP R21
446 SIDESTEP R9
447 SIDESTEP R2
447 PICK 153 R10
449 SIDESTEP R23
449 REPORT pending=8 idle=0 to_pickup=13 delivering=11 to_charger=0 charging=0 dead=0 hot=16,21,4
450 SIDESTEP R3
450 SIDESTEP R21
451 SIDESTEP R9
453 PICK 154 R3
453 PICK 139 R6
453 PICK 138 R7
453 SIDESTEP R18
454 SIDESTEP R23
455 SIDESTEP R21
456 SIDESTEP R5
456 SIDESTEP R9
456 SIDESTEP R20
459 SIDESTEP R23
460 PICK 133 R1
460 DELIVER 130 R13 91
460 SIDESTEP R21
461 ASSIGN 160 R13 31
461 SIDESTEP R5
461 SIDESTEP R9
461 SIDESTEP R20
462 DELIVER 122 R19 121
463 ASSIGN 163 R19 18
464 PICK 137 R2
464 PICK 135 R11
464 SIDESTEP R23
465 SIDESTEP R21
466 SIDESTEP R5
466 DELIVER 139 R6 77
466 SIDESTEP R9
466 DELIVER 118 R17 137
467 ASSIGN 164 R6 20
467 ASSIGN 165 R17 21
467 PICK 136 R15
468 DELIVER 151 R18 57
469 ASSIGN 166 R18 18
469 SIDESTEP R23
470 SIDESTEP R21
471 PICK 140 R4
471 SIDESTEP R5
472 SIDESTEP R8
474 SIDESTEP R23
475 DELIVER 128 R20 117
476 ASSIGN 169 R20 19
476 SIDESTEP R5
476 SIDESTEP R18
477 SIDESTEP R8
477 SIDESTEP R12
477 PICK 155 R14
478 SIDESTEP R7
479 SIDESTEP R23
480 DELIVER 132 R0 105
480 PICK 147 R9
480 PICK 163 R19
481 ASSIGN 172 R0 47
481 SIDESTEP R5
481 SIDESTEP R18
482 DELIVER 133 R1 105
483 ASSIGN 143 R1 19
484 SIDESTEP R23
485 SIDESTEP R16
486 SIDESTEP R5
486 PICK 164 R6
486 SIDESTEP R18
486 SIDESTEP R22
487 SIDESTEP R12
487 PICK 165 R17
489 SIDESTEP R23
491 SIDESTEP R5
491 PICK 160 R13
491 SIDESTEP R14
491 DELIVER 136 R15 108
492 ASSIGN 175 R15 34
493 SIDESTEP R0
493 DELIVER 153 R10 76
494 ASSIGN 174 R10 29
494 PICK 141 R8
494 PICK 169 R20
495 DELIVER 138 R7 107
495 SIDESTEP R9
495 PICK 134 R16
495 DELIVER 146 R21 94
496 ASSIGN 176 R21 14
496 ASSIGN 177 R7 18
496 SIDESTEP R14
496 SIDESTEP R18
497 DELIVER 137 R2 111
497 SIDESTEP R12
497 PICK 148 R22
498 ASSIGN 149 R2 28
498 SIDESTEP R0
498 DELIVER 135 R11 117
499 ASSIGN 150 R11 12
499 REPORT pending=11 idle=0 to_pickup=9 delivering=15 to_charger=0 charging=0 dead=0 hot=4,8,7
500 SIDESTEP R1
500 DELIVER 165 R17 42
501 ASSIGN 178 R17 42
501 DELIVER 154 R3 81
501 SIDESTEP R14
501 SIDESTEP R18
502 ASSIGN 152 R3 35
502 SIDESTEP R5
503 DELIVER 156 R12 81
504 ASSIGN 157 R12 46
504 SIDESTEP R22
505 SIDESTEP R1
505 DELIVER 164 R6 49
506 ASSIGN 158 R6 7
506 SIDESTEP R18
507 SIDESTEP R5
507 DELIVER 155 R14 86
508 ASSIGN 159 R14 40
508 SIDESTEP R17
509 SIDESTEP R9
511 SIDESTEP R11
511 SIDESTEP R18
511 SIDESTEP R22
512 PICK 158 R6
512 SIDESTEP R10
512 SIDESTEP R19
513 DELIVER 134 R16 134
513 PICK 176 R21
514 ASSIGN 161 R16 21
514 PICK 143 R1
516 SIDESTEP R11
517 PICK 177 R7
518 SIDESTEP R10
519 SIDESTEP R8
519 DELIVER 147 R9 116
519 SIDESTEP R15
519 DELIVER 176 R21 24
519 SIDESTEP R22
520 ASSIGN 162 R21 26
520 ASSIGN 167 R9 13
520 SIDESTEP R19
520 DELIVER 124 R23 175
521 ASSIGN 168 R23 14
522 SIDESTEP R16
523 SIDESTEP R4
523 PICK 150 R11
524 SIDESTEP R8
525 DELIVER 158 R6 91
525 SIDESTEP R19
526 ASSIGN 170 R6 24
526 PICK 149 R2
526 SIDESTEP R12
528 SIDESTEP R4
528 SIDESTEP R17
529 SIDESTEP R8
529 DELIVER 160 R13 82
530 ASSIGN 171 R13 19
530 SIDESTEP R5
530 SIDESTEP R19
531 SIDESTEP R10
532 PICK 167 R9
532 PICK 175 R15
532 PICK 166 R18
533 SIDESTEP R0
533 DELIVER 143 R1 139
533 SIDESTEP R4
533 DELIVER 169 R20 62
534 ASSIGN 189 R1 20
534 GO_CHARGE R20 27 1
534 SIDESTEP R8
534 PICK 168 R23
535 SIDESTEP R5
535 DELIVER 177 R7 39
535 SIDESTEP R21
536 ASSIGN 190 R7 23
537 DELIVER 149 R2 130
537 SIDESTEP R19
538 ASSIGN 173 R2 26
538 SIDESTEP R0
538 SIDESTEP R4
539 SIDESTEP R8
540 SIDESTEP R5
540 DELIVER 150 R11 132
541 ASSIGN 179 R11 24
541 SIDESTEP R18
542 SIDESTEP R19
543 SIDESTEP R0
543 SIDESTEP R4
544 SIDESTEP R8
545 SIDESTEP R22
546 SIDESTEP R18
546 SIDESTEP R21
547 SIDESTEP R19
548 SIDESTEP R0
548 SIDESTEP R4
548 PICK 171 R13
548 SIDESTEP R23
549 DELIVER 119 R5 219
549 SIDESTEP R8
549 REPORT pending=15 idle=1 to_pickup=13 delivering=9 to_charger=1 charging=0 dead=0 hot=13,19,6
550 ASSIGN 194 R5 27
552 SIDESTEP R19
552 SIDESTEP R22
553 PICK 189 R1
553 SIDESTEP R23
554 SIDESTEP R4
554 SIDESTEP R6
554 SIDESTEP R8
554 DELIVER 167 R9 87
555 ASSIGN 197 R9 49
557 SIDESTEP R19
557 SIDESTEP R22
558 PICK 190 R7
558 PICK 157 R12
558 SIDESTEP R23
559 SIDESTEP R6
559 SIDESTEP R8
559 SIDESTEP R16
562 SIDESTEP R19
562 SIDESTEP R22
563 PICK 159 R14
563 SIDESTEP R23
564 SIDESTEP R2
564 SIDESTEP R5
564 SIDESTEP R6
564 SIDESTEP R8
564 PICK 179 R11
564 SIDESTEP R16
565 DELIVER 157 R12 142
566 GO_CHARGE R12 20 1
567 SIDESTEP R19
567 SIDESTEP R22
568 SIDESTEP R23
569 PICK 172 R0
569 SIDESTEP R2
569 SIDESTEP R6
569 SIDESTEP R8
570 CHARGE R20
571 DELIVER 175 R15 84
572 GO_CHARGE R15 13 1
572 SIDESTEP R22
573 REJECT 206
574 SIDESTEP R2
574 SIDESTEP R8
574 PICK 174 R10
575 DELIVER 166 R18 109
576 ASSIGN 200 R18 10
577 PICK 161 R16
577 SIDESTEP R22
578 CANCEL 186
578 SIDESTEP R6
579 SIDESTEP R2
579 SIDESTEP R8
581 DELIVER 172 R0 102
581 DELIVER 189 R1 49
582 ASSIGN 201 R1 32
582 ASSIGN 199 R0 52
582 DELIVER 140 R4 192
582 SIDESTEP R22
583 ASSIGN 205 R4 20
583 PICK 194 R5
583 SIDESTEP R6
585 CHARGED R20
585 ASSIGN 207 R20 27
585 SIDESTEP R18
587 DELIVER 163 R19 133
587 SIDESTEP R22
588 ASSIGN 196 R19 39
588 PICK 173 R2
588 SIDESTEP R12
589 SIDESTEP R11
589 DELIVER 168 R23 120
590 ASSIGN 209 R23 29
592 PICK 152 R3
592 DELIVER 190 R7 58
592 PICK 200 R18
592 SIDESTEP R22
593 ASSIGN 180 R7 17
593 DELIVER 171 R13 120
593 SIDESTEP R15
593 SIDESTEP R21
594 GO_CHARGE R13 6 1
594 DELIVER 159 R14 155
594 SIDESTEP R16
595 ASSIGN 181 R14 32
597 CANCEL 212
597 SIDESTEP R22
598 SIDESTEP R10
598 SIDESTEP R15
598 PICK 178 R17
598 SIDESTEP R21
599 SIDESTEP R16
599 REPORT pending=18 idle=0 to_pickup=11 delivering=10 to_charger=3 charging=0 dead=0 hot=5,14,6
601 REJECT 215
602 SIDESTEP R22
603 CANCEL 198
603 SIDESTEP R5
603 SIDESTEP R10
603 SIDESTEP R15
603 SIDESTEP R21
604 SIDESTEP R9
604 SIDESTEP R16
606 DELIVER 141 R8 214
607 ASSIGN 216 R8 24
607 DELIVER 200 R18 48
608 ASSIGN 182 R18 28
608 SIDESTEP R5
608 SIDESTEP R15
609 SIDESTEP R2
609 PICK 180 R7
609 SIDESTEP R9
609 SIDESTEP R16
611 PICK 207 R20
613 SIDESTEP R5
613 DELIVER 174 R10 127
614 ASSIGN 183 R10 36
614 PICK 201 R1
615 PICK 170 R6
616 SIDESTEP R4
616 DELIVER 179 R11 114
616 SIDESTEP R16
617 GO_CHARGE R11 27 1
617 CHARGE R12
617 SIDESTEP R17
617 PICK 162 R21
618 SIDESTEP R5
619 DELIVER 180 R7 115
620 ASSIGN 184 R7 36
620 SIDESTEP R3
621 SIDESTEP R4
621 SIDESTEP R13
621 SIDESTEP R16
621 SIDESTEP R22
622 SIDESTEP R17
624 SIDESTEP R11
625 SIDESTEP R1
625 SIDESTEP R23
626 SIDESTEP R3
626 SIDESTEP R4
626 SIDESTEP R13
626 SIDESTEP R15
626 SIDESTEP R16
626 SIDESTEP R22
627 SIDESTEP R17
627 DELIVER 207 R20 52
628 ASSIGN 220 R20 55
630 PICK 216 R8
631 SIDESTEP R4
631 SIDESTEP R5
631 SIDESTEP R16
632 SIDESTEP R3
633 CHARGED R12
633 ASSIGN 185 R12 32
634 PICK 209 R23
636 SIDESTEP R4
636 SIDESTEP R5
637 SIDESTEP R2
637 SIDESTEP R3
637 SIDESTEP R21
638 PICK 181 R14
640 DELIVER 178 R17 139
641 ASSIGN 223 R17 49
641 SIDESTEP R4
641 SIDESTEP R5
642 DELIVER 201 R1 81
642 SIDESTEP R2
643 GO_CHARGE R1 20 1
643 SIDESTEP R3
643 DELIVER 170 R6 171
643 PICK 197 R9
644 ASSIGN 225 R6 32
646 SIDESTEP R4
646 SIDESTEP R5
647 SIDESTEP R2
649 PICK 183 R10
649 REPORT pending=22 idle=0 to_pickup=9 delivering=11 to_charger=4 charging=0 dead=0 hot=15,20,6
650 SIDESTEP R17
651 SIDESTEP R4
651 SIDESTEP R5
652 SIDESTEP R2
655 PICK 184 R7
655 CHARGE R15
655 SIDESTEP R17
655 DELIVER 148 R22 251
656 ASSIGN 187 R22 22
656 SIDESTEP R4
656 SIDESTEP R5
656 DELIVER 216 R8 53
657 GO_CHARGE R8 27 1
657 SIDESTEP R2
657 SIDESTEP R16
657 DELIVER 209 R23 79
658 ASSIGN 230 R23 8
659 CHARGE R11
660 SIDESTEP R17
661 SIDESTEP R4
662 SIDESTEP R2
662 DELIVER 152 R3 250
662 SIDESTEP R16
663 GO_CHARGE R3 6 1
663 PICK 182 R18
665 PICK 185 R12
665 SIDESTEP R17
665 PICK 230 R23
666 SIDESTEP R4
667 SIDESTEP R2
667 DELIVER 181 R14 159
667 SIDESTEP R16
668 GO_CHARGE R14 6 1
670 SIDESTEP R17
672 SIDESTEP R2
672 SIDESTEP R16
672 PICK 196 R19
673 CHARGED R15
673 ASSIGN 236 R15 40
675 PICK 225 R6
675 SIDESTEP R17
676 CHARGED R11
676 ASSIGN 234 R11 28
677 SIDESTEP R2
677 PICK 187 R22
678 PICK 205 R4
678 SIDESTEP R23
680 SIDESTEP R17
682 SIDESTEP R2
683 SIDESTEP R23
684 DELIVER 194 R5 139
685 GO_CHARGE R5 13 1
685 CHARGE R14
685 SIDESTEP R17
686 CANCEL 204
687 SIDESTEP R1
687 SIDESTEP R2
687 DELIVER 184 R7 169
687 DELIVER 161 R16 236
688 ASSIGN 232 R16 25
688 GO_CHARGE R7 6 1
688 DELIVER 182 R18 172
688 SIDESTEP R23
689 ASSIGN 241 R18 41
690 DELIVER 197 R9 136
690 DELIVER 183 R10 173
690 SIDESTEP R17
691 GO_CHARGE R9 6 1
691 GO_CHARGE R10 6 1
692 SIDESTEP R2
693 SIDESTEP R23
695 CHARGE R8
695 SIDESTEP R17
697 SIDESTEP R2
697 SIDESTEP R20
698 DELIVER 185 R12 178
698 SIDESTEP R23
699 ASSIGN 247 R12 36
699 SIDESTEP R21
699 REPORT pending=34 idle=0 to_pickup=8 delivering=7 to_charger=7 charging=2 dead=0 hot=3,1,5
701 CHARGED R14
701 ASSIGN 246 R14 48
701 SIDESTEP R13
702 SIDESTEP R2
702 DELIVER 196 R19 153
703 ASSIGN 242 R19 42
703 SIDESTEP R5
704 DELIVER 162 R21 251
705 GO_CHARGE R21 27 1
705 SIDESTEP R4
705 SIDESTEP R14
706 CHARGE R3
706 PICK 234 R11
706 SIDESTEP R22
707 SIDESTEP R2
709 PICK 199 R0
710 CHARGED R8
710 ASSIGN 244 R8 8
710 SIDESTEP R4
711 CHARGE R1
711 SIDESTEP R22
712 SIDESTEP R2
712 SIDESTEP R5
712 PICK 236 R15
716 SIDESTEP R17
716 SIDESTEP R22
717 SIDESTEP R2
717 SIDESTEP R5
717 SIDESTEP R7
717 PICK 244 R8
717 SIDESTEP R14
719 DELIVER 225 R6 76
720 GO_CHARGE R6 6 1
721 CHARGED R3
721 ASSIGN 249 R3 14
721 SIDESTEP R17
721 SIDESTEP R22
722 SIDESTEP R2
722 SIDESTEP R5
722 SIDESTEP R14
722 SIDESTEP R16
723 SIDESTEP R7
725 SIDESTEP R3
725 CHARGE R10
726 SIDESTEP R17
726 SIDESTEP R22
727 SIDESTEP R2
727 DELIVER 205 R4 157
728 CHARGED R1
728 ASSIGN 251 R1 14
728 GO_CHARGE R4 20 1
729 SIDESTEP R7
729 PICK 241 R18
730 SIDESTEP R14
731 SIDESTEP R5
732 SIDESTEP R2
732 PICK 232 R16
734 PICK 247 R12
735 SIDESTEP R3
735 SIDESTEP R14
736 SIDESTEP R5
737 SIDESTEP R2
739 SIDESTEP R4
739 DELIVER 236 R15 74
740 CHARGED R10
740 ASSIGN 255 R10 16
740 ASSIGN 259 R15 21
740 SIDESTEP R3
740 SIDESTEP R6
740 CHARGE R13
740 SIDESTEP R14
741 PICK 251 R1
741 DELIVER 187 R22 213
742 ASSIGN 261 R22 18
742 SIDESTEP R2
743 DELIVER 199 R0 185
744 GO_CHARGE R0 6 1
744 SIDESTEP R4
744 SIDESTEP R5
744 PICK 242 R19
745 SIDESTEP R3
745 SIDESTEP R14
746 DELIVER 234 R11 85
747 ASSIGN 262 R11 11
747 CHARGE R21
749 REPORT pending=47 idle=0 to_pickup=8 delivering=8 to_charger=6 charging=2 dead=0 hot=5,1,8
750 SIDESTEP R4
750 SIDESTEP R5
750 SIDESTEP R14
750 SIDESTEP R17
751 SIDESTEP R3
755 PICK 255 R10
755 SIDESTEP R16
756 CHARGED R13
756 ASSIGN 263 R13 49
756 SIDESTEP R3
756 SIDESTEP R4
756 SIDESTEP R5
756 SIDESTEP R9
756 SIDESTEP R14
757 CHARGE R7
757 PICK 262 R11
759 PICK 261 R22
761 DELIVER 232 R16 102
762 GO_CHARGE R16 27 1
762 SIDESTEP R6
762 DELIVER 262 R11 42
763 CHARGED R21
763 ASSIGN 266 R11 21
763 ASSIGN 188 R21 29
763 SIDESTEP R5
764 PICK 259 R15
765 SIDESTEP R23
767 SIDESTEP R3
767 SIDESTEP R6
768 SIDESTEP R5
769 SIDESTEP R4
770 DELIVER 244 R8 84
770 DELIVER 241 R18 88
770 SIDESTEP R23
771 ASSIGN 276 R8 27
771 GO_CHARGE R18 6 1
771 DELIVER 173 R2 290
772 GO_CHARGE R2 27 1
772 SIDESTEP R6
772 DELIVER 247 R12 77
772 SIDESTEP R22
773 CHARGED R7
773 ASSIGN 277 R7 14
773 ASSIGN 191 R12 18
773 CHARGE R9
773 DELIVER 242 R19 90
773 PICK 220 R20
774 CANCEL 254
774 GO_CHARGE R19 6 1
774 SIDESTEP R16
775 SIDESTEP R5
776 SIDESTEP R4
777 SIDESTEP R3
777 SIDESTEP R22
780 SIDESTEP R5
781 SIDESTEP R4
782 SIDESTEP R3
782 SIDESTEP R22
782 SIDESTEP R23
783 PICK 266 R11
783 SIDESTEP R18
785 DELIVER 251 R1 79
785 SIDESTEP R5
786 ASSIGN 285 R1 36
786 SIDESTEP R4
786 PICK 277 R7
787 PICK 223 R17
787 SIDESTEP R23
789 CHARGED R9
789 ASSIGN 282 R9 33
789 SIDESTEP R18
790 CHARGE R0
790 PICK 191 R12
791 SIDESTEP R4
791 CHARGE R5
791 PICK 188 R21
792 DELIVER 255 R10 82
793 ASSIGN 284 R10 21
794 SIDESTEP R3
795 SIDESTEP R1
795 SIDESTEP R15
796 SIDESTEP R13
796 SIDESTEP R18
797 PICK 276 R8
798 SIDESTEP R9
799 SIDESTEP R3
799 REPORT pending=61 idle=0 to_pickup=6 delivering=10 to_charger=6 charging=2 dead=0 hot=5,2,6
800 SIDESTEP R1
800 DELIVER 266 R11 67
801 ASSIGN 292 R11 24
801 SIDESTEP R4
801 SIDESTEP R13
802 SIDESTEP R18
803 SIDESTEP R9
804 SIDESTEP R3
806 CHARGED R0
806 ASSIGN 286 R0 29
806 SIDESTEP R13
806 SIDESTEP R20
807 CHARGED R5
807 ASSIGN 287 R5 32
807 SIDESTEP R4
808 CHARGE R2
808 SIDESTEP R18
808 DELIVER 230 R23 151
809 GO_CHARGE R23 13 1
809 DELIVER 191 R12 272
810 ASSIGN 289 R12 34
810 SIDESTEP R0
810 CHARGE R6
811 SIDESTEP R8
811 SIDESTEP R13
811 PICK 246 R14
811 DELIVER 223 R17 174
811 SIDESTEP R20
812 GO_CHARGE R17 13 1
814 SIDESTEP R18
814 DELIVER 261 R22 95
815 REJECT 300
815 GO_CHARGE R22 13 1
815 PICK 249 R3
816 CHARGE R4
816 SIDESTEP R20
819 SIDESTEP R23
820 SIDESTEP R12
820 SIDESTEP R18
821 SIDESTEP R7
821 SIDESTEP R20
821 SIDESTEP R21
823 SIDESTEP R1
823 DELIVER 246 R14 133
824 CHARGED R2
824 ASSIGN 290 R2 11
824 ASSIGN 294 R14 20
824 PICK 292 R11
825 SIDESTEP R23
826 CHARGED R6
826 ASSIGN 305 R6 23
826 SIDESTEP R7
826 SIDESTEP R18
826 CHARGE R19
826 SIDESTEP R20
827 SIDESTEP R10
827 DELIVER 188 R21 296
828 ASSIGN 297 R21 40
829 CANCEL 289
829 ASSIGN 301 R12 19
829 PICK 263 R13
829 DELIVER 259 R15 113
830 ASSIGN 302 R15 18
830 SIDESTEP R17
832 SIDESTEP R16
833 CHARGED R4
833 ASSIGN 309 R4 10
833 SIDESTEP R12
833 SIDESTEP R23
836 SIDESTEP R9
836 PICK 284 R10
838 PICK 286 R0
838 PICK 285 R1
838 PICK 290 R2
838 DELIVER 277 R7 67
839 ASSIGN 312 R7 39
839 SIDESTEP R23
840 CANCEL 314
840 CHARGE R16
841 CHARGED R19
841 ASSIGN 303 R19 17
841 DELIVER 276 R8 74
841 SIDESTEP R9
842 ASSIGN 308 R8 28
842 DELIVER 249 R3 139
842 PICK 309 R4
842 PICK 287 R5
842 CHARGE R18
842 DELIVER 220 R20 214
843 ASSIGN 313 R3 24
843 ASSIGN 192 R20 58
843 DELIVER 292 R11 46
843 PICK 294 R14
844 ASSIGN 193 R11 30
845 REJECT 316
846 SIDESTEP R9
847 SIDESTEP R1
847 DELIVER 284 R10 63
847 SIDESTEP R15
847 SIDESTEP R17
847 SIDESTEP R23
848 ASSIGN 195 R10 16
848 PICK 305 R6
849 REPORT pending=65 idle=0 to_pickup=11 delivering=8 to_charger=3 charging=2 dead=0 hot=14,7,6
851 SIDESTEP R9
851 PICK 301 R12
853 SIDESTEP R23
854 SIDESTEP R1
854 SIDESTEP R4
854 DELIVER 294 R14 54
854 PICK 302 R15
855 ASSIGN 318 R14 36
855 CHARGE R17
856 CHARGED R16
856 ASSIGN 320 R16 35
857 DELIVER 263 R13 136
857 PICK 303 R19
858 ASSIGN 202 R13 30
859 CHARGED R18
859 ASSIGN 203 R18 35
862 SIDESTEP R4
862 DELIVER 287 R5 72
863 CANCEL_FAIL 100322
863 ASSIGN 208 R5 12
863 SIDESTEP R1
863 PICK 282 R9
863 PICK 195 R10
864 DELIVER 305 R6 38
865 ASSIGN 323 R6 18
866 PICK 313 R3
868 SIDESTEP R1
869 DELIVER 290 R2 76
869 PICK 308 R8
869 SIDESTEP R18
869 DELIVER 303 R19 47
870 ASSIGN 326 R19 9
870 ASSIGN 210 R2 29
871 PICK 297 R21
872 CHARGED R17
872 ASSIGN 211 R17 17
872 CHARGE R23
873 SIDESTEP R1
873 PICK 193 R11
874 SIDESTEP R3
874 PICK 208 R5
874 SIDESTEP R12
877 PICK 312 R7
878 SIDESTEP R1
878 PICK 326 R19
879 SIDESTEP R3
880 CANCEL_FAIL 309
881 SIDESTEP R6
881 SIDESTEP R10
883 SIDESTEP R1
884 SIDESTEP R3
884 DELIVER 308 R8 55
885 ASSIGN 327 R8 29
885 DELIVER 286 R0 97
886 ASSIGN 331 R0 20
886 SIDESTEP R6
888 PICK 202 R13
888 PICK 211 R17
889 CHARGED R23
889 ASSIGN 340 R23 41
889 SIDESTEP R3
890 DELIVER 302 R15 69
891 ASSIGN 333 R15 45
891 SIDESTEP R10
893 SIDESTEP R16
893 SIDESTEP R23
894 SIDESTEP R3
894 DELIVER 309 R4 63
894 SIDESTEP R17
894 CHARGE R22
895 ASSIGN 334 R4 22
895 PICK 318 R14
896 SIDESTEP R10
897 DELIVER 326 R19 27
898 ASSIGN 338 R19 10
898 SIDESTEP R0
898 SIDESTEP R16
898 PICK 203 R18
899 REPORT pending=76 idle=0 to_pickup=10 delivering=13 to_charger=0 charging=1 dead=0 hot=7,12,4
900 PICK 192 R20
900 DELIVER 297 R21 96
901 ASSIGN 339 R21 21
901 SIDESTEP R10
901 DELIVER 301 R12 82
902 ASSIGN 343 R12 18
904 PICK 323 R6
904 SIDESTEP R9
905 PICK 320 R16
906 PICK 210 R2
906 SIDESTEP R4
907 CANCEL_FAIL 285
907 DELIVER 285 R1 121
908 ASSIGN 344 R1 16
908 SIDESTEP R0
908 SIDESTEP R23
909 SIDESTEP R9
910 DELIVER 323 R6 46
911 CHARGED R22
911 ASSIGN 347 R22 30
911 ASSIGN 213 R6 5
911 SIDESTEP R4
912 DELIVER 312 R7 78
913 ASSIGN 214 R7 50
913 SIDESTEP R0
913 SIDESTEP R23
914 DELIVER 210 R2 335
914 SIDESTEP R9
915 ASSIGN 217 R2 11
915 PICK 213 R6
916 SIDESTEP R4
917 CANCEL 334
917 ASSIGN 352 R4 26
917 SIDESTEP R16
918 SIDESTEP R23
919 SIDESTEP R3
919 SIDESTEP R9
919 SIDESTEP R10
921 SIDESTEP R4
921 DELIVER 203 R18 356
921 PICK 339 R21
922 ASSIGN 218 R18 54
922 SIDESTEP R16
923 PICK 344 R1
923 SIDESTEP R12
923 SIDESTEP R23
924 SIDESTEP R3
924 SIDESTEP R9
924 SIDESTEP R10
925 SIDESTEP R0
925 PICK 217 R2
926 SIDESTEP R4
926 DELIVER 193 R11 384
927 ASSIGN 219 R11 4
927 SIDESTEP R16
927 PICK 338 R19
928 SIDESTEP R23
929 DELIVER 213 R6 331
929 SIDESTEP R9
929 SIDESTEP R18
930 ASSIGN 355 R6 40
930 SIDESTEP R0
930 PICK 219 R11
931 DELIVER 318 R14 82
932 ASSIGN 221 R14 36
933 DELIVER 195 R10 385
934 ASSIGN 222 R10 13
934 SIDESTEP R1
934 PICK 343 R12
934 DELIVER 202 R13 372
935 ASSIGN 224 R13 15
935 PICK 333 R15
936 SIDESTEP R3
936 DELIVER 338 R19 50
937 ASSIGN 226 R19 13
938 SIDESTEP R11
939 SIDESTEP R9
940 PICK 347 R22
941 SIDESTEP R3
942 SIDESTEP R0
943 SIDESTEP R11
944 SIDESTEP R9
946 SIDESTEP R3
946 PICK 222 R10
947 SIDESTEP R0
949 SIDESTEP R9
949 PICK 224 R13
949 DELIVER 320 R16 97
949 REPORT pending=78 idle=1 to_pickup=9 delivering=14 to_charger=0 charging=0 dead=0 hot=12,21,5
950 ASSIGN 360 R16 21
950 DELIVER 208 R5 374
950 SIDESTEP R12
950 DELIVER 211 R17 370
951 ASSIGN 227 R5 12
951 ASSIGN 228 R17 31
951 SIDESTEP R19
952 SIDESTEP R0
952 DELIVER 339 R21 65
953 ASSIGN 363 R21 39
954 PICK 352 R4
954 SIDESTEP R9
954 SIDESTEP R23
955 SIDESTEP R12
956 SIDESTEP R11
956 SIDESTEP R19
957 SIDESTEP R0
958 DELIVER 222 R10 324
959 ASSIGN 364 R10 13
959 SIDESTEP R23
960 DELIVER 217 R2 354
961 ASSIGN 365 R2 19
961 SIDESTEP R6
961 SIDESTEP R11
963 SIDESTEP R4
963 PICK 327 R8
964 DELIVER 333 R15 83
964 SIDESTEP R19
965 ASSIGN 367 R15 28
967 SIDESTEP R12
968 SIDESTEP R4
968 SIDESTEP R11
968 DELIVER 192 R20 427
969 ASSIGN 368 R20 30
969 SIDESTEP R10
969 SIDESTEP R19
970 PICK 360 R16
972 DELIVER 347 R22 61
973 ASSIGN 371 R22 44
973 SIDESTEP R4
974 PICK 227 R5
974 DELIVER 343 R12 78
974 SIDESTEP R19
975 ASSIGN 229 R12 29
975 DELIVER 313 R3 140
975 PICK 221 R14
975 DELIVER 360 R16 34
975 PICK 340 R23
976 ASSIGN 231 R3 31
976 ASSIGN 233 R16 17
977 DELIVER 224 R13 337
978 ASSIGN 235 R13 40
978 PICK 364 R10
979 PICK 365 R2
979 SIDESTEP R19
980 DELIVER 344 R1 82
980 SIDESTEP R21
981 ASSIGN 375 R1 2
981 DELIVER 352 R4 64
981 PICK 218 R18
982 ASSIGN 377 R4 19
982 PICK 331 R0
982 PICK 375 R1
983 PICK 228 R17
984 PICK 355 R6
984 SIDESTEP R19
986 DELIVER 282 R9 208
987 ASSIGN 378 R9 15
989 SIDESTEP R10
989 DELIVER 219 R11 369
989 SIDESTEP R19
990 ASSIGN 237 R11 44
990 SIDESTEP R1
990 PICK 214 R7
992 PICK 367 R15
992 PICK 233 R16
994 SIDESTEP R10
994 SIDESTEP R19
995 DELIVER 331 R0 116
995 SIDESTEP R1
996 ASSIGN 382 R0 20
997 PICK 363 R21
998 SIDESTEP R23
999 SIDESTEP R10
999 SIDESTEP R19
999 REPORT pending=82 idle=0 to_pickup=10 delivering=14 to_charger=0 charging=0 dead=0 hot=13,18,5
1000 SIDESTEP R1
1000 PICK 368 R20
1002 CANCEL_FAIL 365
1002 DELIVER 365 R2 46
1002 PICK 377 R4
1002 PICK 378 R9
1002 DELIVER 221 R14 372
1003 ASSIGN 238 R14 30
1003 ASSIGN 239 R2 35
1003 DELIVER 214 R7 403
1004 ASSIGN 240 R7 40
1004 SIDESTEP R10
1005 SIDESTEP R8
1005 PICK 229 R12
1007 PICK 226 R19
1008 SIDESTEP R4
1009 SIDESTEP R10
1010 SIDESTEP R8
1012 SIDESTEP R20
1013 SIDESTEP R4
1013 DELIVER 340 R23 125
1014 ASSIGN 389 R23 9
1014 PICK 231 R3
1014 SIDESTEP R10
1015 PICK 382 R0
1016 DELIVER 228 R17 365
1016 PICK 371 R22
1017 ASSIGN 390 R17 17
1018 DELIVER 355 R6 89
1019 ASSIGN 385 R6 32
1019 SIDESTEP R7
1020 SIDESTEP R1
1021 SIDESTEP R10
1021 SIDESTEP R12
1021 DELIVER 367 R15 63
1022 ASSIGN 387 R15 41
1022 SIDESTEP R0
1022 SIDESTEP R21
1022 PICK 389 R23
1024 CANCEL_FAIL 316
1024 SIDESTEP R9
1025 SIDESTEP R1
1026 SIDESTEP R12
1027 DELIVER 389 R23 14
1028 ASSIGN 394 R23 37
1028 DELIVER 227 R5 380
1029 ASSIGN 395 R5 50
1029 SIDESTEP R0
1029 SIDESTEP R9
1029 SIDESTEP R21
1030 SIDESTEP R1
1031 SIDESTEP R12
1033 PICK 235 R13
1034 DELIVER 231 R3 376
1034 SIDESTEP R9
1035 ASSIGN 243 R3 31
1035 DELIVER 233 R16 375
1035 DELIVER 218 R18 417
1036 ASSIGN 245 R18 31
1036 ASSIGN 248 R16 38
1036 SIDESTEP R12
1037 PICK 239 R2
1038 DELIVER 327 R8 165
1039 ASSIGN 250 R8 7
1039 SIDESTEP R9
1039 DELIVER 226 R19 393
1040 ASSIGN 252 R19 29
1041 SIDESTEP R12
1041 SIDESTEP R14
1042 SIDESTEP R11
1042 DELIVER 368 R20 81
1043 ASSIGN 253 R20 8
1044 SIDESTEP R3
1044 DELIVER 377 R4 62
1044 SIDESTEP R9
1045 ASSIGN 256 R4 40
1045 PICK 250 R8
1048 PICK 238 R14
1049 SIDESTEP R3
1049 PICK 240 R7
1049 SIDESTEP R9
1049 DELIVER 363 R21 96
1049 REPORT pending=85 idle=1 to_pickup=12 delivering=11 to_charger=0 charging=0 dead=0 hot=25,23,5
1050 ASSIGN 257 R21 31
1050 PICK 385 R6
1052 SIDESTEP R20
1054 SIDESTEP R3
1054 SIDESTEP R9
1057 SIDESTEP R18
1057 SIDESTEP R20
1058 DELIVER 382 R0 66
1059 CANCEL 351
1059 ASSIGN 406 R0 37
1059 SIDESTEP R3
1059 SIDESTEP R9
1060 DELIVER 239 R2 381
1060 PICK 237 R11
1060 SIDESTEP R15
1061 ASSIGN 405 R2 25
1062 SIDESTEP R20
1063 DELIVER 371 R22 92
1064 ASSIGN 408 R22 16
1064 SIDESTEP R3
1064 SIDESTEP R9
1065 DELIVER 237 R11 396
1065 DELIVER 229 R12 411
1066 ASSIGN 409 R12 7
1066 ASSIGN 258 R11 24
1068 SIDESTEP R5
1068 PICK 394 R23
1069 SIDESTEP R3
1069 PICK 387 R15
1069 PICK 390 R17
1070 SIDESTEP R18
1070 PICK 252 R19
1070 PICK 253 R20
1072 PICK 409 R12
1073 SIDESTEP R5
1074 SIDESTEP R3
1075 SIDESTEP R19
1076 DELIVER 364 R10 122
1076 DELIVER 235 R13 412
1076 PICK 248 R16
1076 SIDESTEP R22
1077 ASSIGN 410 R13 33
1077 ASSIGN 412 R10 34
1078 DELIVER 375 R1 99
1078 SIDESTEP R5
1078 DELIVER 238 R14 405
1079 ASSIGN 260 R1 23
1079 ASSIGN 264 R14 35
1079 SIDESTEP R3
1079 PICK 245 R18
1080 PICK 257 R21
1082 DELIVER 250 R8 377
1083 ASSIGN 265 R8 7
1083 SIDESTEP R5
1083 DELIVER 378 R9 99
1083 DELIVER 390 R17 66
1083 SIDESTEP R23
1084 ASSIGN 267 R17 25
1084 ASSIGN 268 R9 31
1084 SIDESTEP R22
1085 PICK 405 R2
1087 DELIVER 253 R20 379
1088 ASSIGN 415 R20 27
1089 PICK 256 R4
1089 DELIVER 385 R6 82
1089 PICK 265 R8
1089 SIDESTEP R22
1090 ASSIGN 420 R6 17
1090 PICK 258 R11
1090 SIDESTEP R12
1094 DELIVER 240 R7 413
1095 ASSIGN 421 R7 33
1095 SIDESTEP R12
1095 SIDESTEP R19
1099 DELIVER 405 R2 44
1099 REPORT pending=92 idle=1 to_pickup=13 delivering=10 to_charger=0 charging=0 dead=0 hot=12,14,4
1100 ASSIGN 424 R2 31
1101 SIDESTEP R1
1101 SIDESTEP R22
1104 SIDESTEP R14
1104 SIDESTEP R15
1106 PICK 420 R6
1106 DELIVER 252 R19 399
1106 SIDESTEP R22
1107 ASSIGN 427 R19 6
1107 PICK 395 R5
1107 SIDESTEP R11
1107 SIDESTEP R21
1108 PICK 406 R0
1108 PICK 260 R1
1109 PICK 410 R13
1109 PICK 267 R17
1111 SIDESTEP R23
1112 PICK 427 R19
1113 PICK 243 R3
1113 SIDESTEP R6
1114 SIDESTEP R8
1114 PICK 268 R9
1114 DELIVER 409 R12 49
1114 DELIVER 248 R16 413
1115 ASSIGN 269 R16 40
1115 GO_CHARGE R12 6 1
1116 DELIVER 245 R18 429
1116 PICK 408 R22
1116 SIDESTEP R23
1117 ASSIGN 270 R18 26
1117 SIDESTEP R7
1117 PICK 412 R10
1117 DELIVER 387 R15 108
1118 ASSIGN 271 R15 27
1118 SIDESTEP R6
1120 PICK 264 R14
1121 DELIVER 258 R11 408
1121 DELIVER 257 R21 409
1121 SIDESTEP R23
1122 ASSIGN 431 R21 44
1122 ASSIGN 273 R11 6
1122 DELIVER 408 R22 60
1123 ASSIGN 274 R22 18
1123 SIDESTEP R3
1123 SIDESTEP R6
1123 DELIVER 427 R19 21
1124 ASSIGN 275 R19 20
1124 PICK 415 R20
1126 SIDESTEP R23
1128 SIDESTEP R3
1128 DELIVER 256 R4 417
1128 SIDESTEP R6
1128 PICK 273 R11
1129 ASSIGN 432 R4 39
1130 PICK 424 R2
1130 DELIVER 265 R8 403
1131 ASSIGN 433 R8 23
1131 SIDESTEP R23
1133 SIDESTEP R3
1133 SIDESTEP R6
1133 DELIVER 410 R13 64
1134 ASSIGN 434 R13 26
1134 DELIVER 268 R9 395
1135 ASSIGN 278 R9 32
1135 SIDESTEP R12
1135 DELIVER 267 R17 399
1135 SIDESTEP R18
1136 ASSIGN 279 R17 30
1136 SIDESTEP R23
1139 SIDESTEP R5
1140 SIDESTEP R18
1140 PICK 274 R22
1141 DELIVER 406 R0 84
1141 SIDESTEP R14
1141 SIDESTEP R23
1142 ASSIGN 435 R0 29
1142 SIDESTEP R9
1143 SIDESTEP R1
1143 DELIVER 273 R11 383
1144 ASSIGN 280 R11 27
1144 PICK 275 R19
1145 SIDESTEP R18
1146 SIDESTEP R2
1146 SIDESTEP R3
1146 SIDESTEP R23
1147 SIDESTEP R9
1147 PICK 271 R15
1148 SIDESTEP R1
1149 DELIVER 412 R10 75
1149 REPORT pending=86 idle=1 to_pickup=11 delivering=11 to_charger=1 charging=0 dead=0 hot=12,5,4
1150 ASSIGN 281 R10 50
1151 SIDESTEP R3
1152 SIDESTEP R9
1152 DELIVER 415 R20 67
1153 GO_CHARGE R20 13 1
1153 SIDESTEP R1
1154 SIDESTEP R13
1155 SIDESTEP R19
1156 SIDESTEP R3
1157 SIDESTEP R9
1158 PICK 433 R8
1158 DELIVER 264 R14 433
1159 ASSIGN 438 R14 44
1159 SIDESTEP R0
1160 PICK 270 R18
1160 SIDESTEP R19
1162 DELIVER 420 R6 72
1162 PICK 421 R7
1162 SIDESTEP R9
1163 ASSIGN 283 R6 38
1163 SIDESTEP R15
1164 SIDESTEP R0
1164 SIDESTEP R22
1165 SIDESTEP R19
1166 PICK 434 R13
1167 PICK 432 R4
1167 SIDESTEP R9
1168 DELIVER 260 R1 450
1168 DELIVER 424 R2 72
1168 SIDESTEP R15
1169 ASSIGN 441 R2 36
1169 ASSIGN 443 R1 43
1169 SIDESTEP R22
1170 PICK 280 R11
1170 SIDESTEP R19
1171 SIDESTEP R3
1171 DELIVER 394 R23 148
1172 ASSIGN 442 R23 29
1172 SIDESTEP R9
1173 SIDESTEP R15
1173 PICK 431 R21
1174 SIDESTEP R22
1175 DELIVER 243 R3 491
1175 SIDESTEP R19
1176 ASSIGN 288 R3 31
1178 SIDESTEP R15
1179 SIDESTEP R4
1179 CHARGE R12
1179 SIDESTEP R22
1180 SIDESTEP R18
1180 SIDESTEP R19
1181 SIDESTEP R17
1183 PICK 435 R0
1183 DELIVER 395 R5 157
1183 SIDESTEP R15
1184 ASSIGN 272 R5 33
1184 SIDESTEP R4
1185 CANCEL_FAIL 431
1185 SIDESTEP R2
1185 SIDESTEP R19
1186 SIDESTEP R17
1186 SIDESTEP R20
1187 SIDESTEP R7
1187 SIDESTEP R8
1188 SIDESTEP R15
1189 SIDESTEP R4
1190 PICK 269 R16
1191 SIDESTEP R17
1192 SIDESTEP R1
1192 SIDESTEP R7
1192 SIDESTEP R19
1192 SIDESTEP R20
1194 CHARGED R12
1194 ASSIGN 451 R12 30
1194 SIDESTEP R4
1195 SIDESTEP R14
1198 DELIVER 280 R11 422
1199 GO_CHARGE R11 27 1
1199 SIDESTEP R4
1199 PICK 281 R10
1199 REPORT pending=96 idle=0 to_pickup=10 delivering=12 to_charger=2 charging=0 dead=0 hot=13,17,5
1200 PICK 283 R6
1200 SIDESTEP R14
1200 SIDESTEP R19
1200 PICK 442 R23
1201 SIDESTEP R7
1201 CHARGE R20
1203 DELIVER 433 R8 75
1204 GO_CHARGE R8 6 1
1204 SIDESTEP R4
1205 DELIVER 434 R13 72
1205 SIDESTEP R14
1205 SIDESTEP R19
1206 GO_CHARGE R13 20 1
1206 SIDESTEP R1
1206 SIDESTEP R7
1206 SIDESTEP R17
1208 DELIVER 270 R18 455
1208 DELIVER 274 R22 444
1209 ASSIGN 453 R22 16
1209 ASSIGN 457 R18 30
1209 SIDESTEP R4
1209 DELIVER 442 R23 44
1210 ASSIGN 458 R23 27
1210 SIDESTEP R6
1211 SIDESTEP R7
1211 DELIVER 271 R15 453
1211 SIDESTEP R17
1212 GO_CHARGE R15 6 1
1212 SIDESTEP R1
1213 DELIVER 435 R0 75
1213 SIDESTEP R5
1214 ASSIGN 461 R0 12
1214 SIDESTEP R4
1215 SIDESTEP R6
1216 PICK 441 R2
1216 SIDESTEP R17
1217 CHARGED R20
1217 ASSIGN 462 R20 32
1219 SIDESTEP R4
1220 SIDESTEP R6
1220 SIDESTEP R12
1221 SIDESTEP R17
1222 CHARGE R15
1223 PICK 272 R5
1224 PICK 453 R22
1225 SIDESTEP R0
1225 SIDESTEP R6
1226 SIDESTEP R17
1227 PICK 451 R12
1230 SIDESTEP R6
1231 SIDESTEP R7
1231 SIDESTEP R17
1232 SIDESTEP R0
1232 DELIVER 431 R21 112
1233 GO_CHARGE R21 13 1
1234 DELIVER 281 R10 457
1235 GO_CHARGE R10 6 1
1235 SIDESTEP R6
1235 DELIVER 275 R19 469
1236 ASSIGN 466 R19 25
1236 SIDESTEP R17
1237 DELIVER 432 R4 111
1237 SIDESTEP R13
1237 PICK 458 R23
1238 CHARGED R15
1238 ASSIGN 472 R15 48
1238 ASSIGN 470 R4 22
1238 PICK 457 R18
1239 PICK 461 R0
1239 PICK 443 R1
1239 DELIVER 272 R5 480
1239 DELIVER 421 R7 148
1239 CHARGE R8
1239 CHARGE R11
1240 ASSIGN 291 R5 18
1240 ASSIGN 293 R7 14
1240 SIDESTEP R6
1241 PICK 288 R3
1242 SIDESTEP R13
1243 SIDESTEP R18
1245 SIDESTEP R6
1246 PICK 278 R9
1246 DELIVER 451 R12 54
1246 DELIVER 269 R16 506
1247 ASSIGN 476 R12 16
1247 ASSIGN 295 R16 22
1249 PICK 462 R20
1249 REPORT pending=106 idle=0 to_pickup=9 delivering=10 to_charger=3 charging=2 dead=0 hot=20,22,4
1250 SIDESTEP R6
1251 SIDESTEP R21
1253 PICK 293 R7
1254 CHARGED R8
1254 ASSIGN 478 R8 15
1254 DELIVER 441 R2 90
1254 CHARGE R10
1255 GO_CHARGE R2 6 1
1255 SIDESTEP R6
1256 CHARGED R11
1256 ASSIGN 479 R11 37
1256 CHARGE R13
1257 PICK 291 R5
1259 SIDESTEP R21
1260 PICK 470 R4
1260 PICK 438 R14
1260 PICK 466 R19
1262 PICK 279 R17
1263 DELIVER 461 R0 51
1263 DELIVER 293 R7 464
1264 ASSIGN 482 R0 3
1264 ASSIGN 296 R7 13
1264 SIDESTEP R12
1265 SIDESTEP R21
1266 PICK 482 R0
1268 CANCEL 423
1268 CHARGED R10
1268 ASSIGN 484 R10 49
1268 PICK 478 R8
1268 SIDESTEP R16
1268 SIDESTEP R18
1269 SIDESTEP R12
1269 DELIVER 453 R22 74
1270 ASSIGN 483 R22 9
1270 CHARGE R2
1272 CHARGED R13
1272 ASSIGN 298 R13 16
1273 SIDESTEP R18
1274 DELIVER 278 R9 500
1275 ASSIGN 486 R9 36
1275 SIDESTEP R5
1275 CHARGE R21
1276 DELIVER 288 R3 485
1276 SIDESTEP R19
1277 ASSIGN 299 R3 22
1279 PICK 296 R7
1279 SIDESTEP R22
1279 DELIVER 458 R23 71
1280 ASSIGN 304 R23 43
1280 DELIVER 470 R4 50
1280 SIDESTEP R5
1280 SIDESTEP R20
1281 ASSIGN 306 R4 18
1281 SIDESTEP R19
1284 DELIVER 478 R8 32
1285 CHARGED R2
1285 ASSIGN 307 R8 42
1285 ASSIGN 310 R2 32
1285 PICK 476 R12
1285 PICK 472 R15
1285 DELIVER 457 R18 82
1285 SIDESTEP R20
1286 ASSIGN 311 R18 16
1286 SIDESTEP R17
1286 SIDESTEP R19
1288 PICK 298 R13
1288 PICK 295 R16
1290 DELIVER 443 R1 122
1290 DELIVER 438 R14 132
1290 SIDESTEP R20
1291 CHARGED R21
1291 ASSIGN 491 R21 44
1291 GO_CHARGE R1 6 1
1291 GO_CHARGE R14 13 1
1292 DELIVER 283 R6 509
1292 PICK 479 R11
1293 ASSIGN 315 R6 24
1294 SIDESTEP R0
1295 DELIVER 296 R7 493
1295 DELIVER 279 R17 520
1295 SIDESTEP R20
1296 ASSIGN 317 R17 30
1296 GO_CHARGE R7 20 1
1296 PICK 483 R22
1298 PICK 299 R3
1298 DELIVER 298 R13 489
1299 ASSIGN 319 R13 14
1299 SIDESTEP R0
1299 REPORT pending=103 idle=0 to_pickup=11 delivering=10 to_charger=3 charging=0 dead=0 hot=5,14,5
1300 DELIVER 472 R15 66
1300 SIDESTEP R20
1301 ASSIGN 321 R15 25
1301 PICK 311 R18
1305 SIDESTEP R16
1305 SIDESTEP R20
1306 DELIVER 291 R5 511
1306 SIDESTEP R23
1307 GO_CHARGE R5 27 1
1310 PICK 486 R9
1310 SIDESTEP R16
1310 SIDESTEP R20
1311 DELIVER 466 R19 92
1312 ASSIGN 494 R19 44
1313 DELIVER 479 R11 60
1313 DELIVER 476 R12 68
1313 DELIVER 483 R22 48
1314 ASSIGN 495 R22 32
1314 ASSIGN 497 R12 9
1314 ASSIGN 496 R11 12
1315 SIDESTEP R16
1315 SIDESTEP R20
1316 PICK 315 R6
1317 PICK 310 R2
1320 PICK 484 R10
1320 SIDESTEP R16
1320 SIDESTEP R20
1321 CHARGE R1
1321 DELIVER 311 R18 488
1322 GO_CHARGE R18 27 1
1322 PICK 497 R12
1322 CHARGE R14
1325 PICK 496 R11
1325 SIDESTEP R16
1325 PICK 317 R17
1325 SIDESTEP R20
1326 DELIVER 299 R3 515
1326 PICK 319 R13
1326 PICK 321 R15
1326 PICK 304 R23
1327 GO_CHARGE R3 6 1
1327 SIDESTEP R6
1329 SIDESTEP R7
1330 SIDESTEP R20
1331 SIDESTEP R0
1331 SIDESTEP R10
1331 SIDESTEP R18
1332 SIDESTEP R6
1334 PICK 491 R21
1335 SIDESTEP R7
1335 SIDESTEP R9
1335 DELIVER 497 R12 24
1335 SIDESTEP R20
1336 ASSIGN 499 R12 35
1336 SIDESTEP R8
1336 SIDESTEP R18
1337 CHARGED R1
1337 ASSIGN 322 R1 40
1338 REJECT 505
1338 SIDESTEP R15
1339 CHARGED R14
1339 ASSIGN 506 R14 12
1339 SIDESTEP R13
1340 PICK 306 R4
1341 DELIVER 317 R17 494
1342 ASSIGN 508 R17 24
1343 SIDESTEP R10
1343 SIDESTEP R15
1344 SIDESTEP R13
1345 PICK 495 R22
1347 CANCEL_FAIL 100510
1347 CHARGE R7
1347 DELIVER 295 R16 546
1347 SIDESTEP R21
1348 ASSIGN 324 R16 47
1348 SIDESTEP R15
1348 SIDESTEP R17
1349 SIDESTEP R0
1349 SIDESTEP R12
1349 SIDESTEP R13
1349 REPORT pending=110 idle=0 to_pickup=7 delivering=13 to_charger=3 charging=1 dead=0 hot=5,16,6
1350 SIDESTEP R11
1350 PICK 506 R14
1352 SIDESTEP R21
1353 SIDESTEP R15
1354 REJECT 512
1354 DELIVER 310 R2 522
1354 DELIVER 486 R9 81
1354 SIDESTEP R12
1355 ASSIGN 511 R2 32
1355 ASSIGN 325 R9 17
1355 SIDESTEP R5
1355 PICK 494 R19
1356 SIDESTEP R0
1356 SIDESTEP R11
1358 SIDESTEP R15
1358 DELIVER 462 R20 144
1359 ASSIGN 328 R20 40
1359 SIDESTEP R12
1361 SIDESTEP R5
1361 SIDESTEP R18
1362 SIDESTEP R13
1362 SIDESTEP R17
1363 CHARGED R7
1363 ASSIGN 329 R7 37
1363 SIDESTEP R9
1363 SIDESTEP R11
1365 DELIVER 482 R0 101
1365 DELIVER 484 R10 98
1366 ASSIGN 330 R10 27
1366 GO_CHARGE R0 13 1
1366 SIDESTEP R4
1367 SIDESTEP R13
1368 SIDESTEP R3
1369 SIDESTEP R11
1371 SIDESTEP R4
1371 CHARGE R5
1371 DELIVER 321 R15 513
1372 ASSIGN 516 R15 43
1373 SIDESTEP R3
1373 DELIVER 315 R6 532
1374 GO_CHARGE R6 20 1
1374 PICK 307 R8
1374 SIDESTEP R11
1374 DELIVER 304 R23 550
1375 ASSIGN 517 R23 30
1376 PICK 322 R1
1376 SIDESTEP R4
1379 SIDESTEP R11
1379 SIDESTEP R13
1380 PICK 508 R17
1381 SIDESTEP R4
1382 DELIVER 506 R14 43
1383 ASSIGN 520 R14 32
1384 SIDESTEP R11
1384 SIDESTEP R13
1384 DELIVER 491 R21 93
1385 ASSIGN 522 R21 22
1385 DELIVER 495 R22 78
1386 GO_CHARGE R22 27 1
1386 PICK 511 R2
1386 SIDESTEP R4
1387 CANCEL 480
1387 CHARGED R5
1387 ASSIGN 524 R5 32
1388 CHARGE R0
1389 CANCEL 488
1389 SIDESTEP R11
1389 SIDESTEP R13
1389 SIDESTEP R15
1391 SIDESTEP R4
1391 DELIVER 307 R8 563
1392 ASSIGN 332 R8 41
1394 SIDESTEP R1
1394 SIDESTEP R11
1394 SIDESTEP R13
1394 SIDESTEP R15
1394 PICK 324 R16
1395 SIDESTEP R18
1396 SIDESTEP R4
1396 DELIVER 508 R17 54
1397 ASSIGN 335 R17 19
1398 PICK 328 R20
1399 SIDESTEP R1
1399 PICK 329 R7
1399 SIDESTEP R11
1399 SIDESTEP R13
1399 SIDESTEP R15
1399 REPORT pending=110 idle=0 to_pickup=10 delivering=9 to_charger=4 charging=1 dead=0 hot=3,12,5
1400 SIDESTEP R3
1400 SIDESTEP R18
1401 SIDESTEP R4
1401 SIDESTEP R17
1401 DELIVER 494 R19 98
1402 GO_CHARGE R19 6 1
1403 CHARGED R0
1403 ASSIGN 336 R0 32
1404 SIDESTEP R1
1404 SIDESTEP R11
1404 SIDESTEP R13
1404 PICK 517 R23
1406 SIDESTEP R4
1407 PICK 522 R21
1409 SIDESTEP R1
1409 SIDESTEP R11
1409 SIDESTEP R13
1409 CHARGE R18
1410 CANCEL 516
1410 ASSIGN 337 R15 11
1411 SIDESTEP R4
1413 SIDESTEP R6
1414 SIDESTEP R1
1414 PICK 325 R9
1414 SIDESTEP R13
1414 DELIVER 328 R20 539
1414 SIDESTEP R23
1415 ASSIGN 527 R20 33
1415 DELIVER 329 R7 539
1415 SIDESTEP R11
1415 DELIVER 522 R21 34
1416 ASSIGN 341 R21 16
1416 ASSIGN 342 R7 41
1416 SIDESTEP R4
1417 SIDESTEP R17
1419 SIDESTEP R1
1419 SIDESTEP R13
1420 SIDESTEP R16
1421 SIDESTEP R4
1421 SIDESTEP R12
1422 SIDESTEP R9
1422 SIDESTEP R17
1422 CHARGE R19
1424 SIDESTEP R1
1424 SIDESTEP R13
1425 CHARGED R18
1425 ASSIGN 529 R18 32
1425 PICK 520 R14
1426 PICK 524 R5
1427 SIDESTEP R9
1427 PICK 337 R15
1427 SIDESTEP R17
1428 PICK 330 R10
1429 SIDESTEP R1
1429 SIDESTEP R13
1432 SIDESTEP R17
1432 PICK 341 R21
1433 SIDESTEP R16
1434 PICK 336 R0
1434 SIDESTEP R1
1434 SIDESTEP R13
1435 DELIVER 511 R2 86
1435 SIDESTEP R4
1435 DELIVER 496 R11 125
1436 ASSIGN 532 R11 39
1436 ASSIGN 536 R2 18
1437 CHARGED R19
1437 ASSIGN 530 R19 38
1437 SIDESTEP R15
1438 SIDESTEP R16
1439 SIDESTEP R1
1439 SIDESTEP R13
1440 SIDESTEP R4
1440 SIDESTEP R7
1440 SIDESTEP R23
1441 DELIVER 330 R10 564
1442 ASSIGN 534 R10 10
1442 CHARGE R6
1442 PICK 499 R12
1442 SIDESTEP R15
1443 SIDESTEP R8
1443 SIDESTEP R16
1444 SIDESTEP R1
1444 SIDESTEP R13
1445 SIDESTEP R4
1447 SIDESTEP R14
1448 SIDESTEP R17
1449 SIDESTEP R1
1449 SIDESTEP R8
1449 SIDESTEP R13
1449 REPORT pending=113 idle=0 to_pickup=9 delivering=12 to_charger=2 charging=1 dead=0 hot=16,11,5
1450 SIDESTEP R5
1450 SIDESTEP R21
1451 PICK 534 R10
1452 SIDESTEP R14
1453 SIDESTEP R0
1454 SIDESTEP R1
1454 SIDESTEP R13
1454 DELIVER 337 R15 569
1454 SIDESTEP R19
1455 ASSIGN 537 R15 32
1455 SIDESTEP R21
1456 CHARGE R3
1456 PICK 529 R18
1457 SIDESTEP R14
1457 PICK 335 R17
1458 SIDESTEP R11
1459 CHARGED R6
1459 ASSIGN 540 R6 32
1459 SIDESTEP R1
1459 SIDESTEP R5
1460 SIDESTEP R21
1461 REJECT 544
1462 DELIVER 306 R4 635
1463 GO_CHARGE R4 13 1
1463 DELIVER 517 R23 93
1464 GO_CHARGE R23 20 1
1464 SIDESTEP R0
1464 SIDESTEP R1
1464 SIDESTEP R5
1464 SIDESTEP R12
1465 PICK 332 R8
1465 SIDESTEP R13
1465 SIDESTEP R21
1468 SIDESTEP R16
1469 SIDESTEP R1
1469 PICK 536 R2
1469 SIDESTEP R12
1469 SIDESTEP R15
1470 SIDESTEP R13
1471 CHARGED R3
1471 ASSIGN 550 R3 33
1474 SIDESTEP R1
1474 SIDESTEP R12
1474 SIDESTEP R15
1475 SIDESTEP R7
1475 DELIVER 325 R9 606
1475 SIDESTEP R13
1476 GO_CHARGE R9 6 1
1476 SIDESTEP R10
1476 DELIVER 520 R14 99
1477 ASSIGN 546 R14 26
1477 DELIVER 341 R21 587
1478 ASSIGN 548 R21 49
1478 PICK 530 R19
1479 SIDESTEP R1
1479 SIDESTEP R12
1479 SIDESTEP R15
1480 SIDESTEP R6
1480 SIDESTEP R16
1480 DELIVER 529 R18 62
1481 ASSIGN 553 R18 6
1482 SIDESTEP R5
1482 SIDESTEP R7
1482 DELIVER 534 R10 56
1483 ASSIGN 555 R10 37
1483 PICK 527 R20
1484 SIDESTEP R1
1484 CHARGE R9
1484 SIDESTEP R12
1485 SIDESTEP R6
1485 SIDESTEP R16
1486 SIDESTEP R0
1486 DELIVER 536 R2 50
1486 PICK 553 R18
1487 ASSIGN 345 R2 43
1487 SIDESTEP R5
1487 DELIVER 332 R8 607
1487 PICK 532 R11
1488 ASSIGN 346 R8 22
1489 SIDESTEP R1
1489 SIDESTEP R12
1490 SIDESTEP R6
1490 SIDESTEP R16
1490 DELIVER 335 R17 607
1491 GO_CHARGE R17 6 1
1492 DELIVER 319 R13 642
1493 ASSIGN 559 R13 9
1494 SIDESTEP R1
1494 SIDESTEP R12
1495 SIDESTEP R6
1495 SIDESTEP R16
1498 DELIVER 524 R5 111
1499 CHARGED R9
1499 ASSIGN 348 R9 32
1499 ASSIGN 349 R5 24
1499 SIDESTEP R1
1499 REPORT pending=123 idle=0 to_pickup=12 delivering=8 to_charger=4 charging=0 dead=0 hot=13,18,5
SUMMARY delivered=398 lost=0 rejected=8 cancelled=26 open=143
LATENCY sum=63723 max=642 avg=160
ROBOT R0 6 8 449 DELIVERING 987 410
ROBOT R1 36 2 441 DELIVERING 1051 347
ROBOT R2 1 5 342 TO_PICKUP 1094 294
ROBOT R3 10 14 503 TO_PICKUP 905 512
ROBOT R4 13 19 107 TO_CHARGER 937 479
ROBOT R5 2 4 440 TO_PICKUP 1024 408
ROBOT R6 14 5 516 TO_PICKUP 976 396
ROBOT R7 14 6 443 TO_PICKUP 1021 358
ROBOT R8 13 5 353 TO_PICKUP 1055 314
ROBOT R9 6 2 533 TO_PICKUP 903 474
ROBOT R10 20 3 364 TO_PICKUP 1016 418
ROBOT R11 22 14 352 DELIVERING 1168 244
ROBOT R12 14 9 338 DELIVERING 1098 332
ROBOT R13 4 14 431 TO_PICKUP 1033 380
ROBOT R14 5 26 411 TO_PICKUP 1081 305
ROBOT R15 13 21 327 TO_PICKUP 1193 240
ROBOT R16 13 18 88 DELIVERING 928 473
ROBOT R17 1 18 98 TO_CHARGER 946 495
ROBOT R18 13 17 461 DELIVERING 1031 389
ROBOT R19 21 21 461 DELIVERING 947 476
ROBOT R20 12 9 345 DELIVERING 1091 335
ROBOT R21 6 3 359 TO_PICKUP 1105 317
ROBOT R22 36 3 100 TO_CHARGER 944 483
ROBOT R23 13 20 61 TO_CHARGER 983 487
