4 ASSIGN 1 R23 1
4 PICK 1 R23
9 ASSIGN 2 R5 10
12 ASSIGN 3 R6 20
13 ASSIGN 4 R24 10
13 SIDESTEP R23
18 PICK 2 R5
19 ASSIGN 5 R13 6
22 ASSIGN 6 R19 14
22 PICK 4 R24
23 ASSIGN 7 R25 3
24 PICK 5 R13
25 PICK 7 R25
31 PICK 3 R6
32 ASSIGN 8 R4 10
35 PICK 6 R19
38 ASSIGN 9 R3 3
40 PICK 9 R3
41 PICK 8 R4
42 SIDESTEP R13
47 CANCEL_FAIL 100009
48 ASSIGN 10 R11 21
49 ASSIGN 11 R28 12
49 REPORT pending=0 idle=29 to_pickup=2 delivering=9 to_charger=0 charging=0 dead=0 hot=31,20,3
53 SIDESTEP R4
55 ASSIGN 12 R17 13
58 SIDESTEP R4
59 ASSIGN 13 R34 15
60 ASSIGN 14 R10 8
60 PICK 11 R28
63 ASSIGN 15 R21 10
67 ASSIGN 16 R7 10
67 PICK 14 R10
67 PICK 12 R17
68 PICK 10 R11
68 DELIVER 4 R24 55
72 PICK 15 R21
73 PICK 13 R34
75 ASSIGN 17 R1 12
76 PICK 16 R7
78 ASSIGN 18 R31 28
79 SIDESTEP R3
79 SIDESTEP R21
80 ASSIGN 19 R14 8
81 ASSIGN 20 R2 10
81 DELIVER 1 R23 77
82 DELIVER 5 R13 63
83 ASSIGN 21 R20 15
84 SIDESTEP R3
84 DELIVER 2 R5 75
84 SIDESTEP R21
86 ASSIGN 22 R9 3
86 PICK 17 R1
86 SIDESTEP R25
87 PICK 19 R14
88 PICK 22 R9
90 PICK 20 R2
90 SIDESTEP R3
92 SIDESTEP R25
93 ASSIGN 23 R0 6
97 ASSIGN 24 R13 9
97 PICK 21 R20
98 PICK 23 R0
98 SIDESTEP R25
99 REPORT pending=0 idle=20 to_pickup=2 delivering=18 to_charger=0 charging=0 dead=0 hot=23,58,4
104 SIDESTEP R6
104 SIDESTEP R25
105 DELIVER 14 R10 45
105 PICK 24 R13
105 PICK 18 R31
106 DELIVER 9 R3 68
110 DELIVER 8 R4 78
110 SIDESTEP R6
110 SIDESTEP R25
115 ASSIGN 25 R35 27
116 SIDESTEP R6
116 SIDESTEP R25
120 DELIVER 21 R20 37
122 SIDESTEP R6
122 DELIVER 19 R14 42
122 SIDESTEP R25
124 DELIVER 20 R2 43
128 SIDESTEP R6
128 SIDESTEP R11
128 SIDESTEP R25
129 SIDESTEP R1
130 ASSIGN 26 R16 23
131 DELIVER 11 R28 82
134 SIDESTEP R6
134 SIDESTEP R11
134 SIDESTEP R16
134 SIDESTEP R25
137 ASSIGN 27 R32 32
138 ASSIGN 28 R15 30
138 DELIVER 13 R34 79
140 ASSIGN 29 R28 11
140 SIDESTEP R6
140 SIDESTEP R11
140 SIDESTEP R25
142 SIDESTEP R35
144 ASSIGN 30 R33 19
146 SIDESTEP R6
146 SIDESTEP R11
146 SIDESTEP R25
148 ASSIGN 31 R2 20
148 PICK 25 R35
149 REPORT pending=0 idle=21 to_pickup=6 delivering=13 to_charger=0 charging=0 dead=0 hot=2,23,4
150 ASSIGN 32 R29 33
150 PICK 29 R28
152 SIDESTEP R6
152 SIDESTEP R11
152 DELIVER 12 R17 97
152 SIDESTEP R25
154 ASSIGN 33 R36 31
156 PICK 26 R16
158 SIDESTEP R6
158 DELIVER 22 R9 72
158 SIDESTEP R11
159 SIDESTEP R25
161 SIDESTEP R32
162 PICK 30 R33
164 ASSIGN 34 R23 14
164 SIDESTEP R6
164 SIDESTEP R11
165 ASSIGN 35 R26 11
165 SIDESTEP R25
166 ASSIGN 36 R22 54
166 SIDESTEP R32
167 PICK 31 R2
167 PICK 28 R15
169 ASSIGN 37 R12 34
170 SIDESTEP R11
171 SIDESTEP R25
173 ASSIGN 38 R8 38
173 SIDESTEP R15
175 ASSIGN 39 R5 25
175 DELIVER 16 R7 108
175 PICK 35 R26
176 SIDESTEP R11
177 SIDESTEP R8
177 PICK 34 R23
179 ASSIGN 40 R38 70
179 DELIVER 15 R21 116
180 ASSIGN 41 R20 7
182 REJECT 42
182 PICK 32 R29
183 SIDESTEP R6
184 ASSIGN 43 R27 56
184 PICK 27 R32
184 PICK 33 R36
186 PICK 41 R20
187 DELIVER 24 R13 90
188 DELIVER 10 R11 140
189 SIDESTEP R6
190 ASSIGN 44 R14 42
190 SIDESTEP R26
192 ASSIGN 45 R13 11
192 DELIVER 3 R6 180
194 DELIVER 7 R25 171
195 ASSIGN 46 R34 6
196 ASSIGN 47 R24 50
196 SIDESTEP R31
198 ASSIGN 48 R11 63
199 REPORT pending=0 idle=13 to_pickup=11 delivering=16 to_charger=0 charging=0 dead=0 hot=80,57,4
200 PICK 46 R34
201 ASSIGN 49 R37 16
202 SIDESTEP R1
202 PICK 37 R12
202 PICK 45 R13
202 SIDESTEP R31
203 PICK 39 R5
208 SIDESTEP R1
208 SIDESTEP R31
209 ASSIGN 50 R9 70
210 ASSIGN 51 R10 47
210 DELIVER 31 R2 62
210 DELIVER 35 R26 45
211 DELIVER 29 R28 71
213 ASSIGN 52 R39 20
214 ASSIGN 53 R18 6
214 SIDESTEP R1
214 DELIVER 6 R19 192
215 SIDESTEP R31
215 DELIVER 30 R33 71
216 PICK 38 R8
216 PICK 49 R37
217 DELIVER 23 R0 124
217 DELIVER 46 R34 22
218 ASSIGN 54 R3 26
219 PICK 53 R18
219 PICK 36 R22
221 SIDESTEP R1
221 SIDESTEP R31
222 CANCEL_FAIL 26
223 SIDESTEP R27
227 ASSIGN 55 R21 63
227 SIDESTEP R1
228 ASSIGN 56 R6 29
228 DELIVER 25 R35 113
231 ASSIGN 57 R0 43
231 DELIVER 39 R5 56
231 PICK 44 R14
232 PICK 52 R39
233 SIDESTEP R1
233 SIDESTEP R3
233 SIDESTEP R31
235 CANCEL_FAIL 53
235 DELIVER 53 R18 21
238 ASSIGN 58 R26 37
239 SIDESTEP R1
239 SIDESTEP R31
240 ASSIGN 59 R30 56
241 DELIVER 26 R16 111
242 DELIVER 18 R31 164
244 ASSIGN 60 R16 22
244 DELIVER 28 R15 106
244 SIDESTEP R26
245 ASSIGN 61 R15 51
245 SIDESTEP R1
245 DELIVER 34 R23 81
245 PICK 47 R24
245 PICK 43 R27
246 DELIVER 37 R12 77
248 PICK 40 R38
249 ASSIGN 62 R5 52
249 PICK 54 R3
249 REPORT pending=0 idle=14 to_pickup=11 delivering=15 to_charger=0 charging=0 dead=0 hot=1,42,5
251 SIDESTEP R1
253 SIDESTEP R5
253 DELIVER 49 R37 52
254 ASSIGN 63 R31 33
255 DELIVER 38 R8 82
256 PICK 56 R6
256 PICK 51 R10
257 SIDESTEP R1
260 PICK 48 R11
260 DELIVER 32 R29 110
261 DELIVER 27 R32 124
263 SIDESTEP R1
263 SIDESTEP R36
265 PICK 60 R16
269 SIDESTEP R1
269 SIDESTEP R36
273 PICK 57 R0
275 ASSIGN 64 R32 74
275 SIDESTEP R1
275 DELIVER 41 R20 95
275 SIDESTEP R36
276 ASSIGN 65 R33 63
279 PICK 50 R9
280 PICK 58 R26
281 SIDESTEP R1
281 SIDESTEP R36
283 DELIVER 54 R3 65
284 ASSIGN 66 R29 21
286 PICK 63 R31
287 SIDESTEP R1
287 SIDESTEP R36
289 ASSIGN 67 R12 19
289 PICK 55 R21
290 ASSIGN 68 R37 42
291 DELIVER 45 R13 99
293 SIDESTEP R1
293 DELIVER 56 R6 65
293 SIDESTEP R36
294 ASSIGN 69 R8 33
295 PICK 61 R15
295 PICK 59 R30
296 DELIVER 52 R39 83
298 SIDESTEP R36
299 SIDESTEP R1
299 REPORT pending=0 idle=16 to_pickup=7 delivering=17 to_charger=0 charging=0 dead=0 hot=1,42,5
302 DELIVER 33 R36 148
304 ASSIGN 70 R36 20
304 PICK 66 R29
305 SIDESTEP R1
306 PICK 62 R5
307 ASSIGN 71 R2 9
307 PICK 67 R12
307 SIDESTEP R24
309 ASSIGN 72 R20 44
310 DELIVER 43 R27 126
311 ASSIGN 73 R35 32
311 SIDESTEP R1
312 DELIVER 58 R26 74
313 DELIVER 36 R22 147
313 SIDESTEP R24
315 PICK 71 R2
315 DELIVER 51 R10 105
317 ASSIGN 74 R22 13
317 SIDESTEP R1
319 ASSIGN 75 R27 45
319 SIDESTEP R24
321 SIDESTEP R32
321 SIDESTEP R38
323 ASSIGN 76 R39 30
323 SIDESTEP R1
323 PICK 70 R36
325 SIDESTEP R24
326 ASSIGN 77 R3 10
326 SIDESTEP R12
326 SIDESTEP R14
326 SIDESTEP R38
327 ASSIGN 78 R26 43
329 CANCEL_FAIL 39
329 SIDESTEP R1
329 PICK 74 R22
329 DELIVER 47 R24 133
330 ASSIGN 79 R23 25
331 SIDESTEP R12
331 SIDESTEP R14
331 PICK 68 R37
331 SIDESTEP R38
335 SIDESTEP R1
335 PICK 77 R3
336 SIDESTEP R0
336 SIDESTEP R12
336 SIDESTEP R14
336 SIDESTEP R20
338 ASSIGN 80 R19 19
338 SIDESTEP R29
338 PICK 65 R33
341 ASSIGN 81 R18 8
341 SIDESTEP R12
341 SIDESTEP R14
342 PICK 69 R8
342 PICK 73 R35
343 ASSIGN 82 R10 55
343 SIDESTEP R29
344 SIDESTEP R11
344 SIDESTEP R39
346 ASSIGN 83 R6 73
346 DELIVER 17 R1 271
346 SIDESTEP R12
348 PICK 81 R18
348 SIDESTEP R29
349 SIDESTEP R11
349 REPORT pending=0 idle=9 to_pickup=9 delivering=22 to_charger=0 charging=0 dead=0 hot=22,41,3
350 SIDESTEP R37
351 ASSIGN 84 R4 35
351 DELIVER 61 R15 106
351 SIDESTEP R31
352 DELIVER 40 R38 173
353 DELIVER 77 R3 27
353 SIDESTEP R29
354 DELIVER 50 R9 145
354 SIDESTEP R11
354 PICK 79 R23
354 PICK 64 R32
357 DELIVER 57 R0 126
357 PICK 80 R19
357 SIDESTEP R31
358 ASSIGN 85 R34 8
358 SIDESTEP R5
358 DELIVER 60 R16 114
358 SIDESTEP R29
358 PICK 76 R39
359 SIDESTEP R11
359 SIDESTEP R22
360 DELIVER 44 R14 170
362 DELIVER 55 R21 135
363 SIDESTEP R29
364 SIDESTEP R5
364 SIDESTEP R11
364 DELIVER 67 R12 75
365 ASSIGN 86 R13 69
365 DELIVER 71 R2 58
365 PICK 85 R34
367 ASSIGN 87 R21 12
367 DELIVER 63 R31 113
368 PICK 72 R20
368 SIDESTEP R29
369 SIDESTEP R8
369 SIDESTEP R11
370 ASSIGN 88 R38 45
370 SIDESTEP R5
370 DELIVER 70 R36 66
372 ASSIGN 89 R17 17
373 PICK 78 R26
374 SIDESTEP R8
375 SIDESTEP R5
377 DELIVER 59 R30 137
378 PICK 87 R21
378 DELIVER 73 R35 67
379 SIDESTEP R8
380 SIDESTEP R5
381 ASSIGN 90 R30 25
383 ASSIGN 91 R2 15
383 SIDESTEP R23
385 ASSIGN 92 R9 79
385 PICK 84 R4
385 SIDESTEP R5
387 PICK 75 R27
388 ASSIGN 93 R3 10
388 PICK 89 R17
388 SIDESTEP R23
390 SIDESTEP R5
390 DELIVER 81 R18 49
390 SIDESTEP R22
394 DELIVER 66 R29 110
395 SIDESTEP R5
396 SIDESTEP R30
397 PICK 91 R2
397 PICK 93 R3
399 PICK 82 R10
399 REPORT pending=0 idle=15 to_pickup=5 delivering=20 to_charger=0 charging=0 dead=0 hot=13,30,3
400 SIDESTEP R5
401 DELIVER 80 R19 63
401 SIDESTEP R30
402 ASSIGN 94 R29 33
405 ASSIGN 95 R35 15
405 SIDESTEP R5
405 SIDESTEP R32
405 SIDESTEP R38
407 ASSIGN 96 R28 17
409 ASSIGN 97 R12 36
410 SIDESTEP R32
410 SIDESTEP R38
411 ASSIGN 98 R18 12
412 ASSIGN 99 R19 17
412 SIDESTEP R11
414 ASSIGN 100 R15 31
415 ASSIGN 101 R16 59
415 SIDESTEP R32
416 ASSIGN 102 R0 33
416 DELIVER 79 R23 86
417 ASSIGN 103 R14 76
417 SIDESTEP R5
417 PICK 90 R30
418 ASSIGN 104 R23 33
418 PICK 83 R6
418 SIDESTEP R11
419 ASSIGN 105 R24 73
419 PICK 95 R35
420 SIDESTEP R18
420 SIDESTEP R32
420 DELIVER 68 R37 130
422 ASSIGN 106 R37 113
422 SIDESTEP R5
423 DELIVER 72 R20 114
423 PICK 96 R28
424 SIDESTEP R11
424 DELIVER 76 R39 101
425 ASSIGN 107 R1 12
425 SIDESTEP R16
425 SIDESTEP R18
425 SIDESTEP R32
427 SIDESTEP R5
427 SIDESTEP R21
428 PICK 99 R19
430 ASSIGN 108 R39 88
430 SIDESTEP R18
430 SIDESTEP R32
431 DELIVER 48 R11 233
431 DELIVER 89 R17 59
432 SIDESTEP R5
432 DELIVER 75 R27 113
433 PICK 86 R13
433 SIDESTEP R21
434 ASSIGN 109 R36 8
434 PICK 94 R29
435 SIDESTEP R18
435 SIDESTEP R32
436 PICK 107 R1
436 SIDESTEP R26
437 SIDESTEP R2
437 SIDESTEP R5
437 DELIVER 82 R10 94
437 DELIVER 74 R22 120
437 DELIVER 85 R34 79
438 DELIVER 84 R4 87
439 DELIVER 69 R8 145
439 SIDESTEP R21
440 SIDESTEP R18
440 SIDESTEP R32
440 DELIVER 65 R33 164
441 PICK 109 R36
442 SIDESTEP R5
442 DELIVER 99 R19 30
443 SIDESTEP R2
444 ASSIGN 110 R10 16
444 PICK 100 R15
445 ASSIGN 111 R8 67
445 PICK 97 R12
445 SIDESTEP R18
445 SIDESTEP R21
445 SIDESTEP R32
446 DELIVER 95 R35 41
448 ASSIGN 112 R4 31
448 PICK 102 R0
449 SIDESTEP R2
449 REPORT pending=0 idle=12 to_pickup=12 delivering=16 to_charger=0 charging=0 dead=0 hot=5,5,4
450 CANCEL_FAIL 96
450 SIDESTEP R18
450 SIDESTEP R32
451 CANCEL_FAIL 89
451 ASSIGN 113 R34 21
451 SIDESTEP R21
453 ASSIGN 114 R19 35
453 DELIVER 100 R15 39
453 PICK 104 R23
454 ASSIGN 115 R20 55
455 SIDESTEP R2
455 DELIVER 93 R3 67
455 DELIVER 78 R26 128
455 SIDESTEP R32
457 DELIVER 107 R1 32
457 SIDESTEP R21
459 DELIVER 62 R5 210
459 PICK 110 R10
460 SIDESTEP R32
461 ASSIGN 116 R26 40
461 SIDESTEP R2
462 ASSIGN 117 R27 15
463 SIDESTEP R21
464 ASSIGN 118 R17 46
465 DELIVER 96 R28 58
465 SIDESTEP R32
466 PICK 98 R18
467 SIDESTEP R2
468 ASSIGN 119 R22 29
469 ASSIGN 120 R5 58
469 SIDESTEP R21
470 CANCEL 119
470 SIDESTEP R20
470 SIDESTEP R32
471 PICK 113 R34
473 SIDESTEP R2
474 ASSIGN 121 R22 40
475 SIDESTEP R21
475 SIDESTEP R32
475 PICK 88 R38
476 PICK 117 R27
477 PICK 101 R16
478 PICK 112 R4
479 ASSIGN 122 R3 36
479 SIDESTEP R2
480 SIDESTEP R23
480 SIDESTEP R32
481 SIDESTEP R21
481 DELIVER 94 R29 79
481 DELIVER 90 R30 100
481 SIDESTEP R38
485 ASSIGN 123 R35 30
485 SIDESTEP R2
485 SIDESTEP R23
485 SIDESTEP R32
486 ASSIGN 124 R30 73
487 PICK 114 R19
487 SIDESTEP R21
489 ASSIGN 125 R28 80
490 SIDESTEP R23
490 SIDESTEP R32
491 SIDESTEP R2
491 DELIVER 97 R12 82
491 PICK 105 R24
492 ASSIGN 126 R12 4
492 SIDESTEP R13
493 SIDESTEP R21
495 PICK 126 R12
495 SIDESTEP R23
495 SIDESTEP R32
497 ASSIGN 127 R15 60
497 SIDESTEP R2
498 DELIVER 109 R36 64
499 ASSIGN 128 R36 47
499 SIDESTEP R21
499 REPORT pending=0 idle=7 to_pickup=16 delivering=17 to_charger=0 charging=0 dead=0 hot=5,58,4
500 PICK 116 R26
500 SIDESTEP R32
501 ASSIGN 129 R29 91
502 ASSIGN 130 R33 63
503 ASSIGN 131 R11 3
503 SIDESTEP R2
503 DELIVER 83 R6 157
504 ASSIGN 132 R1 89
505 PICK 131 R11
505 SIDESTEP R21
505 SIDESTEP R32
506 DELIVER 104 R23 88
509 DELIVER 102 R0 93
509 PICK 118 R17
510 DELIVER 91 R2 127
510 SIDESTEP R32
511 PICK 111 R8
511 SIDESTEP R21
512 DELIVER 86 R13 147
512 PICK 115 R20
514 PICK 122 R3
514 PICK 123 R35
515 ASSIGN 133 R0 39
515 DELIVER 117 R27 53
515 SIDESTEP R32
516 ASSIGN 134 R13 17
517 ASSIGN 135 R23 65
517 SIDESTEP R19
517 SIDESTEP R21
517 PICK 121 R22
518 SIDESTEP R39
520 ASSIGN 136 R6 73
520 DELIVER 112 R4 72
520 SIDESTEP R32
522 SIDESTEP R19
523 ASSIGN 137 R27 60
523 SIDESTEP R21
524 SIDESTEP R37
525 ASSIGN 138 R25 46
525 SIDESTEP R32
526 PICK 120 R5
529 DELIVER 110 R10 85
529 SIDESTEP R21
529 SIDESTEP R37
530 SIDESTEP R32
530 DELIVER 88 R38 160
532 PICK 134 R13
535 ASSIGN 139 R4 28
535 SIDESTEP R21
535 SIDESTEP R32
536 PICK 108 R39
540 SIDESTEP R32
541 ASSIGN 140 R38 45
541 SIDESTEP R21
543 DELIVER 118 R17 79
544 DELIVER 98 R18 133
544 DELIVER 105 R24 125
545 SIDESTEP R32
545 PICK 128 R36
546 PICK 106 R37
547 DELIVER 126 R12 55
547 SIDESTEP R21
548 ASSIGN 141 R18 16
549 REPORT pending=0 idle=7 to_pickup=16 delivering=17 to_charger=0 charging=0 dead=0 hot=86,19,4
550 SIDESTEP R32
552 ASSIGN 142 R12 12
552 DELIVER 101 R16 137
552 DELIVER 123 R35 67
553 ASSIGN 143 R24 9
553 PICK 133 R0
553 SIDESTEP R21
555 SIDESTEP R32
556 ASSIGN 144 R10 66
556 PICK 127 R15
557 DELIVER 113 R34 106
558 SIDESTEP R12
559 SIDESTEP R21
560 SIDESTEP R32
561 PICK 143 R24
563 PICK 139 R4
563 PICK 141 R18
564 SIDESTEP R12
564 PICK 130 R33
565 ASSIGN 145 R17 11
565 DELIVER 115 R20 111
565 SIDESTEP R21
565 PICK 124 R30
565 SIDESTEP R32
568 PICK 125 R28
569 ASSIGN 146 R35 77
570 PICK 138 R25
570 SIDESTEP R32
571 PICK 142 R12
571 SIDESTEP R21
575 PICK 145 R17
575 DELIVER 116 R26 114
575 SIDESTEP R32
577 SIDESTEP R21
578 CANCEL_FAIL 100147
578 ASSIGN 147 R16 53
580 SIDESTEP R3
580 SIDESTEP R32
581 PICK 135 R23
582 ASSIGN 148 R20 12
582 PICK 137 R27
583 DELIVER 139 R4 48
583 SIDESTEP R21
584 DELIVER 131 R11 81
585 SIDESTEP R32
585 PICK 140 R38
586 ASSIGN 149 R11 50
586 SIDESTEP R3
586 SIDESTEP R18
589 ASSIGN 150 R34 74
589 SIDESTEP R21
590 SIDESTEP R32
591 SIDESTEP R18
592 ASSIGN 151 R4 66
592 PICK 132 R1
592 SIDESTEP R3
592 PICK 136 R6
592 PICK 129 R29
593 PICK 148 R20
593 DELIVER 121 R22 119
595 ASSIGN 152 R26 27
595 SIDESTEP R21
595 SIDESTEP R32
595 DELIVER 128 R36 96
597 DELIVER 138 R25 72
598 SIDESTEP R3
599 REPORT pending=0 idle=6 to_pickup=9 delivering=25 to_charger=0 charging=0 dead=0 hot=4,57,4
600 SIDESTEP R32
601 SIDESTEP R21
602 DELIVER 111 R8 157
603 ASSIGN 153 R8 12
603 SIDESTEP R3
604 SIDESTEP R18
604 SIDESTEP R35
605 ASSIGN 154 R36 13
605 SIDESTEP R32
607 SIDESTEP R21
608 SIDESTEP R3
608 DELIVER 148 R20 26
609 SIDESTEP R18
610 SIDESTEP R32
613 SIDESTEP R3
613 SIDESTEP R21
614 ASSIGN 155 R25 31
614 PICK 153 R8
614 SIDESTEP R18
614 DELIVER 130 R33 112
615 SIDESTEP R32
616 ASSIGN 156 R20 30
617 DELIVER 134 R13 101
617 DELIVER 114 R19 164
617 DELIVER 143 R24 64
617 PICK 154 R36
618 ASSIGN 157 R13 39
618 SIDESTEP R3
619 SIDESTEP R8
619 SIDESTEP R21
620 SIDESTEP R32
621 ASSIGN 158 R24 61
621 PICK 144 R10
622 DELIVER 120 R5 153
622 SIDESTEP R30
623 SIDESTEP R3
624 ASSIGN 159 R19 70
624 SIDESTEP R8
624 DELIVER 154 R36 19
625 SIDESTEP R21
626 CANCEL_FAIL 120
627 ASSIGN 160 R36 40
627 SIDESTEP R30
628 SIDESTEP R3
630 PICK 147 R16
630 SIDESTEP R18
631 ASSIGN 161 R33 95
631 PICK 92 R9
631 SIDESTEP R21
631 SIDESTEP R39
632 PICK 103 R14
633 SIDESTEP R3
634 DELIVER 125 R28 145
635 PICK 149 R11
635 SIDESTEP R18
637 SIDESTEP R21
638 CANCEL_FAIL 136
638 ASSIGN 162 R28 55
638 SIDESTEP R3
638 DELIVER 140 R38 97
640 DELIVER 133 R0 125
643 SIDESTEP R3
643 SIDESTEP R21
644 ASSIGN 163 R0 13
644 PICK 155 R25
645 PICK 156 R20
646 ASSIGN 164 R22 14
648 ASSIGN 165 R5 62
648 SIDESTEP R3
649 SIDESTEP R21
649 PICK 146 R35
649 REPORT pending=0 idle=4 to_pickup=12 delivering=24 to_charger=0 charging=0 dead=0 hot=4,57,4
654 ASSIGN 166 R38 36
655 SIDESTEP R21
656 PICK 163 R0
656 PICK 157 R13
656 SIDESTEP R26
657 PICK 151 R4
657 DELIVER 108 R39 227
661 SIDESTEP R21
661 SIDESTEP R26
661 DELIVER 124 R30 175
662 DELIVER 145 R17 97
663 DELIVER 127 R15 166
664 SIDESTEP R0
664 DELIVER 153 R8 61
664 PICK 164 R22
665 DELIVER 122 R3 186
666 SIDESTEP R26
666 PICK 160 R36
667 ASSIGN 167 R8 71
667 SIDESTEP R21
669 SIDESTEP R27
669 DELIVER 106 R37 247
670 PICK 150 R34
671 SIDESTEP R26
672 DELIVER 129 R29 171
673 SIDESTEP R21
675 ASSIGN 168 R15 28
675 SIDESTEP R27
676 DELIVER 135 R23 159
676 SIDESTEP R26
677 DELIVER 136 R6 157
677 DELIVER 141 R18 129
679 SIDESTEP R21
681 DELIVER 164 R22 35
681 PICK 158 R24
681 SIDESTEP R27
682 SIDESTEP R8
684 ASSIGN 169 R18 65
685 DELIVER 157 R13 67
685 SIDESTEP R21
686 DELIVER 147 R16 108
687 ASSIGN 170 R29 37
687 SIDESTEP R27
689 PICK 166 R38
690 SIDESTEP R0
690 DELIVER 144 R10 134
691 ASSIGN 171 R16 7
691 SIDESTEP R21
692 PICK 162 R28
693 PICK 159 R19
693 SIDESTEP R27
695 ASSIGN 172 R13 34
696 SIDESTEP R0
696 DELIVER 92 R9 311
697 SIDESTEP R21
697 SIDESTEP R36
698 PICK 171 R16
699 PICK 152 R26
699 SIDESTEP R27
699 REPORT pending=0 idle=13 to_pickup=7 delivering=20 to_charger=0 charging=0 dead=0 hot=4,57,6
702 ASSIGN 173 R6 21
702 SIDESTEP R0
702 PICK 168 R15
703 ASSIGN 174 R17 77
703 SIDESTEP R21
705 DELIVER 142 R12 153
705 SIDESTEP R27
706 DELIVER 64 R32 431
708 ASSIGN 175 R32 65
708 SIDESTEP R0
709 PICK 165 R5
709 DELIVER 156 R20 93
709 SIDESTEP R21
710 ASSIGN 176 R20 6
710 DELIVER 132 R1 206
711 SIDESTEP R27
712 ASSIGN 177 R22 32
713 ASSIGN 178 R12 33
714 SIDESTEP R0
715 ASSIGN 179 R1 19
715 PICK 176 R20
715 SIDESTEP R21
717 SIDESTEP R27
719 ASSIGN 180 R30 45
719 SIDESTEP R38
720 SIDESTEP R0
721 ASSIGN 181 R9 15
721 SIDESTEP R21
722 DELIVER 151 R4 130
722 PICK 173 R6
723 ASSIGN 182 R10 23
723 SIDESTEP R27
723 PICK 170 R29
724 SIDESTEP R14
724 SIDESTEP R38
725 PICK 161 R33
726 SIDESTEP R0
726 DELIVER 152 R26 131
727 ASSIGN 183 R4 47
727 SIDESTEP R21
728 ASSIGN 184 R26 86
728 PICK 172 R13
729 ASSIGN 185 R39 46
729 SIDESTEP R14
729 SIDESTEP R27
729 SIDESTEP R38
730 ASSIGN 186 R3 30
731 DELIVER 146 R35 162
732 SIDESTEP R0
732 DELIVER 160 R36 105
733 ASSIGN 187 R35 88
733 PICK 179 R1
733 DELIVER 149 R11 147
733 SIDESTEP R21
734 ASSIGN 188 R36 57
734 SIDESTEP R14
734 SIDESTEP R38
735 PICK 181 R9
735 SIDESTEP R27
736 CANCEL_FAIL 100188
737 DELIVER 176 R20 27
737 DELIVER 155 R25 123
738 SIDESTEP R0
739 SIDESTEP R21
739 SIDESTEP R38
741 ASSIGN 189 R25 37
742 DELIVER 171 R16 51
743 ASSIGN 190 R16 14
743 PICK 167 R8
743 PICK 177 R22
744 SIDESTEP R0
744 DELIVER 150 R34 155
744 SIDESTEP R38
745 SIDESTEP R21
745 SIDESTEP R24
746 ASSIGN 191 R11 49
746 PICK 182 R10
748 PICK 169 R18
749 REPORT pending=0 idle=7 to_pickup=13 delivering=20 to_charger=0 charging=0 dead=0 hot=5,58,8
750 SIDESTEP R0
750 DELIVER 162 R28 112
751 SIDESTEP R21
754 ASSIGN 192 R28 48
755 ASSIGN 193 R34 38
755 DELIVER 103 R14 338
756 ASSIGN 194 R14 45
756 SIDESTEP R0
756 PICK 190 R16
757 SIDESTEP R21
758 PICK 178 R12
759 ASSIGN 195 R23 19
761 DELIVER 181 R9 40
762 DELIVER 163 R0 118
763 ASSIGN 196 R9 24
763 PICK 186 R3
763 DELIVER 172 R13 68
763 SIDESTEP R21
763 PICK 180 R30
766 ASSIGN 197 R13 46
767 ASSIGN 198 R37 65
768 SIDESTEP R27
769 ASSIGN 199 R0 87
769 SIDESTEP R21
769 DELIVER 180 R30 50
770 DELIVER 158 R24 149
773 PICK 183 R4
774 SIDESTEP R27
775 SIDESTEP R21
775 SIDESTEP R32
776 ASSIGN 200 R30 47
777 ASSIGN 201 R24 93
777 PICK 195 R23
777 PICK 189 R25
777 PICK 185 R39
779 ASSIGN 202 R20 19
779 PICK 174 R17
780 SIDESTEP R27
780 SIDESTEP R32
781 SIDESTEP R21
782 ASSIGN 203 R7 60
784 DELIVER 87 R21 417
784 DELIVER 166 R38 130
785 SIDESTEP R32
786 PICK 196 R9
786 DELIVER 189 R25 45
786 SIDESTEP R27
790 SIDESTEP R32
790 PICK 188 R36
792 ASSIGN 204 R38 17
792 SIDESTEP R27
793 DELIVER 177 R22 81
793 PICK 193 R34
794 ASSIGN 205 R22 82
794 DELIVER 179 R1 79
794 SIDESTEP R9
795 PICK 191 R11
795 DELIVER 170 R29 108
797 ASSIGN 206 R29 85
797 PICK 202 R20
797 SIDESTEP R27
799 REPORT pending=0 idle=5 to_pickup=14 delivering=21 to_charger=0 charging=0 dead=0 hot=5,57,8
800 PICK 194 R14
800 DELIVER 185 R39 71
801 ASSIGN 207 R1 21
801 PICK 192 R28
802 DELIVER 186 R3 72
802 SIDESTEP R27
803 DELIVER 159 R19 179
804 DELIVER 173 R6 102
807 DELIVER 178 R12 94
807 SIDESTEP R27
808 SIDESTEP R4
808 PICK 204 R38
810 ASSIGN 208 R3 19
811 PICK 197 R13
813 SIDESTEP R4
813 PICK 184 R26
814 ASSIGN 209 R6 33
816 SIDESTEP R27
817 ASSIGN 210 R25 53
818 SIDESTEP R4
819 DELIVER 190 R16 76
820 DELIVER 202 R20 41
820 PICK 175 R32
820 PICK 187 R35
821 PICK 207 R1
822 SIDESTEP R27
822 PICK 200 R30
823 DELIVER 161 R33 192
824 ASSIGN 211 R16 31
824 DELIVER 195 R23 65
828 PICK 208 R3
828 SIDESTEP R27
830 ASSIGN 212 R19 46
831 SIDESTEP R14
831 PICK 198 R37
833 ASSIGN 213 R39 15
834 SIDESTEP R27
836 ASSIGN 214 R33 39
836 DELIVER 204 R38 44
838 SIDESTEP R34
840 SIDESTEP R27
841 DELIVER 207 R1 40
841 PICK 203 R7
841 SIDESTEP R14
842 DELIVER 165 R5 194
843 ASSIGN 215 R20 21
845 DELIVER 182 R10 122
846 PICK 209 R6
846 SIDESTEP R14
846 SIDESTEP R27
847 SIDESTEP R36
847 PICK 213 R39
848 DELIVER 169 R18 164
849 REPORT pending=0 idle=10 to_pickup=9 delivering=21 to_charger=0 charging=0 dead=0 hot=5,57,5
850 ASSIGN 216 R38 41
852 SIDESTEP R27
854 PICK 211 R16
855 ASSIGN 217 R1 11
855 PICK 199 R0
858 SIDESTEP R27
863 PICK 215 R20
863 DELIVER 192 R28 109
864 SIDESTEP R27
865 PICK 217 R1
865 DELIVER 174 R17 162
867 DELIVER 183 R4 140
867 SIDESTEP R7
869 PICK 201 R24
869 PICK 210 R25
870 SIDESTEP R27
872 SIDESTEP R7
872 DELIVER 184 R26 144
873 DELIVER 193 R34 118
874 PICK 214 R33
875 PICK 212 R19
876 SIDESTEP R27
877 ASSIGN 218 R23 62
878 DELIVER 167 R8 211
881 ASSIGN 219 R8 20
881 PICK 206 R29
882 SIDESTEP R27
886 ASSIGN 220 R26 15
887 PICK 205 R22
888 DELIVER 203 R7 106
888 DELIVER 196 R9 125
888 SIDESTEP R27
892 DELIVER 188 R36 158
893 DELIVER 194 R14 137
893 DELIVER 200 R30 117
893 DELIVER 175 R32 185
894 ASSIGN 221 R9 22
894 SIDESTEP R3
894 SIDESTEP R27
898 PICK 216 R38
899 REPORT pending=0 idle=16 to_pickup=4 delivering=20 to_charger=0 charging=0 dead=0 hot=5,57,5
900 SIDESTEP R3
900 PICK 219 R8
900 DELIVER 191 R11 154
900 PICK 220 R26
900 SIDESTEP R27
901 DELIVER 197 R13 135
902 ASSIGN 222 R4 14
903 ASSIGN 223 R36 38
904 DELIVER 213 R39 71
906 DELIVER 217 R1 51
906 SIDESTEP R3
906 SIDESTEP R27
911 ASSIGN 224 R17 51
912 SIDESTEP R3
912 SIDESTEP R8
912 SIDESTEP R27
913 ASSIGN 225 R10 60
914 ASSIGN 226 R30 29
915 PICK 222 R4
915 PICK 221 R9
917 ASSIGN 227 R7 7
918 SIDESTEP R3
918 DELIVER 211 R16 94
918 SIDESTEP R27
919 SIDESTEP R35
920 DELIVER 215 R20 77
923 PICK 227 R7
923 SIDESTEP R26
924 SIDESTEP R3
924 SIDESTEP R27
925 SIDESTEP R29
925 SIDESTEP R35
925 DELIVER 198 R37 158
927 DELIVER 199 R0 158
927 SIDESTEP R24
928 ASSIGN 228 R32 18
928 SIDESTEP R22
929 SIDESTEP R26
930 SIDESTEP R3
930 SIDESTEP R27
930 SIDESTEP R29
931 SIDESTEP R35
932 SIDESTEP R24
934 DELIVER 212 R19 104
935 SIDESTEP R26
936 ASSIGN 229 R13 62
936 SIDESTEP R3
936 DELIVER 222 R4 34
936 SIDESTEP R27
937 SIDESTEP R35
940 PICK 223 R36
941 SIDESTEP R26
942 ASSIGN 230 R37 36
942 SIDESTEP R3
942 SIDESTEP R27
943 ASSIGN 231 R20 27
943 SIDESTEP R35
945 ASSIGN 232 R19 24
945 PICK 228 R32
946 SIDESTEP R22
946 PICK 218 R23
947 SIDESTEP R26
948 SIDESTEP R3
948 SIDESTEP R27
948 DELIVER 214 R33 112
949 SIDESTEP R35
949 REPORT pending=0 idle=16 to_pickup=7 delivering=17 to_charger=0 charging=0 dead=0 hot=5,57,6
950 PICK 226 R30
952 ASSIGN 233 R28 36
952 SIDESTEP R22
953 ASSIGN 234 R4 29
953 SIDESTEP R3
953 SIDESTEP R26
954 SIDESTEP R27
955 SIDESTEP R35
958 ASSIGN 235 R5 10
959 SIDESTEP R3
959 SIDESTEP R26
960 SIDESTEP R27
961 PICK 224 R17
961 SIDESTEP R35
963 SIDESTEP R22
965 SIDESTEP R3
965 SIDESTEP R26
965 DELIVER 216 R38 115
966 SIDESTEP R27
967 PICK 235 R5
967 SIDESTEP R35
968 PICK 232 R19
968 SIDESTEP R28
969 PICK 231 R20
969 SIDESTEP R22
971 SIDESTEP R3
971 SIDESTEP R26
972 PICK 225 R10
972 SIDESTEP R27
973 ASSIGN 236 R16 43
973 SIDESTEP R35
975 SIDESTEP R22
975 DELIVER 206 R29 178
977 SIDESTEP R3
977 SIDESTEP R26
977 PICK 230 R37
978 DELIVER 221 R9 84
978 SIDESTEP R27
979 ASSIGN 237 R9 21
979 SIDESTEP R35
980 DELIVER 228 R32 52
981 ASSIGN 238 R1 41
981 PICK 234 R4
981 SIDESTEP R22
982 DELIVER 201 R24 205
983 ASSIGN 239 R11 49
983 SIDESTEP R3
984 DELIVER 235 R5 26
984 SIDESTEP R27
986 SIDESTEP R35
987 SIDESTEP R11
987 SIDESTEP R22
987 DELIVER 210 R25 170
989 ASSIGN 240 R25 52
989 SIDESTEP R3
990 SIDESTEP R27
992 SIDESTEP R35
993 SIDESTEP R22
993 PICK 233 R28
995 SIDESTEP R3
995 DELIVER 223 R36 92
996 SIDESTEP R27
997 ASSIGN 241 R29 59
997 PICK 229 R13
997 DELIVER 226 R30 83
998 SIDESTEP R35
999 ASSIGN 242 R30 27
999 PICK 237 R9
999 SIDESTEP R22
999 REPORT pending=0 idle=15 to_pickup=6 delivering=19 to_charger=0 charging=0 dead=0 hot=5,57,7
1001 SIDESTEP R3
1001 SIDESTEP R4
1002 SIDESTEP R27
1004 SIDESTEP R35
1005 SIDESTEP R22
1008 ASSIGN 243 R36 21
1008 SIDESTEP R3
1008 SIDESTEP R27
1009 ASSIGN 244 R38 22
1010 SIDESTEP R35
1011 DELIVER 227 R7 94
1011 SIDESTEP R22
1014 SIDESTEP R3
1014 SIDESTEP R27
1015 ASSIGN 245 R7 40
1015 PICK 236 R16
1016 SIDESTEP R28
1016 SIDESTEP R35
1017 ASSIGN 246 R34 21
1017 SIDESTEP R22
1018 DELIVER 209 R6 204
1019 SIDESTEP R20
1020 SIDESTEP R3
1020 SIDESTEP R27
1021 PICK 238 R1
1021 SIDESTEP R28
1022 SIDESTEP R35
1023 SIDESTEP R22
1024 ASSIGN 247 R12 65
1025 SIDESTEP R20
1025 PICK 242 R30
1026 SIDESTEP R3
1026 DELIVER 237 R9 47
1026 DELIVER 220 R26 140
1026 SIDESTEP R27
1027 ASSIGN 248 R14 48
1028 SIDESTEP R35
1028 PICK 243 R36
1029 SIDESTEP R22
1030 PICK 244 R38
1031 SIDESTEP R14
1031 SIDESTEP R20
1032 SIDESTEP R3
1032 DELIVER 219 R8 151
1032 SIDESTEP R27
1034 SIDESTEP R35
1035 ASSIGN 249 R9 16
1035 DELIVER 234 R4 82
1035 SIDESTEP R22
1037 SIDESTEP R20
1037 PICK 246 R34
1038 ASSIGN 250 R8 12
1038 SIDESTEP R3
1038 SIDESTEP R27
1039 SIDESTEP R9
1039 PICK 239 R11
1039 DELIVER 218 R23 162
1040 PICK 240 R25
1040 SIDESTEP R35
1041 DELIVER 225 R10 128
1041 DELIVER 232 R19 96
1041 SIDESTEP R22
1042 ASSIGN 251 R39 25
1042 DELIVER 233 R28 90
1043 SIDESTEP R20
1044 ASSIGN 252 R10 7
1044 SIDESTEP R3
1044 SIDESTEP R27
1046 ASSIGN 253 R19 44
1046 SIDESTEP R35
1047 SIDESTEP R22
1049 PICK 250 R8
1049 SIDESTEP R20
1049 REPORT pending=0 idle=14 to_pickup=8 delivering=18 to_charger=0 charging=0 dead=0 hot=5,57,9
1050 SIDESTEP R3
1050 PICK 252 R10
1050 SIDESTEP R27
1052 SIDESTEP R30
1052 DELIVER 230 R37 110
1053 SIDESTEP R17
1053 SIDESTEP R22
1054 PICK 245 R7
1054 PICK 249 R9
1055 SIDESTEP R20
1055 SIDESTEP R27
1055 PICK 241 R29
1055 SIDESTEP R35
1056 SIDESTEP R3
1056 DELIVER 244 R38 47
1059 DELIVER 250 R8 21
1059 SIDESTEP R17
1059 SIDESTEP R22
1061 SIDESTEP R27
1061 SIDESTEP R35
1062 ASSIGN 254 R38 53
1062 SIDESTEP R20
1063 SIDESTEP R3
1065 ASSIGN 255 R28 17
1065 SIDESTEP R17
1065 SIDESTEP R22
1066 PICK 251 R39
1067 SIDESTEP R27
1067 SIDESTEP R35
1068 ASSIGN 256 R33 15
1068 SIDESTEP R20
1069 ASSIGN 257 R8 15
1069 SIDESTEP R3
1070 ASSIGN 258 R4 56
1070 DELIVER 229 R13 134
1071 DELIVER 249 R9 36
1071 SIDESTEP R17
1071 SIDESTEP R22
1073 SIDESTEP R27
1073 SIDESTEP R35
1073 DELIVER 243 R36 65
1074 SIDESTEP R3
1074 SIDESTEP R20
1075 ASSIGN 259 R0 22
1076 CANCEL_FAIL 220
1077 SIDESTEP R17
1078 PICK 248 R14
1079 ASSIGN 260 R13 48
1079 SIDESTEP R3
1079 SIDESTEP R27
1079 SIDESTEP R35
1081 ASSIGN 261 R9 60
1081 DELIVER 238 R1 100
1081 PICK 255 R28
1083 PICK 257 R8
1083 SIDESTEP R17
1085 ASSIGN 262 R18 55
1085 SIDESTEP R27
1085 SIDESTEP R35
1086 ASSIGN 263 R5 13
1088 ASSIGN 264 R37 64
1088 PICK 247 R12
1089 SIDESTEP R17
1089 PICK 253 R19
1090 ASSIGN 265 R36 31
1091 SIDESTEP R27
1091 PICK 256 R33
1091 SIDESTEP R35
1094 SIDESTEP R13
1095 SIDESTEP R17
1095 DELIVER 251 R39 53
1096 ASSIGN 266 R39 102
1096 PICK 259 R0
1097 DELIVER 208 R3 287
1097 SIDESTEP R5
1097 SIDESTEP R27
1097 SIDESTEP R35
1098 DELIVER 245 R7 83
1099 REPORT pending=0 idle=11 to_pickup=9 delivering=20 to_charger=0 charging=0 dead=0 hot=5,57,8
1100 SIDESTEP R18
1100 DELIVER 205 R22 306
1101 SIDESTEP R17
1103 DELIVER 236 R16 130
1103 DELIVER 240 R25 114
1103 SIDESTEP R27
1103 SIDESTEP R35
1104 ASSIGN 267 R25 25
1105 ASSIGN 268 R16 63
1105 PICK 263 R5
1105 SIDESTEP R18
1105 SIDESTEP R20
1107 ASSIGN 269 R7 34
1107 SIDESTEP R17
1109 SIDESTEP R27
1109 SIDESTEP R35
1111 SIDESTEP R20
1112 DELIVER 239 R11 129
1113 ASSIGN 270 R22 23
1113 SIDESTEP R17
1114 ASSIGN 271 R3 78
1114 PICK 254 R38
1115 SIDESTEP R27
1115 SIDESTEP R35
1117 SIDESTEP R20
1119 SIDESTEP R17
1119 DELIVER 246 R34 102
1120 PICK 265 R36
1121 SIDESTEP R27
1121 SIDESTEP R35
1122 ASSIGN 272 R32 17
1122 SIDESTEP R25
1123 SIDESTEP R20
1125 PICK 258 R4
1125 SIDESTEP R17
1127 SIDESTEP R27
1127 SIDESTEP R35
1129 ASSIGN 273 R11 68
1129 SIDESTEP R20
1131 SIDESTEP R17
1132 ASSIGN 274 R34 67
1132 PICK 260 R13
1132 PICK 267 R25
1133 ASSIGN 275 R1 81
1133 SIDESTEP R27
1133 SIDESTEP R35
1135 SIDESTEP R20
1135 PICK 270 R22
1135 DELIVER 241 R29 138
1135 DELIVER 242 R30 136
1137 SIDESTEP R17
1138 DELIVER 255 R28 73
1138 PICK 272 R32
1139 SIDESTEP R27
1139 SIDESTEP R35
1140 ASSIGN 276 R30 44
1140 PICK 261 R9
1140 SIDESTEP R20
1140 SIDESTEP R33
1141 SIDESTEP R36
1143 SIDESTEP R17
1145 DELIVER 248 R14 118
1146 SIDESTEP R27
1146 SIDESTEP R33
1146 SIDESTEP R35
1146 SIDESTEP R36
1149 ASSIGN 277 R14 29
1149 SIDESTEP R17
1149 REPORT pending=0 idle=9 to_pickup=11 delivering=20 to_charger=0 charging=0 dead=0 hot=5,58,10
1151 ASSIGN 278 R29 30
1151 SIDESTEP R33
1151 SIDESTEP R36
1151 PICK 264 R37
1152 PICK 269 R7
1152 PICK 262 R18
1152 SIDESTEP R20
1152 SIDESTEP R39
1153 ASSIGN 279 R6 78
1153 SIDESTEP R27
1153 SIDESTEP R35
1155 ASSIGN 280 R26 62
1155 SIDESTEP R17
1156 SIDESTEP R36
1158 SIDESTEP R30
1160 SIDESTEP R27
1160 SIDESTEP R35
1161 SIDESTEP R17
1161 SIDESTEP R20
1163 ASSIGN 281 R28 69
1165 DELIVER 258 R4 95
1166 ASSIGN 282 R24 78
1166 DELIVER 270 R22 53
1167 DELIVER 259 R0 92
1167 DELIVER 247 R12 143
1167 PICK 268 R16
1167 SIDESTEP R27
1167 SIDESTEP R35
1168 DELIVER 252 R10 124
1169 SIDESTEP R8
1169 SIDESTEP R20
1172 SIDESTEP R17
1172 SIDESTEP R37
1173 ASSIGN 283 R10 46
1174 DELIVER 253 R19 128
1174 SIDESTEP R27
1174 SIDESTEP R35
1175 ASSIGN 284 R12 8
1175 SIDESTEP R8
1175 SIDESTEP R20
1176 SIDESTEP R9
1177 PICK 277 R14
1177 SIDESTEP R37
1178 SIDESTEP R17
1179 SIDESTEP R1
1179 DELIVER 272 R32 57
1180 PICK 278 R29
1181 SIDESTEP R8
1181 SIDESTEP R20
1181 DELIVER 267 R25 77
1181 SIDESTEP R27
1181 SIDESTEP R35
1182 ASSIGN 285 R19 36
1182 PICK 284 R12
1182 SIDESTEP R37
1184 SIDESTEP R17
1184 DELIVER 254 R38 122
1185 SIDESTEP R7
1186 SIDESTEP R20
1187 ASSIGN 286 R0 52
1187 PICK 276 R30
1187 DELIVER 265 R36 97
1187 SIDESTEP R37
1188 SIDESTEP R27
1188 SIDESTEP R35
1190 SIDESTEP R7
1190 SIDESTEP R17
1191 ASSIGN 287 R4 49
1191 PICK 271 R3
1192 ASSIGN 288 R36 42
1192 SIDESTEP R20
1192 SIDESTEP R37
1193 ASSIGN 289 R22 85
1194 ASSIGN 290 R23 33
1195 SIDESTEP R27
1195 SIDESTEP R35
1196 PICK 273 R11
1196 SIDESTEP R17
1197 ASSIGN 291 R32 16
1197 SIDESTEP R37
1198 SIDESTEP R20
1198 PICK 274 R34
1199 REPORT pending=0 idle=5 to_pickup=14 delivering=21 to_charger=0 charging=0 dead=0 hot=5,57,9
1201 PICK 266 R39
1202 SIDESTEP R17
1202 SIDESTEP R27
1202 SIDESTEP R35
1202 SIDESTEP R37
1204 SIDESTEP R20
1207 ASSIGN 292 R2 53
1207 SIDESTEP R37
1208 ASSIGN 293 R38 31
1208 SIDESTEP R17
1209 ASSIGN 294 R25 23
1209 DELIVER 260 R13 130
1209 SIDESTEP R27
1209 SIDESTEP R35
1210 ASSIGN 295 R31 105
1210 GO_CHARGE R13 45 1
1210 SIDESTEP R20
1211 SIDESTEP R2
1211 DELIVER 168 R15 536
1211 DELIVER 262 R18 126
1211 DELIVER 256 R33 143
1212 ASSIGN 296 R18 32
1212 DELIVER 257 R8 143
1212 PICK 291 R32
1213 ASSIGN 297 R33 65
1214 SIDESTEP R17
1215 ASSIGN 298 R8 12
1216 DELIVER 269 R7 109
1216 SIDESTEP R27
1216 SIDESTEP R35
1217 PICK 285 R19
1217 DELIVER 231 R20 274
1218 PICK 283 R10
1219 PICK 275 R1
1220 ASSIGN 299 R7 25
1220 SIDESTEP R17
1221 ASSIGN 300 R20 81
1222 ASSIGN 301 R15 60
1222 SIDESTEP R27
1224 PICK 280 R26
1225 ASSIGN 302 R21 103
1225 DELIVER 284 R12 50
1225 SIDESTEP R22
1225 DELIVER 187 R35 492
1226 PICK 298 R8
1226 PICK 290 R23
1227 DELIVER 224 R17 316
1227 DELIVER 137 R27 704
1228 ASSIGN 303 R12 59
1230 ASSIGN 304 R27 92
1230 SIDESTEP R9
1231 PICK 279 R6
1231 PICK 294 R25
1231 PICK 281 R28
1232 CANCEL 300
1233 PICK 288 R36
1234 ASSIGN 305 R17 29
1235 ASSIGN 306 R20 11
1235 SIDESTEP R9
1237 SIDESTEP R26
1238 ASSIGN 307 R35 107
1238 PICK 286 R0
1238 PICK 293 R38
1239 PICK 287 R4
1239 DELIVER 277 R14 90
1240 ASSIGN 309 R14 74
1240 SIDESTEP R9
1242 SIDESTEP R26
1243 PICK 296 R18
1243 PICK 282 R24
1244 DELIVER 263 R5 158
1245 ASSIGN 308 R5 37
1245 SIDESTEP R9
1245 PICK 306 R20
1247 SIDESTEP R26
1247 DELIVER 276 R30 107
1248 ASSIGN 310 R30 66
1248 DELIVER 271 R3 134
1249 REPORT pending=0 idle=1 to_pickup=14 delivering=24 to_charger=1 charging=0 dead=0 hot=47,35,3
1250 SIDESTEP R9
1252 SIDESTEP R26
1254 SIDESTEP R23
1255 ASSIGN 311 R3 82
1255 SIDESTEP R9
1257 SIDESTEP R26
1259 SIDESTEP R23
1260 SIDESTEP R9
1262 PICK 305 R17
1263 DELIVER 268 R16 158
1264 GO_CHARGE R16 6 1
1264 SIDESTEP R23
1265 PICK 292 R2
1265 SIDESTEP R9
1267 SIDESTEP R15
1268 SIDESTEP R39
1269 SIDESTEP R6
1269 SIDESTEP R23
1270 SIDESTEP R29
1271 SIDESTEP R7
1273 SIDESTEP R13
1273 DELIVER 264 R37 185
1273 SIDESTEP R39
1274 ASSIGN 312 R37 85
1275 DELIVER 275 R1 142
1275 SIDESTEP R29
1276 ASSIGN 313 R1 19
1276 SIDESTEP R11
1278 SIDESTEP R39
1279 DELIVER 261 R9 198
1279 SIDESTEP R22
1280 ASSIGN 314 R9 94
1280 SIDESTEP R29
1281 SIDESTEP R11
1283 PICK 299 R7
1283 SIDESTEP R39
1284 SIDESTEP R22
1285 PICK 301 R15
1285 DELIVER 281 R28 122
1285 SIDESTEP R29
1286 ASSIGN 315 R28 101
1286 SIDESTEP R11
1288 SIDESTEP R39
1289 DELIVER 298 R8 74
1289 DELIVER 285 R19 107
1289 SIDESTEP R22
1290 ASSIGN 317 R8 41
1290 GO_CHARGE R19 19 1
1290 SIDESTEP R29
1291 DELIVER 286 R0 104
1291 SIDESTEP R3
1291 SIDESTEP R11
1292 ASSIGN 316 R0 32
1293 SIDESTEP R39
1294 PICK 313 R1
1295 DELIVER 282 R24 129
1295 SIDESTEP R29
1295 SIDESTEP R32
1296 ASSIGN 318 R24 61
1296 SIDESTEP R3
1298 PICK 303 R12
1298 SIDESTEP R39
1299 REPORT pending=1 idle=0 to_pickup=16 delivering=21 to_charger=3 charging=0 dead=0 hot=29,23,4
1300 SIDESTEP R29
1300 SIDESTEP R32
1301 SIDESTEP R3
1302 PICK 308 R5
1303 PICK 289 R22
1303 SIDESTEP R39
1304 SIDESTEP R19
1304 DELIVER 274 R34 172
1305 ASSIGN 320 R34 67
1305 SIDESTEP R0
1305 DELIVER 283 R10 132
1305 SIDESTEP R29
1306 GO_CHARGE R10 32 1
1307 SIDESTEP R6
1307 CHARGE R13
1307 SIDESTEP R32
1308 SIDESTEP R24
1309 SIDESTEP R19
1310 SIDESTEP R0
1310 SIDESTEP R29
1313 PICK 309 R14
1313 PICK 310 R30
1313 PICK 297 R33
1314 DELIVER 294 R25 105
1314 DELIVER 288 R36 122
1315 ASSIGN 319 R25 25
1315 GO_CHARGE R36 58 1
1315 SIDESTEP R22
1317 SIDESTEP R2
1317 DELIVER 296 R18 105
1317 SIDESTEP R39
1320 SIDESTEP R4
1320 DELIVER 306 R20 85
1321 SIDESTEP R22
1321 DELIVER 290 R23 127
1321 PICK 304 R27
1322 ASSIGN 321 R23 48
1322 SIDESTEP R2
1322 SIDESTEP R17
1322 DELIVER 293 R38 114
1322 SIDESTEP R39
1324 CHARGED R13
1324 SIDESTEP R1
1324 SIDESTEP R5
1325 ASSIGN 322 R13 37
1325 SIDESTEP R4
1326 SIDESTEP R11
1327 ASSIGN 323 R18 51
1327 SIDESTEP R17
1327 PICK 302 R21
1329 SIDESTEP R1
1329 SIDESTEP R3
1329 SIDESTEP R5
1329 CHARGE R16
1329 DELIVER 291 R32 132
1329 SIDESTEP R39
1330 SIDESTEP R4
1331 ASSIGN 324 R20 68
1331 PICK 317 R8
1333 ASSIGN 325 R32 25
1334 SIDESTEP R1
1334 SIDESTEP R2
1334 SIDESTEP R5
1334 SIDESTEP R39
1335 ASSIGN 326 R38 91
1335 SIDESTEP R4
1338 SIDESTEP R12
1339 SIDESTEP R2
1339 SIDESTEP R5
1339 DELIVER 279 R6 186
1339 PICK 319 R25
1340 DELIVER 273 R11 211
1341 GO_CHARGE R11 45 1
1341 DELIVER 280 R26 186
1341 DELIVER 278 R29 190
1342 GO_CHARGE R29 71 1
1343 SIDESTEP R12
1344 CHARGED R16
1344 ASSIGN 327 R6 44
1344 SIDESTEP R2
1344 SIDESTEP R5
1344 PICK 307 R35
1346 ASSIGN 328 R26 67
1346 SIDESTEP R24
1346 PICK 295 R31
1347 SIDESTEP R15
1348 SIDESTEP R12
1349 ASSIGN 329 R16 88
1349 SIDESTEP R2
1349 SIDESTEP R5
1349 REPORT pending=0 idle=0 to_pickup=16 delivering=19 to_charger=5 charging=0 dead=0 hot=32,28,3
1352 SIDESTEP R15
1353 SIDESTEP R12
1354 SIDESTEP R5
1354 DELIVER 299 R7 134
1356 ASSIGN 330 R7 45
1356 DELIVER 287 R4 165
1357 SIDESTEP R2
1357 PICK 325 R32
1358 ASSIGN 331 R4 25
1358 SIDESTEP R12
1358 DELIVER 310 R30 113
1358 PICK 312 R37
1359 GO_CHARGE R30 6 1
1359 PICK 316 R0
1359 SIDESTEP R5
1360 SIDESTEP R22
1361 PICK 322 R13
1362 SIDESTEP R2
1363 SIDESTEP R12
1364 SIDESTEP R5
1364 DELIVER 319 R25 68
1365 SIDESTEP R22
1366 SIDESTEP R39
1367 ASSIGN 332 R25 21
1367 SIDESTEP R2
1368 SIDESTEP R12
1369 SIDESTEP R5
1370 DELIVER 305 R17 136
1370 SIDESTEP R22
1370 PICK 321 R23
1371 ASSIGN 334 R17 111
1371 SIDESTEP R39
1372 PICK 320 R34
1373 SIDESTEP R12
1374 SIDESTEP R5
1374 PICK 314 R9
1375 DELIVER 301 R15 153
1375 SIDESTEP R20
1375 SIDESTEP R22
1376 ASSIGN 333 R15 76
1376 SIDESTEP R39
1377 DELIVER 309 R14 137
1378 ASSIGN 335 R14 56
1378 SIDESTEP R12
1378 SIDESTEP R28
1379 DELIVER 313 R1 112
1379 SIDESTEP R5
1380 GO_CHARGE R1 45 1
1380 SIDESTEP R22
1381 SIDESTEP R39
1382 PICK 331 R4
1383 SIDESTEP R12
1383 SIDESTEP R28
1384 SIDESTEP R5
1385 SIDESTEP R22
1385 SIDESTEP R26
1386 PICK 318 R24
1386 SIDESTEP R39
1387 PICK 327 R6
1387 PICK 332 R25
1388 SIDESTEP R12
1388 SIDESTEP R28
1388 DELIVER 297 R33 175
1389 ASSIGN 336 R33 57
1389 SIDESTEP R5
1390 SIDESTEP R1
1390 SIDESTEP R22
1391 SIDESTEP R39
1392 CHARGE R19
1393 SIDESTEP R12
1393 SIDESTEP R28
1394 SIDESTEP R5
1395 SIDESTEP R1
1395 SIDESTEP R2
1395 SIDESTEP R22
1396 SIDESTEP R39
1397 DELIVER 317 R8 108
1397 SIDESTEP R29
1398 GO_CHARGE R8 6 1
1399 SIDESTEP R5
1399 REPORT pending=2 idle=0 to_pickup=12 delivering=20 to_charger=7 charging=1 dead=0 hot=20,1,6
1400 SIDESTEP R2
1400 PICK 330 R7
1400 SIDESTEP R22
1401 SIDESTEP R39
1402 SIDESTEP R29
1402 SIDESTEP R36
1404 PICK 324 R20
1404 SIDESTEP R25
1405 SIDESTEP R2
1405 SIDESTEP R22
1406 DELIVER 304 R27 176
1407 CHARGED R19
1407 ASSIGN 340 R19 56
1407 ASSIGN 337 R27 65
1407 SIDESTEP R29
1408 SIDESTEP R3
1409 SIDESTEP R25
1410 SIDESTEP R2
1410 SIDESTEP R22
1411 DELIVER 322 R13 86
1411 PICK 315 R28
1412 ASSIGN 338 R13 60
1414 DELIVER 316 R0 128
1414 DELIVER 302 R21 189
1414 SIDESTEP R25
1415 ASSIGN 339 R21 34
1415 GO_CHARGE R0 19 1
1415 SIDESTEP R2
1415 SIDESTEP R22
1415 DELIVER 320 R34 115
1416 GO_CHARGE R34 45 1
1416 PICK 323 R18
1417 CHARGE R8
1419 SIDESTEP R25
1419 PICK 328 R26
1420 SIDESTEP R2
1420 SIDESTEP R22
1423 SIDESTEP R0
1423 DELIVER 266 R39 327
1424 ASSIGN 345 R39 42
1425 SIDESTEP R2
1425 SIDESTEP R22
1425 PICK 326 R38
1428 SIDESTEP R35
1429 SIDESTEP R0
1430 SIDESTEP R22
1431 PICK 311 R3
1432 CHARGED R8
1432 ASSIGN 347 R8 81
1433 DELIVER 331 R4 75
1433 PICK 335 R14
1433 SIDESTEP R19
1433 SIDESTEP R35
1434 GO_CHARGE R4 71 1
1434 DELIVER 295 R31 224
1434 DELIVER 312 R37 177
1435 ASSIGN 348 R31 33
1435 GO_CHARGE R37 6 1
1435 SIDESTEP R20
1435 SIDESTEP R22
1437 DELIVER 303 R12 209
1438 ASSIGN 349 R12 39
1438 SIDESTEP R19
1438 SIDESTEP R35
1440 SIDESTEP R20
1440 SIDESTEP R22
1440 DELIVER 332 R25 73
1441 ASSIGN 341 R25 72
1442 DELIVER 314 R9 169
1443 GO_CHARGE R9 71 1
1443 SIDESTEP R19
1443 SIDESTEP R35
1444 DELIVER 327 R6 100
1444 SIDESTEP R18
1445 GO_CHARGE R6 45 1
1445 SIDESTEP R22
1446 CHARGE R0
1446 SIDESTEP R32
1446 PICK 336 R33
1449 SIDESTEP R18
1449 REPORT pending=6 idle=0 to_pickup=12 delivering=16 to_charger=11 charging=1 dead=0 hot=30,1,6
1450 SIDESTEP R22
1450 SIDESTEP R25
1451 DELIVER 321 R23 129
1451 SIDESTEP R32
1452 GO_CHARGE R23 6 1
1452 CHARGE R10
1455 SIDESTEP R19
1455 SIDESTEP R22
1456 SIDESTEP R32
1456 DELIVER 336 R33 67
1456 DELIVER 307 R35 218
1457 GO_CHARGE R33 6 1
1457 GO_CHARGE R35 45 1
1457 SIDESTEP R29
1458 DELIVER 292 R2 251
1459 ASSIGN 355 R2 90
1460 SIDESTEP R13
1460 SIDESTEP R19
1460 SIDESTEP R22
1460 DELIVER 315 R28 181
1461 CHARGED R0
1461 ASSIGN 342 R0 77
1461 GO_CHARGE R28 19 1
1461 SIDESTEP R32
1462 SIDESTEP R29
1462 SIDESTEP R36
1463 DELIVER 308 R5 224
1463 DELIVER 330 R7 107
1464 ASSIGN 356 R7 29
1464 ASSIGN 343 R5 73
1465 SIDESTEP R19
1465 PICK 339 R21
1465 SIDESTEP R22
1465 PICK 345 R39
1467 DELIVER 335 R14 94
1467 SIDESTEP R29
1467 PICK 348 R31
1467 SIDESTEP R36
1468 CHARGED R10
1468 ASSIGN 358 R10 46
1468 GO_CHARGE R14 32 1
1470 SIDESTEP R22
1471 PICK 337 R27
1473 CANCEL_FAIL 100358
1473 CHARGE R1
1475 SIDESTEP R22
1475 DELIVER 318 R24 183
1476 GO_CHARGE R24 71 1
1476 PICK 349 R12
1479 SIDESTEP R3
1479 PICK 338 R13
1479 PICK 333 R15
1480 SIDESTEP R22
1482 PICK 334 R17
1484 SIDESTEP R3
1485 SIDESTEP R22
1486 DELIVER 323 R18 159
1486 SIDESTEP R21
1487 ASSIGN 359 R18 92
1488 CHARGED R1
1488 ASSIGN 361 R1 42
1488 SIDESTEP R6
1489 SIDESTEP R3
1490 SIDESTEP R22
1490 DELIVER 328 R26 144
1491 GO_CHARGE R26 6 1
1491 SIDESTEP R21
1493 SIDESTEP R6
1493 SIDESTEP R19
1494 SIDESTEP R3
1495 SIDESTEP R22
1495 CHARGE R30
1496 SIDESTEP R21
1496 DELIVER 325 R32 163
1497 ASSIGN 363 R32 19
1498 SIDESTEP R6
1498 SIDESTEP R19
1499 SIDESTEP R3
1499 DELIVER 333 R15 129
1499 REPORT pending=12 idle=1 to_pickup=12 delivering=11 to_charger=15 charging=1 dead=0 hot=40,1,7
SUMMARY delivered=327 lost=0 rejected=1 cancelled=10 open=35
LATENCY sum=40250 max=704 avg=123
ROBOT R0 36 5 1101 TO_PICKUP 1007 135
ROBOT R1 57 1 1103 TO_PICKUP 1005 134
ROBOT R2 55 37 755 TO_PICKUP 453 134
ROBOT R3 5 25 387 DELIVERING 821 338
ROBOT R4 85 1 173 TO_CHARGER 1035 48
ROBOT R5 34 38 301 TO_PICKUP 907 227
ROBOT R6 49 38 192 TO_CHARGER 1016 198
ROBOT R7 40 45 512 TO_PICKUP 696 88
ROBOT R8 37 1 1059 TO_PICKUP 1049 201
ROBOT R9 86 13 142 TO_CHARGER 1066 221
ROBOT R10 41 1 1129 TO_PICKUP 1039 118
ROBOT R11 40 1 121 TO_CHARGER 1087 174
ROBOT R12 48 38 356 DELIVERING 852 157
ROBOT R13 46 29 941 DELIVERING 1287 30
ROBOT R14 5 1 244 TO_CHARGER 964 197
ROBOT R15 2 17 510 IDLE 698 538
ROBOT R16 42 1 1061 TO_PICKUP 1047 158
ROBOT R17 70 50 319 DELIVERING 889 193
ROBOT R18 15 2 451 TO_PICKUP 757 150
ROBOT R19 13 26 1057 TO_PICKUP 1051 217
ROBOT R20 29 42 199 DELIVERING 1009 162
ROBOT R21 40 44 559 DELIVERING 649 297
ROBOT R22 43 1 341 DELIVERING 867 310
ROBOT R23 2 1 248 TO_CHARGER 960 71
ROBOT R24 79 45 203 TO_CHARGER 1005 66
ROBOT R25 13 27 291 TO_PICKUP 917 151
ROBOT R26 4 1 277 TO_CHARGER 931 193
ROBOT R27 27 24 357 DELIVERING 851 419
ROBOT R28 2 4 157 TO_CHARGER 1051 34
ROBOT R29 39 1 157 TO_CHARGER 1051 199
ROBOT R30 6 1 333 CHARGING 1115 46
ROBOT R31 43 48 715 DELIVERING 493 76
ROBOT R32 54 56 361 TO_PICKUP 847 307
ROBOT R33 5 28 254 TO_CHARGER 954 133
ROBOT R34 45 14 221 TO_CHARGER 987 49
ROBOT R35 40 32 237 TO_CHARGER 971 239
ROBOT R36 38 1 169 TO_CHARGER 1039 189
ROBOT R37 5 26 195 TO_CHARGER 1013 101
ROBOT R38 9 23 145 DELIVERING 1063 113
ROBOT R39 7 29 326 DELIVERING 882 134
