0 ASSIGN 1 R27 5
1 ASSIGN 2 R7 9
2 ASSIGN 3 R15 10
4 ASSIGN 4 R28 9
4 PICK 1 R27
6 ASSIGN 5 R22 1
6 PICK 5 R22
8 ASSIGN 6 R36 5
9 PICK 2 R7
11 PICK 3 R15
12 ASSIGN 7 R1 5
12 PICK 4 R28
12 PICK 6 R36
13 ASSIGN 8 R6 4
14 ASSIGN 9 R5 1
14 PICK 9 R5
14 SIDESTEP R22
16 PICK 7 R1
16 PICK 8 R6
17 ASSIGN 10 R18 4
20 ASSIGN 11 R33 8
20 PICK 10 R18
20 SIDESTEP R22
22 ASSIGN 12 R10 5
26 PICK 12 R10
26 SIDESTEP R22
27 ASSIGN 13 R4 9
27 PICK 11 R33
28 SIDESTEP R15
30 DELIVER 1 R27 30
31 ASSIGN 14 R25 8
32 ASSIGN 15 R3 4
32 SIDESTEP R22
34 SIDESTEP R15
35 ASSIGN 16 R27 4
35 PICK 15 R3
35 PICK 13 R4
37 DELIVER 10 R18 20
38 ASSIGN 17 R14 10
38 SIDESTEP R22
38 PICK 14 R25
38 PICK 16 R27
39 ASSIGN 18 R12 11
40 SIDESTEP R15
41 ASSIGN 19 R11 11
42 ASSIGN 20 R32 5
44 SIDESTEP R22
46 SIDESTEP R15
46 SIDESTEP R32
47 PICK 17 R14
49 PICK 18 R12
49 SIDESTEP R36
49 REPORT pending=0 idle=22 to_pickup=2 delivering=16 to_charger=0 charging=0 dead=0 hot=14,30,3
50 SIDESTEP R22
51 ASSIGN 21 R31 20
51 DELIVER 9 R5 37
51 PICK 19 R11
52 SIDESTEP R15
52 PICK 20 R32
54 SIDESTEP R36
55 ASSIGN 22 R0 18
56 SIDESTEP R22
57 DELIVER 4 R28 53
58 ASSIGN 23 R13 4
58 SIDESTEP R10
59 SIDESTEP R36
61 PICK 23 R13
62 SIDESTEP R22
63 ASSIGN 24 R9 16
63 DELIVER 18 R12 24
64 SIDESTEP R36
65 ASSIGN 25 R30 29
65 DELIVER 7 R1 53
67 ASSIGN 26 R16 32
68 SIDESTEP R22
69 SIDESTEP R36
70 SIDESTEP R4
70 PICK 21 R31
71 ASSIGN 27 R17 2
72 PICK 22 R0
72 PICK 27 R17
73 ASSIGN 28 R34 11
74 SIDESTEP R22
74 SIDESTEP R36
75 SIDESTEP R3
75 SIDESTEP R4
76 SIDESTEP R7
76 DELIVER 23 R13 18
77 ASSIGN 29 R38 23
77 DELIVER 8 R6 64
77 SIDESTEP R32
78 ASSIGN 30 R6 43
78 PICK 24 R9
78 SIDESTEP R10
79 SIDESTEP R15
80 ASSIGN 31 R21 4
80 SIDESTEP R22
81 SIDESTEP R36
82 SIDESTEP R7
82 SIDESTEP R32
83 SIDESTEP R3
83 PICK 31 R21
83 PICK 28 R34
84 ASSIGN 32 R35 14
84 SIDESTEP R10
84 SIDESTEP R14
84 DELIVER 14 R25 53
85 SIDESTEP R15
86 ASSIGN 33 R8 44
86 SIDESTEP R22
86 SIDESTEP R36
87 SIDESTEP R32
88 ASSIGN 34 R2 23
88 SIDESTEP R3
88 SIDESTEP R7
89 SIDESTEP R14
90 SIDESTEP R10
91 ASSIGN 35 R5 43
91 SIDESTEP R15
91 DELIVER 11 R33 71
91 SIDESTEP R36
92 SIDESTEP R32
93 ASSIGN 36 R19 36
93 SIDESTEP R3
93 PICK 25 R30
94 SIDESTEP R7
94 DELIVER 12 R10 72
94 SIDESTEP R14
94 SIDESTEP R38
96 SIDESTEP R22
97 ASSIGN 37 R12 9
97 SIDESTEP R15
98 ASSIGN 38 R13 17
98 SIDESTEP R3
98 PICK 26 R16
98 DELIVER 28 R34 25
99 SIDESTEP R0
99 SIDESTEP R4
99 SIDESTEP R14
99 SIDESTEP R38
99 REPORT pending=0 idle=14 to_pickup=9 delivering=17 to_charger=0 charging=0 dead=0 hot=2,20,5
100 SIDESTEP R7
101 ASSIGN 39 R29 27
101 SIDESTEP R11
102 SIDESTEP R22
103 ASSIGN 40 R1 26
103 SIDESTEP R15
104 SIDESTEP R4
104 DELIVER 2 R7 103
104 SIDESTEP R14
105 ASSIGN 41 R24 24
105 PICK 37 R12
106 SIDESTEP R11
107 SIDESTEP R22
109 SIDESTEP R0
109 SIDESTEP R4
109 SIDESTEP R14
109 SIDESTEP R15
110 ASSIGN 42 R20 31
110 PICK 34 R2
111 ASSIGN 43 R37 42
111 SIDESTEP R11
112 SIDESTEP R22
114 SIDESTEP R4
114 PICK 38 R13
114 SIDESTEP R14
115 SIDESTEP R15
116 SIDESTEP R11
117 SIDESTEP R22
118 ASSIGN 44 R18 9
118 DELIVER 16 R27 83
119 ASSIGN 45 R7 18
119 SIDESTEP R14
119 DELIVER 21 R31 68
120 PICK 30 R6
121 ASSIGN 46 R27 8
121 SIDESTEP R11
121 SIDESTEP R15
122 SIDESTEP R22
123 ASSIGN 47 R26 35
123 SIDESTEP R9
123 PICK 32 R35
124 ASSIGN 48 R34 10
124 SIDESTEP R14
126 SIDESTEP R11
126 PICK 44 R18
127 ASSIGN 49 R25 34
127 SIDESTEP R15
127 SIDESTEP R22
128 PICK 40 R1
128 DELIVER 15 R3 96
128 SIDESTEP R9
128 PICK 36 R19
128 PICK 41 R24
128 PICK 46 R27
128 SIDESTEP R34
128 SIDESTEP R35
129 ASSIGN 50 R3 34
129 DELIVER 31 R21 49
130 ASSIGN 51 R21 10
130 SIDESTEP R17
131 ASSIGN 52 R33 43
131 SIDESTEP R11
131 DELIVER 6 R36 123
131 SIDESTEP R38
133 ASSIGN 53 R36 60
133 PICK 35 R5
133 SIDESTEP R9
133 SIDESTEP R15
133 SIDESTEP R20
135 ASSIGN 54 R23 59
135 SIDESTEP R17
135 DELIVER 25 R30 70
136 ASSIGN 55 R30 56
136 SIDESTEP R11
137 ASSIGN 56 R10 63
137 SIDESTEP R13
137 SIDESTEP R32
138 SIDESTEP R9
138 DELIVER 17 R14 100
139 DELIVER 37 R12 42
139 SIDESTEP R15
139 SIDESTEP R16
139 PICK 51 R21
139 PICK 48 R34
140 SIDESTEP R17
141 SIDESTEP R11
142 SIDESTEP R13
142 SIDESTEP R32
144 SIDESTEP R16
145 SIDESTEP R15
145 SIDESTEP R17
146 SIDESTEP R11
148 ASSIGN 57 R31 37
148 DELIVER 32 R35 64
149 ASSIGN 58 R39 32
149 DELIVER 34 R2 61
149 SIDESTEP R16
149 SIDESTEP R34
149 REPORT pending=0 idle=5 to_pickup=16 delivering=19 to_charger=0 charging=0 dead=0 hot=3,40,4
150 SIDESTEP R17
151 DELIVER 22 R0 96
151 SIDESTEP R11
151 SIDESTEP R15
152 DELIVER 13 R4 125
152 DELIVER 24 R9 89
152 PICK 42 R20
152 PICK 43 R37
153 ASSIGN 59 R4 35
154 SIDESTEP R16
155 ASSIGN 60 R9 36
155 DELIVER 38 R13 57
156 ASSIGN 61 R2 32
156 PICK 45 R7
156 SIDESTEP R15
157 DELIVER 41 R24 52
157 DELIVER 20 R32 115
158 ASSIGN 62 R32 30
158 PICK 29 R38
159 PICK 33 R8
159 SIDESTEP R16
159 DELIVER 5 R22 153
160 ASSIGN 63 R0 27
160 PICK 49 R25
161 SIDESTEP R15
162 PICK 50 R3
163 ASSIGN 64 R24 30
164 SIDESTEP R16
164 DELIVER 27 R17 93
165 ASSIGN 65 R35 13
165 PICK 47 R26
166 SIDESTEP R15
166 DELIVER 51 R21 36
167 ASSIGN 66 R17 27
169 ASSIGN 67 R13 15
169 DELIVER 44 R18 51
170 DELIVER 19 R11 129
170 SIDESTEP R33
170 DELIVER 48 R34 46
171 ASSIGN 68 R28 21
171 SIDESTEP R6
171 SIDESTEP R15
171 SIDESTEP R37
173 ASSIGN 69 R21 20
173 SIDESTEP R5
173 SIDESTEP R29
174 REJECT 70
175 ASSIGN 71 R12 11
176 SIDESTEP R15
176 PICK 39 R29
177 CANCEL_FAIL 8
177 PICK 65 R35
177 SIDESTEP R37
178 ASSIGN 72 R11 20
178 SIDESTEP R5
179 DELIVER 46 R27 58
180 SIDESTEP R10
180 PICK 52 R33
181 DELIVER 40 R1 78
181 SIDESTEP R15
182 ASSIGN 73 R34 23
183 CANCEL_FAIL 5
183 SIDESTEP R5
183 PICK 67 R13
183 SIDESTEP R37
184 DELIVER 30 R6 106
185 ASSIGN 74 R1 28
185 PICK 71 R12
186 ASSIGN 75 R6 28
186 PICK 63 R0
186 SIDESTEP R7
186 SIDESTEP R15
187 ASSIGN 76 R27 56
187 SIDESTEP R20
187 PICK 62 R32
188 SIDESTEP R26
189 SIDESTEP R2
189 PICK 59 R4
189 SIDESTEP R25
189 SIDESTEP R37
190 ASSIGN 77 R14 41
190 DELIVER 36 R19 97
191 SIDESTEP R15
191 PICK 55 R30
192 DELIVER 67 R13 23
192 PICK 69 R21
193 ASSIGN 78 R18 46
193 PICK 61 R2
193 PICK 64 R24
193 SIDESTEP R26
194 SIDESTEP R25
194 DELIVER 43 R37 83
195 ASSIGN 79 R19 23
195 PICK 54 R23
195 PICK 68 R28
196 ASSIGN 80 R13 34
196 SIDESTEP R15
197 PICK 72 R11
197 SIDESTEP R29
197 PICK 53 R36
198 ASSIGN 81 R22 42
198 SIDESTEP R26
199 SIDESTEP R25
199 REPORT pending=0 idle=1 to_pickup=14 delivering=25 to_charger=0 charging=0 dead=0 hot=5,29,4
201 ASSIGN 82 R37 56
201 SIDESTEP R15
201 SIDESTEP R27
202 SIDESTEP R3
202 PICK 60 R9
202 DELIVER 42 R20 92
203 ASSIGN 83 R20 38
203 DELIVER 45 R7 84
203 SIDESTEP R26
204 ASSIGN 84 R7 34
204 PICK 73 R34
205 DELIVER 33 R8 119
206 SIDESTEP R15
206 SIDESTEP R27
207 ASSIGN 85 R8 43
207 SIDESTEP R3
207 DELIVER 26 R16 140
208 PICK 56 R10
208 SIDESTEP R26
209 ASSIGN 86 R16 38
210 DELIVER 35 R5 119
210 DELIVER 71 R12 35
211 DELIVER 72 R11 33
211 DELIVER 29 R38 134
212 ASSIGN 87 R12 14
212 SIDESTEP R3
213 PICK 74 R1
213 PICK 75 R6
213 DELIVER 49 R25 86
213 SIDESTEP R26
214 ASSIGN 88 R38 11
217 SIDESTEP R3
217 PICK 79 R19
218 ASSIGN 89 R25 49
218 SIDESTEP R26
219 ASSIGN 90 R5 24
220 DELIVER 69 R21 47
221 PICK 66 R17
221 SIDESTEP R30
222 ASSIGN 91 R21 21
222 SIDESTEP R14
222 DELIVER 3 R15 220
224 DELIVER 63 R0 64
224 SIDESTEP R8
224 SIDESTEP R27
224 SIDESTEP R36
225 ASSIGN 92 R11 24
226 SIDESTEP R30
226 PICK 88 R38
227 SIDESTEP R7
228 ASSIGN 93 R15 34
228 DELIVER 54 R23 93
228 SIDESTEP R32
229 CANCEL_FAIL 26
229 ASSIGN 94 R0 23
229 PICK 87 R12
229 PICK 80 R13
229 SIDESTEP R27
229 SIDESTEP R36
230 ASSIGN 95 R23 45
230 SIDESTEP R8
231 DELIVER 39 R29 130
231 SIDESTEP R30
234 DELIVER 64 R24 71
234 SIDESTEP R36
234 SIDESTEP R37
234 PICK 58 R39
236 DELIVER 50 R3 107
236 SIDESTEP R30
236 DELIVER 62 R32 78
238 ASSIGN 96 R32 13
238 DELIVER 87 R12 26
238 PICK 78 R18
239 PICK 81 R22
239 SIDESTEP R37
240 ASSIGN 97 R29 22
240 DELIVER 61 R2 84
240 PICK 83 R20
241 DELIVER 59 R4 88
241 SIDESTEP R30
242 ASSIGN 98 R4 46
242 PICK 90 R5
242 PICK 84 R7
242 DELIVER 47 R26 119
243 ASSIGN 99 R26 28
244 SIDESTEP R29
244 SIDESTEP R37
245 DELIVER 75 R6 59
245 DELIVER 60 R9 90
246 ASSIGN 100 R3 15
246 PICK 86 R16
246 SIDESTEP R27
246 SIDESTEP R30
246 DELIVER 52 R33 115
247 ASSIGN 101 R6 10
248 ASSIGN 102 R24 33
249 ASSIGN 103 R33 42
249 PICK 92 R11
249 SIDESTEP R37
249 DELIVER 88 R38 35
249 REPORT pending=0 idle=4 to_pickup=18 delivering=18 to_charger=0 charging=0 dead=0 hot=27,29,3
250 ASSIGN 104 R9 20
250 PICK 91 R21
250 PICK 96 R32
251 SIDESTEP R30
252 ASSIGN 105 R38 56
252 PICK 94 R0
254 DELIVER 68 R28 83
254 DELIVER 73 R34 72
254 SIDESTEP R37
255 SIDESTEP R24
256 PICK 101 R6
259 DELIVER 56 R10 122
259 SIDESTEP R11
259 SIDESTEP R32
259 SIDESTEP R37
260 PICK 100 R3
260 PICK 77 R14
260 SIDESTEP R24
260 PICK 57 R31
261 ASSIGN 107 R2 30
261 PICK 93 R15
261 SIDESTEP R38
262 ASSIGN 108 R28 28
262 PICK 85 R8
263 ASSIGN 109 R34 18
264 SIDESTEP R11
264 DELIVER 86 R16 55
265 DELIVER 101 R6 18
266 ASSIGN 111 R12 14
266 SIDESTEP R7
266 SIDESTEP R17
266 PICK 89 R25
267 ASSIGN 112 R6 15
267 PICK 97 R29
268 CANCEL_FAIL 101
268 SIDESTEP R20
269 SIDESTEP R5
269 PICK 104 R9
269 DELIVER 58 R39 120
270 PICK 99 R26
271 ASSIGN 113 R39 21
271 DELIVER 74 R1 86
271 SIDESTEP R7
271 DELIVER 80 R13 75
272 DELIVER 65 R35 107
274 SIDESTEP R5
274 SIDESTEP R20
274 PICK 95 R23
274 SIDESTEP R34
275 ASSIGN 114 R10 4
275 PICK 76 R27
275 SIDESTEP R32
276 ASSIGN 115 R13 26
276 DELIVER 94 R0 47
276 SIDESTEP R7
276 SIDESTEP R37
279 SIDESTEP R5
279 PICK 111 R12
279 SIDESTEP R20
280 DELIVER 79 R19 85
280 SIDESTEP R34
281 ASSIGN 116 R0 11
281 PICK 112 R6
281 SIDESTEP R7
281 SIDESTEP R36
282 SIDESTEP R2
282 PICK 114 R10
282 SIDESTEP R32
283 ASSIGN 117 R1 29
284 SIDESTEP R18
285 DELIVER 100 R3 39
286 SIDESTEP R36
287 ASSIGN 118 R19 30
287 DELIVER 93 R15 59
288 ASSIGN 119 R15 24
289 ASSIGN 120 R3 12
289 SIDESTEP R18
290 ASSIGN 121 R35 15
290 SIDESTEP R2
291 ASSIGN 122 R16 57
291 PICK 116 R0
291 SIDESTEP R17
291 DELIVER 91 R21 69
291 PICK 103 R33
291 SIDESTEP R36
292 DELIVER 83 R20 90
293 ASSIGN 123 R21 34
293 SIDESTEP R19
293 PICK 108 R28
293 SIDESTEP R30
294 ASSIGN 124 R20 61
294 SIDESTEP R6
294 DELIVER 111 R12 28
294 DELIVER 66 R17 127
294 SIDESTEP R18
294 PICK 109 R34
295 SIDESTEP R2
295 PICK 98 R4
296 SIDESTEP R1
296 SIDESTEP R36
297 DELIVER 84 R7 94
297 SIDESTEP R8
298 ASSIGN 125 R17 53
298 SIDESTEP R19
298 SIDESTEP R30
299 SIDESTEP R6
299 SIDESTEP R10
299 SIDESTEP R11
299 SIDESTEP R18
299 REPORT pending=2 idle=2 to_pickup=15 delivering=23 to_charger=0 charging=0 dead=0 hot=5,14,5
300 DELIVER 81 R22 102
300 DELIVER 89 R25 82
300 SIDESTEP R32
301 SIDESTEP R1
301 PICK 120 R3
301 SIDESTEP R36
302 SIDESTEP R31
303 ASSIGN 126 R25 37
304 SIDESTEP R6
304 SIDESTEP R18
304 SIDESTEP R35
305 PICK 115 R13
305 PICK 102 R24
305 DELIVER 99 R26 62
305 SIDESTEP R32
306 ASSIGN 127 R26 35
306 SIDESTEP R36
307 SIDESTEP R28
308 DELIVER 95 R23 78
308 SIDESTEP R31
309 SIDESTEP R29
309 SIDESTEP R35
310 ASSIGN 129 R7 16
311 ASSIGN 130 R23 34
311 ASSIGN 106 R12 49
311 ASSIGN 110 R22 65
311 DELIVER 77 R14 121
311 PICK 119 R15
311 SIDESTEP R27
311 PICK 105 R38
312 ASSIGN 131 R14 23
312 DELIVER 96 R32 74
313 SIDESTEP R0
314 SIDESTEP R7
314 SIDESTEP R28
314 SIDESTEP R29
315 PICK 113 R39
316 SIDESTEP R27
316 DELIVER 57 R31 168
317 ASSIGN 132 R31 36
318 SIDESTEP R0
319 SIDESTEP R14
319 SIDESTEP R28
319 SIDESTEP R29
319 DELIVER 53 R36 186
320 PICK 107 R2
320 SIDESTEP R3
320 DELIVER 114 R10 45
321 ASSIGN 133 R10 37
322 ASSIGN 134 R36 13
322 SIDESTEP R21
323 ASSIGN 135 R32 33
323 SIDESTEP R0
323 SIDESTEP R34
324 DELIVER 119 R15 36
324 SIDESTEP R29
324 DELIVER 113 R39 53
325 SIDESTEP R3
326 DELIVER 108 R28 64
327 ASSIGN 136 R28 28
327 DELIVER 90 R5 108
327 SIDESTEP R21
327 SIDESTEP R27
328 SIDESTEP R0
329 SIDESTEP R29
330 PICK 118 R19
331 SIDESTEP R6
331 PICK 129 R7
331 PICK 121 R35
332 DELIVER 98 R4 90
332 SIDESTEP R21
332 DELIVER 55 R30 196
333 ASSIGN 137 R15 20
333 SIDESTEP R0
333 DELIVER 85 R8 126
334 ASSIGN 138 R8 11
334 SIDESTEP R29
335 SIDESTEP R36
336 SIDESTEP R6
337 ASSIGN 139 R39 37
338 ASSIGN 140 R5 43
338 SIDESTEP R0
338 PICK 131 R14
338 PICK 82 R37
339 DELIVER 104 R9 89
339 SIDESTEP R29
340 PICK 117 R1
341 SIDESTEP R6
341 DELIVER 115 R13 65
341 PICK 134 R36
341 DELIVER 105 R38 89
342 ASSIGN 141 R9 44
342 SIDESTEP R8
343 ASSIGN 142 R13 4
343 SIDESTEP R0
344 ASSIGN 143 R30 60
344 PICK 130 R23
344 PICK 127 R26
344 SIDESTEP R27
344 SIDESTEP R29
345 ASSIGN 144 R4 76
345 SIDESTEP R22
346 ASSIGN 145 R38 67
346 SIDESTEP R6
346 PICK 142 R13
347 REJECT 146
347 SIDESTEP R8
347 PICK 122 R16
348 SIDESTEP R0
348 SIDESTEP R34
349 SIDESTEP R12
349 PICK 123 R21
349 DELIVER 102 R24 101
349 REPORT pending=2 idle=1 to_pickup=17 delivering=22 to_charger=0 charging=0 dead=0 hot=5,13,5
350 ASSIGN 128 R24 37
350 SIDESTEP R22
351 SIDESTEP R6
351 SIDESTEP R17
351 DELIVER 78 R18 158
351 DELIVER 134 R36 29
352 ASSIGN 147 R36 44
352 ASSIGN 148 R18 44
352 SIDESTEP R8
352 PICK 137 R15
353 SIDESTEP R0
353 DELIVER 103 R33 104
354 CANCEL_FAIL 83
354 ASSIGN 150 R33 74
354 SIDESTEP R12
354 PICK 136 R28
355 SIDESTEP R16
355 SIDESTEP R22
355 PICK 135 R32
356 SIDESTEP R6
356 SIDESTEP R37
357 SIDESTEP R8
357 PICK 133 R10
357 DELIVER 92 R11 132
357 PICK 125 R17
358 ASSIGN 152 R11 51
359 PICK 132 R31
361 SIDESTEP R6
361 DELIVER 122 R16 70
361 DELIVER 97 R29 121
362 ASSIGN 154 R29 23
362 ASSIGN 153 R16 34
362 SIDESTEP R8
363 SIDESTEP R1
366 DELIVER 107 R2 105
366 SIDESTEP R6
367 ASSIGN 155 R2 40
367 SIDESTEP R8
367 SIDESTEP R21
367 DELIVER 76 R27 180
368 ASSIGN 149 R27 53
368 SIDESTEP R1
368 DELIVER 109 R34 105
369 ASSIGN 151 R34 36
369 SIDESTEP R26
371 SIDESTEP R6
371 PICK 106 R12
372 SIDESTEP R21
372 PICK 126 R25
374 DELIVER 131 R14 62
375 ASSIGN 161 R14 59
376 DELIVER 116 R0 95
376 SIDESTEP R6
376 SIDESTEP R24
377 ASSIGN 157 R0 25
377 DELIVER 142 R13 34
377 PICK 139 R39
378 ASSIGN 159 R13 61
378 SIDESTEP R23
379 DELIVER 117 R1 96
379 SIDESTEP R12
379 SIDESTEP R22
380 ASSIGN 162 R1 47
380 PICK 140 R5
380 PICK 138 R8
380 DELIVER 137 R15 47
380 DELIVER 118 R19 93
380 SIDESTEP R25
381 ASSIGN 156 R15 32
381 ASSIGN 158 R19 70
381 SIDESTEP R6
381 SIDESTEP R24
384 SIDESTEP R12
384 SIDESTEP R22
384 SIDESTEP R36
385 PICK 154 R29
385 SIDESTEP R30
386 SIDESTEP R6
386 PICK 141 R9
386 SIDESTEP R24
389 REJECT 165
389 SIDESTEP R22
389 SIDESTEP R36
390 SIDESTEP R30
391 SIDESTEP R6
391 SIDESTEP R24
392 SIDESTEP R10
392 SIDESTEP R20
395 PICK 153 R16
395 PICK 148 R18
395 SIDESTEP R23
395 SIDESTEP R30
396 SIDESTEP R6
396 DELIVER 138 R8 62
396 SIDESTEP R24
397 ASSIGN 163 R8 32
397 SIDESTEP R17
398 SIDESTEP R5
398 DELIVER 123 R21 105
398 DELIVER 82 R37 197
399 ASSIGN 164 R21 55
399 ASSIGN 167 R37 60
399 DELIVER 120 R3 110
399 REPORT pending=3 idle=1 to_pickup=21 delivering=18 to_charger=0 charging=0 dead=0 hot=15,16,4
400 ASSIGN 160 R3 27
400 SIDESTEP R23
401 PICK 157 R0
401 DELIVER 132 R31 84
402 ASSIGN 169 R31 24
402 SIDESTEP R1
404 SIDESTEP R35
405 DELIVER 129 R7 95
405 SIDESTEP R16
405 SIDESTEP R23
406 ASSIGN 166 R7 57
406 PICK 155 R2
406 SIDESTEP R10
407 SIDESTEP R1
407 DELIVER 127 R26 101
408 ASSIGN 168 R26 27
408 SIDESTEP R25
409 DELIVER 135 R32 86
409 SIDESTEP R35
410 ASSIGN 170 R32 47
410 SIDESTEP R11
410 SIDESTEP R23
411 SIDESTEP R10
411 SIDESTEP R16
411 SIDESTEP R22
412 SIDESTEP R1
412 PICK 156 R15
412 PICK 145 R38
413 SIDESTEP R25
414 PICK 124 R20
414 SIDESTEP R35
415 SIDESTEP R11
415 SIDESTEP R23
415 DELIVER 139 R39 78
416 ASSIGN 171 R39 48
416 SIDESTEP R10
416 SIDESTEP R16
416 PICK 128 R24
416 PICK 151 R34
417 SIDESTEP R1
418 SIDESTEP R25
418 DELIVER 136 R28 91
419 ASSIGN 172 R28 39
419 SIDESTEP R35
420 PICK 144 R4
420 SIDESTEP R11
420 SIDESTEP R23
421 SIDESTEP R10
423 SIDESTEP R25
424 PICK 143 R30
425 SIDESTEP R11
425 DELIVER 148 R18 75
425 SIDESTEP R19
425 SIDESTEP R23
426 ASSIGN 176 R18 21
426 PICK 160 R3
426 SIDESTEP R14
426 SIDESTEP R15
426 SIDESTEP R26
426 PICK 169 R31
426 SIDESTEP R39
427 DELIVER 112 R6 160
427 SIDESTEP R28
427 PICK 150 R33
428 ASSIGN 178 R6 30
428 PICK 163 R8
428 SIDESTEP R25
429 DELIVER 106 R12 173
430 ASSIGN 175 R12 53
430 SIDESTEP R19
430 SIDESTEP R23
431 DELIVER 141 R9 89
431 SIDESTEP R11
431 SIDESTEP R15
432 ASSIGN 179 R9 49
432 SIDESTEP R28
432 PICK 147 R36
433 DELIVER 140 R5 95
433 SIDESTEP R25
434 ASSIGN 180 R5 26
434 DELIVER 128 R24 125
435 ASSIGN 181 R24 34
435 DELIVER 157 R0 65
435 SIDESTEP R19
435 SIDESTEP R34
436 ASSIGN 173 R0 52
437 SIDESTEP R18
437 SIDESTEP R28
438 SIDESTEP R25
440 SIDESTEP R19
440 SIDESTEP R34
441 PICK 161 R14
442 SIDESTEP R16
442 SIDESTEP R18
442 PICK 168 R26
442 SIDESTEP R28
442 DELIVER 145 R38 96
443 ASSIGN 174 R38 60
443 SIDESTEP R20
443 SIDESTEP R25
444 DELIVER 144 R4 99
444 PICK 152 R11
445 ASSIGN 185 R4 49
446 SIDESTEP R13
447 SIDESTEP R16
447 SIDESTEP R18
447 SIDESTEP R28
448 SIDESTEP R25
448 DELIVER 154 R29 87
449 ASSIGN 177 R29 48
449 DELIVER 125 R17 151
449 REPORT pending=5 idle=1 to_pickup=21 delivering=18 to_charger=0 charging=0 dead=0 hot=35,15,4
450 ASSIGN 182 R17 48
451 PICK 159 R13
451 SIDESTEP R22
451 DELIVER 143 R30 107
452 CANCEL_FAIL 100187
452 ASSIGN 183 R30 10
452 SIDESTEP R16
452 DELIVER 121 R35 162
453 ASSIGN 188 R35 38
453 SIDESTEP R25
456 SIDESTEP R10
457 DELIVER 156 R15 88
457 SIDESTEP R16
457 SIDESTEP R22
457 SIDESTEP R36
458 ASSIGN 189 R15 13
458 PICK 162 R1
459 PICK 180 R5
459 SIDESTEP R32
459 PICK 167 R37
460 PICK 149 R27
461 PICK 178 R6
461 DELIVER 163 R8 74
461 DELIVER 133 R10 140
461 PICK 183 R30
462 ASSIGN 190 R8 13
462 ASSIGN 184 R10 72
462 SIDESTEP R16
462 SIDESTEP R22
462 DELIVER 168 R26 65
463 ASSIGN 186 R26 22
463 SIDESTEP R7
463 SIDESTEP R35
463 SIDESTEP R36
464 PICK 176 R18
465 SIDESTEP R9
467 SIDESTEP R16
468 DELIVER 130 R23 157
468 SIDESTEP R35
468 SIDESTEP R36
469 ASSIGN 194 R23 66
469 SIDESTEP R7
469 SIDESTEP R32
471 PICK 189 R15
472 SIDESTEP R16
472 DELIVER 124 R20 178
472 PICK 164 R21
472 SIDESTEP R28
473 ASSIGN 187 R20 37
473 SIDESTEP R35
474 SIDESTEP R7
474 PICK 190 R8
474 SIDESTEP R22
475 SIDESTEP R10
475 SIDESTEP R32
475 PICK 171 R39
476 DELIVER 161 R14 101
477 ASSIGN 199 R14 49
477 DELIVER 160 R3 103
477 SIDESTEP R11
477 SIDESTEP R16
478 ASSIGN 191 R3 29
478 SIDESTEP R35
479 SIDESTEP R0
479 DELIVER 152 R11 121
480 CANCEL_FAIL 136
480 ASSIGN 192 R11 39
480 SIDESTEP R17
480 SIDESTEP R22
480 SIDESTEP R32
480 SIDESTEP R36
482 SIDESTEP R13
482 DELIVER 183 R30 44
483 CANCEL_FAIL 155
483 ASSIGN 203 R30 42
483 SIDESTEP R12
483 SIDESTEP R35
484 SIDESTEP R0
485 CANCEL_FAIL 143
485 SIDESTEP R15
485 SIDESTEP R22
486 SIDESTEP R7
486 SIDESTEP R26
486 SIDESTEP R36
487 DELIVER 162 R1 108
487 SIDESTEP R13
487 SIDESTEP R17
487 DELIVER 169 R31 86
487 SIDESTEP R37
488 ASSIGN 206 R1 54
488 ASSIGN 193 R31 56
488 SIDESTEP R12
488 SIDESTEP R18
488 SIDESTEP R35
489 SIDESTEP R0
489 DELIVER 178 R6 61
489 DELIVER 150 R33 135
490 ASSIGN 195 R33 38
490 ASSIGN 196 R6 34
490 PICK 158 R19
491 DELIVER 153 R16 132
491 SIDESTEP R26
491 SIDESTEP R36
492 ASSIGN 197 R16 44
492 SIDESTEP R7
492 SIDESTEP R13
492 SIDESTEP R17
492 DELIVER 126 R25 189
492 SIDESTEP R32
492 SIDESTEP R37
493 ASSIGN 209 R25 32
493 PICK 185 R4
493 SIDESTEP R18
493 SIDESTEP R35
496 DELIVER 155 R2 131
497 ASSIGN 198 R2 59
497 SIDESTEP R7
497 SIDESTEP R8
497 SIDESTEP R13
497 SIDESTEP R17
497 SIDESTEP R22
497 PICK 177 R29
497 SIDESTEP R37
498 PICK 179 R9
498 SIDESTEP R18
498 SIDESTEP R32
499 REPORT pending=10 idle=0 to_pickup=25 delivering=15 to_charger=0 charging=0 dead=0 hot=34,12,6
500 DELIVER 180 R5 70
500 SIDESTEP R35
501 ASSIGN 212 R5 7
502 SIDESTEP R8
502 SIDESTEP R17
502 SIDESTEP R31
502 PICK 174 R38
503 SIDESTEP R18
503 SIDESTEP R22
503 SIDESTEP R32
503 SIDESTEP R36
504 SIDESTEP R12
504 SIDESTEP R37
505 PICK 173 R0
507 PICK 212 R5
507 SIDESTEP R8
507 SIDESTEP R17
508 SIDESTEP R18
508 DELIVER 164 R21 120
508 SIDESTEP R22
508 DELIVER 149 R27 156
508 SIDESTEP R36
509 ASSIGN 213 R27 13
509 ASSIGN 214 R21 51
509 SIDESTEP R7
509 SIDESTEP R10
509 SIDESTEP R14
509 DELIVER 189 R15 54
509 PICK 172 R28
509 SIDESTEP R37
510 ASSIGN 217 R15 56
510 SIDESTEP R13
511 SIDESTEP R20
512 SIDESTEP R8
512 SIDESTEP R17
514 SIDESTEP R10
514 PICK 186 R26
514 SIDESTEP R32
514 SIDESTEP R37
515 SIDESTEP R7
515 SIDESTEP R12
515 SIDESTEP R13
515 SIDESTEP R14
515 SIDESTEP R16
515 SIDESTEP R18
515 PICK 187 R20
515 DELIVER 171 R39 107
516 ASSIGN 220 R39 43
516 SIDESTEP R15
517 SIDESTEP R8
517 SIDESTEP R17
517 PICK 181 R24
518 PICK 192 R11
519 SIDESTEP R23
519 SIDESTEP R32
520 SIDESTEP R7
520 SIDESTEP R13
520 SIDESTEP R18
520 SIDESTEP R22
520 SIDESTEP R29
520 SIDESTEP R37
521 PICK 213 R27
522 SIDESTEP R8
522 SIDESTEP R12
522 SIDESTEP R17
523 PICK 196 R6
524 SIDESTEP R23
524 PICK 203 R30
525 SIDESTEP R22
525 PICK 209 R25
525 SIDESTEP R29
527 SIDESTEP R7
527 SIDESTEP R8
527 SIDESTEP R17
528 PICK 195 R33
529 SIDESTEP R2
530 SIDESTEP R29
530 SIDESTEP R32
532 DELIVER 212 R5 34
532 SIDESTEP R7
532 SIDESTEP R17
533 ASSIGN 218 R5 41
533 SIDESTEP R3
534 SIDESTEP R2
535 SIDESTEP R16
535 DELIVER 158 R19 163
535 DELIVER 209 R25 42
535 SIDESTEP R29
535 SIDESTEP R32
535 SIDESTEP R33
536 ASSIGN 221 R25 27
536 ASSIGN 223 R19 70
537 SIDESTEP R17
538 SIDESTEP R11
538 SIDESTEP R12
538 SIDESTEP R27
540 DELIVER 173 R0 124
540 SIDESTEP R18
540 SIDESTEP R25
540 SIDESTEP R29
540 SIDESTEP R32
541 ASSIGN 200 R0 49
541 PICK 206 R1
542 PICK 188 R35
543 SIDESTEP R27
544 DELIVER 185 R4 99
545 ASSIGN 229 R4 72
545 SIDESTEP R18
545 SIDESTEP R24
545 SIDESTEP R29
546 PICK 166 R7
547 DELIVER 179 R9 118
548 ASSIGN 201 R9 65
548 SIDESTEP R27
549 REPORT pending=19 idle=0 to_pickup=20 delivering=20 to_charger=0 charging=0 dead=0 hot=37,29,4
550 SIDESTEP R18
550 SIDESTEP R24
550 DELIVER 186 R26 103
550 SIDESTEP R29
550 SIDESTEP R38
551 ASSIGN 233 R26 58
551 SIDESTEP R2
551 PICK 193 R31
551 PICK 170 R32
553 PICK 191 R3
553 DELIVER 159 R13 180
553 SIDESTEP R27
554 CANCEL_FAIL 151
554 ASSIGN 234 R13 62
554 SIDESTEP R12
555 DELIVER 190 R8 98
555 SIDESTEP R18
555 SIDESTEP R24
555 SIDESTEP R29
555 SIDESTEP R35
555 SIDESTEP R38
556 ASSIGN 202 R8 50
557 PICK 197 R16
557 PICK 110 R22
557 SIDESTEP R34
558 DELIVER 196 R6 89
558 SIDESTEP R27
559 ASSIGN 239 R6 38
559 DELIVER 172 R28 145
560 ASSIGN 238 R28 56
560 PICK 199 R14
560 SIDESTEP R35
560 SIDESTEP R38
561 SIDESTEP R39
562 SIDESTEP R11
562 PICK 194 R23
563 SIDESTEP R4
563 SIDESTEP R19
563 SIDESTEP R34
563 DELIVER 167 R37 167
564 ASSIGN 244 R37 55
564 SIDESTEP R2
566 SIDESTEP R25
567 SIDESTEP R6
567 SIDESTEP R18
567 DELIVER 181 R24 135
567 SIDESTEP R28
568 ASSIGN 247 R24 22
568 SIDESTEP R4
568 SIDESTEP R19
568 PICK 220 R39
569 SIDESTEP R2
569 DELIVER 177 R29 143
570 ASSIGN 246 R29 34
570 DELIVER 206 R1 83
570 PICK 175 R12
570 PICK 182 R17
571 ASSIGN 204 R1 52
571 DELIVER 195 R33 104
572 ASSIGN 205 R33 20
573 SIDESTEP R4
573 PICK 218 R5
574 SIDESTEP R2
574 PICK 184 R10
574 SIDESTEP R34
576 SIDESTEP R0
576 DELIVER 192 R11 116
576 DELIVER 203 R30 93
577 ASSIGN 250 R11 23
577 ASSIGN 207 R30 47
578 SIDESTEP R4
579 SIDESTEP R2
579 SIDESTEP R34
580 SIDESTEP R19
581 DELIVER 187 R20 133
582 ASSIGN 253 R20 61
582 SIDESTEP R13
583 SIDESTEP R4
584 SIDESTEP R2
585 SIDESTEP R19
585 SIDESTEP R24
588 SIDESTEP R4
588 SIDESTEP R22
588 PICK 221 R25
588 SIDESTEP R36
589 SIDESTEP R2
590 SIDESTEP R17
591 DELIVER 176 R18 168
591 PICK 214 R21
591 SIDESTEP R34
591 DELIVER 188 R35 138
592 ASSIGN 256 R35 45
592 ASSIGN 258 R18 51
592 SIDESTEP R19
592 PICK 205 R33
592 DELIVER 174 R38 172
593 ASSIGN 260 R38 59
593 SIDESTEP R4
593 SIDESTEP R11
593 PICK 247 R24
594 SIDESTEP R3
596 PICK 217 R15
597 DELIVER 170 R32 192
598 ASSIGN 259 R32 25
598 SIDESTEP R4
598 DELIVER 166 R7 204
598 SIDESTEP R11
598 SIDESTEP R34
599 ASSIGN 208 R7 40
599 SIDESTEP R3
599 REPORT pending=31 idle=0 to_pickup=21 delivering=19 to_charger=0 charging=0 dead=0 hot=5,23,5
601 DELIVER 197 R16 131
601 SIDESTEP R21
602 ASSIGN 263 R16 39
602 PICK 239 R6
603 PICK 200 R0
603 SIDESTEP R12
603 PICK 246 R29
604 CANCEL 244
604 ASSIGN 210 R37 40
605 PICK 202 R8
605 SIDESTEP R17
605 SIDESTEP R23
606 SIDESTEP R21
606 DELIVER 193 R31 144
607 CANCEL 235
607 ASSIGN 211 R31 25
607 DELIVER 147 R36 258
608 ASSIGN 215 R36 48
608 DELIVER 110 R22 343
608 PICK 233 R26
608 DELIVER 220 R39 93
609 ASSIGN 216 R39 43
609 ASSIGN 219 R22 51
610 CANCEL_FAIL 185
610 SIDESTEP R10
610 SIDESTEP R17
610 SIDESTEP R23
612 SIDESTEP R34
613 PICK 201 R9
613 DELIVER 247 R24 46
614 ASSIGN 222 R24 33
615 SIDESTEP R10
615 SIDESTEP R15
615 SIDESTEP R17
615 SIDESTEP R23
616 SIDESTEP R3
616 PICK 250 R11
616 SIDESTEP R16
619 DELIVER 221 R25 93
620 ASSIGN 269 R25 56
620 SIDESTEP R10
620 SIDESTEP R17
620 DELIVER 151 R34 265
621 CANCEL_FAIL 239
621 ASSIGN 224 R34 21
621 SIDESTEP R19
621 DELIVER 205 R33 135
622 ASSIGN 225 R33 54
622 PICK 204 R1
622 PICK 198 R2
622 PICK 234 R13
622 SIDESTEP R21
622 PICK 238 R28
622 PICK 259 R32
623 PICK 207 R30
625 SIDESTEP R10
627 SIDESTEP R5
627 SIDESTEP R21
630 SIDESTEP R10
630 DELIVER 199 R14 154
630 SIDESTEP R29
631 ASSIGN 271 R14 79
631 SIDESTEP R38
632 DELIVER 191 R3 174
632 SIDESTEP R5
632 SIDESTEP R21
633 ASSIGN 272 R3 55
633 PICK 211 R31
634 DELIVER 213 R27 132
635 ASSIGN 275 R27 22
635 SIDESTEP R10
635 SIDESTEP R29
636 PICK 256 R35
638 PICK 208 R7
638 SIDESTEP R32
639 DELIVER 175 R12 218
640 ASSIGN 278 R12 68
640 SIDESTEP R6
640 SIDESTEP R10
641 SIDESTEP R2
641 DELIVER 194 R23 176
642 ASSIGN 276 R23 15
642 PICK 258 R18
642 PICK 253 R20
642 PICK 224 R34
643 SIDESTEP R32
648 PICK 222 R24
648 SIDESTEP R32
649 REPORT pending=36 idle=0 to_pickup=15 delivering=25 to_charger=0 charging=0 dead=0 hot=23,29,6
651 PICK 216 R39
652 SIDESTEP R7
653 SIDESTEP R32
654 SIDESTEP R25
654 SIDESTEP R27
655 SIDESTEP R13
655 SIDESTEP R18
655 PICK 260 R38
656 DELIVER 200 R0 179
656 SIDESTEP R3
656 PICK 263 R16
656 DELIVER 256 R35 71
656 PICK 215 R36
657 ASSIGN 283 R0 34
657 ASSIGN 286 R35 76
657 SIDESTEP R7
657 PICK 276 R23
658 DELIVER 217 R15 148
659 ASSIGN 279 R15 62
659 DELIVER 182 R17 225
659 PICK 219 R22
659 SIDESTEP R27
660 ASSIGN 282 R17 52
660 SIDESTEP R5
660 SIDESTEP R18
660 SIDESTEP R32
662 SIDESTEP R7
663 SIDESTEP R20
664 DELIVER 233 R26 114
664 SIDESTEP R27
664 SIDESTEP R39
665 ASSIGN 284 R26 37
665 SIDESTEP R18
665 SIDESTEP R32
666 DELIVER 250 R11 90
667 ASSIGN 290 R11 57
668 SIDESTEP R20
669 SIDESTEP R6
669 SIDESTEP R14
669 SIDESTEP R27
669 SIDESTEP R35
670 SIDESTEP R18
670 DELIVER 214 R21 166
671 ASSIGN 291 R21 44
671 DELIVER 204 R1 187
671 DELIVER 198 R2 198
671 SIDESTEP R4
671 SIDESTEP R13
672 ASSIGN 285 R1 24
672 ASSIGN 226 R2 54
672 DELIVER 202 R8 191
672 SIDESTEP R12
673 ASSIGN 227 R8 36
673 PICK 210 R37
674 SIDESTEP R6
674 SIDESTEP R14
674 SIDESTEP R17
674 SIDESTEP R27
674 SIDESTEP R38
675 DELIVER 184 R10 235
675 SIDESTEP R18
675 PICK 225 R33
676 ASSIGN 293 R10 43
676 SIDESTEP R4
676 SIDESTEP R25
677 SIDESTEP R21
679 SIDESTEP R14
679 SIDESTEP R27
679 DELIVER 207 R30 188
679 SIDESTEP R38
680 ASSIGN 228 R30 17
680 DELIVER 218 R5 168
680 SIDESTEP R18
681 ASSIGN 230 R5 32
682 SIDESTEP R2
682 DELIVER 201 R9 204
682 DELIVER 215 R36 176
683 ASSIGN 231 R36 21
683 ASSIGN 232 R9 73
683 SIDESTEP R34
684 SIDESTEP R14
684 SIDESTEP R27
684 SIDESTEP R38
686 DELIVER 238 R28 128
687 ASSIGN 296 R28 62
687 DELIVER 246 R29 121
688 ASSIGN 297 R29 58
688 SIDESTEP R22
688 SIDESTEP R34
689 SIDESTEP R3
689 SIDESTEP R13
689 SIDESTEP R14
689 PICK 223 R19
689 SIDESTEP R27
689 SIDESTEP R38
690 PICK 283 R0
691 SIDESTEP R23
692 DELIVER 222 R24 164
693 ASSIGN 298 R24 45
693 DELIVER 234 R13 141
693 SIDESTEP R32
694 ASSIGN 300 R13 42
694 SIDESTEP R27
694 SIDESTEP R38
695 SIDESTEP R0
695 DELIVER 253 R20 113
696 ASSIGN 236 R20 53
696 SIDESTEP R2
696 DELIVER 239 R6 137
696 SIDESTEP R23
697 ASSIGN 237 R6 52
697 DELIVER 224 R34 167
698 ASSIGN 240 R34 53
699 PICK 285 R1
699 SIDESTEP R27
699 SIDESTEP R36
699 REPORT pending=34 idle=0 to_pickup=26 delivering=14 to_charger=0 charging=0 dead=0 hot=4,10,5
700 SIDESTEP R12
700 SIDESTEP R37
700 SIDESTEP R38
701 SIDESTEP R2
701 SIDESTEP R18
701 PICK 284 R26
704 SIDESTEP R27
704 SIDESTEP R36
705 SIDESTEP R12
705 SIDESTEP R37
706 SIDESTEP R2
706 SIDESTEP R4
706 SIDESTEP R18
707 DELIVER 276 R23 74
708 ASSIGN 305 R23 36
708 PICK 227 R8
709 SIDESTEP R27
709 SIDESTEP R36
710 SIDESTEP R37
711 SIDESTEP R2
711 SIDESTEP R18
712 SIDESTEP R16
712 PICK 228 R30
714 SIDESTEP R27
715 SIDESTEP R37
716 SIDESTEP R18
718 SIDESTEP R14
719 SIDESTEP R27
719 PICK 231 R36
720 PICK 230 R5
720 PICK 293 R10
720 PICK 279 R15
721 PICK 272 R3
721 SIDESTEP R18
721 SIDESTEP R34
722 DELIVER 283 R0 73
723 ASSIGN 318 R0 20
723 PICK 290 R11
723 SIDESTEP R14
724 DELIVER 208 R7 232
724 SIDESTEP R26
724 SIDESTEP R27
725 ASSIGN 306 R7 67
726 PICK 278 R12
726 SIDESTEP R18
727 PICK 269 R25
727 DELIVER 225 R33 196
728 ASSIGN 308 R33 50
728 SIDESTEP R14
728 DELIVER 263 R16 128
728 DELIVER 211 R31 231
729 ASSIGN 311 R16 72
729 ASSIGN 315 R31 42
729 SIDESTEP R26
730 SIDESTEP R1
732 SIDESTEP R13
732 SIDESTEP R36
732 DELIVER 216 R39 225
733 ASSIGN 323 R39 61
733 SIDESTEP R8
733 SIDESTEP R14
734 PICK 291 R21
737 PICK 229 R4
738 SIDESTEP R14
738 PICK 298 R24
738 SIDESTEP R37
739 PICK 282 R17
740 SIDESTEP R0
740 DELIVER 219 R22 226
741 ASSIGN 317 R22 38
741 PICK 300 R13
741 SIDESTEP R23
742 CANCEL 302
742 DELIVER 259 R32 152
743 ASSIGN 241 R32 17
743 SIDESTEP R8
743 SIDESTEP R14
743 SIDESTEP R37
745 SIDESTEP R0
745 SIDESTEP R30
746 CANCEL 248
746 SIDESTEP R25
747 DELIVER 230 R5 202
747 PICK 305 R23
748 ASSIGN 314 R5 68
748 PICK 237 R6
748 SIDESTEP R14
748 PICK 236 R20
748 SIDESTEP R26
748 SIDESTEP R37
749 REPORT pending=48 idle=0 to_pickup=17 delivering=23 to_charger=0 charging=0 dead=0 hot=21,12,4
750 SIDESTEP R0
750 SIDESTEP R30
751 SIDESTEP R17
751 SIDESTEP R25
751 PICK 296 R28
753 SIDESTEP R14
753 DELIVER 284 R26 103
753 SIDESTEP R37
754 ASSIGN 330 R26 15
754 PICK 240 R34
755 SIDESTEP R0
755 SIDESTEP R8
755 SIDESTEP R30
756 PICK 232 R9
757 SIDESTEP R2
757 SIDESTEP R25
758 SIDESTEP R14
758 SIDESTEP R37
760 SIDESTEP R0
760 SIDESTEP R8
760 SIDESTEP R30
761 DELIVER 229 R4 218
761 PICK 275 R27
762 ASSIGN 242 R4 20
762 SIDESTEP R2
762 SIDESTEP R31
763 SIDESTEP R14
763 PICK 241 R32
763 SIDESTEP R37
764 DELIVER 258 R18 175
765 ASSIGN 243 R18 65
765 SIDESTEP R0
765 SIDESTEP R8
765 SIDESTEP R22
765 PICK 286 R35
766 SIDESTEP R11
766 DELIVER 260 R38 173
767 ASSIGN 334 R38 55
767 DELIVER 285 R1 114
767 SIDESTEP R2
768 ASSIGN 245 R1 33
768 DELIVER 272 R3 141
768 DELIVER 293 R10 92
768 SIDESTEP R14
768 PICK 330 R26
769 ASSIGN 335 R10 39
769 ASSIGN 249 R3 27
769 DELIVER 279 R15 130
770 ASSIGN 336 R15 49
770 SIDESTEP R8
770 SIDESTEP R22
770 SIDESTEP R24
770 DELIVER 275 R27 139
771 ASSIGN 337 R27 54
771 DELIVER 223 R19 242
772 ASSIGN 251 R19 26
772 SIDESTEP R2
773 SIDESTEP R14
774 SIDESTEP R39
775 SIDESTEP R8
775 SIDESTEP R30
777 SIDESTEP R2
777 PICK 308 R33
778 PICK 318 R0
778 SIDESTEP R14
779 SIDESTEP R39
780 SIDESTEP R30
780 SIDESTEP R36
781 PICK 242 R4
782 SIDESTEP R2
782 DELIVER 290 R11 116
783 ASSIGN 339 R11 38
784 DELIVER 300 R13 90
785 ASSIGN 344 R13 46
788 DELIVER 237 R6 232
788 DELIVER 330 R26 38
788 DELIVER 228 R30 249
789 ASSIGN 345 R26 26
789 ASSIGN 252 R30 24
789 ASSIGN 254 R6 19
789 SIDESTEP R32
790 SIDESTEP R22
790 SIDESTEP R37
792 PICK 297 R29
793 DELIVER 291 R21 125
793 PICK 315 R31
794 ASSIGN 255 R21 9
794 PICK 306 R7
794 DELIVER 278 R12 156
794 SIDESTEP R20
794 SIDESTEP R32
795 ASSIGN 257 R12 38
795 SIDESTEP R22
795 SIDESTEP R37
798 SIDESTEP R4
798 PICK 251 R19
799 SIDESTEP R20
799 REPORT pending=51 idle=0 to_pickup=20 delivering=20 to_charger=0 charging=0 dead=0 hot=6,24,4
800 PICK 245 R1
800 SIDESTEP R5
800 SIDESTEP R22
800 SIDESTEP R37
801 SIDESTEP R13
801 DELIVER 296 R28 116
801 DELIVER 241 R32 240
802 ASSIGN 352 R32 8
802 ASSIGN 349 R28 36
802 PICK 255 R21
803 PICK 226 R2
803 SIDESTEP R4
803 DELIVER 269 R25 185
803 SIDESTEP R35
803 DELIVER 231 R36 257
804 ASSIGN 261 R36 10
804 ASSIGN 262 R25 36
804 SIDESTEP R3
804 SIDESTEP R20
805 SIDESTEP R22
805 SIDESTEP R37
805 PICK 323 R39
806 DELIVER 240 R34 246
807 ASSIGN 353 R34 30
807 PICK 254 R6
807 PICK 335 R10
808 SIDESTEP R35
809 SIDESTEP R3
809 DELIVER 282 R17 161
809 SIDESTEP R20
809 DELIVER 298 R24 119
809 SIDESTEP R25
809 PICK 352 R32
810 ASSIGN 354 R24 11
810 ASSIGN 264 R17 33
810 DELIVER 232 R9 263
810 SIDESTEP R22
810 SIDESTEP R37
811 GO_CHARGE R9 46 1
812 PICK 252 R30
813 PICK 261 R36
814 DELIVER 245 R1 249
814 SIDESTEP R6
814 SIDESTEP R20
814 DELIVER 305 R23 113
814 PICK 345 R26
815 ASSIGN 265 R23 51
815 GO_CHARGE R1 6 1
815 SIDESTEP R4
815 SIDESTEP R37
818 PICK 271 R14
818 PICK 336 R15
819 SIDESTEP R6
819 DELIVER 251 R19 241
819 SIDESTEP R20
820 ASSIGN 266 R19 25
820 PICK 354 R24
820 SIDESTEP R37
821 PICK 334 R38
824 SIDESTEP R3
824 SIDESTEP R6
824 SIDESTEP R20
824 DELIVER 308 R33 120
825 GO_CHARGE R33 16 1
825 PICK 317 R22
825 SIDESTEP R37
826 SIDESTEP R27
827 DELIVER 255 R21 243
828 ASSIGN 360 R21 53
828 DELIVER 227 R8 290
829 ASSIGN 359 R8 15
829 SIDESTEP R3
829 SIDESTEP R6
829 SIDESTEP R20
830 DELIVER 318 R0 108
831 ASSIGN 267 R0 26
831 SIDESTEP R12
831 SIDESTEP R27
832 DELIVER 315 R31 116
833 ASSIGN 363 R31 44
833 DELIVER 242 R4 271
834 ASSIGN 268 R4 74
834 SIDESTEP R6
834 DELIVER 252 R30 253
835 GO_CHARGE R30 26 1
835 DELIVER 226 R2 301
835 SIDESTEP R7
836 ASSIGN 270 R2 35
836 PICK 249 R3
836 SIDESTEP R12
836 PICK 344 R13
836 SIDESTEP R27
836 DELIVER 297 R29 148
836 SIDESTEP R36
837 ASSIGN 273 R29 26
837 SIDESTEP R10
837 PICK 243 R18
837 PICK 353 R34
838 DELIVER 345 R26 52
839 ASSIGN 364 R26 38
839 SIDESTEP R6
840 SIDESTEP R7
840 SIDESTEP R32
841 CHARGE R1
841 SIDESTEP R12
841 DELIVER 271 R14 215
842 ASSIGN 274 R14 36
843 SIDESTEP R3
843 PICK 359 R8
843 SIDESTEP R9
843 DELIVER 286 R35 188
844 ASSIGN 277 R35 15
844 SIDESTEP R6
844 SIDESTEP R10
844 PICK 311 R16
844 PICK 266 R19
844 SIDESTEP R34
844 SIDESTEP R38
845 PICK 349 R28
846 SIDESTEP R32
847 SIDESTEP R7
847 SIDESTEP R17
847 SIDESTEP R22
848 SIDESTEP R3
848 PICK 262 R25
849 SIDESTEP R10
849 REPORT pending=52 idle=0 to_pickup=15 delivering=21 to_charger=3 charging=1 dead=0 hot=33,35,6
850 SIDESTEP R0
850 PICK 339 R11
850 PICK 257 R12
850 PICK 264 R17
851 DELIVER 210 R37 356
852 ASSIGN 369 R37 28
852 SIDESTEP R7
852 SIDESTEP R22
853 DELIVER 354 R24 44
854 ASSIGN 370 R24 17
854 DELIVER 359 R8 29
854 SIDESTEP R10
855 ASSIGN 280 R8 58
855 PICK 314 R5
856 CHARGED R1
856 ASSIGN 281 R1 41
857 SIDESTEP R7
857 SIDESTEP R13
857 SIDESTEP R22
858 PICK 277 R35
859 SIDESTEP R3
859 SIDESTEP R37
862 SIDESTEP R22
862 PICK 273 R29
862 SIDESTEP R36
863 SIDESTEP R13
863 SIDESTEP R14
863 DELIVER 336 R15 93
864 GO_CHARGE R15 36 1
864 SIDESTEP R3
864 SIDESTEP R37
866 DELIVER 323 R39 133
867 ASSIGN 374 R39 38
868 SIDESTEP R2
868 SIDESTEP R13
868 SIDESTEP R14
868 PICK 265 R23
868 SIDESTEP R34
869 SIDESTEP R17
869 SIDESTEP R37
870 PICK 370 R24
870 SIDESTEP R28
873 SIDESTEP R2
873 SIDESTEP R22
873 DELIVER 352 R32 71
874 ASSIGN 376 R32 23
874 SIDESTEP R8
875 CANCEL_FAIL 296
875 SIDESTEP R0
875 SIDESTEP R35
875 SIDESTEP R36
876 DELIVER 236 R20 321
877 ASSIGN 379 R20 25
877 CHARGE R9
877 CHARGE R30
878 SIDESTEP R2
879 SIDESTEP R8
879 CHARGE R33
879 DELIVER 334 R38 113
880 GO_CHARGE R38 6 1
880 DELIVER 249 R3 310
880 DELIVER 335 R10 111
880 SIDESTEP R35
881 ASSIGN 377 R3 34
881 GO_CHARGE R10 6 1
883 SIDESTEP R2
883 SIDESTEP R23
883 SIDESTEP R31
884 DELIVER 262 R25 287
885 ASSIGN 287 R25 18
885 SIDESTEP R24
885 PICK 364 R26
886 PICK 267 R0
886 SIDESTEP R8
886 DELIVER 257 R12 299
887 ASSIGN 382 R12 43
888 SIDESTEP R2
888 SIDESTEP R19
888 SIDESTEP R31
890 SIDESTEP R24
890 PICK 337 R27
892 CHARGED R30
892 ASSIGN 385 R30 42
892 SIDESTEP R18
893 CHARGED R9
893 ASSIGN 386 R9 60
893 SIDESTEP R31
894 DELIVER 317 R22 173
894 DELIVER 273 R29 266
895 ASSIGN 288 R22 21
895 ASSIGN 289 R29 29
896 CHARGED R33
896 ASSIGN 292 R33 39
896 DELIVER 264 R17 294
896 PICK 360 R21
896 PICK 376 R32
897 ASSIGN 294 R17 57
897 PICK 281 R1
897 SIDESTEP R18
898 SIDESTEP R31
899 SIDESTEP R14
899 SIDESTEP R26
899 REPORT pending=56 idle=0 to_pickup=17 delivering=20 to_charger=3 charging=0 dead=0 hot=32,29,5
900 CANCEL 386
900 ASSIGN 390 R9 47
901 PICK 369 R37
902 SIDESTEP R18
902 SIDESTEP R30
902 DELIVER 277 R35 265
903 ASSIGN 393 R35 41
903 SIDESTEP R5
903 SIDESTEP R31
904 SIDESTEP R0
904 SIDESTEP R14
905 PICK 374 R39
906 SIDESTEP R2
906 DELIVER 344 R13 122
906 PICK 287 R25
907 GO_CHARGE R13 16 1
907 SIDESTEP R18
907 DELIVER 266 R19 297
907 SIDESTEP R27
907 SIDESTEP R30
908 ASSIGN 394 R19 25
908 PICK 268 R4
908 SIDESTEP R16
908 SIDESTEP R31
908 SIDESTEP R38
909 DELIVER 265 R23 301
910 GO_CHARGE R23 46 1
910 DELIVER 306 R7 208
910 DELIVER 353 R34 105
911 ASSIGN 397 R34 6
911 GO_CHARGE R7 26 1
912 SIDESTEP R18
912 SIDESTEP R27
913 SIDESTEP R6
913 SIDESTEP R16
913 SIDESTEP R38
914 PICK 377 R3
914 CHARGE R10
914 PICK 379 R20
915 PICK 270 R2
915 PICK 288 R22
916 PICK 363 R31
917 SIDESTEP R18
917 SIDESTEP R34
918 SIDESTEP R38
919 DELIVER 349 R28 121
919 SIDESTEP R30
920 GO_CHARGE R28 6 1
920 DELIVER 339 R11 147
921 GO_CHARGE R11 6 1
921 DELIVER 267 R0 310
921 DELIVER 287 R25 259
922 GO_CHARGE R0 36 1
922 GO_CHARGE R25 6 1
922 SIDESTEP R34
923 SIDESTEP R17
923 DELIVER 337 R27 152
924 ASSIGN 398 R27 40
924 DELIVER 314 R5 211
924 SIDESTEP R30
924 DELIVER 261 R36 328
925 ASSIGN 400 R36 43
925 GO_CHARGE R5 16 1
925 SIDESTEP R2
926 CHARGE R15
926 SIDESTEP R21
927 SIDESTEP R34
928 SIDESTEP R17
929 CHARGED R10
929 ASSIGN 402 R10 37
929 PICK 382 R12
929 DELIVER 243 R18 366
929 CHARGE R28
929 SIDESTEP R30
930 ASSIGN 405 R18 45
931 PICK 274 R14
931 SIDESTEP R21
931 PICK 289 R29
931 DELIVER 374 R39 70
932 ASSIGN 406 R39 55
932 SIDESTEP R34
933 PICK 280 R8
933 SIDESTEP R17
934 SIDESTEP R19
934 SIDESTEP R30
936 SIDESTEP R21
937 SIDESTEP R34
938 SIDESTEP R17
938 PICK 394 R19
940 DELIVER 370 R24 88
941 ASSIGN 409 R24 22
941 SIDESTEP R21
941 PICK 292 R33
942 CANCEL_FAIL 336
942 CHARGED R15
942 ASSIGN 408 R15 39
942 SIDESTEP R34
943 SIDESTEP R17
944 CHARGED R28
944 ASSIGN 411 R28 29
945 CHARGE R11
946 PICK 390 R9
946 SIDESTEP R10
946 SIDESTEP R21
946 DELIVER 376 R32 78
947 GO_CHARGE R32 6 1
947 SIDESTEP R34
948 SIDESTEP R17
948 DELIVER 394 R19 42
948 DELIVER 288 R22 284
949 ASSIGN 412 R22 58
949 GO_CHARGE R19 6 1
949 PICK 393 R35
949 REPORT pending=66 idle=0 to_pickup=12 delivering=18 to_charger=9 charging=1 dead=0 hot=5,9,6
951 SIDESTEP R10
951 SIDESTEP R21
952 DELIVER 281 R1 307
952 SIDESTEP R34
953 ASSIGN 414 R1 38
953 DELIVER 363 R31 121
953 DELIVER 369 R37 104
954 ASSIGN 415 R37 25
954 GO_CHARGE R31 6 1
954 DELIVER 379 R20 78
955 ASSIGN 295 R20 49
955 SIDESTEP R28
956 DELIVER 268 R4 344
956 SIDESTEP R9
956 SIDESTEP R16
956 SIDESTEP R21
957 GO_CHARGE R4 36 1
957 DELIVER 254 R6 374
957 SIDESTEP R8
957 SIDESTEP R10
957 SIDESTEP R34
958 GO_CHARGE R6 6 1
958 SIDESTEP R3
958 SIDESTEP R7
958 DELIVER 364 R26 119
959 GO_CHARGE R26 36 1
960 SIDESTEP R28
961 CHARGED R11
961 ASSIGN 299 R11 78
961 SIDESTEP R37
962 SIDESTEP R8
962 SIDESTEP R10
962 SIDESTEP R16
962 SIDESTEP R34
963 SIDESTEP R0
963 SIDESTEP R7
963 SIDESTEP R19
963 SIDESTEP R20
963 SIDESTEP R24
963 CHARGE R25
963 PICK 398 R27
965 SIDESTEP R22
965 SIDESTEP R28
966 SIDESTEP R12
966 SIDESTEP R37
967 SIDESTEP R8
967 SIDESTEP R16
967 SIDESTEP R34
967 PICK 400 R36
968 SIDESTEP R19
968 SIDESTEP R20
968 SIDESTEP R23
968 SIDESTEP R24
969 SIDESTEP R6
969 SIDESTEP R7
969 SIDESTEP R30
969 SIDESTEP R39
970 SIDESTEP R22
970 SIDESTEP R28
971 SIDESTEP R4
971 SIDESTEP R12
972 SIDESTEP R8
972 SIDESTEP R10
972 SIDESTEP R16
972 SIDESTEP R34
973 SIDESTEP R24
974 SIDESTEP R6
974 SIDESTEP R7
975 SIDESTEP R17
975 PICK 405 R18
975 SIDESTEP R22
975 SIDESTEP R28
976 SIDESTEP R4
977 CHARGED R25
977 ASSIGN 419 R25 37
977 SIDESTEP R10
977 SIDESTEP R16
977 SIDESTEP R34
978 CHARGE R19
978 SIDESTEP R24
979 SIDESTEP R8
980 SIDESTEP R7
980 PICK 408 R15
980 SIDESTEP R22
981 SIDESTEP R4
981 SIDESTEP R38
982 CHARGE R5
982 SIDESTEP R10
982 SIDESTEP R16
982 PICK 385 R30
982 DELIVER 292 R33 308
982 SIDESTEP R34
983 ASSIGN 425 R33 28
983 SIDESTEP R20
984 DELIVER 377 R3 114
984 SIDESTEP R8
984 SIDESTEP R13
985 ASSIGN 427 R3 35
985 DELIVER 270 R2 362
985 SIDESTEP R7
985 SIDESTEP R22
985 SIDESTEP R31
986 GO_CHARGE R2 6 1
986 SIDESTEP R4
986 DELIVER 382 R12 100
987 GO_CHARGE R12 36 1
987 SIDESTEP R16
987 PICK 409 R24
987 SIDESTEP R34
987 DELIVER 393 R35 84
987 SIDESTEP R38
988 GO_CHARGE R35 46 1
988 DELIVER 360 R21 161
989 REJECT 429
989 GO_CHARGE R21 6 1
989 SIDESTEP R13
990 SIDESTEP R7
990 SIDESTEP R22
990 SIDESTEP R26
990 SIDESTEP R31
990 SIDESTEP R32
991 CANCEL_FAIL 100431
991 SIDESTEP R4
991 PICK 415 R37
992 CHARGED R19
992 ASSIGN 431 R19 17
992 CHARGE R0
992 SIDESTEP R16
992 SIDESTEP R34
992 SIDESTEP R38
994 SIDESTEP R1
995 SIDESTEP R7
995 SIDESTEP R22
995 SIDESTEP R26
995 SIDESTEP R31
996 SIDESTEP R4
996 CHARGE R6
996 SIDESTEP R39
997 PICK 414 R1
997 SIDESTEP R16
997 SIDESTEP R34
997 SIDESTEP R38
999 CHARGED R5
999 ASSIGN 421 R5 35
999 SIDESTEP R12
999 REPORT pending=79 idle=0 to_pickup=13 delivering=13 to_charger=12 charging=2 dead=0 hot=4,1,7
1000 SIDESTEP R22
1001 SIDESTEP R31
1002 SIDESTEP R2
1002 SIDESTEP R16
1002 DELIVER 289 R29 337
1002 SIDESTEP R34
1003 GO_CHARGE R29 36 1
1003 PICK 406 R39
1004 PICK 294 R17
1005 CANCEL 432
1005 SIDESTEP R22
1006 SIDESTEP R26
1006 DELIVER 398 R27 94
1007 GO_CHARGE R27 36 1
1007 SIDESTEP R2
1007 SIDESTEP R16
1007 SIDESTEP R21
1007 SIDESTEP R34
1008 CHARGED R0
1008 ASSIGN 438 R0 62
1008 PICK 411 R28
1008 DELIVER 385 R30 117
1009 ASSIGN 430 R30 21
1010 PICK 425 R33
1011 SIDESTEP R26
1012 CHARGED R6
1012 ASSIGN 439 R6 57
1012 SIDESTEP R2
1012 PICK 402 R10
1012 SIDESTEP R16
1012 DELIVER 405 R18 83
1012 SIDESTEP R34
1013 GO_CHARGE R18 6 1
1013 CHARGE R13
1013 PICK 431 R19
1013 SIDESTEP R21
1016 DELIVER 274 R14 387
1017 GO_CHARGE R14 36 1
1017 SIDESTEP R16
1017 PICK 295 R20
1017 SIDESTEP R34
1018 SIDESTEP R2
1019 PICK 427 R3
1019 SIDESTEP R7
1019 SIDESTEP R21
1019 PICK 419 R25
1022 SIDESTEP R8
1022 DELIVER 390 R9 122
1022 SIDESTEP R16
1022 SIDESTEP R34
1023 ASSIGN 446 R9 59
1024 SIDESTEP R2
1025 SIDESTEP R7
1025 SIDESTEP R21
1027 SIDESTEP R16
1027 SIDESTEP R34
1027 DELIVER 400 R36 111
1028 GO_CHARGE R36 6 1
1029 CHARGED R13
1029 ASSIGN 443 R13 52
1029 SIDESTEP R20
1029 PICK 430 R30
1030 SIDESTEP R2
1030 SIDESTEP R26
1031 SIDESTEP R21
1032 SIDESTEP R16
1032 DELIVER 409 R24 99
1032 SIDESTEP R34
1033 GO_CHARGE R24 16 1
1033 PICK 421 R5
1033 SIDESTEP R12
1034 SIDESTEP R14
1034 SIDESTEP R20
1036 SIDESTEP R18
1036 SIDESTEP R36
1037 SIDESTEP R2
1037 DELIVER 408 R15 105
1037 SIDESTEP R16
1037 SIDESTEP R34
1038 ASSIGN 451 R15 7
1038 DELIVER 431 R19 47
1039 CANCEL 410
1039 ASSIGN 445 R19 81
1039 SIDESTEP R0
1039 SIDESTEP R20
1040 DELIVER 414 R1 87
1041 ASSIGN 452 R1 27
1042 SIDESTEP R2
1042 SIDESTEP R21
1042 SIDESTEP R26
1042 SIDESTEP R34
1043 SIDESTEP R17
1043 SIDESTEP R39
1044 SIDESTEP R0
1044 SIDESTEP R7
1044 SIDESTEP R20
1044 DELIVER 419 R25 80
1044 SIDESTEP R30
1045 ASSIGN 449 R25 40
1045 DELIVER 280 R8 404
1045 SIDESTEP R12
1046 GO_CHARGE R8 36 1
1047 SIDESTEP R2
1047 DELIVER 294 R17 370
1047 SIDESTEP R21
1047 SIDESTEP R34
1047 SIDESTEP R36
1048 GO_CHARGE R17 6 1
1048 PICK 451 R15
1048 SIDESTEP R19
1048 CHARGE R35
1049 SIDESTEP R0
1049 SIDESTEP R30
1049 REPORT pending=87 idle=0 to_pickup=10 delivering=11 to_charger=18 charging=1 dead=0 hot=4,1,9
1051 CHARGE R7
1051 SIDESTEP R14
1051 SIDESTEP R20
1052 SIDESTEP R2
1052 SIDESTEP R21
1052 SIDESTEP R34
1052 SIDESTEP R36
1053 SIDESTEP R18
1053 SIDESTEP R33
1053 DELIVER 406 R39 123
1054 GO_CHARGE R39 6 1
1054 SIDESTEP R30
1056 SIDESTEP R14
1057 SIDESTEP R21
1057 SIDESTEP R34
1057 SIDESTEP R36
1058 SIDESTEP R18
1058 SIDESTEP R19
1058 SIDESTEP R33
1058 DELIVER 415 R37 104
1059 GO_CHARGE R37 16 1
1059 SIDESTEP R30
1060 DELIVER 427 R3 76
1060 DELIVER 402 R10 141
1060 CHARGE R26
1061 ASSIGN 457 R10 34
1061 GO_CHARGE R3 16 1
1061 SIDESTEP R14
1062 SIDESTEP R16
1062 SIDESTEP R21
1062 SIDESTEP R34
1062 SIDESTEP R36
1063 CHARGED R35
1063 ASSIGN 453 R35 63
1063 SIDESTEP R2
1063 SIDESTEP R19
1063 DELIVER 411 R28 123
1063 SIDESTEP R33
1064 ASSIGN 458 R28 57
1064 SIDESTEP R18
1064 SIDESTEP R30
1066 SIDESTEP R14
1067 CHARGED R7
1067 ASSIGN 460 R7 20
1067 PICK 452 R1
1067 SIDESTEP R8
1067 SIDESTEP R34
1068 SIDESTEP R16
1068 SIDESTEP R19
1068 SIDESTEP R33
1069 SIDESTEP R13
1069 SIDESTEP R30
1070 SIDESTEP R2
1072 SIDESTEP R34
1073 SIDESTEP R14
1073 SIDESTEP R19
1074 SIDESTEP R8
1074 SIDESTEP R16
1074 SIDESTEP R18
1074 SIDESTEP R25
1074 SIDESTEP R30
1075 PICK 412 R22
1076 CHARGED R26
1076 ASSIGN 463 R26 29
1076 SIDESTEP R21
1076 SIDESTEP R36
1077 CHARGE R12
1077 SIDESTEP R34
1078 SIDESTEP R13
1078 SIDESTEP R14
1079 SIDESTEP R18
1079 SIDESTEP R25
1079 SIDESTEP R30
1080 SIDESTEP R2
1080 SIDESTEP R16
1081 PICK 446 R9
1081 SIDESTEP R29
1081 SIDESTEP R36
1082 SIDESTEP R7
1082 SIDESTEP R19
1082 SIDESTEP R34
1083 SIDESTEP R13
1084 SIDESTEP R3
1084 SIDESTEP R30
1085 SIDESTEP R18
1086 SIDESTEP R2
1086 SIDESTEP R16
1086 SIDESTEP R20
1086 SIDESTEP R29
1086 SIDESTEP R36
1087 SIDESTEP R4
1087 SIDESTEP R7
1087 SIDESTEP R21
1087 SIDESTEP R27
1087 SIDESTEP R34
1089 SIDESTEP R10
1089 SIDESTEP R30
1090 SIDESTEP R18
1090 SIDESTEP R24
1091 SIDESTEP R17
1091 DELIVER 295 R20 407
1091 SIDESTEP R29
1091 SIDESTEP R36
1092 GO_CHARGE R20 26 1
1092 SIDESTEP R2
1092 SIDESTEP R16
1092 SIDESTEP R34
1093 CANCEL 396
1093 CHARGED R12
1093 ASSIGN 467 R12 51
1093 SIDESTEP R21
1094 SIDESTEP R14
1094 PICK 449 R25
1095 SIDESTEP R22
1095 SIDESTEP R24
1096 CHARGE R4
1096 DELIVER 421 R5 130
1096 SIDESTEP R17
1096 SIDESTEP R36
1097 ASSIGN 468 R5 13
1097 SIDESTEP R2
1097 SIDESTEP R18
1097 SIDESTEP R34
1098 SIDESTEP R16
1099 PICK 443 R13
1099 SIDESTEP R14
1099 SIDESTEP R21
1099 REPORT pending=102 idle=0 to_pickup=12 delivering=9 to_charger=18 charging=1 dead=0 hot=5,1,9
1100 PICK 299 R11
1100 SIDESTEP R22
1101 PICK 438 R0
1101 PICK 457 R10
1101 SIDESTEP R29
1101 SIDESTEP R36
1102 SIDESTEP R2
1102 PICK 460 R7
1102 SIDESTEP R18
1102 SIDESTEP R34
1103 SIDESTEP R17
1104 SIDESTEP R14
1104 SIDESTEP R16
1105 SIDESTEP R21
1105 SIDESTEP R22
1106 SIDESTEP R29
1106 SIDESTEP R36
1107 SIDESTEP R18
1107 SIDESTEP R34
1108 SIDESTEP R17
1108 PICK 463 R26
1109 SIDESTEP R2
1109 PICK 468 R5
1109 DELIVER 430 R30 119
1110 ASSIGN 480 R30 44
1110 SIDESTEP R16
1110 SIDESTEP R22
1111 SIDESTEP R21
1111 SIDESTEP R36
1112 SIDESTEP R34
1113 CHARGED R4
1113 ASSIGN 483 R4 41
1113 SIDESTEP R17
1113 CHARGE R27
1114 SIDESTEP R2
1114 DELIVER 451 R15 81
1114 SIDESTEP R18
1114 CHARGE R37
1115 ASSIGN 466 R15 49
1116 SIDESTEP R16
1116 SIDESTEP R36
1116 SIDESTEP R39
1117 SIDESTEP R12
1117 DELIVER 443 R13 103
1117 SIDESTEP R21
1117 SIDESTEP R34
1118 ASSIGN 469 R13 55
1119 SIDESTEP R2
1119 SIDESTEP R18
1120 SIDESTEP R17
1120 PICK 458 R28
1121 SIDESTEP R36
1122 DELIVER 452 R1 82
1122 SIDESTEP R12
1122 SIDESTEP R16
1122 SIDESTEP R34
1123 ASSIGN 473 R1 26
1123 DELIVER 438 R0 120
1123 SIDESTEP R21
1124 ASSIGN 475 R0 27
1124 SIDESTEP R18
1124 SIDESTEP R20
1125 SIDESTEP R17
1125 PICK 453 R35
1126 SIDESTEP R2
1127 SIDESTEP R12
1127 SIDESTEP R34
1128 SIDESTEP R16
1129 CHARGED R37
1129 ASSIGN 490 R37 40
1129 SIDESTEP R14
1129 SIDESTEP R21
1129 SIDESTEP R39
1130 CHARGED R27
1130 ASSIGN 478 R27 24
1130 CHARGE R3
1130 SIDESTEP R17
1130 SIDESTEP R20
1131 SIDESTEP R2
1131 DELIVER 446 R9 110
1131 SIDESTEP R18
1132 ASSIGN 493 R9 52
1134 SIDESTEP R14
1134 SIDESTEP R16
1134 SIDESTEP R27
1134 CHARGE R29
1135 SIDESTEP R21
1136 SIDESTEP R2
1136 SIDESTEP R18
1137 DELIVER 460 R7 70
1137 DELIVER 412 R22 188
1137 SIDESTEP R25
1138 ASSIGN 482 R7 27
1138 GO_CHARGE R22 6 1
1138 DELIVER 463 R26 64
1139 ASSIGN 484 R26 25
1139 DELIVER 468 R5 53
1139 SIDESTEP R16
1139 CHARGE R23
1139 SIDESTEP R36
1140 ASSIGN 489 R5 35
1141 SIDESTEP R2
1141 SIDESTEP R17
1141 SIDESTEP R18
1141 SIDESTEP R21
1141 DELIVER 425 R33 160
1142 ASSIGN 301 R33 84
1144 DELIVER 453 R35 103
1145 ASSIGN 495 R35 31
1145 DELIVER 449 R25 119
1145 SIDESTEP R36
1145 SIDESTEP R39
1146 CHARGED R3
1146 ASSIGN 496 R3 23
1146 ASSIGN 303 R25 44
1146 SIDESTEP R2
1146 SIDESTEP R17
1146 SIDESTEP R20
1146 CHARGE R24
1149 CHARGED R29
1149 ASSIGN 498 R29 32
1149 REPORT pending=106 idle=0 to_pickup=21 delivering=4 to_charger=13 charging=2 dead=0 hot=6,2,11
1150 CHARGE R8
1150 SIDESTEP R36
1151 SIDESTEP R0
1151 SIDESTEP R2
1151 SIDESTEP R16
1151 SIDESTEP R17
1151 SIDESTEP R20
1151 SIDESTEP R21
1151 SIDESTEP R30
1152 SIDESTEP R18
1154 CHARGED R23
1154 ASSIGN 499 R23 53
1155 SIDESTEP R13
1156 PICK 473 R1
1156 SIDESTEP R2
1156 DELIVER 457 R10 102
1157 ASSIGN 304 R10 52
1157 PICK 475 R0
1157 PICK 483 R4
1157 SIDESTEP R16
1157 SIDESTEP R18
1157 SIDESTEP R21
1157 PICK 478 R27
1157 SIDESTEP R39
1158 SIDESTEP R17
1160 SIDESTEP R13
1160 PICK 480 R30
1162 SIDESTEP R2
1162 SIDESTEP R16
1162 SIDESTEP R18
1162 SIDESTEP R21
1162 SIDESTEP R36
1162 SIDESTEP R39
1163 CHARGED R24
1163 ASSIGN 307 R24 69
1163 PICK 466 R15
1163 SIDESTEP R20
1163 PICK 484 R26
1165 SIDESTEP R17
1167 SIDESTEP R21
1168 CHARGED R8
1168 ASSIGN 309 R8 54
1168 SIDESTEP R2
1168 PICK 496 R3
1168 PICK 482 R7
1168 CHARGE R14
1168 SIDESTEP R20
1169 SIDESTEP R13
1169 SIDESTEP R16
1169 SIDESTEP R18
1169 SIDESTEP R36
1170 SIDESTEP R39
1171 PICK 467 R12
1172 DELIVER 299 R11 479
1172 SIDESTEP R21
1172 SIDESTEP R37
1173 ASSIGN 505 R11 17
1173 DELIVER 473 R1 79
1173 SIDESTEP R20
1174 ASSIGN 310 R1 33
1174 PICK 489 R5
1174 SIDESTEP R16
1174 SIDESTEP R18
1174 PICK 397 R34
1174 SIDESTEP R36
1175 SIDESTEP R2
1175 SIDESTEP R17
1176 SIDESTEP R39
1178 SIDESTEP R15
1178 DELIVER 458 R28 119
1179 ASSIGN 312 R28 45
1179 SIDESTEP R18
1180 SIDESTEP R17
1180 SIDESTEP R20
1180 PICK 495 R35
1181 SIDESTEP R2
1181 SIDESTEP R22
1182 PICK 498 R29
1182 SIDESTEP R39
1183 SIDESTEP R15
1183 SIDESTEP R25
1184 CHARGED R14
1184 ASSIGN 313 R14 52
1184 PICK 493 R9
1184 SIDESTEP R18
1184 PICK 490 R37
1185 SIDESTEP R17
1185 SIDESTEP R20
1185 SIDESTEP R21
1186 CANCEL 441
1186 SIDESTEP R2
1186 DELIVER 397 R34 275
1186 SIDESTEP R36
1187 GO_CHARGE R34 36 1
1187 SIDESTEP R22
1188 SIDESTEP R15
1188 DELIVER 484 R26 73
1188 SIDESTEP R39
1189 ASSIGN 316 R26 23
1189 PICK 505 R11
1190 SIDESTEP R20
1190 SIDESTEP R21
1191 PICK 469 R13
1191 SIDESTEP R18
1191 SIDESTEP R36
1192 SIDESTEP R16
1192 SIDESTEP R17
1193 SIDESTEP R15
1194 DELIVER 482 R7 82
1194 PICK 445 R19
1194 SIDESTEP R39
1195 ASSIGN 516 R7 42
1195 SIDESTEP R8
1196 SIDESTEP R18
1197 SIDESTEP R16
1197 SIDESTEP R17
1197 SIDESTEP R22
1198 SIDESTEP R2
1198 SIDESTEP R15
1199 REPORT pending=114 idle=0 to_pickup=12 delivering=16 to_charger=12 charging=0 dead=0 hot=6,1,12
1200 SIDESTEP R8
1200 SIDESTEP R29
1201 SIDESTEP R18
1201 SIDESTEP R39
1202 SIDESTEP R17
1202 SIDESTEP R22
1202 SIDESTEP R23
1202 DELIVER 490 R37 75
1203 ASSIGN 519 R37 72
1203 SIDESTEP R2
1203 SIDESTEP R15
1203 SIDESTEP R21
1203 DELIVER 495 R35 58
1203 SIDESTEP R36
1204 ASSIGN 517 R35 81
1204 DELIVER 480 R30 99
1205 ASSIGN 520 R30 68
1205 DELIVER 483 R4 92
1205 SIDESTEP R8
1205 SIDESTEP R24
1206 ASSIGN 518 R4 40
1206 PICK 310 R1
1206 SIDESTEP R13
1206 SIDESTEP R18
1206 SIDESTEP R39
1207 SIDESTEP R22
1207 DELIVER 478 R27 107
1208 ASSIGN 319 R27 60
1208 DELIVER 496 R3 62
1208 PICK 304 R10
1208 SIDESTEP R17
1208 SIDESTEP R21
1208 SIDESTEP R36
1209 ASSIGN 320 R3 37
1209 DELIVER 489 R5 84
1209 SIDESTEP R16
1209 SIDESTEP R20
1209 PICK 499 R23
1210 ASSIGN 321 R5 32
1210 SIDESTEP R24
1211 SIDESTEP R8
1211 SIDESTEP R13
1211 PICK 316 R26
1211 SIDESTEP R39
1212 SIDESTEP R22
1213 SIDESTEP R21
1213 PICK 303 R25
1214 SIDESTEP R14
1214 SIDESTEP R16
1214 SIDESTEP R18
1215 CANCEL 456
1215 DELIVER 310 R1 507
1215 SIDESTEP R20
1215 SIDESTEP R36
1216 CANCEL_FAIL 100525
1216 ASSIGN 523 R1 30
1216 SIDESTEP R2
1216 SIDESTEP R13
1217 SIDESTEP R22
1219 SIDESTEP R14
1219 SIDESTEP R16
1219 SIDESTEP R21
1219 SIDESTEP R39
1220 SIDESTEP R20
1220 SIDESTEP R36
1221 SIDESTEP R2
1221 SIDESTEP R13
1221 SIDESTEP R17
1221 SIDESTEP R18
1222 SIDESTEP R28
1223 SIDESTEP R8
1224 SIDESTEP R14
1224 SIDESTEP R16
1225 SIDESTEP R21
1225 SIDESTEP R22
1225 SIDESTEP R36
1226 SIDESTEP R2
1226 DELIVER 467 R12 146
1226 SIDESTEP R18
1226 SIDESTEP R20
1226 SIDESTEP R39
1227 ASSIGN 528 R12 27
1227 SIDESTEP R17
1227 SIDESTEP R28
1227 SIDESTEP R34
1228 SIDESTEP R8
1229 SIDESTEP R16
1230 SIDESTEP R27
1230 SIDESTEP R36
1231 SIDESTEP R2
1231 DELIVER 505 R11 58
1231 SIDESTEP R18
1231 SIDESTEP R21
1231 SIDESTEP R39
1232 ASSIGN 526 R11 65
1232 SIDESTEP R1
1232 SIDESTEP R20
1232 SIDESTEP R22
1233 SIDESTEP R8
1233 SIDESTEP R17
1234 DELIVER 469 R13 147
1234 SIDESTEP R16
1235 ASSIGN 533 R13 29
1237 PICK 516 R7
1237 SIDESTEP R21
1238 SIDESTEP R8
1238 SIDESTEP R20
1238 SIDESTEP R22
1238 SIDESTEP R23
1239 DELIVER 493 R9 107
1239 SIDESTEP R14
1239 SIDESTEP R17
1240 ASSIGN 538 R9 40
1240 SIDESTEP R19
1243 SIDESTEP R21
1243 SIDESTEP R22
1243 SIDESTEP R39
1244 SIDESTEP R14
1244 DELIVER 466 R15 167
1244 SIDESTEP R20
1244 DELIVER 316 R26 524
1245 ASSIGN 322 R15 39
1245 ASSIGN 324 R26 39
1245 SIDESTEP R2
1245 PICK 518 R4
1245 SIDESTEP R17
1245 SIDESTEP R19
1247 DELIVER 304 R10 547
1247 SIDESTEP R33
1248 ASSIGN 541 R10 46
1248 PICK 312 R28
1248 DELIVER 498 R29 99
1248 SIDESTEP R39
1249 ASSIGN 325 R29 24
1249 SIDESTEP R14
1249 SIDESTEP R18
1249 SIDESTEP R21
1249 REPORT pending=122 idle=0 to_pickup=20 delivering=8 to_charger=12 charging=0 dead=0 hot=6,1,10
1250 SIDESTEP R19
1250 SIDESTEP R20
1251 PICK 523 R1
1251 SIDESTEP R16
1251 SIDESTEP R17
1252 DELIVER 475 R0 155
1252 PICK 321 R5
1253 ASSIGN 543 R0 56
1253 PICK 528 R12
1253 SIDESTEP R39
1254 SIDESTEP R14
1254 SIDESTEP R18
1254 SIDESTEP R22
1255 SIDESTEP R19
1255 SIDESTEP R21
1256 SIDESTEP R20
1257 SIDESTEP R17
1257 PICK 307 R24
1257 PICK 301 R33
1258 SIDESTEP R39
1259 SIDESTEP R14
1259 SIDESTEP R18
1259 SIDESTEP R22
1259 SIDESTEP R36
1259 SIDESTEP R37
1260 SIDESTEP R19
1261 SIDESTEP R21
1262 SIDESTEP R20
1263 PICK 533 R13
1263 SIDESTEP R17
1264 SIDESTEP R22
1264 SIDESTEP R36
1264 SIDESTEP R37
1264 SIDESTEP R39
1265 SIDESTEP R2
1265 SIDESTEP R19
1265 SIDESTEP R28
1266 CHARGE R34
1267 SIDESTEP R21
1268 PICK 309 R8
1268 SIDESTEP R20
1269 SIDESTEP R17
1269 DELIVER 303 R25 570
1269 SIDESTEP R36
1270 ASSIGN 544 R25 29
1270 SIDESTEP R2
1270 SIDESTEP R16
1270 SIDESTEP R19
1270 SIDESTEP R39
1272 PICK 320 R3
1272 PICK 325 R29
1272 SIDESTEP R33
1273 SIDESTEP R21
1273 PICK 319 R27
1274 DELIVER 516 R7 79
1274 SIDESTEP R20
1275 ASSIGN 548 R7 39
1275 SIDESTEP R2
1275 DELIVER 518 R4 75
1275 SIDESTEP R16
1275 SIDESTEP R17
1275 SIDESTEP R18
1275 DELIVER 499 R23 125
1276 ASSIGN 326 R23 57
1276 ASSIGN 327 R4 34
1276 SIDESTEP R14
1277 SIDESTEP R33
1279 PICK 538 R9
1279 SIDESTEP R21
1280 SIDESTEP R2
1280 SIDESTEP R16
1280 SIDESTEP R18
1280 SIDESTEP R20
1280 SIDESTEP R22
1281 SIDESTEP R14
1281 SIDESTEP R17
1282 CHARGED R34
1282 ASSIGN 553 R34 13
1282 SIDESTEP R33
1283 PICK 324 R26
1285 SIDESTEP R18
1285 SIDESTEP R20
1285 SIDESTEP R22
1285 PICK 517 R35
1285 SIDESTEP R36
1286 SIDESTEP R2
1286 SIDESTEP R10
1286 SIDESTEP R14
1286 SIDESTEP R17
1286 SIDESTEP R21
1287 SIDESTEP R25
1287 SIDESTEP R33
1288 DELIVER 523 R1 74
1289 ASSIGN 554 R1 17
1289 SIDESTEP R0
1290 SIDESTEP R22
1290 SIDESTEP R36
1290 SIDESTEP R39
1291 DELIVER 533 R13 62
1291 SIDESTEP R17
1291 SIDESTEP R21
1292 ASSIGN 558 R13 35
1292 SIDESTEP R2
1292 DELIVER 321 R5 563
1292 SIDESTEP R20
1292 SIDESTEP R33
1293 ASSIGN 559 R5 45
1294 SIDESTEP R0
1294 DELIVER 307 R24 591
1294 PICK 553 R34
1295 ASSIGN 328 R24 50
1295 SIDESTEP R36
1295 SIDESTEP R39
1296 SIDESTEP R16
1296 SIDESTEP R21
1297 SIDESTEP R20
1297 SIDESTEP R33
1298 SIDESTEP R2
1298 SIDESTEP R17
1299 SIDESTEP R0
1299 DELIVER 538 R9 59
1299 PICK 541 R10
1299 DELIVER 445 R19 280
1299 REPORT pending=131 idle=2 to_pickup=15 delivering=12 to_charger=11 charging=0 dead=0 hot=7,1,10
1300 ASSIGN 561 R9 64
1300 ASSIGN 562 R19 71
1300 PICK 526 R11
1300 PICK 520 R30
1300 PICK 519 R37
1300 SIDESTEP R39
1301 SIDESTEP R16
1301 SIDESTEP R18
1302 SIDESTEP R20
1302 PICK 544 R25
1302 SIDESTEP R33
1303 SIDESTEP R17
1303 SIDESTEP R21
1304 SIDESTEP R0
1304 SIDESTEP R2
1305 PICK 554 R1
1305 SIDESTEP R10
1306 SIDESTEP R16
1306 SIDESTEP R18
1306 SIDESTEP R22
1307 DELIVER 309 R8 602
1307 PICK 313 R14
1307 SIDESTEP R33
1308 ASSIGN 329 R8 57
1308 SIDESTEP R17
1308 SIDESTEP R21
1309 PICK 327 R4
1309 PICK 322 R15
1309 SIDESTEP R20
1310 SIDESTEP R10
1311 SIDESTEP R16
1311 SIDESTEP R18
1311 SIDESTEP R22
1311 SIDESTEP R36
1312 SIDESTEP R33
1313 SIDESTEP R21
1313 SIDESTEP R24
1313 DELIVER 325 R29 572
1314 ASSIGN 331 R29 53
1314 SIDESTEP R20
1314 DELIVER 312 R28 603
1315 ASSIGN 332 R28 48
1315 SIDESTEP R17
1316 SIDESTEP R22
1316 SIDESTEP R36
1316 SIDESTEP R39
1317 DELIVER 320 R3 590
1317 SIDESTEP R7
1317 SIDESTEP R16
1317 SIDESTEP R33
1318 ASSIGN 333 R3 18
1319 SIDESTEP R20
1320 SIDESTEP R17
1320 SIDESTEP R21
1321 SIDESTEP R36
1321 SIDESTEP R39
1322 SIDESTEP R2
1322 SIDESTEP R15
1322 SIDESTEP R33
1323 SIDESTEP R16
1325 SIDESTEP R17
1325 SIDESTEP R21
1325 DELIVER 520 R30 120
1325 SIDESTEP R35
1326 ASSIGN 338 R30 72
1326 SIDESTEP R20
1326 SIDESTEP R39
1327 SIDESTEP R2
1327 SIDESTEP R18
1327 DELIVER 319 R27 601
1327 SIDESTEP R33
1328 ASSIGN 340 R27 17
1329 DELIVER 313 R14 617
1329 SIDESTEP R16
1330 REJECT 573
1330 ASSIGN 341 R14 65
1330 PICK 558 R13
1330 SIDESTEP R21
1330 SIDESTEP R35
1331 SIDESTEP R20
1332 SIDESTEP R2
1332 SIDESTEP R17
1332 SIDESTEP R18
1332 SIDESTEP R22
1332 PICK 326 R23
1332 SIDESTEP R26
1332 SIDESTEP R33
1335 PICK 333 R3
1335 SIDESTEP R16
1336 SIDESTEP R20
1337 SIDESTEP R1
1337 PICK 559 R5
1337 SIDESTEP R17
1337 SIDESTEP R18
1337 SIDESTEP R21
1337 SIDESTEP R22
1337 SIDESTEP R33
1337 SIDESTEP R36
1339 PICK 543 R0
1339 DELIVER 544 R25 85
1340 ASSIGN 579 R25 57
1342 SIDESTEP R1
1342 SIDESTEP R7
1342 DELIVER 541 R10 96
1342 SIDESTEP R17
1342 SIDESTEP R18
1342 SIDESTEP R21
1342 SIDESTEP R22
1342 SIDESTEP R33
1342 SIDESTEP R36
1342 SIDESTEP R39
1343 ASSIGN 342 R10 44
1343 SIDESTEP R20
1343 SIDESTEP R30
1346 DELIVER 327 R4 599
1347 ASSIGN 343 R4 23
1347 SIDESTEP R7
1347 DELIVER 558 R13 57
1347 SIDESTEP R21
1347 DELIVER 324 R26 607
1347 SIDESTEP R36
1347 SIDESTEP R39
1348 ASSIGN 346 R26 32
1348 ASSIGN 347 R13 34
1348 SIDESTEP R2
1348 SIDESTEP R12
1348 SIDESTEP R18
1348 SIDESTEP R20
1348 SIDESTEP R30
1349 CANCEL_FAIL 100582
1349 SIDESTEP R17
1349 REPORT pending=137 idle=0 to_pickup=16 delivering=13 to_charger=11 charging=0 dead=0 hot=6,2,12
1350 DELIVER 553 R34 71
1351 ASSIGN 348 R34 39
1351 DELIVER 526 R11 134
1352 ASSIGN 583 R11 26
1352 SIDESTEP R39
1353 SIDESTEP R2
1353 PICK 548 R7
1353 SIDESTEP R12
1353 SIDESTEP R16
1353 SIDESTEP R20
1353 PICK 328 R24
1353 SIDESTEP R30
1353 DELIVER 519 R37 150
1354 ASSIGN 350 R37 32
1354 DELIVER 543 R0 104
1354 SIDESTEP R17
1354 SIDESTEP R18
1354 SIDESTEP R21
1355 ASSIGN 351 R0 42
1355 DELIVER 322 R15 623
1356 ASSIGN 355 R15 38
1358 SIDESTEP R2
1358 SIDESTEP R16
1358 SIDESTEP R22
1358 SIDESTEP R30
1359 SIDESTEP R12
1359 SIDESTEP R17
1359 SIDESTEP R21
1360 SIDESTEP R18
1360 SIDESTEP R20
1362 PICK 332 R28
1363 REJECT 587
1363 PICK 561 R9
1363 SIDESTEP R16
1363 SIDESTEP R22
1363 SIDESTEP R30
1363 SIDESTEP R36
1364 PICK 329 R8
1364 SIDESTEP R21
1364 PICK 340 R27
1365 SIDESTEP R12
1365 SIDESTEP R20
1366 SIDESTEP R17
1366 SIDESTEP R18
1368 SIDESTEP R22
1368 SIDESTEP R36
1368 SIDESTEP R39
1370 SIDESTEP R3
1370 SIDESTEP R20
1370 PICK 331 R29
1371 SIDESTEP R12
1371 SIDESTEP R17
1371 SIDESTEP R21
1372 PICK 343 R4
1372 DELIVER 517 R35 175
1373 ASSIGN 586 R35 82
1373 PICK 562 R19
1373 SIDESTEP R22
1373 SIDESTEP R36
1373 SIDESTEP R39
1374 SIDESTEP R2
1376 SIDESTEP R13
1376 SIDESTEP R17
1376 SIDESTEP R21
1376 SIDESTEP R23
1376 SIDESTEP R28
1377 SIDESTEP R20
1378 PICK 583 R11
1378 SIDESTEP R12
1378 SIDESTEP R39
1379 SIDESTEP R2
1379 SIDESTEP R16
1379 SIDESTEP R22
1381 SIDESTEP R21
1381 SIDESTEP R23
1381 SIDESTEP R28
1382 SIDESTEP R20
1383 SIDESTEP R17
1384 SIDESTEP R2
1384 SIDESTEP R12
1384 SIDESTEP R16
1384 SIDESTEP R18
1385 SIDESTEP R22
1386 PICK 342 R10
1386 SIDESTEP R23
1386 SIDESTEP R28
1387 DELIVER 301 R33 692
1388 ASSIGN 594 R33 35
1388 DELIVER 559 R5 97
1388 SIDESTEP R17
1388 SIDESTEP R21
1389 ASSIGN 595 R5 33
1389 DELIVER 554 R1 109
1389 SIDESTEP R16
1389 SIDESTEP R18
1389 PICK 348 R34
1389 SIDESTEP R36
1390 ASSIGN 599 R1 59
1390 SIDESTEP R12
1390 PICK 347 R13
1390 SIDESTEP R20
1390 PICK 350 R37
1391 SIDESTEP R22
1391 SIDESTEP R23
1391 SIDESTEP R28
1393 CANCEL 590
1393 PICK 355 R15
1394 SIDESTEP R17
1394 SIDESTEP R18
1394 SIDESTEP R21
1394 SIDESTEP R29
1394 SIDESTEP R36
1394 SIDESTEP R39
1395 SIDESTEP R33
1396 DELIVER 548 R7 130
1396 SIDESTEP R12
1396 SIDESTEP R20
1396 SIDESTEP R23
1396 PICK 579 R25
1396 SIDESTEP R28
1397 ASSIGN 598 R7 59
1397 SIDESTEP R22
1399 SIDESTEP R29
1399 SIDESTEP R36
1399 SIDESTEP R39
1399 REPORT pending=146 idle=0 to_pickup=10 delivering=19 to_charger=11 charging=0 dead=0 hot=7,1,11
1400 SIDESTEP R2
1400 SIDESTEP R17
1400 SIDESTEP R21
1401 SIDESTEP R23
1401 SIDESTEP R28
1402 DELIVER 583 R11 50
1402 SIDESTEP R12
1402 SIDESTEP R20
1403 ASSIGN 600 R11 50
1404 SIDESTEP R29
1404 SIDESTEP R36
1404 SIDESTEP R39
1405 SIDESTEP R2
1405 SIDESTEP R16
1406 SIDESTEP R9
1406 DELIVER 342 R10 628
1406 SIDESTEP R17
1406 SIDESTEP R21
1406 SIDESTEP R23
1406 SIDESTEP R28
1407 ASSIGN 356 R10 34
1407 PICK 346 R26
1408 DELIVER 333 R3 644
1408 SIDESTEP R12
1408 SIDESTEP R20
1409 ASSIGN 357 R3 24
1409 SIDESTEP R29
1410 SIDESTEP R2
1410 SIDESTEP R16
1410 SIDESTEP R18
1410 DELIVER 328 R24 662
1410 SIDESTEP R36
1411 ASSIGN 607 R24 30
1412 SIDESTEP R17
1412 SIDESTEP R21
1413 REJECT 609
1414 SIDESTEP R12
1414 SIDESTEP R20
1414 SIDESTEP R29
1415 SIDESTEP R16
1415 SIDESTEP R18
1415 SIDESTEP R22
1416 SIDESTEP R36
1418 SIDESTEP R21
1419 SIDESTEP R20
1419 SIDESTEP R29
1419 DELIVER 348 R34 622
1419 SIDESTEP R35
1420 ASSIGN 611 R34 18
1420 SIDESTEP R12
1420 SIDESTEP R18
1420 SIDESTEP R22
1420 SIDESTEP R39
1422 CANCEL_FAIL 100611
1422 PICK 595 R5
1422 PICK 341 R14
1422 SIDESTEP R36
1423 SIDESTEP R21
1424 SIDESTEP R17
1424 SIDESTEP R20
1425 SIDESTEP R3
1425 SIDESTEP R22
1425 SIDESTEP R35
1425 SIDESTEP R39
1426 SIDESTEP R2
1426 DELIVER 579 R25 87
1427 ASSIGN 613 R25 36
1428 PICK 594 R33
1428 SIDESTEP R36
1429 SIDESTEP R20
1430 SIDESTEP R3
1430 SIDESTEP R12
1430 SIDESTEP R17
1430 SIDESTEP R39
1431 SIDESTEP R2
1431 SIDESTEP R16
1431 SIDESTEP R35
1431 DELIVER 350 R37 631
1432 ASSIGN 358 R37 48
1432 DELIVER 329 R8 683
1433 ASSIGN 614 R8 41
1433 PICK 351 R0
1434 SIDESTEP R13
1434 SIDESTEP R20
1434 SIDESTEP R34
1435 CANCEL_FAIL 100614
1435 SIDESTEP R3
1435 SIDESTEP R4
1435 DELIVER 355 R15 621
1435 SIDESTEP R17
1435 SIDESTEP R21
1435 SIDESTEP R39
1436 ASSIGN 361 R15 49
1436 SIDESTEP R2
1436 SIDESTEP R12
1436 SIDESTEP R16
1436 SIDESTEP R18
1436 SIDESTEP R23
1437 SIDESTEP R24
1438 SIDESTEP R30
1438 DEAD R39
1439 SIDESTEP R13
1439 SIDESTEP R20
1439 SIDESTEP R34
1440 SIDESTEP R3
1440 SIDESTEP R4
1440 SIDESTEP R33
1441 SIDESTEP R17
1441 SIDESTEP R18
1441 SIDESTEP R21
1441 SIDESTEP R22
1442 SIDESTEP R12
1442 SIDESTEP R24
1442 DELIVER 332 R28 683
1443 ASSIGN 615 R28 46
1444 PICK 356 R10
1444 SIDESTEP R20
1444 SIDESTEP R23
1444 SIDESTEP R34
1445 SIDESTEP R3
1445 SIDESTEP R16
1445 SIDESTEP R33
1446 SIDESTEP R18
1446 SIDESTEP R22
1446 SIDESTEP R36
1447 DELIVER 343 R4 667
1447 SIDESTEP R17
1447 SIDESTEP R21
1447 SIDESTEP R24
1448 ASSIGN 362 R4 47
1448 PICK 599 R1
1448 SIDESTEP R12
1449 DELIVER 561 R9 152
1449 SIDESTEP R23
1449 SIDESTEP R34
1449 REPORT pending=151 idle=1 to_pickup=14 delivering=14 to_charger=10 charging=0 dead=1 hot=8,1,11
1450 ASSIGN 365 R9 53
1450 SIDESTEP R3
1450 SIDESTEP R37
1451 SIDESTEP R36
1452 SIDESTEP R2
1452 SIDESTEP R24
1453 SIDESTEP R17
1453 SIDESTEP R18
1453 SIDESTEP R21
1454 SIDESTEP R12
1454 SIDESTEP R34
1455 SIDESTEP R3
1455 PICK 598 R7
1455 DEAD R20
1456 DELIVER 351 R0 655
1456 SIDESTEP R36
1457 ASSIGN 366 R0 44
1457 SIDESTEP R2
1457 SIDESTEP R22
1457 SIDESTEP R24
1457 SIDESTEP R27
1458 SIDESTEP R18
1458 SIDESTEP R23
1459 SIDESTEP R17
1459 SIDESTEP R21
1459 PICK 338 R30
1459 SIDESTEP R34
1460 SIDESTEP R3
1460 DELIVER 562 R19 160
1461 ASSIGN 367 R19 9
1461 DELIVER 346 R26 674
1461 SIDESTEP R36
1462 ASSIGN 368 R26 54
1462 SIDESTEP R2
1462 SIDESTEP R12
1462 SIDESTEP R22
1462 SIDESTEP R24
1463 DELIVER 347 R13 671
1464 ASSIGN 623 R13 21
1464 SIDESTEP R34
1465 SIDESTEP R3
1465 SIDESTEP R5
1465 SIDESTEP R17
1465 SIDESTEP R21
1466 SIDESTEP R18
1466 SIDESTEP R36
1467 SIDESTEP R22
1467 SIDESTEP R23
1467 SIDESTEP R24
1468 SIDESTEP R12
1469 PICK 367 R19
1469 SIDESTEP R34
1470 SIDESTEP R3
1470 SIDESTEP R5
1470 PICK 613 R25
1471 SIDESTEP R17
1471 SIDESTEP R18
1471 SIDESTEP R21
1471 DELIVER 331 R29 717
1472 ASSIGN 627 R29 29
1472 SIDESTEP R2
1472 SIDESTEP R16
1472 SIDESTEP R22
1472 SIDESTEP R23
1472 SIDESTEP R24
1472 SIDESTEP R30
1473 PICK 614 R8
1473 SIDESTEP R12
1473 SIDESTEP R36
1474 SIDESTEP R26
1474 SIDESTEP R34
1475 SIDESTEP R3
1475 SIDESTEP R5
1475 SIDESTEP R9
1476 SIDESTEP R18
1476 SIDESTEP R28
1477 SIDESTEP R2
1477 SIDESTEP R16
1477 SIDESTEP R17
1477 SIDESTEP R21
1477 SIDESTEP R24
1477 SIDESTEP R30
1478 SIDESTEP R12
1478 SIDESTEP R13
1479 SIDESTEP R34
1479 SIDESTEP R36
1480 SIDESTEP R3
1480 SIDESTEP R9
1480 SIDESTEP R11
1480 DELIVER 340 R27 705
1481 ASSIGN 624 R27 75
1482 CANCEL 622
1483 SIDESTEP R17
1483 SIDESTEP R21
1484 SIDESTEP R16
1484 SIDESTEP R22
1484 SIDESTEP R34
1484 SIDESTEP R36
1485 SIDESTEP R2
1485 SIDESTEP R3
1485 SIDESTEP R9
1485 DELIVER 341 R14 709
1485 SIDESTEP R23
1486 ASSIGN 630 R14 61
1486 DELIVER 614 R8 53
1487 ASSIGN 371 R8 37
1488 PICK 586 R35
1489 SIDESTEP R17
1489 SIDESTEP R21
1489 SIDESTEP R27
1490 SIDESTEP R2
1490 SIDESTEP R18
1490 SIDESTEP R23
1491 SIDESTEP R12
1491 SIDESTEP R16
1491 SIDESTEP R22
1492 PICK 358 R37
1493 DELIVER 598 R7 108
1494 ASSIGN 634 R7 48
1494 PICK 362 R4
1494 PICK 615 R28
1495 SIDESTEP R2
1495 SIDESTEP R17
1495 SIDESTEP R18
1495 SIDESTEP R21
1495 PICK 607 R24
1496 PICK 623 R13
1496 SIDESTEP R16
1496 SIDESTEP R22
1496 SIDESTEP R36
1497 SIDESTEP R12
1497 PICK 361 R15
1499 SIDESTEP R19
1499 REPORT pending=156 idle=0 to_pickup=12 delivering=17 to_charger=9 charging=0 dead=2 hot=6,1,10
SUMMARY delivered=432 lost=0 rejected=7 cancelled=25 open=185
LATENCY sum=71358 max=717 avg=165
ROBOT R0 26 29 414 TO_PICKUP 1106 308
ROBOT R1 22 31 179 DELIVERING 1299 124
ROBOT R2 12 2 81 TO_CHARGER 767 619
ROBOT R3 5 22 511 TO_PICKUP 1009 432
ROBOT R4 49 30 408 DELIVERING 1154 291
ROBOT R5 8 44 350 DELIVERING 1212 201
ROBOT R6 6 1 771 TO_PICKUP 749 720
ROBOT R7 48 39 403 TO_PICKUP 1117 341
ROBOT R8 14 12 501 TO_PICKUP 1103 293
ROBOT R9 15 16 244 TO_PICKUP 1276 138
ROBOT R10 42 33 335 DELIVERING 1143 264
ROBOT R11 14 9 406 TO_PICKUP 1114 310
ROBOT R12 7 3 558 DELIVERING 962 372
ROBOT R13 12 23 368 DELIVERING 1152 233
ROBOT R14 23 38 559 TO_PICKUP 961 435
ROBOT R15 42 34 364 DELIVERING 1156 314
ROBOT R16 10 1 54 DELIVERING 794 612
ROBOT R17 3 1 34 TO_CHARGER 814 610
ROBOT R18 11 1 1 TO_CHARGER 847 533
ROBOT R19 6 24 384 DELIVERING 1052 332
ROBOT R20 19 1 0 DEAD 848 496
ROBOT R21 4 1 7 TO_CHARGER 841 571
ROBOT R22 9 1 36 TO_CHARGER 812 634
ROBOT R23 7 2 511 DELIVERING 967 381
ROBOT R24 13 23 532 DELIVERING 1030 331
ROBOT R25 19 11 298 DELIVERING 1138 270
ROBOT R26 32 33 405 TO_PICKUP 1115 247
ROBOT R27 14 3 488 TO_PICKUP 1074 397
ROBOT R28 32 27 335 DELIVERING 1143 219
ROBOT R29 14 23 484 TO_PICKUP 994 383
ROBOT R30 5 24 350 DELIVERING 1128 282
ROBOT R31 6 2 176 TO_CHARGER 672 749
ROBOT R32 5 1 149 TO_CHARGER 699 748
ROBOT R33 8 8 336 DELIVERING 1226 197
ROBOT R34 5 21 629 TO_PICKUP 891 477
ROBOT R35 44 8 371 DELIVERING 1107 262
ROBOT R36 8 1 19 TO_CHARGER 829 660
ROBOT R37 14 8 454 DELIVERING 1024 345
ROBOT R38 7 1 130 TO_CHARGER 718 697
ROBOT R39 10 2 0 DEAD 848 428
