0 ASSIGN 1 R34 7
1 ASSIGN 2 R0 7
2 ASSIGN 3 R20 2
3 PICK 3 R20
6 CANCEL_FAIL 100004
6 ASSIGN 4 R7 3
6 PICK 1 R34
7 PICK 2 R0
8 PICK 4 R7
9 ASSIGN 5 R16 5
11 ASSIGN 6 R21 4
13 PICK 5 R16
14 PICK 6 R21
17 ASSIGN 7 R36 8
21 ASSIGN 8 R24 6
23 ASSIGN 9 R14 17
24 PICK 7 R36
26 PICK 8 R24
26 SIDESTEP R34
28 ASSIGN 10 R35 1
28 PICK 10 R35
29 ASSIGN 11 R38 9
29 SIDESTEP R7
31 ASSIGN 12 R31 5
31 DELIVER 3 R20 29
32 SIDESTEP R34
33 ASSIGN 13 R23 3
35 SIDESTEP R7
35 PICK 13 R23
35 PICK 12 R31
36 ASSIGN 14 R25 6
37 PICK 11 R38
38 SIDESTEP R34
39 ASSIGN 15 R28 3
39 PICK 9 R14
40 SIDESTEP R36
41 ASSIGN 16 R26 7
41 PICK 14 R25
41 PICK 15 R28
42 ASSIGN 17 R22 3
43 SIDESTEP R16
44 ASSIGN 18 R1 8
44 PICK 17 R22
44 SIDESTEP R34
46 ASSIGN 19 R6 4
46 SIDESTEP R0
46 SIDESTEP R36
47 ASSIGN 20 R20 8
47 PICK 16 R26
47 SIDESTEP R38
48 ASSIGN 21 R11 19
49 PICK 19 R6
49 REPORT pending=0 aged=0 idle=20 to_pickup=3 delivering=17 to_charger=0 charging=0 dead=0 hot=5,31,4
50 SIDESTEP R34
51 ASSIGN 22 R4 9
51 PICK 18 R1
52 ASSIGN 23 R17 7
52 SIDESTEP R0
52 SIDESTEP R36
53 ASSIGN 24 R19 21
54 ASSIGN 25 R33 8
54 PICK 20 R20
55 DELIVER 4 R7 49
56 SIDESTEP R34
57 ASSIGN 26 R10 13
57 DELIVER 14 R25 21
58 SIDESTEP R0
58 DELIVER 16 R26 17
58 SIDESTEP R35
58 SIDESTEP R36
58 SIDESTEP R38
59 PICK 22 R4
61 PICK 25 R33
62 ASSIGN 27 R29 14
62 PICK 23 R17
62 SIDESTEP R34
63 ASSIGN 28 R27 28
64 ASSIGN 29 R39 13
64 SIDESTEP R0
64 SIDESTEP R36
65 ASSIGN 30 R37 13
66 PICK 21 R11
67 ASSIGN 31 R8 25
68 ASSIGN 32 R18 20
68 SIDESTEP R34
69 ASSIGN 33 R30 27
69 SIDESTEP R36
70 ASSIGN 34 R12 28
70 SIDESTEP R0
70 PICK 26 R10
70 SIDESTEP R17
73 ASSIGN 35 R25 25
73 SIDESTEP R20
74 ASSIGN 36 R26 34
74 SIDESTEP R14
74 DELIVER 6 R21 63
74 SIDESTEP R36
75 ASSIGN 37 R3 18
75 SIDESTEP R17
76 ASSIGN 38 R15 52
76 SIDESTEP R0
76 PICK 29 R39
77 CANCEL_FAIL 5
77 ASSIGN 39 R32 50
77 DELIVER 18 R1 33
77 PICK 30 R37
78 ASSIGN 40 R2 57
78 SIDESTEP R20
79 ASSIGN 41 R5 17
79 SIDESTEP R14
80 SIDESTEP R17
80 DELIVER 10 R35 52
81 ASSIGN 42 R9 24
83 DELIVER 25 R33 29
84 SIDESTEP R14
84 DELIVER 5 R16 75
84 SIDESTEP R20
85 ASSIGN 43 R16 25
85 DELIVER 21 R11 37
85 SIDESTEP R17
86 ASSIGN 44 R35 25
86 SIDESTEP R23
86 PICK 27 R29
87 PICK 32 R18
88 ASSIGN 45 R11 17
89 SIDESTEP R14
89 SIDESTEP R20
90 SIDESTEP R17
90 PICK 28 R27
92 PICK 31 R8
93 ASSIGN 46 R1 21
94 SIDESTEP R14
94 PICK 24 R19
94 SIDESTEP R20
94 SIDESTEP R26
95 ASSIGN 47 R21 19
95 SIDESTEP R3
95 PICK 41 R5
96 DELIVER 13 R23 63
97 PICK 34 R12
97 DELIVER 17 R22 55
98 ASSIGN 48 R33 12
98 SIDESTEP R35
99 ASSIGN 49 R22 24
99 SIDESTEP R14
99 DELIVER 29 R39 35
99 REPORT pending=0 aged=0 idle=4 to_pickup=15 delivering=21 to_charger=0 charging=0 dead=0 hot=5,23,5
101 SIDESTEP R20
101 DELIVER 8 R24 80
101 DELIVER 12 R31 70
103 PICK 35 R25
103 SIDESTEP R35
104 PICK 42 R9
104 SIDESTEP R14
105 ASSIGN 50 R39 22
105 PICK 45 R11
106 SIDESTEP R20
107 SIDESTEP R37
108 ASSIGN 51 R31 10
108 SIDESTEP R35
109 DELIVER 2 R0 108
109 SIDESTEP R9
109 SIDESTEP R14
109 PICK 43 R16
109 PICK 48 R33
110 ASSIGN 52 R24 50
110 SIDESTEP R21
111 DELIVER 22 R4 60
111 SIDESTEP R20
111 PICK 36 R26
113 PICK 46 R1
113 SIDESTEP R35
113 SIDESTEP R37
113 DELIVER 11 R38 84
114 SIDESTEP R14
115 ASSIGN 53 R23 8
115 SIDESTEP R27
116 ASSIGN 54 R13 39
116 DELIVER 19 R6 70
116 SIDESTEP R20
117 ASSIGN 55 R4 31
117 PICK 51 R31
118 ASSIGN 56 R38 30
118 SIDESTEP R35
119 ASSIGN 57 R0 41
119 SIDESTEP R14
119 PICK 47 R21
119 SIDESTEP R34
120 ASSIGN 58 R6 44
120 DELIVER 27 R29 58
121 SIDESTEP R20
122 DELIVER 32 R18 54
122 PICK 49 R22
123 ASSIGN 59 R29 13
123 PICK 53 R23
124 ASSIGN 60 R18 63
124 SIDESTEP R27
124 PICK 33 R30
124 SIDESTEP R34
125 ASSIGN 61 R7 37
125 SIDESTEP R15
126 SIDESTEP R20
126 DELIVER 28 R27 63
126 PICK 39 R32
126 PICK 50 R39
127 ASSIGN 62 R27 56
127 DELIVER 42 R9 46
127 SIDESTEP R38
128 DELIVER 46 R1 35
129 ASSIGN 63 R1 28
129 SIDESTEP R34
130 ASSIGN 64 R9 19
131 SIDESTEP R20
132 SIDESTEP R38
134 SIDESTEP R9
134 DELIVER 26 R10 77
134 DELIVER 15 R28 95
134 SIDESTEP R34
135 ASSIGN 65 R28 27
135 ASSIGN 66 R10 56
135 PICK 59 R29
135 SIDESTEP R30
136 PICK 40 R2
136 PICK 37 R3
136 DELIVER 31 R8 69
136 DELIVER 9 R14 113
138 ASSIGN 67 R8 39
138 DELIVER 49 R22 39
139 DELIVER 51 R31 31
139 SIDESTEP R34
140 ASSIGN 68 R22 56
140 SIDESTEP R17
140 DELIVER 30 R37 75
141 ASSIGN 69 R14 29
141 SIDESTEP R20
142 ASSIGN 70 R31 43
142 DELIVER 41 R5 63
144 SIDESTEP R34
145 DELIVER 59 R29 22
146 ASSIGN 71 R5 16
146 SIDESTEP R20
147 SIDESTEP R3
147 PICK 55 R4
147 DELIVER 36 R26 73
148 CANCEL_FAIL 34
148 ASSIGN 72 R37 37
148 DELIVER 7 R36 131
149 SIDESTEP R34
149 REPORT pending=0 aged=0 idle=3 to_pickup=20 delivering=17 to_charger=0 charging=0 dead=0 hot=14,26,5
152 SIDESTEP R35
153 SIDESTEP R11
153 SIDESTEP R20
154 PICK 54 R13
154 DELIVER 23 R17 102
154 SIDESTEP R21
154 SIDESTEP R34
155 ASSIGN 73 R29 9
155 SIDESTEP R12
155 SIDESTEP R22
156 PICK 63 R1
156 PICK 64 R9
157 ASSIGN 74 R26 26
157 SIDESTEP R35
158 SIDESTEP R11
158 SIDESTEP R20
159 ASSIGN 75 R17 44
159 SIDESTEP R0
159 SIDESTEP R21
159 SIDESTEP R25
159 SIDESTEP R34
159 PICK 56 R38
160 ASSIGN 76 R36 49
160 DELIVER 53 R23 45
161 PICK 71 R5
161 PICK 61 R7
162 DELIVER 64 R9 32
162 DELIVER 35 R25 89
162 SIDESTEP R35
163 ASSIGN 77 R23 26
163 PICK 58 R6
163 SIDESTEP R11
163 PICK 73 R29
164 ASSIGN 78 R25 22
164 SIDESTEP R4
164 SIDESTEP R28
165 ASSIGN 79 R9 58
165 PICK 52 R24
166 PICK 57 R0
166 SIDESTEP R18
167 DELIVER 39 R32 90
168 ASSIGN 81 R32 20
168 SIDESTEP R11
168 DELIVER 34 R12 98
168 DELIVER 24 R19 115
168 PICK 65 R28
168 DELIVER 33 R30 99
169 ASSIGN 80 R12 16
169 SIDESTEP R4
169 PICK 69 R14
169 DELIVER 47 R21 74
170 PICK 44 R35
171 CANCEL_FAIL 16
171 SIDESTEP R7
171 DELIVER 50 R39 66
172 ASSIGN 82 R30 49
172 SIDESTEP R26
174 ASSIGN 83 R39 56
176 ASSIGN 84 R21 18
176 SIDESTEP R7
176 DELIVER 73 R29 21
177 SIDESTEP R37
178 ASSIGN 85 R29 10
179 SIDESTEP R16
181 ASSIGN 86 R19 14
181 SIDESTEP R7
181 SIDESTEP R32
184 PICK 80 R12
184 PICK 70 R31
185 SIDESTEP R3
185 SIDESTEP R4
185 SIDESTEP R8
186 CANCEL_FAIL 48
186 SIDESTEP R0
186 SIDESTEP R32
187 PICK 38 R15
187 PICK 85 R29
187 DELIVER 48 R33 89
188 ASSIGN 88 R33 24
188 DELIVER 61 R7 63
188 PICK 74 R26
189 ASSIGN 87 R7 50
189 DELIVER 45 R11 101
190 ASSIGN 89 R11 64
190 DELIVER 40 R2 112
191 CANCEL_FAIL 71
191 ASSIGN 90 R2 39
191 SIDESTEP R0
191 SIDESTEP R17
191 SIDESTEP R32
192 PICK 60 R18
193 PICK 84 R21
194 PICK 86 R19
195 SIDESTEP R14
195 PICK 72 R37
196 SIDESTEP R0
196 PICK 67 R8
196 PICK 77 R23
196 SIDESTEP R32
198 PICK 78 R25
198 DELIVER 44 R35 112
199 ASSIGN 91 R35 37
199 DELIVER 20 R20 152
199 DELIVER 70 R31 57
199 REPORT pending=2 aged=0 idle=2 to_pickup=14 delivering=24 to_charger=0 charging=0 dead=0 hot=5,8,4
200 ASSIGN 92 R31 25
200 ASSIGN 93 R20 35
200 SIDESTEP R7
200 SIDESTEP R14
201 SIDESTEP R4
201 SIDESTEP R32
202 DELIVER 43 R16 117
202 SIDESTEP R17
202 PICK 68 R22
204 ASSIGN 94 R16 49
204 DELIVER 57 R0 85
204 DELIVER 37 R3 129
205 ASSIGN 95 R0 6
205 SIDESTEP R7
205 SIDESTEP R14
206 DELIVER 58 R6 86
206 SIDESTEP R32
207 SIDESTEP R17
207 DELIVER 84 R21 31
208 ASSIGN 96 R3 28
208 SIDESTEP R11
208 SIDESTEP R20
210 ASSIGN 97 R21 57
210 PICK 95 R0
210 DELIVER 71 R5 64
211 PICK 62 R27
211 SIDESTEP R32
211 PICK 88 R33
211 SIDESTEP R36
212 SIDESTEP R17
213 CANCEL_FAIL 24
213 ASSIGN 98 R6 36
213 DELIVER 65 R28 79
215 DELIVER 63 R1 86
215 SIDESTEP R29
216 SIDESTEP R13
216 SIDESTEP R32
217 SIDESTEP R17
218 DELIVER 52 R24 108
218 DELIVER 56 R38 100
219 CANCEL_FAIL 100098
219 DELIVER 55 R4 102
219 SIDESTEP R26
220 ASSIGN 99 R28 8
220 SIDESTEP R29
220 PICK 82 R30
221 SIDESTEP R13
221 SIDESTEP R25
221 SIDESTEP R32
222 PICK 79 R9
222 SIDESTEP R17
222 SIDESTEP R23
223 ASSIGN 100 R1 28
223 DELIVER 72 R37 75
224 ASSIGN 101 R37 25
224 PICK 92 R31
226 SIDESTEP R13
226 SIDESTEP R32
226 DELIVER 88 R33 38
227 ASSIGN 102 R5 11
227 SIDESTEP R17
227 SIDESTEP R23
227 PICK 99 R28
229 ASSIGN 103 R33 17
229 PICK 90 R2
229 PICK 83 R39
230 SIDESTEP R27
231 ASSIGN 104 R38 35
231 PICK 66 R10
231 SIDESTEP R13
231 SIDESTEP R32
232 ASSIGN 105 R24 55
232 SIDESTEP R23
233 DELIVER 85 R29 55
234 SIDESTEP R30
234 DELIVER 1 R34 234
235 ASSIGN 106 R4 34
235 PICK 96 R3
235 PICK 91 R35
236 SIDESTEP R13
237 PICK 102 R5
237 SIDESTEP R7
237 SIDESTEP R23
238 ASSIGN 107 R29 59
239 CANCEL_FAIL 43
239 SIDESTEP R30
240 PICK 93 R20
240 SIDESTEP R33
241 ASSIGN 108 R34 16
242 SIDESTEP R1
242 DELIVER 68 R22 102
242 SIDESTEP R23
243 DELIVER 78 R25 79
244 ASSIGN 109 R25 37
244 DELIVER 80 R12 77
244 SIDESTEP R30
245 SIDESTEP R0
245 SIDESTEP R17
245 SIDESTEP R24
246 DELIVER 67 R8 108
247 SIDESTEP R19
247 SIDESTEP R23
247 SIDESTEP R32
248 PICK 98 R6
248 PICK 101 R37
249 DELIVER 54 R13 133
249 DELIVER 92 R31 51
249 PICK 76 R36
249 REPORT pending=0 aged=0 idle=5 to_pickup=14 delivering=21 to_charger=0 charging=0 dead=0 hot=5,8,3
250 SIDESTEP R0
250 PICK 103 R33
251 ASSIGN 110 R12 12
251 DELIVER 91 R35 54
252 PICK 94 R16
252 SIDESTEP R19
252 SIDESTEP R23
252 SIDESTEP R32
253 CANCEL_FAIL 55
253 DELIVER 69 R14 112
253 SIDESTEP R26
254 PICK 87 R7
255 ASSIGN 111 R22 26
255 SIDESTEP R0
255 DELIVER 102 R5 28
256 ASSIGN 112 R35 29
256 PICK 75 R17
256 DELIVER 60 R18 132
257 ASSIGN 113 R13 13
257 PICK 89 R11
257 DELIVER 38 R15 181
257 SIDESTEP R23
258 PICK 100 R1
258 SIDESTEP R26
260 SIDESTEP R38
261 DELIVER 99 R28 41
262 ASSIGN 114 R8 28
262 PICK 110 R12
262 SIDESTEP R23
262 SIDESTEP R29
262 DELIVER 103 R33 33
263 SIDESTEP R26
264 PICK 108 R34
265 SIDESTEP R38
266 SIDESTEP R16
267 SIDESTEP R29
268 ASSIGN 115 R31 44
268 PICK 106 R4
269 SIDESTEP R32
271 DELIVER 95 R0 66
271 SIDESTEP R13
272 REJECT 116
272 SIDESTEP R16
273 ASSIGN 117 R5 28
275 ASSIGN 118 R28 56
276 PICK 113 R13
276 PICK 104 R38
277 ASSIGN 119 R15 40
277 DELIVER 90 R2 86
278 SIDESTEP R16
279 ASSIGN 120 R14 30
279 DELIVER 96 R3 71
279 DELIVER 74 R26 122
279 SIDESTEP R30
280 SIDESTEP R6
280 PICK 111 R22
280 PICK 109 R25
280 DELIVER 108 R34 39
281 ASSIGN 121 R33 44
281 DELIVER 110 R12 30
282 PICK 81 R32
283 SIDESTEP R16
283 DELIVER 83 R39 109
284 DELIVER 86 R19 103
284 SIDESTEP R38
286 SIDESTEP R13
287 DELIVER 66 R10 152
288 SIDESTEP R16
289 DELIVER 93 R20 90
289 PICK 112 R35
289 SIDESTEP R38
290 DELIVER 100 R1 67
291 ASSIGN 122 R39 17
292 DELIVER 77 R23 129
292 DELIVER 82 R30 120
292 SIDESTEP R36
293 SIDESTEP R16
294 ASSIGN 123 R18 19
294 SIDESTEP R38
296 ASSIGN 124 R19 30
296 SIDESTEP R9
297 SIDESTEP R36
298 SIDESTEP R16
298 SIDESTEP R25
299 PICK 97 R21
299 DELIVER 111 R22 44
299 SIDESTEP R38
299 REPORT pending=0 aged=0 idle=12 to_pickup=12 delivering=16 to_charger=0 charging=0 dead=0 hot=42,38,5
301 ASSIGN 125 R22 27
301 DELIVER 113 R13 44
302 SIDESTEP R9
303 ASSIGN 126 R34 33
303 SIDESTEP R25
304 ASSIGN 127 R3 29
304 PICK 117 R5
304 DELIVER 62 R27 177
305 PICK 114 R8
306 ASSIGN 128 R10 16
306 DELIVER 98 R6 93
307 DELIVER 75 R17 148
307 PICK 122 R39
308 SIDESTEP R9
308 PICK 105 R24
309 PICK 107 R29
310 DELIVER 81 R32 142
311 PICK 115 R31
312 PICK 123 R18
314 ASSIGN 129 R27 28
314 SIDESTEP R9
315 ASSIGN 130 R17 44
317 DELIVER 94 R16 113
318 ASSIGN 131 R30 28
318 DELIVER 101 R37 94
319 SIDESTEP R36
319 SIDESTEP R39
320 SIDESTEP R9
321 ASSIGN 132 R16 41
321 PICK 128 R10
324 ASSIGN 133 R37 21
324 PICK 119 R15
324 PICK 121 R33
324 SIDESTEP R39
325 SIDESTEP R7
325 SIDESTEP R11
325 PICK 120 R14
325 PICK 124 R19
325 SIDESTEP R36
326 SIDESTEP R3
326 SIDESTEP R9
327 ASSIGN 134 R12 11
327 PICK 125 R22
329 ASSIGN 135 R23 12
330 ASSIGN 136 R0 23
330 DELIVER 106 R4 95
330 DELIVER 87 R7 147
330 SIDESTEP R19
331 SIDESTEP R12
332 SIDESTEP R9
332 DELIVER 97 R21 122
333 DELIVER 117 R5 60
333 DELIVER 104 R38 102
334 ASSIGN 137 R6 28
335 REJECT 138
335 SIDESTEP R11
335 PICK 126 R34
335 DELIVER 76 R36 175
336 ASSIGN 139 R7 6
336 SIDESTEP R25
336 DELIVER 112 R35 80
337 ASSIGN 140 R32 20
338 PICK 127 R3
339 ASSIGN 141 R21 26
339 PICK 118 R28
340 ASSIGN 142 R26 31
340 DELIVER 79 R9 175
340 SIDESTEP R11
340 PICK 135 R23
341 PICK 139 R7
341 SIDESTEP R25
342 CANCEL_FAIL 81
343 ASSIGN 143 R1 12
344 ASSIGN 144 R5 11
344 PICK 134 R12
345 PICK 133 R37
346 ASSIGN 145 R13 23
346 SIDESTEP R11
346 SIDESTEP R25
346 PICK 129 R27
349 ASSIGN 146 R38 50
349 PICK 131 R30
349 REPORT pending=0 aged=0 idle=6 to_pickup=11 delivering=23 to_charger=0 charging=0 dead=0 hot=28,43,5
351 SIDESTEP R11
352 ASSIGN 147 R2 42
352 SIDESTEP R8
352 SIDESTEP R17
352 SIDESTEP R29
353 DELIVER 105 R24 121
354 ASSIGN 148 R36 9
354 PICK 143 R1
354 PICK 144 R5
354 DELIVER 115 R31 86
355 SIDESTEP R0
356 ASSIGN 149 R4 45
356 PICK 140 R32
356 SIDESTEP R37
357 SIDESTEP R29
358 ASSIGN 150 R31 51
358 PICK 136 R0
358 DELIVER 119 R15 81
359 ASSIGN 151 R24 47
359 DELIVER 120 R14 80
361 ASSIGN 152 R14 46
361 PICK 137 R6
361 PICK 132 R16
361 SIDESTEP R37
362 SIDESTEP R29
362 PICK 148 R36
363 ASSIGN 153 R15 21
363 DELIVER 125 R22 62
364 DELIVER 114 R8 102
364 DELIVER 128 R10 58
364 SIDESTEP R12
364 PICK 130 R17
364 PICK 141 R21
366 ASSIGN 154 R10 18
366 SIDESTEP R37
367 SIDESTEP R29
368 PICK 145 R13
368 DELIVER 122 R39 77
369 ASSIGN 155 R35 47
369 SIDESTEP R11
370 ASSIGN 156 R22 24
370 SIDESTEP R12
370 PICK 142 R26
371 ASSIGN 157 R9 52
371 SIDESTEP R4
372 ASSIGN 158 R8 67
372 SIDESTEP R29
373 ASSIGN 159 R39 41
373 DELIVER 121 R33 92
375 ASSIGN 160 R20 45
377 ASSIGN 161 R33 74
377 DELIVER 134 R12 50
377 SIDESTEP R36
378 ASSIGN 162 R12 14
378 DELIVER 109 R25 134
378 SIDESTEP R30
379 ASSIGN 163 R25 63
379 SIDESTEP R29
380 SIDESTEP R34
381 CANCEL_FAIL 97
382 SIDESTEP R10
382 SIDESTEP R36
383 PICK 153 R15
384 SIDESTEP R2
385 DELIVER 89 R11 195
385 SIDESTEP R34
386 ASSIGN 164 R11 19
387 SIDESTEP R10
387 SIDESTEP R36
388 CANCEL_FAIL 110
388 DELIVER 124 R19 92
389 ASSIGN 165 R19 49
389 SIDESTEP R1
389 SIDESTEP R2
389 SIDESTEP R9
389 DELIVER 123 R18 95
390 ASSIGN 166 R18 18
390 SIDESTEP R34
391 PICK 162 R12
391 SIDESTEP R25
393 PICK 156 R22
394 SIDESTEP R9
394 SIDESTEP R24
395 PICK 154 R10
396 SIDESTEP R25
398 SIDESTEP R3
398 DELIVER 137 R6 64
398 SIDESTEP R36
398 PICK 146 R38
399 ASSIGN 167 R6 34
399 SIDESTEP R9
399 SIDESTEP R22
399 REPORT pending=4 aged=0 idle=0 to_pickup=16 delivering=24 to_charger=0 charging=0 dead=0 hot=22,34,5
400 SIDESTEP R5
400 SIDESTEP R37
401 CANCEL 150
401 ASSIGN 168 R31 51
401 SIDESTEP R25
402 DELIVER 140 R32 65
403 ASSIGN 169 R32 67
403 SIDESTEP R36
404 PICK 164 R11
404 SIDESTEP R22
405 SIDESTEP R37
406 PICK 152 R14
406 SIDESTEP R25
407 PICK 166 R18
407 SIDESTEP R33
408 DELIVER 145 R13 62
408 DELIVER 129 R27 94
408 SIDESTEP R29
408 SIDESTEP R36
409 ASSIGN 173 R13 39
409 ASSIGN 170 R27 63
409 PICK 147 R2
409 PICK 149 R4
411 PICK 151 R24
411 SIDESTEP R25
412 SIDESTEP R9
412 SIDESTEP R33
413 SIDESTEP R29
413 DELIVER 126 R34 110
413 SIDESTEP R36
414 ASSIGN 175 R34 69
414 DELIVER 153 R15 51
415 ASSIGN 171 R15 52
415 PICK 155 R35
416 SIDESTEP R25
417 SIDESTEP R9
417 PICK 160 R20
417 SIDESTEP R33
418 SIDESTEP R29
419 DELIVER 143 R1 76
419 DELIVER 144 R5 75
419 DELIVER 132 R16 98
420 ASSIGN 177 R16 57
420 ASSIGN 172 R1 50
420 ASSIGN 174 R5 49
420 SIDESTEP R3
420 SIDESTEP R7
420 DELIVER 141 R21 81
420 DELIVER 135 R23 91
421 ASSIGN 176 R23 32
421 ASSIGN 178 R21 20
421 SIDESTEP R10
422 REJECT 179
422 SIDESTEP R9
422 DELIVER 130 R17 107
422 SIDESTEP R33
423 ASSIGN 180 R17 59
423 SIDESTEP R29
424 SIDESTEP R34
425 SIDESTEP R7
426 SIDESTEP R10
426 PICK 159 R39
427 SIDESTEP R9
428 DELIVER 164 R11 47
428 SIDESTEP R29
429 ASSIGN 181 R11 29
430 SIDESTEP R7
430 SIDESTEP R18
430 DELIVER 131 R30 112
431 ASSIGN 184 R30 23
431 SIDESTEP R10
431 DELIVER 142 R26 91
432 ASSIGN 182 R26 56
432 DELIVER 127 R3 128
432 SIDESTEP R9
433 ASSIGN 183 R3 34
433 PICK 167 R6
433 SIDESTEP R29
435 SIDESTEP R7
435 DELIVER 160 R20 60
436 CANCEL_FAIL 113
436 ASSIGN 186 R20 20
437 DELIVER 136 R0 107
437 SIDESTEP R33
438 ASSIGN 187 R0 55
438 PICK 158 R8
438 SIDESTEP R29
438 SIDESTEP R35
440 SIDESTEP R7
440 PICK 178 R21
440 SIDESTEP R24
441 DELIVER 133 R37 117
442 ASSIGN 185 R37 61
442 DELIVER 118 R28 167
442 SIDESTEP R33
443 ASSIGN 188 R28 54
443 SIDESTEP R29
443 SIDESTEP R35
445 DELIVER 167 R6 55
445 SIDESTEP R7
445 SIDESTEP R24
446 ASSIGN 189 R6 71
446 DELIVER 149 R4 90
447 ASSIGN 190 R4 56
447 PICK 173 R13
447 SIDESTEP R33
448 DELIVER 162 R12 70
448 SIDESTEP R35
448 DELIVER 146 R38 99
449 CANCEL_FAIL 119
449 ASSIGN 191 R38 16
449 REPORT pending=0 aged=0 idle=1 to_pickup=25 delivering=14 to_charger=0 charging=0 dead=0 hot=23,35,4
450 SIDESTEP R7
450 SIDESTEP R10
451 SIDESTEP R17
451 PICK 168 R31
452 ASSIGN 192 R12 26
452 SIDESTEP R15
452 SIDESTEP R33
453 SIDESTEP R35
455 SIDESTEP R7
455 SIDESTEP R10
455 PICK 186 R20
456 SIDESTEP R17
456 DELIVER 159 R39 83
457 ASSIGN 193 R39 34
457 PICK 184 R30
457 SIDESTEP R33
458 SIDESTEP R35
459 CANCEL_FAIL 135
459 DELIVER 152 R14 98
460 ASSIGN 194 R14 67
460 SIDESTEP R7
460 SIDESTEP R38
461 DELIVER 168 R31 69
461 SIDESTEP R37
462 SIDESTEP R33
462 SIDESTEP R36
463 SIDESTEP R9
463 SIDESTEP R32
463 SIDESTEP R35
464 SIDESTEP R39
465 SIDESTEP R7
465 SIDESTEP R38
466 PICK 181 R11
466 SIDESTEP R37
467 PICK 183 R3
467 DELIVER 156 R22 97
468 PICK 174 R5
468 SIDESTEP R32
468 SIDESTEP R33
468 SIDESTEP R35
470 SIDESTEP R38
471 SIDESTEP R21
471 SIDESTEP R37
472 SIDESTEP R0
472 PICK 171 R15
472 SIDESTEP R20
473 SIDESTEP R32
474 SIDESTEP R33
476 PICK 177 R16
476 SIDESTEP R28
476 SIDESTEP R37
477 ASSIGN 196 R22 42
477 SIDESTEP R0
477 PICK 192 R12
477 SIDESTEP R20
478 DELIVER 166 R18 90
478 SIDESTEP R29
478 SIDESTEP R32
479 ASSIGN 195 R18 55
480 ASSIGN 197 R31 9
480 SIDESTEP R33
481 PICK 157 R9
481 SIDESTEP R28
482 SIDESTEP R0
482 SIDESTEP R20
483 DELIVER 158 R8 111
483 SIDESTEP R29
484 DELIVER 139 R7 148
484 SIDESTEP R17
484 SIDESTEP R30
485 DELIVER 192 R12 33
485 DELIVER 173 R13 76
486 ASSIGN 198 R8 45
486 SIDESTEP R28
486 SIDESTEP R33
487 SIDESTEP R0
487 SIDESTEP R20
487 PICK 182 R26
488 PICK 163 R25
488 SIDESTEP R29
488 PICK 197 R31
489 SIDESTEP R3
489 SIDESTEP R17
490 SIDESTEP R5
492 ASSIGN 199 R13 40
492 SIDESTEP R0
492 SIDESTEP R33
493 PICK 172 R1
493 SIDESTEP R29
494 SIDESTEP R3
494 SIDESTEP R17
495 CANCEL_FAIL 143
495 ASSIGN 200 R12 39
495 SIDESTEP R5
495 DELIVER 154 R10 129
496 DELIVER 181 R11 70
496 PICK 193 R39
497 ASSIGN 201 R11 28
497 SIDESTEP R0
497 SIDESTEP R36
498 SIDESTEP R29
498 SIDESTEP R32
498 SIDESTEP R33
499 ASSIGN 202 R10 53
499 SIDESTEP R1
499 SIDESTEP R17
499 DELIVER 151 R24 140
499 REPORT pending=0 aged=0 idle=2 to_pickup=21 delivering=17 to_charger=0 charging=0 dead=0 hot=11,9,4
500 ASSIGN 203 R7 68
501 ASSIGN 204 R24 42
502 SIDESTEP R3
502 PICK 190 R4
502 PICK 175 R34
503 SIDESTEP R29
504 SIDESTEP R0
504 SIDESTEP R17
504 SIDESTEP R33
505 SIDESTEP R16
507 DELIVER 197 R31 27
508 ASSIGN 205 R31 26
508 SIDESTEP R9
508 SIDESTEP R29
509 SIDESTEP R0
510 DELIVER 183 R3 80
510 SIDESTEP R16
510 SIDESTEP R33
510 SIDESTEP R34
511 ASSIGN 206 R3 57
511 SIDESTEP R4
511 PICK 170 R27
513 SIDESTEP R9
513 SIDESTEP R29
513 PICK 191 R38
514 SIDESTEP R0
514 DELIVER 147 R2 162
515 ASSIGN 207 R2 43
515 SIDESTEP R16
516 SIDESTEP R33
517 CANCEL_FAIL 175
517 PICK 189 R6
518 SIDESTEP R29
518 DELIVER 155 R35 149
518 SIDESTEP R38
519 ASSIGN 208 R35 25
519 SIDESTEP R14
521 DELIVER 178 R21 100
521 SIDESTEP R30
522 GO_CHARGE R21 36 1
522 SIDESTEP R33
523 SIDESTEP R5
523 SIDESTEP R36
523 SIDESTEP R38
524 PICK 201 R11
526 PICK 196 R22
526 SIDESTEP R26
526 SIDESTEP R30
527 CANCEL 210
527 SIDESTEP R8
528 SIDESTEP R5
528 DELIVER 157 R9 157
528 SIDESTEP R10
528 SIDESTEP R33
529 ASSIGN 213 R9 83
529 SIDESTEP R13
529 PICK 188 R28
531 SIDESTEP R26
532 PICK 194 R14
532 SIDESTEP R37
533 SIDESTEP R10
533 PICK 200 R12
533 PICK 205 R31
534 DELIVER 172 R1 129
534 SIDESTEP R33
535 ASSIGN 214 R1 44
535 SIDESTEP R9
535 SIDESTEP R13
536 SIDESTEP R28
536 DELIVER 107 R29 298
536 DELIVER 191 R38 89
537 ASSIGN 209 R38 26
537 ASSIGN 211 R29 20
537 PICK 195 R18
537 SIDESTEP R26
537 SIDESTEP R37
538 SIDESTEP R10
538 SIDESTEP R17
538 SIDESTEP R21
538 SIDESTEP R30
539 DELIVER 174 R5 128
539 DELIVER 171 R15 140
540 ASSIGN 221 R5 36
540 ASSIGN 212 R15 57
540 SIDESTEP R33
541 SIDESTEP R13
541 DELIVER 148 R36 187
542 ASSIGN 215 R36 67
542 PICK 204 R24
543 SIDESTEP R21
543 SIDESTEP R28
543 PICK 208 R35
544 SIDESTEP R30
546 SIDESTEP R33
547 SIDESTEP R13
547 PICK 180 R17
547 DELIVER 193 R39 91
548 GO_CHARGE R39 6 1
548 PICK 198 R8
548 SIDESTEP R28
549 CANCEL_FAIL 195
549 REPORT pending=7 aged=0 idle=0 to_pickup=18 delivering=20 to_charger=2 charging=0 dead=0 hot=13,11,5
550 SIDESTEP R30
552 SIDESTEP R33
553 SIDESTEP R28
554 CANCEL_FAIL 164
554 SIDESTEP R17
557 PICK 211 R29
557 SIDESTEP R30
557 SIDESTEP R38
558 DELIVER 196 R22 81
558 SIDESTEP R33
559 GO_CHARGE R22 46 1
559 PICK 187 R0
559 SIDESTEP R17
559 DELIVER 163 R25 180
559 SIDESTEP R34
560 GO_CHARGE R25 26 1
560 DELIVER 201 R11 63
561 GO_CHARGE R11 16 1
562 SIDESTEP R30
563 SIDESTEP R6
564 SIDESTEP R17
564 SIDESTEP R33
564 SIDESTEP R34
565 PICK 207 R2
566 PICK 185 R37
567 SIDESTEP R24
567 SIDESTEP R30
567 PICK 169 R32
568 SIDESTEP R6
568 PICK 203 R7
569 SIDESTEP R0
569 PICK 206 R3
569 SIDESTEP R17
569 SIDESTEP R34
570 SIDESTEP R33
571 CANCEL_FAIL 179
571 SIDESTEP R5
572 SIDESTEP R24
572 SIDESTEP R30
574 DELIVER 177 R16 156
574 SIDESTEP R17
575 GO_CHARGE R16 6 1
576 SIDESTEP R33
577 DELIVER 194 R14 118
577 SIDESTEP R21
578 GO_CHARGE R14 6 1
578 PICK 214 R1
578 DELIVER 205 R31 75
579 GO_CHARGE R31 6 1
579 SIDESTEP R0
579 SIDESTEP R17
580 SIDESTEP R13
581 SIDESTEP R10
582 PICK 221 R5
582 DELIVER 186 R20 146
582 DELIVER 170 R27 184
582 SIDESTEP R33
582 SIDESTEP R37
583 ASSIGN 225 R27 11
583 ASSIGN 237 R20 14
584 SIDESTEP R0
584 SIDESTEP R3
584 DELIVER 169 R32 191
585 ASSIGN 239 R32 22
585 SIDESTEP R13
586 CHARGE R39
588 DELIVER 182 R26 159
588 SIDESTEP R33
588 PICK 209 R38
589 ASSIGN 240 R26 60
589 DELIVER 190 R4 143
589 DELIVER 204 R24 88
590 GO_CHARGE R4 6 1
590 GO_CHARGE R24 6 1
590 SIDESTEP R1
591 SIDESTEP R34
592 PICK 202 R10
592 SIDESTEP R21
592 SIDESTEP R22
593 PICK 225 R27
594 DELIVER 200 R12 99
594 SIDESTEP R33
595 GO_CHARGE R12 6 1
595 SIDESTEP R1
595 DELIVER 198 R8 109
596 GO_CHARGE R8 46 1
596 PICK 212 R15
596 SIDESTEP R26
596 DELIVER 211 R29 75
596 SIDESTEP R34
597 ASSIGN 242 R29 25
597 PICK 237 R20
599 DELIVER 208 R35 82
599 REPORT pending=24 aged=0 idle=1 to_pickup=9 delivering=18 to_charger=11 charging=1 dead=0 hot=3,1,4
600 GO_CHARGE R35 6 1
600 SIDESTEP R33
601 CHARGED R39
601 ASSIGN 241 R39 26
601 SIDESTEP R26
601 SIDESTEP R32
601 SIDESTEP R34
602 CHARGE R14
604 DELIVER 184 R30 173
605 ASSIGN 245 R30 43
605 PICK 199 R13
606 SIDESTEP R33
606 SIDESTEP R34
607 SIDESTEP R16
608 SIDESTEP R11
609 SIDESTEP R26
610 SIDESTEP R28
610 PICK 239 R32
611 CHARGE R21
612 DELIVER 207 R2 99
612 SIDESTEP R16
612 SIDESTEP R33
612 PICK 215 R36
613 ASSIGN 246 R2 39
613 SIDESTEP R11
613 SIDESTEP R35
615 SIDESTEP R28
617 CHARGED R14
617 ASSIGN 251 R14 37
617 CHARGE R24
618 SIDESTEP R11
618 SIDESTEP R33
618 SIDESTEP R34
619 DELIVER 189 R6 175
620 GO_CHARGE R6 6 1
620 SIDESTEP R3
620 DELIVER 221 R5 80
620 SIDESTEP R28
620 SIDESTEP R38
621 GO_CHARGE R5 16 1
621 PICK 242 R29
623 DELIVER 214 R1 92
623 SIDESTEP R34
624 GO_CHARGE R1 6 1
624 SIDESTEP R33
625 SIDESTEP R3
625 PICK 213 R9
625 CHARGE R22
625 SIDESTEP R28
625 SIDESTEP R38
626 DELIVER 187 R0 189
626 DELIVER 237 R20 45
626 PICK 241 R39
627 CHARGED R21
627 ASSIGN 257 R21 16
627 GO_CHARGE R0 36 1
627 GO_CHARGE R20 46 1
627 SIDESTEP R25
628 SIDESTEP R6
628 CHARGE R11
628 SIDESTEP R31
628 SIDESTEP R34
630 SIDESTEP R3
630 SIDESTEP R26
630 SIDESTEP R28
630 SIDESTEP R33
630 SIDESTEP R38
632 DELIVER 180 R17 209
632 SIDESTEP R25
633 GO_CHARGE R17 6 1
633 SIDESTEP R34
634 CHARGED R24
634 ASSIGN 256 R24 47
634 SIDESTEP R6
634 SIDESTEP R16
634 SIDESTEP R31
634 CHARGE R35
635 SIDESTEP R28
635 DELIVER 185 R37 201
635 SIDESTEP R38
636 GO_CHARGE R37 6 1
636 SIDESTEP R33
637 DELIVER 195 R18 167
637 SIDESTEP R25
638 GO_CHARGE R18 6 1
639 DELIVER 225 R27 86
640 GO_CHARGE R27 6 1
640 SIDESTEP R6
640 DELIVER 203 R7 140
640 SIDESTEP R28
640 SIDESTEP R34
641 CHARGED R22
641 ASSIGN 258 R22 48
641 GO_CHARGE R7 46 1
642 CANCEL 224
642 SIDESTEP R4
642 SIDESTEP R25
642 SIDESTEP R33
645 CHARGED R11
645 ASSIGN 260 R11 61
645 SIDESTEP R6
645 SIDESTEP R28
645 SIDESTEP R34
647 SIDESTEP R4
647 SIDESTEP R25
647 PICK 245 R30
648 SIDESTEP R0
648 DELIVER 212 R15 123
648 SIDESTEP R33
649 CHARGED R35
649 ASSIGN 216 R35 43
649 GO_CHARGE R15 6 1
649 DELIVER 206 R3 139
649 REPORT pending=29 aged=6 idle=1 to_pickup=11 delivering=11 to_charger=17 charging=0 dead=0 hot=4,1,6
650 ASSIGN 217 R3 56
650 DELIVER 199 R13 158
650 SIDESTEP R28
650 CHARGE R31
650 SIDESTEP R34
651 ASSIGN 218 R13 34
651 PICK 246 R2
651 SIDESTEP R24
652 SIDESTEP R4
652 SIDESTEP R25
652 DELIVER 215 R36 119
652 DELIVER 209 R38 134
653 GO_CHARGE R36 36 1
653 GO_CHARGE R38 6 1
653 SIDESTEP R0
654 PICK 251 R14
654 SIDESTEP R33
655 SIDESTEP R28
655 SIDESTEP R34
656 SIDESTEP R6
656 SIDESTEP R24
657 SIDESTEP R25
658 SIDESTEP R0
658 SIDESTEP R7
660 SIDESTEP R28
660 SIDESTEP R33
660 SIDESTEP R34
661 SIDESTEP R24
662 SIDESTEP R6
663 REJECT 265
663 SIDESTEP R7
664 SIDESTEP R0
665 SIDESTEP R28
665 SIDESTEP R34
666 SIDESTEP R24
666 SIDESTEP R33
667 CHARGED R31
667 ASSIGN 219 R31 28
667 SIDESTEP R6
667 PICK 257 R21
667 SIDESTEP R37
668 SIDESTEP R7
668 DELIVER 213 R9 141
668 DELIVER 239 R32 83
669 ASSIGN 220 R9 25
669 ASSIGN 222 R32 11
670 SIDESTEP R0
670 SIDESTEP R28
670 SIDESTEP R34
671 SIDESTEP R24
671 SIDESTEP R31
672 CHARGE R1
672 SIDESTEP R6
672 DELIVER 242 R29 83
672 SIDESTEP R33
673 GO_CHARGE R29 46 1
673 SIDESTEP R7
675 SIDESTEP R28
675 SIDESTEP R34
676 SIDESTEP R0
676 SIDESTEP R24
676 SIDESTEP R35
677 SIDESTEP R37
678 SIDESTEP R7
678 SIDESTEP R33
679 PICK 222 R32
680 CHARGE R25
680 PICK 240 R26
680 SIDESTEP R28
680 SIDESTEP R34
681 SIDESTEP R2
681 SIDESTEP R6
681 DELIVER 251 R14 69
681 SIDESTEP R24
682 ASSIGN 269 R14 24
683 SIDESTEP R0
683 SIDESTEP R7
683 DELIVER 245 R30 85
683 SIDESTEP R36
684 GO_CHARGE R30 6 1
684 SIDESTEP R33
685 PICK 218 R13
685 SIDESTEP R27
685 SIDESTEP R28
685 DELIVER 222 R32 144
685 SIDESTEP R34
686 ASSIGN 223 R32 42
686 SIDESTEP R24
687 CHARGED R1
687 ASSIGN 226 R1 66
687 CHARGE R4
687 SIDESTEP R5
687 SIDESTEP R6
688 SIDESTEP R0
688 SIDESTEP R7
688 SIDESTEP R37
689 DELIVER 241 R39 102
690 ASSIGN 227 R39 26
690 DELIVER 246 R2 89
690 SIDESTEP R28
690 SIDESTEP R33
690 SIDESTEP R34
691 GO_CHARGE R2 6 1
691 CHARGE R5
691 SIDESTEP R24
691 SIDESTEP R26
692 PICK 258 R22
693 SIDESTEP R0
693 SIDESTEP R7
693 PICK 220 R9
693 SIDESTEP R37
694 SIDESTEP R18
695 SIDESTEP R34
695 PICK 216 R35
696 CHARGED R25
696 ASSIGN 228 R25 39
696 SIDESTEP R24
696 SIDESTEP R26
696 SIDESTEP R33
697 SIDESTEP R28
698 SIDESTEP R0
698 SIDESTEP R7
699 SIDESTEP R18
699 SIDESTEP R27
699 REPORT pending=39 aged=11 idle=0 to_pickup=12 delivering=9 to_charger=17 charging=2 dead=0 hot=5,2,9
700 SIDESTEP R1
700 SIDESTEP R34
700 SIDESTEP R37
701 SIDESTEP R26
702 CHARGED R4
702 ASSIGN 229 R4 60
702 CHARGE R6
702 SIDESTEP R28
702 SIDESTEP R33
703 SIDESTEP R7
703 SIDESTEP R39
704 SIDESTEP R18
704 PICK 219 R31
705 CANCEL_FAIL 215
705 PICK 217 R3
705 PICK 269 R14
705 SIDESTEP R27
705 SIDESTEP R34
706 SIDESTEP R1
706 PICK 260 R11
706 SIDESTEP R16
706 SIDESTEP R26
707 SIDESTEP R28
708 SIDESTEP R0
708 SIDESTEP R7
708 SIDESTEP R15
708 SIDESTEP R33
709 CHARGED R5
709 ASSIGN 230 R5 53
710 SIDESTEP R27
710 SIDESTEP R34
710 SIDESTEP R35
710 SIDESTEP R37
711 SIDESTEP R18
711 SIDESTEP R26
712 SIDESTEP R21
712 DELIVER 258 R22 77
712 SIDESTEP R28
713 ASSIGN 287 R22 13
713 SIDESTEP R7
713 SIDESTEP R15
714 SIDESTEP R33
715 SIDESTEP R2
715 SIDESTEP R27
715 SIDESTEP R34
715 SIDESTEP R35
715 SIDESTEP R37
716 SIDESTEP R16
716 SIDESTEP R26
717 SIDESTEP R21
717 SIDESTEP R28
718 SIDESTEP R7
718 DELIVER 218 R13 181
719 GO_CHARGE R13 26 1
719 DELIVER 220 R9 180
720 CHARGED R6
720 ASSIGN 288 R6 27
720 GO_CHARGE R9 16 1
720 CHARGE R17
720 SIDESTEP R33
720 SIDESTEP R34
720 SIDESTEP R35
720 SIDESTEP R37
721 SIDESTEP R2
721 SIDESTEP R26
722 SIDESTEP R21
722 SIDESTEP R28
723 SIDESTEP R7
723 DELIVER 202 R10 224
724 GO_CHARGE R10 46 1
725 PICK 287 R22
725 SIDESTEP R24
725 SIDESTEP R34
725 SIDESTEP R35
725 SIDESTEP R37
726 SIDESTEP R3
726 SIDESTEP R16
726 SIDESTEP R26
726 SIDESTEP R33
727 SIDESTEP R21
727 SIDESTEP R28
727 PICK 223 R32
729 SIDESTEP R15
730 SIDESTEP R24
730 SIDESTEP R34
730 SIDESTEP R35
730 SIDESTEP R37
731 SIDESTEP R16
731 SIDESTEP R26
732 SIDESTEP R2
732 SIDESTEP R28
732 SIDESTEP R33
733 DELIVER 260 R11 89
734 ASSIGN 290 R11 39
735 CHARGED R17
735 ASSIGN 294 R17 53
735 CHARGE R18
735 SIDESTEP R24
735 SIDESTEP R34
735 SIDESTEP R35
735 SIDESTEP R37
736 SIDESTEP R15
736 SIDESTEP R26
737 SIDESTEP R28
737 PICK 227 R39
738 CHARGE R0
738 SIDESTEP R2
738 PICK 228 R25
738 SIDESTEP R33
740 SIDESTEP R24
740 SIDESTEP R34
740 SIDESTEP R37
741 SIDESTEP R26
741 DELIVER 219 R31 203
742 ASSIGN 301 R31 55
742 SIDESTEP R28
743 SIDESTEP R2
743 SIDESTEP R16
743 DELIVER 257 R21 116
744 ASSIGN 231 R21 51
744 DELIVER 287 R22 34
744 SIDESTEP R33
745 ASSIGN 232 R22 51
745 SIDESTEP R24
745 SIDESTEP R34
746 PICK 288 R6
746 SIDESTEP R26
747 SIDESTEP R28
748 SIDESTEP R16
749 SIDESTEP R9
749 REPORT pending=53 aged=16 idle=0 to_pickup=12 delivering=10 to_charger=16 charging=2 dead=0 hot=4,1,7
750 SIDESTEP R24
750 SIDESTEP R33
750 SIDESTEP R34
751 DELIVER 217 R3 215
751 SIDESTEP R26
752 CHARGED R18
752 ASSIGN 302 R18 73
752 GO_CHARGE R3 6 1
752 SIDESTEP R28
753 SIDESTEP R16
754 SIDESTEP R9
755 CHARGED R0
755 ASSIGN 233 R0 30
755 SIDESTEP R2
755 SIDESTEP R24
755 SIDESTEP R34
755 CHARGE R36
756 SIDESTEP R26
756 SIDESTEP R33
757 SIDESTEP R28
758 SIDESTEP R16
759 SIDESTEP R9
760 SIDESTEP R24
760 SIDESTEP R34
761 SIDESTEP R2
761 PICK 230 R5
761 SIDESTEP R26
762 SIDESTEP R28
762 SIDESTEP R33
763 PICK 229 R4
763 SIDESTEP R16
764 DELIVER 228 R25 207
765 ASSIGN 264 R25 23
765 SIDESTEP R9
765 DELIVER 269 R14 93
765 SIDESTEP R24
765 SIDESTEP R34
766 ASSIGN 266 R14 13
766 SIDESTEP R26
767 SIDESTEP R2
767 SIDESTEP R28
768 PICK 226 R1
768 SIDESTEP R33
769 SIDESTEP R16
769 DELIVER 227 R39 214
770 ASSIGN 293 R39 10
770 SIDESTEP R9
770 SIDESTEP R13
770 SIDESTEP R24
771 SIDESTEP R26
772 CHARGED R36
772 ASSIGN 268 R36 14
772 SIDESTEP R2
772 PICK 290 R11
772 SIDESTEP R12
772 SIDESTEP R28
774 SIDESTEP R33
775 CANCEL 235
775 SIDESTEP R9
775 SIDESTEP R13
775 SIDESTEP R16
775 SIDESTEP R24
776 SIDESTEP R26
777 SIDESTEP R2
777 CHARGE R10
777 SIDESTEP R12
777 SIDESTEP R28
777 SIDESTEP R38
778 PICK 266 R14
778 DELIVER 223 R32 231
779 GO_CHARGE R32 36 1
779 SIDESTEP R34
779 SIDESTEP R39
780 SIDESTEP R33
781 SIDESTEP R9
781 SIDESTEP R16
781 SIDESTEP R26
782 SIDESTEP R12
782 DEAD R16
782 SIDESTEP R25
782 SIDESTEP R28
782 SIDESTEP R38
783 SIDESTEP R2
783 SIDESTEP R21
784 PICK 233 R0
784 SIDESTEP R34
784 SIDESTEP R39
785 PICK 268 R36
786 SIDESTEP R33
787 PICK 294 R17
787 SIDESTEP R28
787 SIDESTEP R38
788 SIDESTEP R2
788 SIDESTEP R12
788 SIDESTEP R21
788 SIDESTEP R26
789 SIDESTEP R34
789 SIDESTEP R39
790 CHARGE R9
792 SIDESTEP R33
793 SIDESTEP R2
793 SIDESTEP R12
793 SIDESTEP R21
793 PICK 264 R25
793 SIDESTEP R26
794 SIDESTEP R34
794 SIDESTEP R39
795 CHARGED R10
795 ASSIGN 313 R10 41
795 SIDESTEP R8
795 PICK 232 R22
796 CHARGE R7
796 DELIVER 290 R11 75
796 PICK 301 R31
797 ASSIGN 234 R11 33
797 DELIVER 216 R35 262
798 ASSIGN 236 R35 36
798 SIDESTEP R2
798 SIDESTEP R12
798 SIDESTEP R26
798 SIDESTEP R32
798 SIDESTEP R33
798 SIDESTEP R38
799 SIDESTEP R34
799 SIDESTEP R39
799 REPORT pending=63 aged=28 idle=0 to_pickup=10 delivering=14 to_charger=13 charging=2 dead=1 hot=5,1,10
802 SIDESTEP R8
803 SIDESTEP R2
803 SIDESTEP R32
803 SIDESTEP R38
804 SIDESTEP R12
804 DEAD R28
804 LOST 188
804 SIDESTEP R33
804 SIDESTEP R39
805 DELIVER 229 R4 244
806 CHARGED R9
806 ASSIGN 326 R9 33
806 ASSIGN 238 R4 38
806 DELIVER 226 R1 252
806 CHARGE R13
807 ASSIGN 243 R1 56
808 SIDESTEP R8
808 SIDESTEP R30
808 SIDESTEP R31
808 SIDESTEP R32
808 SIDESTEP R38
809 SIDESTEP R12
809 DELIVER 266 R14 143
809 SIDESTEP R39
810 ASSIGN 244 R14 14
810 SIDESTEP R2
810 SIDESTEP R33
811 DELIVER 264 R25 152
812 ASSIGN 247 R25 54
813 SIDESTEP R8
813 SIDESTEP R29
813 SIDESTEP R31
814 CHARGED R7
814 ASSIGN 248 R7 57
814 SIDESTEP R4
814 SIDESTEP R12
814 CHARGE R20
814 SIDESTEP R30
814 SIDESTEP R39
815 SIDESTEP R2
815 SIDESTEP R38
816 SIDESTEP R33
817 PICK 256 R24
818 SIDESTEP R31
819 SIDESTEP R4
819 SIDESTEP R9
819 SIDESTEP R12
819 SIDESTEP R39
820 SIDESTEP R2
820 SIDESTEP R30
820 SIDESTEP R38
821 SIDESTEP R8
821 SIDESTEP R32
822 CHARGED R13
822 ASSIGN 249 R13 33
822 SIDESTEP R33
823 PICK 244 R14
823 DELIVER 294 R17 95
823 SIDESTEP R31
824 ASSIGN 250 R17 21
824 SIDESTEP R4
824 SIDESTEP R39
825 SIDESTEP R38
826 SIDESTEP R30
826 SIDESTEP R32
827 SIDESTEP R2
827 SIDESTEP R8
828 SIDESTEP R31
828 SIDESTEP R33
829 CANCEL 296
829 CHARGED R20
829 ASSIGN 252 R20 32
829 DELIVER 233 R0 257
829 SIDESTEP R4
829 PICK 234 R11
829 CHARGE R29
829 SIDESTEP R34
830 ASSIGN 253 R0 27
830 SIDESTEP R38
831 SIDESTEP R32
832 SIDESTEP R2
832 DELIVER 230 R5 270
832 SIDESTEP R12
832 SIDESTEP R30
833 ASSIGN 254 R5 5
833 PICK 231 R21
834 SIDESTEP R4
834 DELIVER 288 R6 115
834 SIDESTEP R33
834 SIDESTEP R34
834 PICK 236 R35
835 ASSIGN 255 R6 78
835 PICK 313 R10
837 SIDESTEP R2
837 PICK 254 R5
837 SIDESTEP R12
837 SIDESTEP R32
838 SIDESTEP R30
839 SIDESTEP R4
839 SIDESTEP R34
839 PICK 293 R39
840 SIDESTEP R33
842 SIDESTEP R2
842 PICK 326 R9
842 SIDESTEP R12
842 DELIVER 256 R24 216
842 SIDESTEP R32
842 SIDESTEP R38
843 ASSIGN 259 R24 43
844 SIDESTEP R4
844 PICK 250 R17
844 SIDESTEP R30
844 SIDESTEP R34
846 SIDESTEP R33
847 CHARGED R29
847 ASSIGN 271 R29 5
847 SIDESTEP R32
847 SIDESTEP R38
848 SIDESTEP R12
848 SIDESTEP R39
849 SIDESTEP R1
849 SIDESTEP R4
849 SIDESTEP R14
849 SIDESTEP R24
849 DELIVER 240 R26 263
849 SIDESTEP R34
849 REPORT pending=71 aged=30 idle=1 to_pickup=14 delivering=13 to_charger=10 charging=0 dead=2 hot=4,1,9
850 GO_CHARGE R26 46 1
850 SIDESTEP R30
850 SIDESTEP R36
851 SIDESTEP R29
852 CHARGE R8
852 SIDESTEP R32
852 SIDESTEP R33
852 SIDESTEP R38
853 SIDESTEP R12
853 DELIVER 232 R22 286
854 ASSIGN 347 R22 11
854 SIDESTEP R2
854 SIDESTEP R4
854 PICK 249 R13
854 SIDESTEP R34
855 PICK 271 R29
855 SIDESTEP R36
856 PICK 253 R0
856 SIDESTEP R14
856 SIDESTEP R30
856 DELIVER 293 R39 129
857 ASSIGN 261 R39 39
858 SIDESTEP R12
858 DELIVER 250 R17 247
858 SIDESTEP R33
859 ASSIGN 262 R17 18
859 SIDESTEP R2
859 SIDESTEP R4
859 SIDESTEP R34
859 SIDESTEP R38
860 DELIVER 234 R11 286
860 PICK 252 R20
861 CANCEL_FAIL 100350
861 ASSIGN 263 R11 37
861 DELIVER 254 R5 240
861 SIDESTEP R14
861 DELIVER 268 R36 190
862 ASSIGN 278 R5 70
862 ASSIGN 280 R36 60
862 SIDESTEP R30
863 SIDESTEP R12
863 SIDESTEP R13
864 SIDESTEP R2
864 SIDESTEP R4
864 PICK 347 R22
864 SIDESTEP R33
864 SIDESTEP R34
864 SIDESTEP R38
865 PICK 247 R25
865 SIDESTEP R32
866 CANCEL 321
866 PICK 243 R1
866 SIDESTEP R14
867 CANCEL_FAIL 293
868 CHARGED R8
868 ASSIGN 283 R8 62
868 SIDESTEP R30
868 DELIVER 236 R35 289
869 ASSIGN 267 R35 31
869 DELIVER 253 R0 252
869 SIDESTEP R4
869 SIDESTEP R34
869 SIDESTEP R38
870 ASSIGN 295 R0 30
870 SIDESTEP R32
870 SIDESTEP R33
871 SIDESTEP R2
871 DELIVER 313 R10 98
872 ASSIGN 298 R10 64
872 DELIVER 244 R14 275
873 ASSIGN 270 R14 19
873 SIDESTEP R7
874 SIDESTEP R4
874 SIDESTEP R30
874 SIDESTEP R34
875 SIDESTEP R32
875 SIDESTEP R38
876 SIDESTEP R2
876 SIDESTEP R12
876 PICK 262 R17
876 SIDESTEP R33
877 PICK 248 R7
877 SIDESTEP R31
878 DEAD R26
879 SIDESTEP R4
879 DELIVER 249 R13 269
879 SIDESTEP R34
880 ASSIGN 272 R13 10
880 SIDESTEP R30
881 SIDESTEP R2
881 SIDESTEP R12
881 DELIVER 347 R22 32
881 SIDESTEP R32
881 SIDESTEP R38
882 RESCUE R16
882 ASSIGN 273 R16 33
882 ASSIGN 305 R22 39
882 SIDESTEP R33
884 SIDESTEP R4
884 SIDESTEP R34
885 SIDESTEP R3
886 SIDESTEP R12
886 SIDESTEP R30
886 SIDESTEP R32
888 SIDESTEP R33
889 PICK 272 R13
889 DELIVER 301 R31 148
890 ASSIGN 317 R31 63
890 DELIVER 231 R21 325
891 ASSIGN 274 R21 55
891 SIDESTEP R12
891 PICK 270 R14
891 SIDESTEP R32
891 SIDESTEP R38
892 SIDESTEP R2
892 SIDESTEP R30
894 SIDESTEP R33
896 SIDESTEP R38
897 SIDESTEP R2
897 PICK 263 R11
897 SIDESTEP R32
898 SIDESTEP R24
898 SIDESTEP R30
898 PICK 261 R39
899 DELIVER 270 R14 226
899 REPORT pending=72 aged=33 idle=1 to_pickup=17 delivering=11 to_charger=9 charging=0 dead=2 hot=5,2,10
900 ASSIGN 323 R14 39
900 DELIVER 252 R20 287
900 SIDESTEP R33
901 ASSIGN 275 R20 27
901 SIDESTEP R38
902 SIDESTEP R1
902 SIDESTEP R2
902 SIDESTEP R32
902 PICK 267 R35
903 PICK 295 R0
903 SIDESTEP R12
904 RESCUE R28
904 ASSIGN 276 R28 18
904 SIDESTEP R30
906 CANCEL 330
906 SIDESTEP R33
906 DELIVER 175 R34 494
906 SIDESTEP R38
907 GO_CHARGE R34 6 1
907 SIDESTEP R1
907 SIDESTEP R32
908 SIDESTEP R0
908 SIDESTEP R12
909 SIDESTEP R2
909 SIDESTEP R13
910 SIDESTEP R3
912 PICK 255 R6
912 SIDESTEP R32
912 SIDESTEP R33
913 SIDESTEP R12
914 SIDESTEP R2
914 SIDESTEP R13
914 PICK 273 R16
914 SIDESTEP R30
915 SIDESTEP R38
916 DELIVER 248 R7 308
917 ASSIGN 334 R7 66
918 SIDESTEP R12
918 PICK 259 R24
918 SIDESTEP R33
919 SIDESTEP R0
919 SIDESTEP R2
919 SIDESTEP R30
919 SIDESTEP R39
920 SIDESTEP R3
920 DELIVER 326 R9 118
920 DELIVER 247 R25 316
921 ASSIGN 277 R25 17
921 ASSIGN 279 R9 36
921 PICK 276 R28
921 SIDESTEP R35
921 SIDESTEP R38
922 DELIVER 271 R29 246
923 ASSIGN 281 R29 12
923 SIDESTEP R20
924 SIDESTEP R2
924 SIDESTEP R30
924 SIDESTEP R33
925 CANCEL 369
925 SIDESTEP R3
925 PICK 305 R22
925 SIDESTEP R32
926 SIDESTEP R0
927 CANCEL 336
927 SIDESTEP R21
927 SIDESTEP R38
928 SIDESTEP R14
928 SIDESTEP R20
929 SIDESTEP R30
930 SIDESTEP R3
930 SIDESTEP R32
930 SIDESTEP R33
931 SIDESTEP R0
931 PICK 278 R5
931 PICK 283 R8
931 SIDESTEP R12
932 SIDESTEP R21
933 PICK 238 R4
933 SIDESTEP R14
933 DELIVER 262 R17 279
933 PICK 280 R36
933 SIDESTEP R38
934 ASSIGN 282 R17 15
934 PICK 281 R29
935 SIDESTEP R3
935 SIDESTEP R32
936 SIDESTEP R0
936 PICK 298 R10
936 SIDESTEP R12
936 SIDESTEP R33
937 SIDESTEP R2
937 DELIVER 255 R6 313
937 PICK 277 R25
938 ASSIGN 284 R6 48
938 SIDESTEP R14
939 SIDESTEP R38
940 PICK 275 R20
940 SIDESTEP R32
941 DELIVER 283 R8 240
941 SIDESTEP R12
941 DELIVER 305 R22 190
942 ASSIGN 285 R22 66
942 ASSIGN 286 R8 15
942 SIDESTEP R2
942 SIDESTEP R30
942 SIDESTEP R33
943 SIDESTEP R14
945 SIDESTEP R35
945 SIDESTEP R38
946 SIDESTEP R12
946 DELIVER 272 R13 269
946 SIDESTEP R24
946 SIDESTEP R34
947 ASSIGN 289 R13 34
947 DELIVER 243 R1 352
947 SIDESTEP R2
947 DELIVER 276 R28 261
947 SIDESTEP R30
948 ASSIGN 291 R28 36
948 ASSIGN 292 R1 23
948 SIDESTEP R3
948 PICK 282 R17
948 SIDESTEP R33
949 REPORT pending=75 aged=38 idle=0 to_pickup=15 delivering=14 to_charger=10 charging=0 dead=1 hot=4,1,11
950 SIDESTEP R25
951 SIDESTEP R24
951 SIDESTEP R34
951 SIDESTEP R38
952 SIDESTEP R30
953 SIDESTEP R2
953 SIDESTEP R3
953 SIDESTEP R32
954 PICK 317 R31
954 SIDESTEP R33
955 SIDESTEP R25
956 PICK 286 R8
956 PICK 279 R9
956 SIDESTEP R24
957 SIDESTEP R38
958 SIDESTEP R2
958 SIDESTEP R3
958 SIDESTEP R12
958 SIDESTEP R32
959 REJECT 389
959 SIDESTEP R30
960 SIDESTEP R33
960 SIDESTEP R39
961 SIDESTEP R24
962 SIDESTEP R17
963 SIDESTEP R3
963 SIDESTEP R8
963 SIDESTEP R21
963 SIDESTEP R32
963 SIDESTEP R38
964 SIDESTEP R2
964 SIDESTEP R12
964 SIDESTEP R30
964 SIDESTEP R34
966 SIDESTEP R24
966 SIDESTEP R33
966 SIDESTEP R39
967 DELIVER 295 R0 234
967 PICK 323 R14
968 ASSIGN 350 R0 57
968 SIDESTEP R8
968 SIDESTEP R21
969 SIDESTEP R5
969 SIDESTEP R10
969 SIDESTEP R30
969 SIDESTEP R34
969 SIDESTEP R35
969 SIDESTEP R38
970 PICK 292 R1
970 SIDESTEP R2
971 SIDESTEP R3
971 SIDESTEP R24
971 SIDESTEP R32
972 SIDESTEP R33
973 DELIVER 275 R20 288
974 ASSIGN 312 R20 63
974 SIDESTEP R29
974 SIDESTEP R35
975 SIDESTEP R9
975 SIDESTEP R38
975 SIDESTEP R39
976 SIDESTEP R3
976 SIDESTEP R32
977 SIDESTEP R2
977 SIDESTEP R12
978 RESCUE R26
978 ASSIGN 394 R26 26
978 SIDESTEP R33
979 SIDESTEP R29
979 SIDESTEP R35
980 PICK 289 R13
980 SIDESTEP R38
981 SIDESTEP R3
981 SIDESTEP R39
982 PICK 334 R7
982 SIDESTEP R12
982 SIDESTEP R32
983 SIDESTEP R2
983 SIDESTEP R30
983 SIDESTEP R34
984 DELIVER 263 R11 326
984 DELIVER 273 R16 304
984 SIDESTEP R29
984 SIDESTEP R33
984 SIDESTEP R35
985 ASSIGN 314 R16 46
985 ASSIGN 315 R11 51
985 PICK 274 R21
985 SIDESTEP R38
986 SIDESTEP R3
986 DELIVER 280 R36 288
986 SIDESTEP R39
987 ASSIGN 318 R36 42
987 PICK 284 R6
988 SIDESTEP R30
988 DELIVER 317 R31 203
988 SIDESTEP R34
989 ASSIGN 400 R31 17
989 DELIVER 289 R13 269
989 SIDESTEP R29
989 SIDESTEP R35
990 ASSIGN 402 R13 64
990 DELIVER 278 R5 300
990 SIDESTEP R12
990 SIDESTEP R32
990 SIDESTEP R33
991 ASSIGN 297 R5 46
991 SIDESTEP R38
994 SIDESTEP R3
994 SIDESTEP R29
994 SIDESTEP R35
995 SIDESTEP R12
995 SIDESTEP R32
996 CANCEL 328
996 SIDESTEP R2
996 SIDESTEP R33
997 DELIVER 323 R14 202
997 SIDESTEP R38
998 ASSIGN 299 R14 17
999 DELIVER 298 R10 261
999 SIDESTEP R35
999 REPORT pending=82 aged=48 idle=1 to_pickup=16 delivering=13 to_charger=10 charging=0 dead=0 hot=5,1,11
1000 ASSIGN 366 R10 37
1000 SIDESTEP R4
1000 DELIVER 286 R8 292
1000 SIDESTEP R12
1000 SIDESTEP R32
1001 ASSIGN 300 R8 34
1001 SIDESTEP R2
1001 SIDESTEP R3
1001 DELIVER 277 R25 313
1002 ASSIGN 303 R25 36
1002 SIDESTEP R29
1002 SIDESTEP R30
1002 SIDESTEP R33
1002 SIDESTEP R34
1003 PICK 394 R26
1003 SIDESTEP R38
1004 SIDESTEP R35
1005 SIDESTEP R4
1005 SIDESTEP R12
1006 SIDESTEP R32
1007 SIDESTEP R30
1007 SIDESTEP R34
1008 SIDESTEP R3
1008 SIDESTEP R33
1009 DELIVER 259 R24 371
1009 SIDESTEP R35
1009 SIDESTEP R38
1010 ASSIGN 327 R24 25
1010 SIDESTEP R4
1011 SIDESTEP R12
1012 SIDESTEP R30
1012 SIDESTEP R32
1012 SIDESTEP R34
1013 SIDESTEP R3
1013 DELIVER 261 R39 360
1014 ASSIGN 331 R39 28
1014 SIDESTEP R2
1014 PICK 299 R14
1014 SIDESTEP R29
1014 SIDESTEP R33
1014 SIDESTEP R35
1015 SIDESTEP R4
1015 DELIVER 334 R7 198
1015 SIDESTEP R38
1016 ASSIGN 332 R7 34
1016 SIDESTEP R20
1018 SIDESTEP R3
1018 SIDESTEP R32
1019 SIDESTEP R2
1019 DEAD R3
1019 SIDESTEP R29
1019 SIDESTEP R34
1019 SIDESTEP R35
1020 SIDESTEP R4
1020 PICK 285 R22
1020 SIDESTEP R33
1020 SIDESTEP R38
1021 SIDESTEP R1
1021 SIDESTEP R12
1021 SIDESTEP R17
1021 SIDESTEP R20
1024 PICK 350 R0
1024 SIDESTEP R2
1024 SIDESTEP R29
1024 SIDESTEP R32
1024 SIDESTEP R34
1024 SIDESTEP R35
1025 SIDESTEP R26
1025 SIDESTEP R30
1026 SIDESTEP R20
1026 SIDESTEP R33
1027 SIDESTEP R9
1027 SIDESTEP R12
1029 SIDESTEP R6
1029 SIDESTEP R25
1029 SIDESTEP R29
1029 PICK 400 R31
1029 SIDESTEP R34
1029 SIDESTEP R35
1030 PICK 314 R16
1030 SIDESTEP R26
1030 SIDESTEP R30
1030 SIDESTEP R32
1031 SIDESTEP R2
1031 SIDESTEP R20
1032 SIDESTEP R9
1032 SIDESTEP R12
1032 DELIVER 299 R14 293
1032 SIDESTEP R33
1032 SIDESTEP R38
1033 GO_CHARGE R14 16 1
1033 DELIVER 238 R4 449
1034 ASSIGN 333 R4 9
1034 SIDESTEP R6
1034 PICK 300 R8
1034 SIDESTEP R29
1034 SIDESTEP R35
1035 SIDESTEP R30
1036 SIDESTEP R2
1036 SIDESTEP R20
1036 SIDESTEP R32
1036 SIDESTEP R34
1038 DELIVER 292 R1 312
1038 SIDESTEP R33
1038 SIDESTEP R38
1039 ASSIGN 337 R1 57
1039 SIDESTEP R6
1039 SIDESTEP R29
1039 SIDESTEP R35
1041 SIDESTEP R2
1041 PICK 327 R24
1041 SIDESTEP R34
1042 PICK 333 R4
1042 SIDESTEP R30
1042 SIDESTEP R32
1042 PICK 331 R39
1043 CANCEL_FAIL 100418
1043 PICK 315 R11
1043 DELIVER 282 R17 343
1043 PICK 291 R28
1043 PICK 318 R36
1043 SIDESTEP R38
1044 ASSIGN 341 R17 40
1044 SIDESTEP R6
1044 SIDESTEP R12
1044 SIDESTEP R33
1046 SIDESTEP R5
1046 SIDESTEP R34
1047 CANCEL 410
1047 SIDESTEP R26
1047 SIDESTEP R30
1048 SIDESTEP R2
1048 SIDESTEP R32
1049 SIDESTEP R6
1049 SIDESTEP R21
1049 REPORT pending=89 aged=58 idle=0 to_pickup=12 delivering=17 to_charger=10 charging=0 dead=1 hot=5,1,9
1050 SIDESTEP R12
1050 SIDESTEP R33
1052 SIDESTEP R26
1052 SIDESTEP R30
1053 SIDESTEP R2
1053 SIDESTEP R34
1054 SIDESTEP R6
1054 SIDESTEP R16
1054 SIDESTEP R32
1055 SIDESTEP R12
1055 SIDESTEP R38
1056 PICK 366 R10
1056 SIDESTEP R33
1057 SIDESTEP R26
1058 SIDESTEP R2
1058 SIDESTEP R34
1059 SIDESTEP R6
1059 DELIVER 279 R9 367
1059 SIDESTEP R16
1059 DELIVER 285 R22 353
1059 SIDESTEP R30
1060 ASSIGN 304 R9 39
1060 ASSIGN 306 R22 31
1060 PICK 297 R5
1060 SIDESTEP R32
1061 SIDESTEP R38
1062 DELIVER 281 R29 363
1062 SIDESTEP R33
1063 ASSIGN 307 R29 30
1063 PICK 332 R7
1063 SIDESTEP R34
1064 SIDESTEP R16
1064 SIDESTEP R30
1065 DELIVER 350 R0 209
1065 SIDESTEP R2
1066 ASSIGN 308 R0 33
1066 SIDESTEP R32
1066 SIDESTEP R38
1067 SIDESTEP R12
1068 SIDESTEP R14
1068 SIDESTEP R33
1069 SIDESTEP R16
1069 SIDESTEP R30
1070 SIDESTEP R2
1071 SIDESTEP R13
1072 DELIVER 327 R24 269
1072 SIDESTEP R32
1072 DELIVER 267 R35 403
1073 ASSIGN 309 R35 44
1073 ASSIGN 310 R24 34
1073 SIDESTEP R12
1073 SIDESTEP R33
1074 SIDESTEP R16
1074 SIDESTEP R28
1074 SIDESTEP R30
1074 SIDESTEP R34
1075 SIDESTEP R2
1076 DELIVER 300 R8 336
1077 ASSIGN 311 R8 53
1078 SIDESTEP R12
1078 SIDESTEP R32
1078 SIDESTEP R38
1079 SIDESTEP R4
1079 SIDESTEP R16
1079 SIDESTEP R28
1079 SIDESTEP R30
1079 SIDESTEP R34
1080 SIDESTEP R11
1080 SIDESTEP R14
1081 PICK 402 R13
1082 DELIVER 284 R6 378
1082 SIDESTEP R10
1082 DELIVER 274 R21 399
1083 ASSIGN 343 R6 38
1083 ASSIGN 345 R21 39
1083 PICK 341 R17
1084 SIDESTEP R4
1084 SIDESTEP R30
1084 SIDESTEP R32
1084 SIDESTEP R34
1084 SIDESTEP R38
1085 SIDESTEP R11
1085 SIDESTEP R14
1085 SIDESTEP R33
1086 SIDESTEP R2
1086 DELIVER 394 R26 116
1087 ASSIGN 316 R26 39
1087 SIDESTEP R10
1087 PICK 312 R20
1088 DELIVER 318 R36 302
1089 ASSIGN 319 R36 8
1089 SIDESTEP R4
1089 SIDESTEP R30
1089 SIDESTEP R32
1089 SIDESTEP R38
1090 SIDESTEP R12
1090 SIDESTEP R14
1090 PICK 306 R22
1090 SIDESTEP R33
1091 SIDESTEP R28
1092 SIDESTEP R2
1092 SIDESTEP R10
1094 SIDESTEP R32
1095 PICK 337 R1
1096 SIDESTEP R12
1096 SIDESTEP R14
1096 SIDESTEP R28
1096 PICK 319 R36
1097 SIDESTEP R2
1097 SIDESTEP R11
1097 SIDESTEP R34
1098 PICK 308 R0
1098 SIDESTEP R4
1099 REPORT pending=96 aged=62 idle=0 to_pickup=13 delivering=16 to_charger=10 charging=0 dead=1 hot=5,1,10
1100 SIDESTEP R16
1100 SIDESTEP R32
1101 SIDESTEP R12
1101 SIDESTEP R30
1101 SIDESTEP R38
1102 SIDESTEP R2
1102 PICK 304 R9
1102 SIDESTEP R11
1102 SIDESTEP R33
1102 SIDESTEP R34
1103 SIDESTEP R14
1105 SIDESTEP R16
1105 DELIVER 341 R17 271
1106 ASSIGN 322 R17 49
1106 DELIVER 400 R31 120
1106 SIDESTEP R32
1107 ASSIGN 324 R31 26
1107 SIDESTEP R5
1107 SIDESTEP R30
1107 SIDESTEP R33
1107 SIDESTEP R34
1108 DELIVER 333 R4 294
1108 SIDESTEP R12
1108 SIDESTEP R14
1108 SIDESTEP R28
1108 PICK 307 R29
1108 SIDESTEP R38
1109 ASSIGN 408 R4 49
1109 SIDESTEP R2
1109 DELIVER 331 R39 298
1110 GO_CHARGE R39 26 1
1110 SIDESTEP R16
1111 SIDESTEP R22
1113 SIDESTEP R12
1113 SIDESTEP R14
1113 SIDESTEP R28
1113 SIDESTEP R30
1113 SIDESTEP R38
1114 SIDESTEP R2
1114 SIDESTEP R11
1114 SIDESTEP R34
1115 SIDESTEP R9
1115 SIDESTEP R16
1116 PICK 309 R35
1118 SIDESTEP R12
1118 PICK 310 R24
1118 SIDESTEP R38
1119 RESCUE R3
1119 ASSIGN 320 R3 27
1119 SIDESTEP R2
1119 SIDESTEP R11
1119 SIDESTEP R30
1119 SIDESTEP R33
1119 SIDESTEP R34
1119 SIDESTEP R39
1120 PICK 343 R6
1120 SIDESTEP R14
1122 DELIVER 332 R7 309
1123 ASSIGN 325 R7 49
1123 SIDESTEP R12
1123 SIDESTEP R38
1124 DELIVER 312 R20 352
1124 SIDESTEP R33
1124 SIDESTEP R34
1124 SIDESTEP R39
1125 ASSIGN 329 R20 17
1125 SIDESTEP R14
1125 PICK 345 R21
1125 PICK 316 R26
1125 SIDESTEP R28
1125 SIDESTEP R30
1126 SIDESTEP R2
1127 DELIVER 402 R13 138
1128 ASSIGN 335 R13 66
1128 DELIVER 337 R1 306
1128 SIDESTEP R12
1128 SIDESTEP R38
1129 ASSIGN 338 R1 20
1129 DELIVER 308 R0 371
1129 PICK 311 R8
1130 ASSIGN 339 R0 58
1130 SIDESTEP R14
1130 SIDESTEP R28
1131 SIDESTEP R2
1131 DELIVER 297 R5 395
1131 SIDESTEP R11
1131 SIDESTEP R30
1131 SIDESTEP R34
1131 DELIVER 319 R36 343
1132 ASSIGN 340 R36 56
1132 GO_CHARGE R5 46 1
1132 DELIVER 306 R22 380
1132 PICK 324 R31
1132 DEAD R34
1133 GO_CHARGE R22 16 1
1133 SIDESTEP R12
1133 SIDESTEP R38
1136 SIDESTEP R11
1136 SIDESTEP R33
1137 SIDESTEP R14
1137 SIDESTEP R30
1138 SIDESTEP R12
1138 SIDESTEP R38
1139 DEAD R38
1141 PICK 329 R20
1141 SIDESTEP R33
1142 SIDESTEP R7
1142 SIDESTEP R14
1142 SIDESTEP R28
1143 SIDESTEP R2
1143 DELIVER 366 R10 243
1143 SIDESTEP R30
1144 ASSIGN 342 R10 51
1144 SIDESTEP R32
1146 PICK 320 R3
1146 DELIVER 304 R9 400
1146 DELIVER 345 R21 304
1147 ASSIGN 344 R9 55
1147 GO_CHARGE R21 6 1
1147 SIDESTEP R28
1148 PICK 338 R1
1148 SIDESTEP R11
1148 DELIVER 307 R29 393
1149 ASSIGN 346 R29 15
1149 SIDESTEP R2
1149 SIDESTEP R30
1149 REPORT pending=105 aged=65 idle=0 to_pickup=14 delivering=12 to_charger=12 charging=0 dead=2 hot=4,1,7
1153 SIDESTEP R11
1153 DELIVER 314 R16 372
1153 SIDESTEP R33
1154 GO_CHARGE R16 6 1
1154 SIDESTEP R2
1154 SIDESTEP R14
1154 PICK 322 R17
1155 SIDESTEP R30
1155 DELIVER 309 R35 392
1156 GO_CHARGE R35 36 1
1156 SIDESTEP R12
1157 SIDESTEP R39
1158 SIDESTEP R29
1158 DEAD R32
1158 SIDESTEP R33
1159 SIDESTEP R10
1159 SIDESTEP R28
1160 SIDESTEP R2
1160 SIDESTEP R14
1161 DELIVER 311 R8 392
1161 SIDESTEP R30
1162 ASSIGN 348 R8 29
1162 SIDESTEP R7
1162 SIDESTEP R12
1164 SIDESTEP R10
1164 SIDESTEP R28
1165 SIDESTEP R11
1166 SIDESTEP R14
1166 SIDESTEP R30
1167 SIDESTEP R5
1167 SIDESTEP R20
1168 SIDESTEP R12
1169 SIDESTEP R10
1170 SIDESTEP R11
1170 SIDESTEP R33
1171 DELIVER 343 R6 334
1171 SIDESTEP R14
1171 SIDESTEP R30
1172 GO_CHARGE R6 46 1
1172 SIDESTEP R2
1173 SIDESTEP R5
1173 DELIVER 310 R24 408
1173 SIDESTEP R29
1174 ASSIGN 351 R24 31
1174 SIDESTEP R10
1174 SIDESTEP R12
1175 SIDESTEP R33
1176 SIDESTEP R14
1176 SIDESTEP R28
1177 SIDESTEP R2
1177 PICK 408 R4
1177 SIDESTEP R30
1177 SIDESTEP R39
1178 SIDESTEP R29
1179 SIDESTEP R5
1180 SIDESTEP R12
1180 SIDESTEP R20
1181 SIDESTEP R1
1181 SIDESTEP R28
1181 DEAD R30
1182 SIDESTEP R2
1182 SIDESTEP R11
1182 SIDESTEP R39
1183 SIDESTEP R14
1184 DELIVER 322 R17 390
1184 DELIVER 316 R26 400
1185 GO_CHARGE R17 36 1
1185 GO_CHARGE R26 6 1
1185 SIDESTEP R5
1185 PICK 325 R7
1186 SIDESTEP R1
1186 SIDESTEP R31
1187 PICK 339 R0
1187 SIDESTEP R11
1187 SIDESTEP R12
1187 SIDESTEP R16
1187 DELIVER 329 R20 380
1187 SIDESTEP R21
1187 SIDESTEP R33
1187 SIDESTEP R39
1188 ASSIGN 357 R20 53
1188 SIDESTEP R4
1188 SIDESTEP R14
1188 SIDESTEP R28
1189 SIDESTEP R2
1189 PICK 340 R36
1190 PICK 348 R8
1191 CANCEL 436
1191 SIDESTEP R5
1191 SIDESTEP R31
1192 DELIVER 338 R1 367
1192 SIDESTEP R16
1193 GO_CHARGE R1 6 1
1193 SIDESTEP R12
1193 SIDESTEP R14
1193 SIDESTEP R33
1193 SIDESTEP R39
1194 SIDESTEP R2
1194 PICK 335 R13
1194 SIDESTEP R21
1196 SIDESTEP R7
1197 SIDESTEP R5
1197 PICK 346 R29
1198 SIDESTEP R33
1199 SIDESTEP R2
1199 SIDESTEP R11
1199 SIDESTEP R12
1199 SIDESTEP R21
1199 SIDESTEP R24
1199 REPORT pending=119 aged=79 idle=0 to_pickup=9 delivering=11 to_charger=16 charging=0 dead=4 hot=4,1,9
1201 PICK 344 R9
1201 CHARGE R22
1201 DELIVER 324 R31 403
1202 GO_CHARGE R31 6 1
1203 SIDESTEP R5
1204 SIDESTEP R2
1204 SIDESTEP R14
1204 SIDESTEP R21
1204 SIDESTEP R24
1205 SIDESTEP R11
1205 SIDESTEP R12
1207 SIDESTEP R10
1208 SIDESTEP R5
1209 SIDESTEP R2
1209 SIDESTEP R14
1209 SIDESTEP R24
1209 SIDESTEP R39
1210 SIDESTEP R11
1210 SIDESTEP R33
1211 SIDESTEP R12
1213 CANCEL 446
1213 DELIVER 320 R3 423
1213 SIDESTEP R5
1214 ASSIGN 362 R3 33
1214 SIDESTEP R2
1214 SIDESTEP R14
1214 SIDESTEP R24
1214 SIDESTEP R39
1215 DELIVER 348 R8 365
1215 SIDESTEP R21
1216 ASSIGN 365 R8 24
1216 SIDESTEP R33
1217 SIDESTEP R12
1218 CANCEL 434
1218 CHARGED R22
1218 ASSIGN 372 R22 52
1218 DEAD R12
1219 SIDESTEP R2
1219 SIDESTEP R5
1219 SIDESTEP R14
1219 SIDESTEP R24
1219 DELIVER 346 R29 376
1219 SIDESTEP R39
1220 ASSIGN 393 R29 50
1220 SIDESTEP R21
1220 SIDESTEP R31
1221 SIDESTEP R33
1222 SIDESTEP R11
1224 SIDESTEP R14
1224 SIDESTEP R24
1224 SIDESTEP R39
1225 SIDESTEP R2
1225 CHARGE R6
1225 SIDESTEP R21
1225 SIDESTEP R31
1225 CHARGE R35
1226 SIDESTEP R1
1228 SIDESTEP R11
1229 SIDESTEP R24
1229 SIDESTEP R39
1230 SIDESTEP R14
1230 SIDESTEP R21
1230 SIDESTEP R31
1231 SIDESTEP R1
1231 SIDESTEP R2
1231 SIDESTEP R20
1231 SIDESTEP R26
1232 RESCUE R34
1232 ASSIGN 404 R34 44
1232 DELIVER 340 R36 402
1233 GO_CHARGE R36 46 1
1233 DELIVER 339 R0 404
1233 PICK 342 R10
1233 SIDESTEP R11
1233 SIDESTEP R33
1234 GO_CHARGE R0 6 1
1234 SIDESTEP R24
1235 SIDESTEP R21
1235 SIDESTEP R31
1235 SIDESTEP R39
1236 SIDESTEP R1
1236 SIDESTEP R2
1236 SIDESTEP R34
1237 SIDESTEP R26
1238 DELIVER 325 R7 438
1239 RESCUE R38
1239 ASSIGN 378 R38 59
1239 GO_CHARGE R7 46 1
1239 SIDESTEP R24
1239 SIDESTEP R33
1240 SIDESTEP R31
1241 CHARGED R6
1241 ASSIGN 379 R6 34
1241 SIDESTEP R2
1241 PICK 365 R8
1241 SIDESTEP R21
1242 CHARGED R35
1242 ASSIGN 382 R35 13
1242 SIDESTEP R1
1243 SIDESTEP R26
1244 PICK 357 R20
1244 SIDESTEP R24
1244 DELIVER 291 R28 521
1245 GO_CHARGE R28 6 1
1245 DELIVER 344 R9 407
1245 SIDESTEP R33
1246 GO_CHARGE R9 6 1
1246 SIDESTEP R2
1246 PICK 362 R3
1246 SIDESTEP R31
1247 SIDESTEP R1
1247 DELIVER 408 R4 238
1247 SIDESTEP R21
1248 GO_CHARGE R4 46 1
1249 SIDESTEP R24
1249 SIDESTEP R26
1249 REPORT pending=129 aged=91 idle=0 to_pickup=12 delivering=6 to_charger=19 charging=0 dead=3 hot=6,1,8
1251 SIDESTEP R2
1251 SIDESTEP R33
1252 SIDESTEP R1
1252 SIDESTEP R21
1252 SIDESTEP R31
1254 SIDESTEP R24
1254 PICK 382 R35
1255 SIDESTEP R16
1255 SIDESTEP R26
1256 SIDESTEP R2
1256 CHARGE R17
1257 SIDESTEP R33
1258 RESCUE R32
1258 ASSIGN 349 R32 58
1258 SIDESTEP R1
1258 CHARGE R5
1259 SIDESTEP R21
1259 SIDESTEP R24
1259 SIDESTEP R31
1260 SIDESTEP R26
1261 SIDESTEP R0
1261 SIDESTEP R2
1262 DELIVER 335 R13 442
1263 GO_CHARGE R13 6 1
1263 SIDESTEP R33
1264 SIDESTEP R21
1264 SIDESTEP R29
1264 SIDESTEP R31
1265 SIDESTEP R1
1265 DEAD R16
1265 SIDESTEP R26
1266 SIDESTEP R0
1266 SIDESTEP R2
1266 SIDESTEP R9
1269 PICK 372 R22
1269 SIDESTEP R33
1270 SIDESTEP R26
1271 SIDESTEP R0
1271 SIDESTEP R1
1271 SIDESTEP R2
1271 CHARGE R14
1271 SIDESTEP R34
1272 SIDESTEP R9
1273 REJECT 510
1273 CHARGED R17
1273 ASSIGN 430 R17 60
1273 DELIVER 315 R11 490
1274 CHARGED R5
1274 ASSIGN 352 R5 73
1274 GO_CHARGE R11 6 1
1274 PICK 379 R6
1275 SIDESTEP R26
1275 PICK 393 R29
1275 SIDESTEP R33
1276 SIDESTEP R1
1276 SIDESTEP R2
1276 SIDESTEP R24
1276 SIDESTEP R31
1276 SIDESTEP R34
1276 SIDESTEP R39
1277 SIDESTEP R0
1278 SIDESTEP R9
1278 DELIVER 357 R20 404
1279 ASSIGN 355 R20 18
1281 SIDESTEP R24
1281 SIDESTEP R26
1281 SIDESTEP R31
1281 SIDESTEP R33
1281 SIDESTEP R34
1282 SIDESTEP R2
1282 SIDESTEP R21
1282 SIDESTEP R39
1283 RESCUE R30
1283 ASSIGN 353 R30 31
1283 SIDESTEP R0
1283 SIDESTEP R1
1284 SIDESTEP R9
1284 DELIVER 342 R10 448
1285 GO_CHARGE R10 36 1
1286 SIDESTEP R31
1287 CHARGED R14
1287 ASSIGN 354 R14 28
1287 SIDESTEP R26
1287 SIDESTEP R33
1288 SIDESTEP R1
1288 SIDESTEP R2
1289 SIDESTEP R0
1289 DEAD R2
1289 SIDESTEP R5
1289 SIDESTEP R21
1290 SIDESTEP R9
1291 SIDESTEP R31
1293 SIDESTEP R1
1293 SIDESTEP R33
1294 SIDESTEP R5
1294 SIDESTEP R21
1294 SIDESTEP R26
1295 SIDESTEP R0
1295 SIDESTEP R9
1295 SIDESTEP R28
1296 PICK 355 R20
1296 SIDESTEP R31
1297 PICK 378 R38
1297 CHARGE R39
1298 SIDESTEP R1
1298 DELIVER 362 R3 411
1299 GO_CHARGE R3 16 1
1299 SIDESTEP R5
1299 SIDESTEP R33
1299 REPORT pending=141 aged=103 idle=0 to_pickup=12 delivering=7 to_charger=17 charging=1 dead=3 hot=6,1,9
1300 SIDESTEP R0
1300 SIDESTEP R9
1300 SIDESTEP R26
1301 PICK 351 R24
1301 SIDESTEP R28
1301 SIDESTEP R31
1303 REJECT 519
1303 SIDESTEP R1
1303 SIDESTEP R8
1304 SIDESTEP R5
1305 SIDESTEP R0
1305 SIDESTEP R26
1305 SIDESTEP R33
1306 SIDESTEP R9
1306 SIDESTEP R21
1306 SIDESTEP R28
1306 SIDESTEP R31
1307 SIDESTEP R10
1308 SIDESTEP R1
1308 SIDESTEP R8
1308 DELIVER 382 R35 366
1309 ASSIGN 407 R35 11
1309 SIDESTEP R5
1311 SIDESTEP R0
1311 SIDESTEP R9
1311 SIDESTEP R28
1311 SIDESTEP R31
1311 SIDESTEP R33
1312 DELIVER 379 R6 375
1312 SIDESTEP R10
1312 SIDESTEP R11
1312 SIDESTEP R26
1313 ASSIGN 356 R6 41
1313 SIDESTEP R1
1313 SIDESTEP R8
1313 SIDESTEP R21
1314 SIDESTEP R5
1314 PICK 354 R14
1315 CHARGED R39
1315 ASSIGN 358 R39 15
1315 PICK 349 R32
1316 SIDESTEP R9
1316 SIDESTEP R28
1316 SIDESTEP R31
1317 SIDESTEP R10
1317 SIDESTEP R11
1317 SIDESTEP R13
1317 SIDESTEP R26
1317 SIDESTEP R33
1318 SIDESTEP R8
1318 SIDESTEP R21
1319 RESCUE R12
1319 ASSIGN 359 R12 40
1319 SIDESTEP R0
1319 SIDESTEP R5
1319 PICK 407 R35
1321 SIDESTEP R28
1322 SIDESTEP R9
1322 SIDESTEP R10
1322 SIDESTEP R11
1322 SIDESTEP R26
1323 SIDESTEP R8
1323 SIDESTEP R12
1323 SIDESTEP R13
1323 DELIVER 393 R29 354
1323 SIDESTEP R33
1324 GO_CHARGE R29 26 1
1324 SIDESTEP R5
1325 DELIVER 351 R24 463
1325 DELIVER 349 R32 473
1326 ASSIGN 360 R32 44
1326 GO_CHARGE R24 6 1
1326 SIDESTEP R14
1327 SIDESTEP R9
1327 SIDESTEP R10
1327 SIDESTEP R28
1328 SIDESTEP R8
1328 SIDESTEP R11
1328 SIDESTEP R31
1329 SIDESTEP R1
1329 SIDESTEP R5
1329 SIDESTEP R21
1329 SIDESTEP R26
1329 SIDESTEP R33
1329 PICK 358 R39
1330 REJECT 530
1330 SIDESTEP R0
1332 SIDESTEP R9
1332 PICK 430 R17
1332 PICK 404 R34
1332 CHARGE R36
1333 SIDESTEP R10
1333 SIDESTEP R11
1333 SIDESTEP R13
1333 SIDESTEP R22
1334 SIDESTEP R1
1334 SIDESTEP R21
1335 SIDESTEP R33
1338 SIDESTEP R9
1338 SIDESTEP R11
1338 SIDESTEP R13
1338 SIDESTEP R28
1339 SIDESTEP R1
1339 SIDESTEP R3
1339 SIDESTEP R4
1339 SIDESTEP R21
1340 DELIVER 365 R8 442
1340 PICK 353 R30
1341 GO_CHARGE R8 6 1
1341 DELIVER 372 R22 426
1341 SIDESTEP R33
1342 ASSIGN 414 R22 58
1343 SIDESTEP R28
1343 DELIVER 407 R35 339
1344 ASSIGN 361 R35 43
1344 SIDESTEP R0
1344 SIDESTEP R11
1345 SIDESTEP R1
1345 SIDESTEP R3
1345 SIDESTEP R4
1346 SIDESTEP R9
1347 SIDESTEP R33
1348 SIDESTEP R28
1349 CHARGED R36
1349 ASSIGN 363 R36 34
1349 SIDESTEP R0
1349 SIDESTEP R26
1349 REPORT pending=150 aged=115 idle=0 to_pickup=12 delivering=7 to_charger=19 charging=0 dead=2 hot=8,1,11
1350 SIDESTEP R3
1350 CHARGE R7
1350 SIDESTEP R11
1350 SIDESTEP R13
1351 SIDESTEP R9
1351 SIDESTEP R21
1352 DELIVER 404 R34 353
1353 ASSIGN 386 R34 62
1353 PICK 356 R6
1353 SIDESTEP R33
1354 SIDESTEP R26
1354 SIDESTEP R31
1355 SIDESTEP R11
1355 SIDESTEP R22
1355 SIDESTEP R28
1356 SIDESTEP R13
1356 SIDESTEP R21
1359 SIDESTEP R26
1359 SIDESTEP R31
1359 SIDESTEP R33
1360 SIDESTEP R0
1360 SIDESTEP R11
1361 SIDESTEP R13
1361 SIDESTEP R28
1362 SIDESTEP R3
1362 PICK 359 R12
1364 DELIVER 355 R20 492
1364 SIDESTEP R31
1365 RESCUE R16
1365 ASSIGN 388 R16 34
1365 GO_CHARGE R20 6 1
1365 SIDESTEP R0
1365 SIDESTEP R1
1365 SIDESTEP R33
1366 CHARGED R7
1366 ASSIGN 392 R7 27
1366 SIDESTEP R13
1366 SIDESTEP R22
1367 CHARGE R4
1367 CHARGE R10
1367 SIDESTEP R11
1368 SIDESTEP R3
1369 DELIVER 354 R14 499
1369 SIDESTEP R31
1369 PICK 360 R32
1370 ASSIGN 426 R14 55
1370 SIDESTEP R0
1370 SIDESTEP R1
1370 SIDESTEP R9
1370 SIDESTEP R28
1371 SIDESTEP R33
1372 SIDESTEP R13
1373 SIDESTEP R3
1373 SIDESTEP R22
1373 SIDESTEP R24
1374 SIDESTEP R11
1375 SIDESTEP R0
1375 SIDESTEP R1
1375 SIDESTEP R9
1375 SIDESTEP R21
1375 SIDESTEP R38
1377 SIDESTEP R13
1377 SIDESTEP R33
1377 DELIVER 358 R39 500
1378 ASSIGN 465 R39 25
1378 SIDESTEP R3
1378 SIDESTEP R24
1379 SIDESTEP R8
1380 SIDESTEP R0
1380 SIDESTEP R9
1380 SIDESTEP R21
1380 SIDESTEP R26
1380 SIDESTEP R38
1381 SIDESTEP R1
1381 DELIVER 356 R6 508
1382 CHARGED R10
1382 ASSIGN 466 R10 33
1382 ASSIGN 364 R6 41
1382 PICK 363 R36
1383 CHARGED R4
1383 ASSIGN 367 R4 49
1383 SIDESTEP R3
1383 SIDESTEP R13
1383 SIDESTEP R22
1383 SIDESTEP R33
1384 SIDESTEP R8
1384 SIDESTEP R11
1384 SIDESTEP R20
1385 SIDESTEP R21
1385 SIDESTEP R24
1385 SIDESTEP R26
1385 SIDESTEP R28
1385 SIDESTEP R38
1386 SIDESTEP R1
1386 SIDESTEP R9
1386 CHARGE R29
1386 PICK 361 R35
1389 RESCUE R2
1389 ASSIGN 368 R2 51
1389 SIDESTEP R8
1389 DELIVER 353 R30 521
1389 SIDESTEP R33
1390 ASSIGN 370 R30 46
1390 SIDESTEP R20
1390 SIDESTEP R22
1390 SIDESTEP R26
1390 SIDESTEP R28
1390 SIDESTEP R31
1390 SIDESTEP R38
1391 SIDESTEP R9
1391 SIDESTEP R11
1391 SIDESTEP R17
1391 SIDESTEP R21
1392 SIDESTEP R3
1392 PICK 392 R7
1392 SIDESTEP R13
1395 SIDESTEP R20
1395 SIDESTEP R24
1395 SIDESTEP R28
1395 SIDESTEP R31
1395 SIDESTEP R33
1396 SIDESTEP R21
1396 SIDESTEP R26
1397 SIDESTEP R22
1398 SIDESTEP R7
1398 SIDESTEP R11
1398 SIDESTEP R13
1398 PICK 388 R16
1399 REPORT pending=164 aged=123 idle=0 to_pickup=15 delivering=8 to_charger=16 charging=1 dead=0 hot=6,1,14
1400 DELIVER 359 R12 522
1400 SIDESTEP R20
1400 SIDESTEP R24
1401 ASSIGN 405 R12 54
1401 PICK 352 R5
1401 SIDESTEP R8
1401 SIDESTEP R26
1401 SIDESTEP R28
1401 SIDESTEP R33
1402 CHARGED R29
1402 ASSIGN 371 R29 23
1402 SIDESTEP R1
1402 SIDESTEP R22
1402 PICK 465 R39
1403 SIDESTEP R7
1403 SIDESTEP R11
1403 SIDESTEP R38
1404 SIDESTEP R3
1404 SIDESTEP R31
1405 SIDESTEP R0
1405 SIDESTEP R20
1405 SIDESTEP R24
1406 SIDESTEP R8
1406 SIDESTEP R13
1406 DELIVER 430 R17 333
1406 SIDESTEP R28
1407 ASSIGN 373 R17 56
1407 SIDESTEP R1
1407 SIDESTEP R33
1408 SIDESTEP R7
1408 SIDESTEP R11
1408 SIDESTEP R22
1408 SIDESTEP R38
1409 SIDESTEP R31
1410 SIDESTEP R0
1410 SIDESTEP R3
1410 SIDESTEP R9
1411 SIDESTEP R5
1411 SIDESTEP R8
1411 SIDESTEP R13
1411 SIDESTEP R24
1412 SIDESTEP R1
1413 SIDESTEP R33
1413 SIDESTEP R38
1414 PICK 466 R10
1414 SIDESTEP R11
1414 SIDESTEP R22
1414 SIDESTEP R31
1415 SIDESTEP R0
1415 SIDESTEP R9
1415 SIDESTEP R21
1416 SIDESTEP R3
1416 SIDESTEP R5
1416 SIDESTEP R8
1416 SIDESTEP R13
1416 SIDESTEP R24
1417 SIDESTEP R20
1419 SIDESTEP R11
1419 SIDESTEP R31
1419 SIDESTEP R33
1419 SIDESTEP R38
1420 SIDESTEP R0
1420 SIDESTEP R9
1420 SIDESTEP R21
1420 SIDESTEP R22
1420 SIDESTEP R26
1420 DELIVER 465 R39 261
1421 ASSIGN 409 R39 31
1421 SIDESTEP R24
1421 DELIVER 363 R36 527
1422 ASSIGN 445 R36 59
1422 SIDESTEP R3
1422 PICK 364 R6
1422 SIDESTEP R20
1423 SIDESTEP R13
1424 PICK 426 R14
1424 PICK 371 R29
1424 SIDESTEP R31
1424 SIDESTEP R38
1425 SIDESTEP R0
1425 SIDESTEP R21
1425 SIDESTEP R26
1425 SIDESTEP R28
1425 SIDESTEP R33
1426 SIDESTEP R9
1426 SIDESTEP R24
1426 DELIVER 360 R32 543
1427 ASSIGN 374 R32 32
1427 SIDESTEP R20
1428 SIDESTEP R3
1428 SIDESTEP R13
1428 PICK 386 R34
1429 SIDESTEP R8
1429 DELIVER 361 R35 545
1429 SIDESTEP R38
1430 ASSIGN 375 R35 66
1430 SIDESTEP R0
1430 SIDESTEP R28
1431 SIDESTEP R1
1431 SIDESTEP R2
1431 PICK 367 R4
1431 DELIVER 388 R16 474
1431 SIDESTEP R33
1432 ASSIGN 376 R16 31
1432 SIDESTEP R9
1433 SIDESTEP R13
1434 SIDESTEP R3
1434 SIDESTEP R8
1434 SIDESTEP R20
1435 SIDESTEP R0
1435 SIDESTEP R26
1435 SIDESTEP R28
1436 SIDESTEP R1
1436 SIDESTEP R2
1436 SIDESTEP R11
1437 PICK 370 R30
1437 SIDESTEP R33
1438 SIDESTEP R13
1439 SIDESTEP R8
1439 SIDESTEP R20
1439 SIDESTEP R24
1440 SIDESTEP R3
1440 SIDESTEP R26
1440 SIDESTEP R28
1440 SIDESTEP R38
1441 SIDESTEP R1
1441 SIDESTEP R2
1441 SIDESTEP R9
1441 SIDESTEP R11
1441 SIDESTEP R21
1443 SIDESTEP R33
1444 SIDESTEP R20
1444 SIDESTEP R24
1445 SIDESTEP R8
1445 SIDESTEP R26
1445 SIDESTEP R28
1445 SIDESTEP R38
1446 SIDESTEP R1
1446 SIDESTEP R2
1446 SIDESTEP R3
1446 SIDESTEP R11
1446 SIDESTEP R21
1446 SIDESTEP R31
1449 SIDESTEP R20
1449 SIDESTEP R24
1449 SIDESTEP R33
1449 REPORT pending=181 aged=132 idle=0 to_pickup=14 delivering=10 to_charger=16 charging=0 dead=0 hot=6,1,13
1450 SIDESTEP R8
1450 SIDESTEP R13
1450 SIDESTEP R28
1451 SIDESTEP R1
1451 SIDESTEP R2
1451 SIDESTEP R9
1451 DELIVER 466 R10 288
1451 SIDESTEP R11
1451 SIDESTEP R31
1451 PICK 409 R39
1452 ASSIGN 377 R10 60
1452 SIDESTEP R0
1452 SIDESTEP R3
1454 PICK 405 R12
1455 SIDESTEP R8
1455 SIDESTEP R13
1455 SIDESTEP R24
1455 SIDESTEP R28
1455 SIDESTEP R33
1456 SIDESTEP R2
1457 SIDESTEP R0
1457 SIDESTEP R9
1457 DELIVER 426 R14 400
1457 SIDESTEP R26
1457 SIDESTEP R31
1457 SIDESTEP R38
1458 ASSIGN 380 R14 31
1458 SIDESTEP R3
1458 SIDESTEP R11
1458 PICK 374 R32
1460 SIDESTEP R8
1460 SIDESTEP R13
1460 SIDESTEP R24
1461 SIDESTEP R2
1461 SIDESTEP R20
1461 SIDESTEP R30
1461 SIDESTEP R33
1462 SIDESTEP R0
1462 SIDESTEP R9
1462 PICK 376 R16
1462 PICK 373 R17
1462 SIDESTEP R21
1462 SIDESTEP R26
1462 SIDESTEP R31
1462 SIDESTEP R38
1463 SIDESTEP R11
1463 SIDESTEP R39
1464 SIDESTEP R1
1464 SIDESTEP R3
1465 DELIVER 367 R4 560
1465 SIDESTEP R24
1466 CANCEL 575
1466 ASSIGN 381 R4 63
1466 SIDESTEP R20
1466 SIDESTEP R30
1467 DELIVER 392 R7 502
1467 SIDESTEP R13
1467 SIDESTEP R31
1467 SIDESTEP R33
1468 ASSIGN 383 R7 70
1468 SIDESTEP R11
1468 SIDESTEP R39
1469 SIDESTEP R0
1469 SIDESTEP R1
1469 SIDESTEP R9
1469 SIDESTEP R21
1470 SIDESTEP R3
1470 SIDESTEP R24
1471 SIDESTEP R20
1471 SIDESTEP R30
1472 SIDESTEP R13
1473 SIDESTEP R8
1473 SIDESTEP R26
1473 SIDESTEP R33
1473 SIDESTEP R39
1474 SIDESTEP R0
1474 DELIVER 364 R6 578
1474 SIDESTEP R21
1474 SIDESTEP R28
1475 ASSIGN 384 R6 27
1475 SIDESTEP R38
1476 SIDESTEP R3
1476 SIDESTEP R30
1477 DEAD R11
1477 SIDESTEP R13
1478 SIDESTEP R8
1478 SIDESTEP R20
1478 SIDESTEP R26
1478 PICK 445 R36
1479 SIDESTEP R21
1479 SIDESTEP R28
1479 SIDESTEP R33
1480 DELIVER 352 R5 615
1481 ASSIGN 385 R5 57
1481 SIDESTEP R9
1482 PICK 368 R2
1482 SIDESTEP R3
1482 SIDESTEP R13
1483 SIDESTEP R8
1483 SIDESTEP R20
1483 SIDESTEP R24
1484 SIDESTEP R0
1484 PICK 414 R22
1484 SIDESTEP R28
1485 SIDESTEP R21
1485 SIDESTEP R33
1485 SIDESTEP R34
1485 SIDESTEP R38
1486 SIDESTEP R9
1486 SIDESTEP R31
1486 DELIVER 374 R32 562
1487 GO_CHARGE R32 26 1
1488 SIDESTEP R3
1488 PICK 380 R14
1488 SIDESTEP R20
1488 SIDESTEP R24
1489 SIDESTEP R8
1490 SIDESTEP R21
1490 SIDESTEP R28
1490 SIDESTEP R34
1491 SIDESTEP R9
1491 DELIVER 371 R29 579
1491 SIDESTEP R31
1491 SIDESTEP R33
1491 SIDESTEP R38
1492 ASSIGN 387 R29 54
1493 SIDESTEP R1
1493 SIDESTEP R20
1493 SIDESTEP R24
1494 SIDESTEP R3
1494 SIDESTEP R8
1494 SIDESTEP R13
1495 SIDESTEP R28
1495 PICK 375 R35
1496 SIDESTEP R0
1497 SIDESTEP R22
1497 DELIVER 370 R30 587
1497 SIDESTEP R33
1497 SIDESTEP R38
1498 GO_CHARGE R30 36 1
1498 SIDESTEP R1
1498 DELIVER 373 R17 575
1498 SIDESTEP R26
1499 ASSIGN 390 R17 51
1499 SIDESTEP R8
1499 SIDESTEP R13
1499 SIDESTEP R24
1499 REPORT pending=194 aged=148 idle=0 to_pickup=12 delivering=10 to_charger=17 charging=0 dead=1 hot=8,1,12
SUMMARY delivered=368 lost=1 rejected=8 cancelled=35 open=216
LATENCY sum=70063 max=615 avg=190
ROBOT R0 10 2 34 TO_CHARGER 1029 387
ROBOT R1 8 3 35 TO_CHARGER 987 381
ROBOT R2 21 36 333 DELIVERING 696 552
ROBOT R3 5 2 54 TO_CHARGER 836 462
ROBOT R4 26 28 629 TO_PICKUP 1041 334
ROBOT R5 13 8 627 TO_PICKUP 1129 214
ROBOT R6 13 3 430 TO_PICKUP 1233 153
ROBOT R7 29 6 617 TO_PICKUP 1123 250
ROBOT R8 3 3 72 TO_CHARGER 1003 390
ROBOT R9 9 1 112 TO_CHARGER 984 386
ROBOT R10 35 18 635 TO_PICKUP 1076 314
ROBOT R11 11 1 0 DEAD 1043 368
ROBOT R12 11 23 166 DELIVERING 759 507
ROBOT R13 3 2 121 TO_CHARGER 988 324
ROBOT R14 11 43 485 DELIVERING 1118 300
ROBOT R15 6 2 72 TO_CHARGER 534 867
ROBOT R16 44 35 219 DELIVERING 957 330
ROBOT R17 57 42 475 TO_PICKUP 1156 251
ROBOT R18 6 1 773 TO_PICKUP 509 869
ROBOT R19 40 29 319 TO_PICKUP 321 1103
ROBOT R20 4 2 30 TO_CHARGER 944 440
ROBOT R21 10 1 84 TO_CHARGER 968 472
ROBOT R22 35 17 501 DELIVERING 1226 171
ROBOT R23 41 29 322 TO_PICKUP 303 1108
ROBOT R24 3 1 72 TO_CHARGER 1019 417
ROBOT R25 39 29 295 TO_PICKUP 828 605
ROBOT R26 8 2 22 TO_CHARGER 833 442
ROBOT R27 5 1 116 TO_CHARGER 487 941
ROBOT R28 11 1 11 TO_CHARGER 782 560
ROBOT R29 46 38 653 TO_PICKUP 1023 367
ROBOT R30 3 31 159 TO_CHARGER 760 541
ROBOT R31 8 1 31 TO_CHARGER 1054 352
ROBOT R32 1 24 111 TO_CHARGER 845 452
ROBOT R33 42 29 31 TO_PICKUP 649 760
ROBOT R34 22 36 154 DELIVERING 717 655
ROBOT R35 30 6 422 DELIVERING 1157 244
ROBOT R36 58 14 560 DELIVERING 1129 293
ROBOT R37 7 1 131 TO_CHARGER 468 955
ROBOT R38 7 2 169 DELIVERING 740 600
ROBOT R39 37 20 515 DELIVERING 1127 260
