0 ASSIGN 1 R23 8
1 ASSIGN 2 R3 6
1 ASSIGN 3 R26 10
2 ASSIGN 4 R11 7
2 ASSIGN 5 R4 9
3 ASSIGN 6 R1 4
4 REJECT 7
4 ASSIGN 8 R0 6
5 ASSIGN 9 R8 9
5 ASSIGN 10 R10 9
6 ASSIGN 11 R18 3
6 PICK 6 R1
6 PICK 2 R3
7 ASSIGN 12 R25 13
7 ASSIGN 13 R24 9
7 PICK 1 R23
8 ASSIGN 14 R27 9
8 ASSIGN 15 R6 9
8 PICK 4 R11
8 PICK 11 R18
9 ASSIGN 16 R14 4
9 ASSIGN 17 R12 3
9 PICK 8 R0
10 ASSIGN 18 R20 2
10 PICK 5 R4
10 PICK 3 R26
11 ASSIGN 19 R7 7
11 ASSIGN 20 R17 15
11 PICK 17 R12
11 PICK 18 R20
12 ASSIGN 22 R19 7
12 ASSIGN 21 R9 16
12 PICK 16 R14
13 ASSIGN 24 R22 17
13 ASSIGN 23 R5 23
13 PICK 9 R8
13 PICK 10 R10
14 ASSIGN 26 R21 27
14 ASSIGN 25 R29 20
15 ASSIGN 28 R13 31
15 ASSIGN 27 R15 27
15 DELIVER 1 R23 15
15 PICK 13 R24
16 ASSIGN 30 R23 31
16 ASSIGN 29 R2 4
16 PICK 15 R6
16 PICK 14 R27
17 ASSIGN 31 R28 39
17 PICK 19 R7
18 ASSIGN 32 R16 36
18 PICK 22 R19
19 CANCEL_FAIL 19
19 PICK 29 R2
19 PICK 12 R25
23 SIDESTEP R11
25 SIDESTEP R14
27 SIDESTEP R8
28 SIDESTEP R7
28 SIDESTEP R11
28 DELIVER 12 R25 21
29 ASSIGN 40 R25 15
29 SIDESTEP R5
29 PICK 24 R22
29 SIDESTEP R26
30 CANCEL_FAIL 29
30 SIDESTEP R1
30 PICK 20 R17
31 PICK 21 R9
32 SIDESTEP R8
33 CANCEL_FAIL 4
33 SIDESTEP R11
33 PICK 25 R29
35 DELIVER 14 R27 27
36 ASSIGN 33 R27 48
36 SIDESTEP R3
39 CANCEL 28
39 ASSIGN 43 R13 30
39 SIDESTEP R14
40 PICK 26 R21
41 PICK 27 R15
41 DELIVER 22 R19 29
42 ASSIGN 68 R19 31
43 SIDESTEP R24
44 PICK 23 R5
44 SIDESTEP R13
44 PICK 40 R25
45 DELIVER 11 R18 39
46 ASSIGN 47 R18 37
46 DELIVER 4 R11 44
46 PICK 30 R23
47 ASSIGN 77 R11 56
47 DELIVER 6 R1 44
47 DELIVER 5 R4 45
48 ASSIGN 49 R4 56
48 ASSIGN 50 R1 31
48 DELIVER 10 R10 43
48 SIDESTEP R24
49 ASSIGN 62 R10 50
49 REPORT pending=39 aged=0 idle=0 to_pickup=10 delivering=20 to_charger=0 charging=0 dead=0 hot=15,24,5
50 DELIVER 25 R29 36
51 ASSIGN 66 R29 25
53 SIDESTEP R24
54 DELIVER 21 R9 42
54 PICK 32 R16
55 ASSIGN 79 R9 55
55 SIDESTEP R0
55 DELIVER 15 R6 47
55 SIDESTEP R18
55 PICK 31 R28
56 ASSIGN 86 R6 17
59 DELIVER 9 R8 54
59 DELIVER 24 R22 46
60 ASSIGN 87 R8 26
60 ASSIGN 48 R22 33
60 SIDESTEP R10
60 SIDESTEP R18
60 DELIVER 3 R26 59
61 ASSIGN 52 R26 31
63 DELIVER 19 R7 52
64 ASSIGN 53 R7 38
64 DELIVER 26 R21 50
65 ASSIGN 56 R21 58
65 SIDESTEP R10
65 SIDESTEP R18
69 DELIVER 20 R17 58
69 DELIVER 13 R24 62
70 ASSIGN 106 R17 46
70 ASSIGN 109 R24 47
70 DELIVER 2 R3 69
70 SIDESTEP R10
70 SIDESTEP R18
70 DELIVER 40 R25 47
71 ASSIGN 113 R3 28
71 ASSIGN 57 R25 70
72 PICK 86 R6
72 PICK 68 R19
73 DELIVER 30 R23 57
74 ASSIGN 59 R23 32
75 SIDESTEP R10
76 SIDESTEP R25
77 SIDESTEP R16
77 DELIVER 18 R20 67
77 PICK 66 R29
78 ASSIGN 121 R20 31
78 PICK 50 R1
79 CANCEL_FAIL 40
80 SIDESTEP R10
81 SIDESTEP R11
82 SIDESTEP R16
83 PICK 33 R27
85 PICK 87 R8
85 SIDESTEP R10
86 SIDESTEP R11
87 SIDESTEP R17
88 DELIVER 16 R14 79
88 DELIVER 27 R15 73
89 ASSIGN 128 R14 41
89 ASSIGN 139 R15 48
89 SIDESTEP R24
89 SIDESTEP R29
90 SIDESTEP R10
90 PICK 43 R13
91 SIDESTEP R11
91 PICK 52 R26
92 SIDESTEP R6
94 DELIVER 29 R2 78
94 SIDESTEP R3
94 DELIVER 17 R12 85
95 ASSIGN 141 R2 23
95 ASSIGN 34 R12 26
95 SIDESTEP R10
96 DELIVER 23 R5 83
96 SIDESTEP R11
97 ASSIGN 35 R5 10
99 SIDESTEP R12
99 SIDESTEP R16
99 REPORT pending=92 aged=18 idle=0 to_pickup=19 delivering=11 to_charger=0 charging=0 dead=0 hot=15,14,6
100 DELIVER 8 R0 96
100 SIDESTEP R10
100 SIDESTEP R24
100 DELIVER 31 R28 83
101 ASSIGN 65 R28 35
101 ASSIGN 67 R0 43
102 PICK 53 R7
104 PICK 49 R4
105 PICK 113 R3
105 PICK 59 R23
105 SIDESTEP R24
106 PICK 35 R5
107 SIDESTEP R12
108 SIDESTEP R6
108 SIDESTEP R16
108 PICK 121 R20
111 DELIVER 87 R8 57
112 ASSIGN 73 R8 43
112 SIDESTEP R12
112 PICK 48 R22
113 SIDESTEP R13
114 SIDESTEP R11
115 SIDESTEP R9
115 SIDESTEP R24
116 DELIVER 50 R1 86
117 ASSIGN 174 R1 29
117 PICK 141 R2
119 CANCEL 104
119 PICK 106 R17
120 SIDESTEP R9
121 DELIVER 66 R29 82
122 ASSIGN 175 R29 10
122 PICK 56 R21
125 SIDESTEP R9
125 SIDESTEP R15
125 DELIVER 68 R19 85
126 ASSIGN 179 R19 31
126 SIDESTEP R13
128 SIDESTEP R22
128 DELIVER 52 R26 97
128 SIDESTEP R28
129 ASSIGN 74 R26 25
129 SIDESTEP R2
130 SIDESTEP R1
130 SIDESTEP R10
130 PICK 47 R18
130 DELIVER 121 R20 54
131 ASSIGN 78 R20 66
131 SIDESTEP R13
133 SIDESTEP R22
133 PICK 175 R29
134 SIDESTEP R2
136 SIDESTEP R5
136 SIDESTEP R13
136 DELIVER 59 R23 100
137 ASSIGN 209 R23 44
137 DELIVER 86 R6 84
137 PICK 79 R9
137 PICK 128 R14
138 ASSIGN 83 R6 49
138 PICK 34 R12
139 CANCEL 144
139 DELIVER 113 R3 68
140 ASSIGN 217 R3 38
140 DELIVER 32 R16 122
141 ASSIGN 222 R16 46
141 SIDESTEP R13
141 SIDESTEP R26
141 PICK 65 R28
141 SIDESTEP R29
142 CANCEL 213
143 PICK 77 R11
143 DELIVER 33 R27 124
144 ASSIGN 36 R27 40
144 DELIVER 48 R22 116
145 ASSIGN 37 R22 33
145 SIDESTEP R5
146 SIDESTEP R13
146 SIDESTEP R26
146 SIDESTEP R29
147 PICK 57 R25
148 PICK 139 R15
149 REPORT pending=159 aged=72 idle=0 to_pickup=14 delivering=16 to_charger=0 charging=0 dead=0 hot=34,12,4
150 SIDESTEP R5
150 SIDESTEP R7
151 PICK 67 R0
151 SIDESTEP R12
151 SIDESTEP R13
151 SIDESTEP R26
151 SIDESTEP R29
152 DELIVER 141 R2 62
153 ASSIGN 238 R2 43
154 CANCEL 240
154 SIDESTEP R25
155 SIDESTEP R7
155 PICK 73 R8
156 SIDESTEP R12
156 SIDESTEP R13
156 PICK 179 R19
156 SIDESTEP R26
156 SIDESTEP R29
159 DELIVER 128 R14 78
159 SIDESTEP R25
160 ASSIGN 241 R14 46
160 SIDESTEP R7
160 SIDESTEP R10
161 SIDESTEP R12
161 SIDESTEP R13
161 SIDESTEP R26
161 SIDESTEP R29
163 CANCEL_FAIL 16
164 CANCEL 142
164 PICK 62 R10
164 SIDESTEP R25
165 SIDESTEP R7
165 SIDESTEP R20
166 SIDESTEP R12
166 SIDESTEP R26
166 SIDESTEP R29
168 DELIVER 106 R17 102
169 ASSIGN 159 R17 42
169 DELIVER 79 R9 121
170 ASSIGN 162 R9 63
170 SIDESTEP R7
171 DELIVER 49 R4 142
171 SIDESTEP R26
171 SIDESTEP R29
172 CANCEL 72
172 ASSIGN 256 R4 18
173 DELIVER 65 R28 134
174 ASSIGN 38 R28 33
175 SIDESTEP R7
175 DELIVER 139 R15 87
176 ASSIGN 90 R15 45
176 SIDESTEP R26
176 SIDESTEP R29
177 PICK 217 R3
177 SIDESTEP R5
177 PICK 37 R22
178 DELIVER 56 R21 144
179 ASSIGN 91 R21 65
179 SIDESTEP R10
180 SIDESTEP R7
181 SIDESTEP R26
181 SIDESTEP R29
182 SIDESTEP R5
182 DELIVER 179 R19 66
182 SIDESTEP R25
183 ASSIGN 99 R19 24
183 PICK 36 R27
184 SIDESTEP R10
185 SIDESTEP R7
186 DELIVER 43 R13 161
186 SIDESTEP R29
187 ASSIGN 100 R13 17
187 PICK 109 R24
187 SIDESTEP R25
189 PICK 256 R4
189 SIDESTEP R8
189 SIDESTEP R10
190 CANCEL 236
190 SIDESTEP R7
191 SIDESTEP R12
191 PICK 209 R23
191 SIDESTEP R29
194 CANCEL_FAIL 25
194 SIDESTEP R10
194 DELIVER 47 R18 167
195 ASSIGN 107 R18 40
195 PICK 174 R1
195 PICK 238 R2
195 SIDESTEP R7
195 SIDESTEP R14
196 REJECT 311
196 SIDESTEP R12
197 SIDESTEP R19
199 SIDESTEP R10
199 REPORT pending=224 aged=132 idle=0 to_pickup=13 delivering=17 to_charger=0 charging=0 dead=0 hot=10,5,5
200 SIDESTEP R7
201 DELIVER 77 R11 154
201 SIDESTEP R12
202 ASSIGN 39 R11 22
202 DELIVER 67 R0 162
202 SIDESTEP R4
202 PICK 83 R6
203 ASSIGN 41 R0 22
203 DELIVER 73 R8 160
203 PICK 100 R13
203 DELIVER 37 R22 182
204 ASSIGN 42 R22 26
204 ASSIGN 111 R8 12
204 SIDESTEP R10
205 CANCEL_FAIL 100326
205 SIDESTEP R7
206 SIDESTEP R12
207 DELIVER 35 R5 187
208 CANCEL 90
208 ASSIGN 44 R15 28
208 ASSIGN 45 R5 65
208 PICK 74 R26
209 SIDESTEP R3
209 SIDESTEP R10
210 CANCEL 180
210 SIDESTEP R4
210 SIDESTEP R7
211 PICK 241 R14
212 SIDESTEP R18
213 SIDESTEP R24
214 SIDESTEP R3
214 SIDESTEP R10
214 PICK 159 R17
214 DELIVER 57 R25 179
215 ASSIGN 46 R25 31
215 PICK 111 R8
217 CANCEL_FAIL 36
217 DELIVER 238 R2 67
218 ASSIGN 51 R2 24
218 SIDESTEP R24
219 DELIVER 175 R29 105
220 CANCEL 126
220 REJECT 349
220 ASSIGN 54 R29 27
220 SIDESTEP R8
221 SIDESTEP R21
222 PICK 99 R19
223 DELIVER 174 R1 110
223 PICK 39 R11
223 DELIVER 241 R14 71
223 SIDESTEP R24
224 REJECT 355
224 ASSIGN 55 R1 31
224 ASSIGN 58 R14 55
224 PICK 41 R0
224 DELIVER 100 R13 162
224 DELIVER 74 R26 180
225 ASSIGN 60 R26 19
225 ASSIGN 61 R13 20
226 CANCEL 89
226 DELIVER 217 R3 87
227 ASSIGN 63 R3 34
227 PICK 222 R16
227 SIDESTEP R29
228 SIDESTEP R17
228 SIDESTEP R24
229 DELIVER 34 R12 210
229 PICK 42 R22
230 ASSIGN 64 R12 65
230 DELIVER 36 R27 210
231 ASSIGN 69 R27 32
231 DELIVER 83 R6 180
232 ASSIGN 70 R6 49
232 DELIVER 62 R10 195
233 ASSIGN 71 R10 42
234 SIDESTEP R17
234 PICK 38 R28
235 CANCEL 235
236 DELIVER 256 R4 75
236 DELIVER 53 R7 204
237 ASSIGN 278 R7 33
237 ASSIGN 75 R4 9
239 SIDESTEP R20
240 SIDESTEP R8
240 SIDESTEP R15
240 SIDESTEP R18
241 DELIVER 99 R19 180
242 ASSIGN 182 R19 33
243 DELIVER 39 R11 221
243 PICK 44 R15
243 PICK 60 R26
244 ASSIGN 284 R11 34
244 SIDESTEP R22
245 PICK 75 R4
245 SIDESTEP R8
245 SIDESTEP R14
245 SIDESTEP R18
245 DELIVER 209 R23 110
245 PICK 46 R25
246 ASSIGN 76 R23 58
246 PICK 51 R2
247 DELIVER 159 R17 143
248 ASSIGN 80 R17 14
249 CANCEL 155
249 CANCEL 315
249 PICK 91 R21
249 SIDESTEP R22
249 REPORT pending=268 aged=180 idle=0 to_pickup=18 delivering=12 to_charger=0 charging=0 dead=0 hot=23,23,4
250 SIDESTEP R8
250 SIDESTEP R18
253 CANCEL 364
254 PICK 55 R1
255 REJECT 403
255 SIDESTEP R8
255 SIDESTEP R18
256 SIDESTEP R27
257 SIDESTEP R7
257 PICK 54 R29
258 SIDESTEP R9
260 CANCEL 98
260 DELIVER 75 R4 215
260 SIDESTEP R5
260 SIDESTEP R18
260 DELIVER 109 R24 192
260 SIDESTEP R26
261 REJECT 412
261 ASSIGN 112 R24 16
261 ASSIGN 115 R4 27
261 PICK 80 R17
262 SIDESTEP R27
263 SIDESTEP R9
263 SIDESTEP R10
265 SIDESTEP R5
265 SIDESTEP R18
265 SIDESTEP R19
265 SIDESTEP R26
268 SIDESTEP R8
268 PICK 61 R13
270 SIDESTEP R5
270 SIDESTEP R12
270 DELIVER 46 R25 243
271 ASSIGN 117 R25 41
272 SIDESTEP R21
273 DELIVER 55 R1 240
273 SIDESTEP R8
273 SIDESTEP R9
273 DELIVER 38 R28 251
274 ASSIGN 118 R28 23
274 ASSIGN 122 R1 26
276 CANCEL 281
276 PICK 63 R3
276 PICK 112 R24
277 SIDESTEP R21
278 SIDESTEP R8
278 SIDESTEP R9
278 SIDESTEP R14
278 DELIVER 44 R15 252
278 SIDESTEP R20
279 ASSIGN 125 R15 29
279 DELIVER 222 R16 138
279 SIDESTEP R27
280 ASSIGN 127 R16 40
280 PICK 70 R6
280 PICK 107 R18
281 PICK 284 R11
282 CANCEL 200
282 DELIVER 51 R2 251
282 DELIVER 80 R17 233
282 SIDESTEP R21
283 ASSIGN 132 R2 17
283 ASSIGN 133 R17 30
283 SIDESTEP R0
283 SIDESTEP R9
283 SIDESTEP R10
284 SIDESTEP R23
284 SIDESTEP R27
285 CANCEL 330
286 CANCEL 191
286 CANCEL 353
286 PICK 78 R20
287 PICK 115 R4
287 SIDESTEP R21
288 SIDESTEP R0
288 SIDESTEP R9
288 SIDESTEP R10
289 SIDESTEP R27
291 PICK 182 R19
291 SIDESTEP R29
292 REJECT 459
292 PICK 45 R5
292 SIDESTEP R21
293 SIDESTEP R0
293 SIDESTEP R8
293 SIDESTEP R9
293 SIDESTEP R10
293 DELIVER 42 R22 269
293 SIDESTEP R28
294 ASSIGN 81 R22 33
294 SIDESTEP R27
296 SIDESTEP R29
297 DELIVER 78 R20 249
297 SIDESTEP R21
298 ASSIGN 82 R20 44
298 SIDESTEP R8
298 SIDESTEP R9
298 SIDESTEP R10
298 SIDESTEP R14
298 SIDESTEP R28
299 CANCEL 325
299 REPORT pending=326 aged=233 idle=0 to_pickup=16 delivering=14 to_charger=0 charging=0 dead=0 hot=34,11,4
300 PICK 122 R1
300 PICK 64 R12
301 SIDESTEP R29
302 CANCEL 192
302 SIDESTEP R21
303 PICK 278 R7
303 SIDESTEP R8
303 SIDESTEP R9
304 SIDESTEP R6
304 PICK 71 R10
305 SIDESTEP R0
305 PICK 69 R27
306 SIDESTEP R19
306 SIDESTEP R29
307 PICK 125 R15
308 SIDESTEP R9
308 DELIVER 107 R18 241
309 ASSIGN 84 R18 35
309 SIDESTEP R6
310 SIDESTEP R0
310 SIDESTEP R14
311 PICK 132 R2
311 SIDESTEP R29
312 PICK 133 R17
312 PICK 117 R25
313 SIDESTEP R9
313 PICK 76 R23
314 SIDESTEP R6
315 SIDESTEP R0
316 SIDESTEP R29
317 DELIVER 111 R8 248
318 ASSIGN 308 R8 24
318 DELIVER 115 R4 246
318 SIDESTEP R9
319 ASSIGN 314 R4 26
319 SIDESTEP R6
319 SIDESTEP R7
321 SIDESTEP R29
322 CANCEL 302
323 DELIVER 41 R0 300
323 DELIVER 125 R15 244
323 PICK 127 R16
324 ASSIGN 134 R15 26
324 ASSIGN 226 R0 40
324 SIDESTEP R6
324 DELIVER 284 R11 146
325 ASSIGN 135 R11 22
325 SIDESTEP R5
326 PICK 81 R22
326 DELIVER 112 R24 256
326 SIDESTEP R28
327 ASSIGN 137 R24 58
328 CANCEL 339
330 SIDESTEP R5
330 DELIVER 61 R13 293
331 ASSIGN 140 R13 46
331 SIDESTEP R28
332 SIDESTEP R1
332 SIDESTEP R20
332 SIDESTEP R21
333 CANCEL 356
334 SIDESTEP R16
334 DELIVER 69 R27 293
335 ASSIGN 229 R27 28
335 PICK 58 R14
336 DELIVER 182 R19 218
336 SIDESTEP R28
337 CANCEL 465
337 ASSIGN 150 R19 30
337 SIDESTEP R8
337 SIDESTEP R21
338 SIDESTEP R4
338 PICK 162 R9
339 SIDESTEP R16
341 SIDESTEP R28
342 DELIVER 91 R21 286
343 ASSIGN 151 R21 35
343 SIDESTEP R20
344 SIDESTEP R13
344 SIDESTEP R16
344 PICK 84 R18
346 PICK 135 R11
346 DELIVER 64 R12 308
346 SIDESTEP R28
347 ASSIGN 160 R12 34
347 DELIVER 71 R10 305
348 ASSIGN 161 R10 66
348 PICK 314 R4
348 DELIVER 278 R7 173
348 SIDESTEP R20
349 ASSIGN 166 R7 20
349 SIDESTEP R8
349 PICK 134 R15
349 SIDESTEP R16
349 REPORT pending=383 aged=290 idle=0 to_pickup=12 delivering=18 to_charger=0 charging=0 dead=0 hot=31,29,7
350 DELIVER 60 R26 314
351 ASSIGN 169 R26 12
351 DELIVER 70 R6 310
351 SIDESTEP R21
352 ASSIGN 85 R6 19
352 SIDESTEP R2
352 DELIVER 162 R9 246
353 ASSIGN 171 R9 11
354 CANCEL 381
354 SIDESTEP R8
354 DELIVER 135 R11 269
354 SIDESTEP R16
355 ASSIGN 88 R11 5
355 SIDESTEP R13
355 SIDESTEP R28
356 SIDESTEP R7
356 DELIVER 133 R17 273
357 ASSIGN 92 R17 54
357 SIDESTEP R2
357 DELIVER 45 R5 331
357 DELIVER 117 R25 284
358 ASSIGN 93 R25 27
358 ASSIGN 94 R5 51
359 PICK 88 R11
359 SIDESTEP R16
360 SIDESTEP R20
361 DELIVER 54 R29 328
362 ASSIGN 95 R29 23
362 SIDESTEP R2
362 SIDESTEP R3
362 PICK 169 R26
362 PICK 229 R27
363 PICK 171 R9
364 CANCEL 351
364 CANCEL 365
364 SIDESTEP R16
365 SIDESTEP R15
365 SIDESTEP R20
366 PICK 150 R19
367 CANCEL 375
369 SIDESTEP R16
370 SIDESTEP R15
370 SIDESTEP R20
370 DELIVER 81 R22 320
370 SIDESTEP R26
371 CANCEL 477
371 ASSIGN 96 R22 17
371 PICK 85 R6
372 DELIVER 122 R1 295
372 DELIVER 314 R4 174
373 ASSIGN 97 R1 32
373 GO_CHARGE R4 6 1
373 DELIVER 76 R23 327
374 GO_CHARGE R23 16 1
374 SIDESTEP R16
374 PICK 118 R28
375 DELIVER 63 R3 337
376 ASSIGN 101 R3 57
376 DELIVER 132 R2 293
377 CANCEL 430
377 ASSIGN 102 R2 23
377 PICK 166 R7
378 PICK 308 R8
378 DELIVER 171 R9 267
379 ASSIGN 103 R9 44
379 SIDESTEP R16
381 DELIVER 88 R11 326
381 DELIVER 84 R18 330
382 ASSIGN 105 R11 26
382 ASSIGN 108 R18 38
382 CHARGE R4
382 SIDESTEP R7
384 SIDESTEP R3
384 SIDESTEP R16
384 PICK 137 R24
384 PICK 93 R25
384 PICK 95 R29
385 PICK 82 R20
388 DELIVER 85 R6 336
389 ASSIGN 231 R6 15
389 SIDESTEP R3
389 SIDESTEP R8
389 SIDESTEP R9
389 DELIVER 58 R14 354
389 DELIVER 169 R26 279
390 ASSIGN 110 R26 47
390 ASSIGN 114 R14 54
390 SIDESTEP R13
390 DELIVER 134 R15 306
391 CANCEL 538
391 ASSIGN 116 R15 34
391 PICK 96 R22
393 CANCEL 338
393 DELIVER 150 R19 296
394 CANCEL 485
394 ASSIGN 120 R19 42
394 SIDESTEP R3
394 SIDESTEP R8
395 SIDESTEP R13
397 CHARGED R4
397 ASSIGN 119 R4 49
399 SIDESTEP R3
399 SIDESTEP R8
399 DELIVER 82 R20 349
399 REPORT pending=438 aged=340 idle=1 to_pickup=19 delivering=9 to_charger=1 charging=0 dead=0 hot=34,19,9
400 ASSIGN 253 R20 35
401 SIDESTEP R10
401 DELIVER 127 R16 321
402 CANCEL 534
402 ASSIGN 350 R16 31
403 PICK 231 R6
403 DELIVER 229 R27 258
403 DELIVER 118 R28 329
404 ASSIGN 123 R28 15
404 GO_CHARGE R27 6 1
404 SIDESTEP R24
406 SIDESTEP R8
406 SIDESTEP R17
407 CANCEL 531
407 PICK 105 R11
408 DELIVER 166 R7 300
409 CANCEL 411
409 ASSIGN 124 R7 24
411 SIDESTEP R1
411 SIDESTEP R9
411 SIDESTEP R17
411 SIDESTEP R24
411 SIDESTEP R25
412 PICK 94 R5
413 PICK 160 R12
414 DELIVER 96 R22 355
415 ASSIGN 177 R22 4
415 CHARGE R23
416 SIDESTEP R2
416 DELIVER 231 R6 270
416 SIDESTEP R9
416 SIDESTEP R17
416 SIDESTEP R24
417 ASSIGN 370 R6 28
417 SIDESTEP R8
417 SIDESTEP R13
418 PICK 151 R21
418 PICK 177 R22
418 PICK 123 R28
419 PICK 108 R18
420 REJECT 671
421 PICK 226 R0
421 SIDESTEP R2
421 SIDESTEP R17
421 SIDESTEP R24
422 CANCEL 475
422 SIDESTEP R8
422 DELIVER 177 R22 307
423 GO_CHARGE R22 26 1
423 SIDESTEP R19
424 CANCEL 479
425 PICK 161 R10
426 SIDESTEP R13
426 SIDESTEP R17
426 SIDESTEP R24
427 SIDESTEP R8
428 SIDESTEP R19
428 DELIVER 95 R29 370
429 ASSIGN 186 R29 7
429 PICK 102 R2
430 REJECT 686
430 CHARGED R23
430 ASSIGN 190 R23 36
431 SIDESTEP R17
431 SIDESTEP R24
431 CHARGE R27
432 SIDESTEP R8
432 SIDESTEP R13
432 PICK 116 R15
434 SIDESTEP R3
434 PICK 253 R20
435 PICK 124 R7
435 PICK 186 R29
436 DELIVER 105 R11 370
436 SIDESTEP R17
436 SIDESTEP R24
437 CANCEL 603
437 GO_CHARGE R11 16 1
437 SIDESTEP R25
437 SIDESTEP R28
438 CANCEL 497
439 CANCEL 455
439 SIDESTEP R21
440 SIDESTEP R3
441 SIDESTEP R17
441 SIDESTEP R24
442 CANCEL 387
443 REJECT 710
443 PICK 114 R14
444 SIDESTEP R5
444 PICK 370 R6
444 DELIVER 160 R12 339
445 ASSIGN 129 R12 32
445 SIDESTEP R2
445 SIDESTEP R3
446 CHARGED R27
446 ASSIGN 130 R27 26
446 SIDESTEP R4
446 SIDESTEP R22
446 SIDESTEP R24
449 REPORT pending=503 aged=402 idle=0 to_pickup=12 delivering=16 to_charger=2 charging=0 dead=0 hot=36,15,6
450 SIDESTEP R3
450 DELIVER 116 R15 378
451 GO_CHARGE R15 6 1
451 SIDESTEP R2
451 SIDESTEP R4
452 PICK 97 R1
453 CANCEL 610
453 DELIVER 123 R28 375
454 ASSIGN 131 R28 45
454 DELIVER 308 R8 260
454 DELIVER 108 R18 387
455 ASSIGN 143 R8 25
455 GO_CHARGE R18 36 1
455 SIDESTEP R3
455 SIDESTEP R12
455 PICK 110 R26
456 PICK 120 R19
457 SIDESTEP R16
458 SIDESTEP R4
458 DELIVER 161 R10 352
458 SIDESTEP R22
459 ASSIGN 138 R10 38
459 CHARGE R15
460 SIDESTEP R12
460 PICK 350 R16
461 CANCEL 681
461 SIDESTEP R6
461 PICK 103 R9
462 DELIVER 226 R0 319
462 PICK 140 R13
463 ASSIGN 145 R0 35
463 SIDESTEP R4
463 PICK 92 R17
464 SIDESTEP R25
464 DELIVER 186 R29 344
465 ASSIGN 146 R29 24
465 PICK 190 R23
466 SIDESTEP R11
468 SIDESTEP R4
469 SIDESTEP R25
470 DELIVER 151 R21 372
471 GO_CHARGE R21 26 1
471 SIDESTEP R17
471 PICK 130 R27
472 DELIVER 370 R6 238
472 SIDESTEP R11
473 GO_CHARGE R6 6 1
473 SIDESTEP R0
473 SIDESTEP R4
474 CANCEL 659
474 CHARGED R15
474 ASSIGN 136 R15 12
474 DELIVER 253 R20 316
474 SIDESTEP R25
475 CANCEL 722
475 ASSIGN 371 R20 32
476 DELIVER 94 R5 418
476 SIDESTEP R17
477 GO_CHARGE R5 6 1
478 SIDESTEP R0
478 SIDESTEP R4
478 SIDESTEP R10
478 SIDESTEP R21
479 CANCEL 677
479 SIDESTEP R2
479 SIDESTEP R25
480 CANCEL 720
480 PICK 143 R8
480 SIDESTEP R16
480 SIDESTEP R22
481 CANCEL 619
483 SIDESTEP R4
483 SIDESTEP R9
484 DELIVER 124 R7 405
484 DELIVER 114 R14 413
484 SIDESTEP R19
485 GO_CHARGE R7 6 1
485 GO_CHARGE R14 26 1
485 SIDESTEP R0
485 CHARGE R11
485 PICK 136 R15
485 SIDESTEP R16
486 PICK 129 R12
486 SIDESTEP R25
487 SIDESTEP R22
487 SIDESTEP R23
488 SIDESTEP R9
488 DELIVER 140 R13 399
488 PICK 146 R29
489 ASSIGN 194 R13 37
490 SIDESTEP R16
491 SIDESTEP R19
492 SIDESTEP R23
492 DELIVER 137 R24 406
493 GO_CHARGE R24 26 1
493 CHARGE R5
493 SIDESTEP R25
494 DELIVER 110 R26 425
495 GO_CHARGE R26 26 1
495 SIDESTEP R16
496 DELIVER 143 R8 404
496 SIDESTEP R19
497 GO_CHARGE R8 26 1
497 SIDESTEP R23
498 PICK 119 R4
498 SIDESTEP R21
498 SIDESTEP R25
498 PICK 131 R28
499 REPORT pending=561 aged=473 idle=0 to_pickup=5 delivering=14 to_charger=9 charging=2 dead=0 hot=23,27,4
500 SIDESTEP R16
501 CANCEL 647
501 SIDESTEP R19
502 CHARGED R11
502 ASSIGN 197 R11 13
502 SIDESTEP R23
503 PICK 138 R10
503 SIDESTEP R25
505 SIDESTEP R16
506 SIDESTEP R3
506 PICK 371 R20
506 DELIVER 146 R29 412
507 GO_CHARGE R29 16 1
507 SIDESTEP R23
508 SIDESTEP R25
510 CANCEL 499
510 CANCEL 701
510 SIDESTEP R8
511 CHARGED R5
511 ASSIGN 198 R5 37
511 SIDESTEP R3
511 CHARGE R6
511 DELIVER 130 R27 429
512 ASSIGN 199 R27 21
512 SIDESTEP R23
513 SIDESTEP R12
513 SIDESTEP R25
514 SIDESTEP R4
514 PICK 197 R11
514 DELIVER 120 R19 439
515 CANCEL 525
515 GO_CHARGE R19 36 1
515 DELIVER 92 R17 458
516 GO_CHARGE R17 6 1
516 DELIVER 97 R1 457
516 SIDESTEP R3
517 GO_CHARGE R1 6 1
517 SIDESTEP R9
517 SIDESTEP R23
518 CANCEL 602
518 SIDESTEP R25
521 DELIVER 102 R2 458
521 SIDESTEP R3
522 GO_CHARGE R2 6 1
522 CHARGE R18
522 SIDESTEP R23
523 SIDESTEP R9
523 DELIVER 197 R11 396
523 SIDESTEP R25
524 ASSIGN 147 R11 10
526 CANCEL 731
526 SIDESTEP R3
526 SIDESTEP R15
527 SIDESTEP R13
527 SIDESTEP R23
528 CHARGED R6
528 ASSIGN 148 R6 45
528 SIDESTEP R2
528 CHARGE R7
528 SIDESTEP R25
529 CANCEL 793
531 CHARGE R21
532 PICK 194 R13
533 PICK 145 R0
533 PICK 147 R11
533 DELIVER 350 R16 312
533 SIDESTEP R25
533 PICK 199 R27
534 GO_CHARGE R16 36 1
535 SIDESTEP R29
537 CANCEL 642
537 REJECT 856
538 CANCEL 837
538 CHARGED R18
538 ASSIGN 149 R18 41
539 CANCEL 594
540 DELIVER 131 R28 458
541 GO_CHARGE R28 36 1
541 DELIVER 147 R11 447
541 SIDESTEP R17
541 SIDESTEP R25
541 SIDESTEP R29
542 ASSIGN 152 R11 6
543 DELIVER 371 R20 308
544 CHARGED R7
544 ASSIGN 385 R7 43
544 GO_CHARGE R20 36 1
545 CHARGE R2
546 REJECT 869
546 SIDESTEP R25
547 CHARGED R21
547 ASSIGN 153 R21 47
547 PICK 152 R11
547 CHARGE R22
549 PICK 198 R5
549 DELIVER 138 R10 462
549 REPORT pending=621 aged=529 idle=1 to_pickup=5 delivering=11 to_charger=11 charging=2 dead=0 hot=24,11,5
550 GO_CHARGE R10 6 1
550 SIDESTEP R29
551 SIDESTEP R25
552 DELIVER 103 R9 488
552 SIDESTEP R11
553 ASSIGN 306 R9 11
554 PICK 101 R3
555 DELIVER 119 R4 481
555 SIDESTEP R29
556 ASSIGN 210 R4 51
556 SIDESTEP R25
557 SIDESTEP R1
557 SIDESTEP R14
557 DELIVER 199 R27 429
558 ASSIGN 211 R27 34
559 DELIVER 129 R12 478
560 GO_CHARGE R12 6 1
560 CHARGE R19
560 DELIVER 190 R23 438
560 SIDESTEP R29
561 CANCEL 657
561 CHARGED R2
561 ASSIGN 216 R23 30
561 ASSIGN 219 R2 22
561 DELIVER 101 R3 498
561 CHARGE R17
561 SIDESTEP R25
562 GO_CHARGE R3 6 1
562 DELIVER 145 R0 469
562 SIDESTEP R6
562 SIDESTEP R14
563 CHARGED R22
563 ASSIGN 221 R22 33
563 GO_CHARGE R0 26 1
563 PICK 306 R9
566 DELIVER 194 R13 441
567 GO_CHARGE R13 6 1
567 SIDESTEP R6
567 SIDESTEP R14
567 SIDESTEP R26
569 CANCEL 651
569 DELIVER 136 R15 483
570 ASSIGN 227 R15 49
571 CHARGE R29
572 SIDESTEP R7
572 SIDESTEP R11
572 SIDESTEP R14
572 SIDESTEP R24
572 SIDESTEP R25
573 SIDESTEP R8
574 SIDESTEP R3
577 SIDESTEP R7
577 SIDESTEP R14
577 SIDESTEP R24
577 SIDESTEP R28
578 SIDESTEP R8
579 CANCEL 614
579 CHARGED R17
579 CHARGED R19
579 ASSIGN 232 R17 33
579 ASSIGN 234 R19 35
579 SIDESTEP R3
579 SIDESTEP R12
580 CANCEL 708
580 CHARGE R1
581 CANCEL 924
581 PICK 149 R18
582 PICK 219 R2
582 DELIVER 198 R5 454
582 SIDESTEP R7
582 SIDESTEP R24
583 ASSIGN 154 R5 23
583 SIDESTEP R19
584 CANCEL 917
584 CHARGE R16
584 SIDESTEP R25
585 SIDESTEP R12
587 SIDESTEP R7
587 SIDESTEP R10
587 DELIVER 149 R18 491
587 SIDESTEP R24
588 CANCEL 646
588 CHARGED R29
588 ASSIGN 156 R18 57
588 ASSIGN 157 R29 20
589 SIDESTEP R25
590 SIDESTEP R8
590 DELIVER 306 R9 398
591 CANCEL 923
591 GO_CHARGE R9 16 1
591 SIDESTEP R12
591 PICK 216 R23
592 SIDESTEP R24
593 PICK 211 R27
594 CANCEL 748
594 SIDESTEP R25
594 CHARGE R26
595 CANCEL 849
595 SIDESTEP R2
596 PICK 148 R6
597 CHARGED R1
597 ASSIGN 158 R1 39
597 CHARGE R3
597 SIDESTEP R24
598 SIDESTEP R22
599 REPORT pending=686 aged=587 idle=0 to_pickup=11 delivering=6 to_charger=10 charging=3 dead=0 hot=6,1,5
600 CHARGED R16
600 ASSIGN 163 R16 48
600 SIDESTEP R2
601 SIDESTEP R0
601 SIDESTEP R29
602 CANCEL 965
602 SIDESTEP R13
603 PICK 221 R22
604 SIDESTEP R16
604 CHARGE R20
605 PICK 154 R5
605 PICK 153 R21
606 SIDESTEP R0
606 PICK 210 R4
606 SIDESTEP R29
608 SIDESTEP R13
609 CANCEL 756
610 PICK 385 R7
611 CANCEL 871
611 CHARGED R26
611 ASSIGN 393 R26 40
612 CANCEL 975
612 CHARGE R8
613 CHARGED R3
613 ASSIGN 164 R3 31
613 CHARGE R10
613 SIDESTEP R17
614 CANCEL 835
614 SIDESTEP R13
615 REJECT 987
616 SIDESTEP R26
617 PICK 234 R19
617 PICK 157 R29
618 SIDESTEP R17
619 DELIVER 216 R23 481
620 CANCEL 872
620 ASSIGN 406 R23 50
620 SIDESTEP R13
621 CHARGED R20
621 ASSIGN 320 R20 29
622 PICK 227 R15
623 SIDESTEP R17
624 SIDESTEP R9
625 SIDESTEP R0
625 SIDESTEP R20
625 CHARGE R28
626 SIDESTEP R13
627 SIDESTEP R19
628 CHARGED R8
628 ASSIGN 321 R8 11
628 SIDESTEP R17
631 CHARGED R10
631 ASSIGN 237 R10 33
631 SIDESTEP R0
631 DELIVER 154 R5 530
631 SIDESTEP R9
631 CHARGE R12
632 ASSIGN 326 R5 40
632 SIDESTEP R8
632 CHARGE R14
632 SIDESTEP R19
632 DELIVER 93 R25 575
633 CANCEL 813
633 GO_CHARGE R25 6 1
633 SIDESTEP R6
633 SIDESTEP R17
634 CANCEL 810
635 CANCEL 811
636 DEAD R25
637 SIDESTEP R19
638 SIDESTEP R6
638 SIDESTEP R17
639 PICK 158 R1
641 DELIVER 219 R2 501
642 ASSIGN 243 R2 41
642 DELIVER 385 R7 398
642 SIDESTEP R19
643 CHARGED R28
643 ASSIGN 248 R28 19
643 ASSIGN 255 R7 43
643 PICK 164 R3
643 SIDESTEP R6
643 SIDESTEP R17
643 DELIVER 211 R27 507
644 ASSIGN 258 R27 17
644 PICK 321 R8
645 PICK 156 R18
647 DELIVER 210 R4 512
647 SIDESTEP R19
648 ASSIGN 165 R4 20
648 SIDESTEP R6
648 SIDESTEP R17
649 CHARGED R12
649 CHARGED R14
649 ASSIGN 167 R14 25
649 ASSIGN 168 R12 60
649 SIDESTEP R9
649 CHARGE R13
649 DELIVER 227 R15 505
649 REPORT pending=743 aged=647 idle=1 to_pickup=14 delivering=10 to_charger=3 charging=1 dead=1 hot=24,2,4
650 ASSIGN 260 R15 41
652 SIDESTEP R19
653 SIDESTEP R6
653 SIDESTEP R14
653 SIDESTEP R17
653 DELIVER 221 R22 512
653 CHARGE R24
654 CANCEL 786
654 ASSIGN 170 R22 32
654 SIDESTEP R9
654 PICK 163 R16
656 SIDESTEP R20
657 DELIVER 157 R29 554
658 ASSIGN 172 R29 34
658 SIDESTEP R6
658 SIDESTEP R17
659 SIDESTEP R9
659 DELIVER 156 R18 557
660 ASSIGN 173 R18 3
660 PICK 258 R27
661 SIDESTEP R20
661 PICK 393 R26
661 PICK 248 R28
662 SIDESTEP R7
662 DELIVER 152 R11 563
662 PICK 173 R18
663 ASSIGN 176 R11 12
663 SIDESTEP R6
663 SIDESTEP R17
664 SIDESTEP R9
665 CHARGED R13
665 ASSIGN 178 R13 28
666 SIDESTEP R20
667 PICK 165 R4
668 SIDESTEP R6
668 SIDESTEP R17
669 CHARGED R24
669 ASSIGN 181 R24 45
669 SIDESTEP R9
670 CHARGE R0
671 SIDESTEP R5
671 SIDESTEP R20
671 SIDESTEP R28
673 SIDESTEP R6
673 SIDESTEP R17
674 SIDESTEP R2
674 SIDESTEP R9
674 PICK 176 R11
675 SIDESTEP R12
675 DELIVER 173 R18 562
676 ASSIGN 183 R18 43
676 SIDESTEP R20
676 SIDESTEP R22
677 DELIVER 164 R3 570
678 ASSIGN 184 R3 38
678 PICK 326 R5
678 SIDESTEP R6
678 SIDESTEP R17
679 DELIVER 158 R1 575
679 SIDESTEP R9
680 ASSIGN 185 R1 56
680 SIDESTEP R14
681 SIDESTEP R22
681 SIDESTEP R27
681 SIDESTEP R28
683 SIDESTEP R6
683 SIDESTEP R17
684 CANCEL 994
684 DELIVER 163 R16 577
685 CANCEL 827
685 ASSIGN 187 R16 32
685 SIDESTEP R14
685 SIDESTEP R24
686 CANCEL 865
686 SIDESTEP R7
686 PICK 320 R20
686 SIDESTEP R28
687 CANCEL 900
687 SIDESTEP R22
687 SIDESTEP R26
688 CHARGED R0
688 ASSIGN 329 R0 38
688 SIDESTEP R6
688 SIDESTEP R17
688 SIDESTEP R19
689 SIDESTEP R4
690 SIDESTEP R11
690 SIDESTEP R12
690 SIDESTEP R24
691 CANCEL 861
691 SIDESTEP R7
691 SIDESTEP R28
692 PICK 178 R13
693 SIDESTEP R6
693 CHARGE R9
693 SIDESTEP R17
695 SIDESTEP R11
696 PICK 243 R2
696 SIDESTEP R7
696 SIDESTEP R28
697 SIDESTEP R26
698 SIDESTEP R6
698 PICK 260 R15
698 SIDESTEP R17
699 REPORT pending=806 aged=709 idle=0 to_pickup=14 delivering=14 to_charger=0 charging=1 dead=1 hot=5,12,4
700 SIDESTEP R11
701 SIDESTEP R3
701 SIDESTEP R28
702 SIDESTEP R14
703 SIDESTEP R6
703 SIDESTEP R17
703 PICK 172 R29
705 CANCEL 841
705 SIDESTEP R1
705 SIDESTEP R11
705 DELIVER 234 R19 557
706 ASSIGN 261 R19 45
706 SIDESTEP R28
707 DELIVER 153 R21 607
708 ASSIGN 264 R21 27
708 PICK 167 R14
708 PICK 170 R22
709 CANCEL 958
710 CHARGED R9
710 ASSIGN 267 R9 42
710 SIDESTEP R11
711 SIDESTEP R28
712 CANCEL 919
715 SIDESTEP R11
716 PICK 187 R16
716 SIDESTEP R28
717 DELIVER 320 R20 516
718 CANCEL 1116
718 ASSIGN 269 R20 34
718 PICK 183 R18
718 DELIVER 258 R27 556
719 ASSIGN 271 R27 63
719 PICK 184 R3
719 PICK 255 R7
719 PICK 168 R12
720 SIDESTEP R11
721 SIDESTEP R28
723 DELIVER 148 R6 628
723 DELIVER 178 R13 607
723 DELIVER 393 R26 474
724 ASSIGN 188 R6 39
724 ASSIGN 189 R26 25
724 ASSIGN 193 R13 27
724 DELIVER 165 R4 616
724 PICK 237 R10
725 ASSIGN 195 R4 38
725 PICK 329 R0
725 SIDESTEP R3
725 SIDESTEP R11
725 PICK 406 R23
725 PICK 181 R24
725 SIDESTEP R29
727 DELIVER 187 R16 606
727 PICK 232 R17
728 ASSIGN 196 R16 40
728 DELIVER 326 R5 523
728 DELIVER 170 R22 617
729 ASSIGN 272 R22 28
729 ASSIGN 282 R5 24
729 SIDESTEP R2
729 SIDESTEP R18
730 SIDESTEP R9
730 SIDESTEP R11
730 SIDESTEP R29
734 SIDESTEP R2
734 DELIVER 260 R15 571
735 ASSIGN 201 R15 43
735 SIDESTEP R29
736 CANCEL 1108
736 RESCUE R25
736 ASSIGN 202 R25 43
737 SIDESTEP R3
738 DELIVER 167 R14 629
739 ASSIGN 203 R14 41
739 SIDESTEP R2
739 DELIVER 232 R17 592
740 ASSIGN 204 R17 42
740 SIDESTEP R29
741 CANCEL 1142
741 PICK 185 R1
741 PICK 264 R21
742 SIDESTEP R27
743 DELIVER 329 R0 536
744 ASSIGN 205 R0 29
744 SIDESTEP R2
745 SIDESTEP R19
746 DELIVER 321 R8 544
747 ASSIGN 206 R8 45
748 CANCEL 1071
748 SIDESTEP R5
748 PICK 189 R26
749 SIDESTEP R20
749 REPORT pending=861 aged=765 idle=0 to_pickup=16 delivering=14 to_charger=0 charging=0 dead=0 hot=17,11,5
750 CANCEL 1025
750 PICK 193 R13
750 SIDESTEP R19
752 SIDESTEP R22
753 SIDESTEP R5
755 SIDESTEP R19
756 PICK 267 R9
757 SIDESTEP R13
757 PICK 269 R20
757 DELIVER 248 R28 602
758 ASSIGN 331 R28 54
758 SIDESTEP R16
760 SIDESTEP R14
760 SIDESTEP R19
761 SIDESTEP R12
761 DELIVER 183 R18 643
762 ASSIGN 442 R18 49
762 PICK 272 R22
763 PICK 195 R4
765 SIDESTEP R1
765 SIDESTEP R19
766 PICK 282 R5
766 SIDESTEP R9
766 DELIVER 237 R10 616
766 SIDESTEP R13
766 DELIVER 264 R21 600
767 ASSIGN 358 R10 15
767 ASSIGN 448 R21 26
767 SIDESTEP R29
768 REJECT 1232
768 DELIVER 243 R2 615
769 ASSIGN 362 R2 33
769 SIDESTEP R16
769 DELIVER 181 R24 652
770 ASSIGN 454 R24 32
770 SIDESTEP R1
770 PICK 188 R6
770 SIDESTEP R19
770 SIDESTEP R27
771 SIDESTEP R9
771 SIDESTEP R12
771 SIDESTEP R13
772 PICK 205 R0
772 SIDESTEP R29
773 DELIVER 406 R23 516
774 ASSIGN 368 R23 27
774 DELIVER 184 R3 655
774 DELIVER 255 R7 614
775 ASSIGN 207 R3 13
775 ASSIGN 208 R7 30
775 SIDESTEP R27
776 SIDESTEP R13
777 SIDESTEP R19
777 SIDESTEP R29
778 SIDESTEP R12
779 SIDESTEP R9
779 SIDESTEP R18
780 SIDESTEP R5
781 SIDESTEP R13
781 PICK 196 R16
781 PICK 204 R17
782 PICK 358 R10
782 PICK 201 R15
782 SIDESTEP R29
784 SIDESTEP R9
784 SIDESTEP R19
784 PICK 202 R25
785 CANCEL 1253
786 SIDESTEP R13
787 PICK 207 R3
787 SIDESTEP R29
788 CANCEL 1086
788 SIDESTEP R5
788 SIDESTEP R26
789 CANCEL 1049
789 SIDESTEP R9
789 SIDESTEP R19
791 PICK 206 R8
791 SIDESTEP R13
792 PICK 448 R21
792 SIDESTEP R29
793 SIDESTEP R5
793 SIDESTEP R26
794 SIDESTEP R9
794 DELIVER 176 R11 679
794 SIDESTEP R19
795 ASSIGN 287 R11 33
796 CANCEL 1197
796 SIDESTEP R13
796 DELIVER 269 R20 627
796 SIDESTEP R23
797 ASSIGN 212 R20 33
797 SIDESTEP R1
797 SIDESTEP R17
797 SIDESTEP R29
798 SIDESTEP R5
798 SIDESTEP R26
799 SIDESTEP R9
799 SIDESTEP R19
799 REPORT pending=922 aged=830 idle=0 to_pickup=11 delivering=19 to_charger=0 charging=0 dead=0 hot=20,20,6
802 SIDESTEP R0
802 SIDESTEP R25
803 DELIVER 195 R4 678
803 SIDESTEP R5
803 SIDESTEP R26
804 GO_CHARGE R4 16 1
804 SIDESTEP R9
804 SIDESTEP R19
804 PICK 454 R24
805 DELIVER 272 R22 634
806 ASSIGN 214 R22 52
806 PICK 362 R2
807 SIDESTEP R13
807 SIDESTEP R25
808 CANCEL 1110
808 SIDESTEP R3
808 DELIVER 358 R10 583
808 SIDESTEP R26
809 ASSIGN 215 R10 46
809 SIDESTEP R9
809 SIDESTEP R19
810 DELIVER 172 R29 698
811 REJECT 1303
811 ASSIGN 218 R29 20
812 SIDESTEP R14
812 DELIVER 201 R15 682
812 SIDESTEP R24
812 SIDESTEP R25
813 ASSIGN 220 R15 19
813 DELIVER 185 R1 693
813 DELIVER 282 R5 636
813 SIDESTEP R7
813 SIDESTEP R26
814 ASSIGN 223 R1 22
814 ASSIGN 224 R5 46
814 SIDESTEP R9
814 PICK 442 R18
814 SIDESTEP R19
815 CANCEL 1035
816 DELIVER 188 R6 695
817 ASSIGN 225 R6 42
817 PICK 203 R14
817 SIDESTEP R24
818 SIDESTEP R23
818 SIDESTEP R26
818 SIDESTEP R28
819 DELIVER 204 R17 687
819 SIDESTEP R19
820 CANCEL 1081
820 ASSIGN 228 R17 44
822 SIDESTEP R21
823 DELIVER 196 R16 697
823 SIDESTEP R28
824 ASSIGN 230 R16 46
824 SIDESTEP R19
825 SIDESTEP R29
826 DELIVER 362 R2 598
826 SIDESTEP R13
826 PICK 368 R23
827 ASSIGN 233 R2 34
827 PICK 287 R11
827 SIDESTEP R21
828 CANCEL 1213
828 SIDESTEP R28
829 PICK 208 R7
829 PICK 212 R20
829 PICK 271 R27
830 CANCEL 1178
831 PICK 220 R15
832 SIDESTEP R21
833 SIDESTEP R1
833 DELIVER 206 R8 700
833 SIDESTEP R28
834 ASSIGN 239 R8 21
834 PICK 218 R29
836 DELIVER 454 R24 547
837 CANCEL 1174
837 ASSIGN 242 R24 32
837 SIDESTEP R5
837 SIDESTEP R21
838 CANCEL 1046
838 SIDESTEP R28
839 CANCEL 1032
839 SIDESTEP R15
839 DELIVER 202 R25 708
840 ASSIGN 374 R25 13
841 PICK 223 R1
842 SIDESTEP R10
842 SIDESTEP R21
844 CANCEL 1346
844 SIDESTEP R0
844 DELIVER 193 R13 720
844 DELIVER 189 R26 722
845 ASSIGN 288 R26 33
845 ASSIGN 289 R13 49
845 SIDESTEP R20
846 SIDESTEP R29
847 SIDESTEP R10
847 PICK 261 R19
847 SIDESTEP R21
847 SIDESTEP R22
849 REPORT pending=979 aged=881 idle=0 to_pickup=13 delivering=16 to_charger=1 charging=0 dead=0 hot=15,12,6
850 DELIVER 207 R3 717
850 SIDESTEP R18
850 SIDESTEP R20
851 ASSIGN 291 R3 44
851 SIDESTEP R29
852 SIDESTEP R8
852 SIDESTEP R10
852 SIDESTEP R21
852 SIDESTEP R22
852 PICK 374 R25
853 DELIVER 203 R14 722
854 ASSIGN 292 R14 15
855 SIDESTEP R18
855 SIDESTEP R20
856 CANCEL 1104
857 SIDESTEP R3
857 SIDESTEP R10
857 SIDESTEP R21
858 SIDESTEP R12
858 SIDESTEP R15
859 PICK 225 R6
859 SIDESTEP R8
860 SIDESTEP R18
860 SIDESTEP R20
860 DELIVER 368 R23 627
861 GO_CHARGE R23 36 1
862 SIDESTEP R21
863 DELIVER 287 R11 683
863 SIDESTEP R12
864 ASSIGN 301 R11 35
864 SIDESTEP R0
864 SIDESTEP R8
864 PICK 228 R17
865 SIDESTEP R18
865 SIDESTEP R20
867 SIDESTEP R21
868 SIDESTEP R11
868 SIDESTEP R12
869 SIDESTEP R0
869 PICK 230 R16
869 SIDESTEP R24
869 PICK 331 R28
869 SIDESTEP R29
870 CANCEL 1387
870 DELIVER 208 R7 736
870 SIDESTEP R8
870 SIDESTEP R20
871 ASSIGN 303 R7 27
872 SIDESTEP R21
872 PICK 214 R22
873 DELIVER 267 R9 705
873 DELIVER 271 R27 703
874 ASSIGN 244 R9 65
874 GO_CHARGE R27 6 1
874 SIDESTEP R0
874 PICK 292 R14
875 SIDESTEP R10
875 SIDESTEP R15
875 SIDESTEP R20
876 PICK 242 R24
877 DELIVER 223 R1 735
877 SIDESTEP R8
878 ASSIGN 245 R1 14
878 DELIVER 225 R6 735
879 ASSIGN 246 R6 21
880 SIDESTEP R10
880 SIDESTEP R15
880 SIDESTEP R20
881 SIDESTEP R0
881 SIDESTEP R4
882 SIDESTEP R8
882 DELIVER 168 R12 773
882 SIDESTEP R13
883 ASSIGN 247 R12 43
884 DELIVER 374 R25 646
885 CANCEL 1225
885 ASSIGN 249 R25 33
885 SIDESTEP R10
885 SIDESTEP R15
885 SIDESTEP R20
887 SIDESTEP R13
889 SIDESTEP R0
890 SIDESTEP R10
890 SIDESTEP R15
890 SIDESTEP R20
891 PICK 245 R1
891 DELIVER 442 R18 610
892 ASSIGN 250 R18 29
892 SIDESTEP R13
893 PICK 288 R26
894 SIDESTEP R0
895 SIDESTEP R10
895 SIDESTEP R15
895 SIDESTEP R20
897 PICK 303 R7
897 SIDESTEP R13
899 SIDESTEP R0
899 PICK 246 R6
899 DELIVER 331 R28 691
899 REPORT pending=1044 aged=949 idle=1 to_pickup=11 delivering=15 to_charger=3 charging=0 dead=0 hot=13,8,6
900 ASSIGN 251 R28 16
900 PICK 291 R3
900 SIDESTEP R10
900 SIDESTEP R15
900 SIDESTEP R20
901 CANCEL 1154
902 SIDESTEP R13
902 DELIVER 218 R29 763
903 CANCEL 1209
903 ASSIGN 252 R29 50
903 DELIVER 230 R16 758
904 ASSIGN 254 R16 45
904 SIDESTEP R0
904 CHARGE R23
904 DELIVER 242 R24 752
905 ASSIGN 257 R24 19
905 SIDESTEP R20
905 DELIVER 448 R21 620
906 ASSIGN 259 R21 39
906 SIDESTEP R4
906 SIDESTEP R10
907 CANCEL 1370
908 CANCEL 1441
908 SIDESTEP R5
908 SIDESTEP R13
909 CANCEL 1143
909 SIDESTEP R0
910 SIDESTEP R20
911 SIDESTEP R4
911 DELIVER 292 R14 727
912 ASSIGN 397 R14 42
912 DELIVER 220 R15 772
912 SIDESTEP R19
912 SIDESTEP R26
912 CHARGE R27
913 GO_CHARGE R15 26 1
914 SIDESTEP R0
915 CANCEL 1245
915 REJECT 1466
915 DELIVER 245 R1 761
915 SIDESTEP R20
915 PICK 251 R28
916 REJECT 1469
916 ASSIGN 307 R1 21
917 SIDESTEP R3
917 SIDESTEP R19
919 CHARGED R23
919 ASSIGN 312 R23 45
919 SIDESTEP R0
920 SIDESTEP R20
920 DELIVER 214 R22 783
921 ASSIGN 316 R22 19
921 PICK 250 R18
921 PICK 249 R25
923 SIDESTEP R19
924 SIDESTEP R0
924 PICK 224 R5
924 PICK 239 R8
924 PICK 257 R24
925 PICK 247 R12
925 SIDESTEP R20
926 DELIVER 246 R6 772
927 ASSIGN 409 R6 55
927 SIDESTEP R15
928 PICK 233 R2
928 CHARGE R4
928 DELIVER 228 R17 784
928 SIDESTEP R28
929 ASSIGN 410 R17 56
929 SIDESTEP R19
930 CHARGED R27
930 ASSIGN 417 R27 40
933 SIDESTEP R15
933 SIDESTEP R28
934 SIDESTEP R27
935 SIDESTEP R19
935 DELIVER 257 R24 774
936 CANCEL 1385
936 ASSIGN 489 R24 28
936 PICK 307 R1
937 SIDESTEP R29
938 PICK 244 R9
938 PICK 215 R10
938 SIDESTEP R26
938 SIDESTEP R28
939 CANCEL 1291
939 DELIVER 303 R7 748
939 PICK 316 R22
940 ASSIGN 343 R7 32
940 SIDESTEP R19
941 SIDESTEP R0
942 SIDESTEP R29
943 DELIVER 250 R18 787
944 GO_CHARGE R18 6 1
944 PICK 259 R21
945 CANCEL 1511
945 CHARGED R4
945 ASSIGN 262 R4 45
945 SIDESTEP R19
946 SIDESTEP R0
946 SIDESTEP R23
947 PICK 301 R11
947 SIDESTEP R29
949 PICK 254 R16
949 REPORT pending=1095 aged=1005 idle=0 to_pickup=10 delivering=18 to_charger=2 charging=0 dead=0 hot=24,9,4
950 SIDESTEP R19
951 DELIVER 244 R9 798
951 PICK 289 R13
951 SIDESTEP R23
952 ASSIGN 263 R9 41
954 DELIVER 291 R3 771
955 CANCEL 1220
955 ASSIGN 265 R3 38
955 SIDESTEP R18
955 SIDESTEP R19
956 SIDESTEP R2
956 SIDESTEP R23
957 DELIVER 316 R22 758
958 GO_CHARGE R22 16 1
958 DELIVER 239 R8 807
959 ASSIGN 266 R8 40
959 SIDESTEP R5
960 CANCEL 1309
960 SIDESTEP R19
960 DELIVER 249 R25 804
961 GO_CHARGE R25 6 1
961 SIDESTEP R2
961 SIDESTEP R23
963 PICK 489 R24
964 DELIVER 205 R0 832
964 SIDESTEP R5
965 ASSIGN 268 R0 25
965 SIDESTEP R19
965 DELIVER 212 R20 829
966 ASSIGN 270 R20 35
966 SIDESTEP R4
966 SIDESTEP R17
966 SIDESTEP R23
967 SIDESTEP R2
968 CANCEL 1247
968 DELIVER 288 R26 787
969 ASSIGN 273 R26 59
969 DELIVER 307 R1 776
969 SIDESTEP R5
969 PICK 252 R29
970 CANCEL 1535
970 GO_CHARGE R1 36 1
970 SIDESTEP R19
971 SIDESTEP R17
972 SIDESTEP R4
972 PICK 343 R7
973 PICK 417 R27
974 SIDESTEP R5
975 CANCEL 1398
975 SIDESTEP R19
976 SIDESTEP R3
976 SIDESTEP R17
976 DELIVER 259 R21 814
976 DELIVER 251 R28 819
977 ASSIGN 274 R28 40
977 ASSIGN 275 R21 18
977 SIDESTEP R4
979 SIDESTEP R5
979 SIDESTEP R7
980 DELIVER 247 R12 825
980 SIDESTEP R19
981 ASSIGN 276 R12 50
981 SIDESTEP R3
981 SIDESTEP R17
982 SIDESTEP R4
982 CHARGE R25
983 SIDESTEP R0
984 CANCEL 1412
984 SIDESTEP R10
985 PICK 397 R14
985 SIDESTEP R19
986 SIDESTEP R3
986 SIDESTEP R17
988 SIDESTEP R0
990 SIDESTEP R19
991 DELIVER 301 R11 802
991 DELIVER 254 R16 832
992 GO_CHARGE R11 6 1
992 GO_CHARGE R16 6 1
992 PICK 263 R9
993 SIDESTEP R0
993 SIDESTEP R24
994 PICK 275 R21
994 SIDESTEP R22
995 SIDESTEP R19
997 CANCEL 1353
997 DELIVER 233 R2 850
997 PICK 312 R23
998 GO_CHARGE R2 26 1
998 SIDESTEP R13
998 SIDESTEP R24
999 SIDESTEP R22
999 REPORT pending=1152 aged=1064 idle=0 to_pickup=10 delivering=12 to_charger=7 charging=1 dead=0 hot=4,1,4
1000 CHARGED R25
1000 ASSIGN 345 R25 58
1000 SIDESTEP R19
1001 CHARGE R11
1001 PICK 270 R20
1002 PICK 409 R6
1002 PICK 266 R8
1002 SIDESTEP R21
1003 SIDESTEP R13
1004 SIDESTEP R2
1004 SIDESTEP R22
1005 DELIVER 397 R14 754
1005 SIDESTEP R19
1006 ASSIGN 346 R14 69
1007 SIDESTEP R21
1008 SIDESTEP R0
1008 SIDESTEP R1
1008 SIDESTEP R13
1009 DELIVER 343 R7 792
1010 GO_CHARGE R7 26 1
1010 PICK 265 R3
1010 SIDESTEP R19
1010 DELIVER 489 R24 701
1011 ASSIGN 352 R24 27
1012 SIDESTEP R14
1012 DELIVER 270 R20 843
1012 SIDESTEP R21
1013 ASSIGN 357 R20 3
1013 SIDESTEP R8
1013 SIDESTEP R13
1014 PICK 268 R0
1014 SIDESTEP R1
1014 PICK 410 R17
1014 CHARGE R22
1014 DELIVER 312 R23 818
1015 ASSIGN 277 R23 32
1015 SIDESTEP R2
1015 PICK 262 R4
1015 SIDESTEP R19
1015 PICK 357 R20
1015 DELIVER 417 R27 751
1016 ASSIGN 279 R27 31
1016 DELIVER 224 R5 874
1016 DELIVER 252 R29 858
1017 CANCEL 1522
1017 GO_CHARGE R5 36 1
1017 GO_CHARGE R29 6 1
1017 SIDESTEP R14
1017 SIDESTEP R21
1018 CANCEL 1439
1018 CHARGED R11
1018 ASSIGN 280 R11 70
1018 DELIVER 409 R6 759
1018 SIDESTEP R8
1019 GO_CHARGE R6 6 1
1020 SIDESTEP R2
1020 SIDESTEP R19
1021 CANCEL_FAIL 1469
1022 SIDESTEP R14
1022 SIDESTEP R21
1023 SIDESTEP R20
1024 DELIVER 215 R10 886
1025 ASSIGN 283 R10 26
1025 SIDESTEP R2
1025 SIDESTEP R19
1026 CHARGE R6
1027 CANCEL 1456
1027 SIDESTEP R13
1027 SIDESTEP R21
1028 SIDESTEP R18
1028 SIDESTEP R20
1029 CANCEL 1445
1029 SIDESTEP R0
1030 SIDESTEP R2
1030 SIDESTEP R19
1031 CHARGED R22
1031 ASSIGN 285 R22 16
1031 SIDESTEP R11
1031 CHARGE R15
1033 CANCEL 1454
1033 SIDESTEP R18
1033 SIDESTEP R20
1034 SIDESTEP R0
1034 DELIVER 263 R9 868
1035 ASSIGN 286 R9 26
1035 SIDESTEP R2
1035 SIDESTEP R19
1036 SIDESTEP R28
1039 CANCEL 1485
1039 SIDESTEP R0
1039 SIDESTEP R21
1040 CANCEL 1390
1040 SIDESTEP R2
1040 SIDESTEP R18
1040 PICK 352 R24
1041 SIDESTEP R19
1042 CHARGED R6
1042 ASSIGN 508 R6 49
1042 DELIVER 289 R13 860
1042 CHARGE R16
1042 SIDESTEP R25
1043 ASSIGN 510 R13 29
1043 PICK 273 R26
1044 CANCEL 1498
1044 SIDESTEP R0
1045 SIDESTEP R2
1046 DELIVER 265 R3 879
1046 DELIVER 262 R4 881
1047 ASSIGN 290 R4 16
1047 GO_CHARGE R3 16 1
1047 SIDESTEP R19
1048 CHARGED R15
1048 ASSIGN 293 R15 39
1048 SIDESTEP R24
1049 CANCEL 1416
1049 SIDESTEP R0
1049 SIDESTEP R23
1049 SIDESTEP R29
1049 REPORT pending=1208 aged=1117 idle=0 to_pickup=14 delivering=8 to_charger=7 charging=1 dead=0 hot=25,1,6
1050 CANCEL 1429
1050 PICK 283 R10
1051 DELIVER 275 R21 878
1052 GO_CHARGE R21 6 1
1053 SIDESTEP R19
1053 SIDESTEP R24
1053 PICK 274 R28
1054 CANCEL 1444
1054 SIDESTEP R14
1054 SIDESTEP R23
1056 SIDESTEP R0
1057 CHARGE R5
1058 DELIVER 410 R17 798
1058 SIDESTEP R19
1058 SIDESTEP R24
1059 CHARGED R16
1059 ASSIGN 294 R16 43
1059 GO_CHARGE R17 6 1
1059 CHARGE R7
1059 SIDESTEP R13
1059 CHARGE R18
1059 SIDESTEP R23
1060 DELIVER 266 R8 893
1060 PICK 276 R12
1061 CANCEL 1539
1061 GO_CHARGE R8 6 1
1061 SIDESTEP R0
1061 PICK 286 R9
1062 CANCEL 1565
1062 PICK 290 R4
1062 PICK 277 R23
1062 SIDESTEP R26
1063 CANCEL 1623
1063 DELIVER 276 R12 889
1063 SIDESTEP R19
1063 SIDESTEP R24
1064 ASSIGN 295 R12 27
1066 SIDESTEP R0
1066 PICK 279 R27
1067 CANCEL 1662
1067 SIDESTEP R11
1067 SIDESTEP R26
1068 SIDESTEP R2
1068 SIDESTEP R19
1070 SIDESTEP R3
1070 PICK 285 R22
1071 CANCEL 1649
1071 SIDESTEP R0
1073 SIDESTEP R19
1073 DELIVER 357 R20 848
1074 GO_CHARGE R20 6 1
1074 DELIVER 283 R10 896
1075 CHARGED R5
1075 ASSIGN 359 R10 30
1075 ASSIGN 363 R5 27
1076 CHARGED R18
1076 ASSIGN 451 R18 32
1076 SIDESTEP R0
1076 SIDESTEP R3
1077 CHARGED R7
1077 ASSIGN 457 R7 44
1077 PICK 510 R13
1077 SIDESTEP R14
1077 CHARGE R21
1078 SIDESTEP R2
1078 SIDESTEP R19
1081 SIDESTEP R0
1082 SIDESTEP R26
1083 SIDESTEP R3
1083 SIDESTEP R19
1084 PICK 345 R25
1086 SIDESTEP R0
1087 PICK 293 R15
1087 SIDESTEP R26
1088 SIDESTEP R19
1089 CANCEL 1555
1089 SIDESTEP R3
1089 DELIVER 290 R4 906
1090 CANCEL_FAIL 101730
1090 ASSIGN 296 R4 47
1090 PICK 508 R6
1090 PICK 295 R12
1091 SIDESTEP R0
1091 SIDESTEP R29
1092 CANCEL 1609
1092 CHARGED R21
1092 ASSIGN 297 R21 62
1092 SIDESTEP R26
1093 CANCEL 1482
1093 DELIVER 286 R9 913
1093 SIDESTEP R19
1094 GO_CHARGE R9 6 1
1094 DELIVER 510 R13 771
1094 CHARGE R17
1095 CANCEL 1556
1095 ASSIGN 298 R13 46
1096 SIDESTEP R29
1097 PICK 280 R11
1097 SIDESTEP R26
1098 CHARGE R2
1098 SIDESTEP R19
1099 CHARGE R1
1099 REPORT pending=1258 aged=1174 idle=0 to_pickup=9 delivering=13 to_charger=5 charging=3 dead=0 hot=4,16,4
1100 REJECT 1745
1100 SIDESTEP R8
1100 SIDESTEP R23
1101 REJECT 1747
1101 PICK 363 R5
1101 PICK 294 R16
1102 CANCEL 1694
1102 CANCEL 1697
1102 SIDESTEP R26
1102 DELIVER 279 R27 926
1103 ASSIGN 299 R27 23
1103 SIDESTEP R0
1103 CHARGE R3
1103 SIDESTEP R19
1104 CANCEL 1484
1104 PICK 359 R10
1105 SIDESTEP R23
1105 DELIVER 352 R24 883
1106 CANCEL 1616
1106 GO_CHARGE R24 36 1
1106 SIDESTEP R8
1107 PICK 346 R14
1108 SIDESTEP R0
1109 SIDESTEP R19
1110 CHARGED R17
1110 ASSIGN 300 R17 55
1110 CHARGE R20
1110 SIDESTEP R23
1111 DELIVER 293 R15 927
1112 ASSIGN 304 R15 37
1113 SIDESTEP R0
1113 SIDESTEP R12
1113 PICK 451 R18
1114 SIDESTEP R10
1114 SIDESTEP R19
1114 DELIVER 285 R22 935
1114 SIDESTEP R26
1115 CHARGED R2
1115 ASSIGN 305 R2 24
1115 ASSIGN 309 R22 19
1115 SIDESTEP R23
1116 CHARGED R1
1116 ASSIGN 310 R1 35
1117 DELIVER 274 R28 945
1118 GO_CHARGE R28 26 1
1118 SIDESTEP R0
1119 CANCEL 1775
1119 SIDESTEP R10
1119 DELIVER 295 R12 933
1120 CHARGED R3
1120 ASSIGN 313 R3 33
1120 GO_CHARGE R12 16 1
1120 PICK 457 R7
1120 DELIVER 346 R14 902
1121 CANCEL 1716
1121 GO_CHARGE R14 36 1
1121 SIDESTEP R5
1122 REJECT 1781
1123 SIDESTEP R0
1124 SIDESTEP R10
1125 PICK 299 R27
1126 CHARGED R20
1126 ASSIGN 317 R20 25
1126 SIDESTEP R5
1126 DELIVER 508 R6 804
1126 SIDESTEP R9
1127 CANCEL 1544
1127 ASSIGN 318 R6 56
1127 CHARGE R8
1127 DELIVER 451 R18 840
1128 ASSIGN 319 R18 46
1128 SIDESTEP R0
1128 DELIVER 345 R25 910
1129 ASSIGN 322 R25 11
1130 CANCEL_FAIL 101794
1130 DELIVER 280 R11 954
1130 DELIVER 277 R23 956
1131 ASSIGN 551 R11 36
1131 ASSIGN 323 R23 34
1131 SIDESTEP R5
1132 CANCEL 1641
1133 SIDESTEP R0
1133 PICK 309 R22
1134 SIDESTEP R15
1134 DELIVER 294 R16 949
1135 ASSIGN 324 R16 59
1135 SIDESTEP R10
1138 SIDESTEP R0
1138 PICK 305 R2
1139 PICK 322 R25
1140 CANCEL 1752
1140 SIDESTEP R10
1140 SIDESTEP R20
1142 CHARGED R8
1142 ASSIGN 376 R8 43
1142 CHARGE R9
1142 SIDESTEP R22
1143 CANCEL 1571
1143 SIDESTEP R0
1143 SIDESTEP R24
1144 SIDESTEP R21
1145 DELIVER 363 R5 916
1145 SIDESTEP R10
1145 SIDESTEP R28
1146 ASSIGN 377 R5 11
1147 SIDESTEP R22
1148 CANCEL 1790
1148 SIDESTEP R0
1149 CANCEL 1575
1149 PICK 296 R4
1149 SIDESTEP R21
1149 REPORT pending=1309 aged=1219 idle=0 to_pickup=14 delivering=10 to_charger=5 charging=1 dead=0 hot=5,5,5
1150 PICK 310 R1
1150 SIDESTEP R8
1150 SIDESTEP R10
1151 CANCEL 1667
1152 PICK 304 R15
1152 SIDESTEP R22
1152 SIDESTEP R27
1153 SIDESTEP R0
1153 PICK 313 R3
1153 SIDESTEP R29
1154 CANCEL 1743
1154 PICK 317 R20
1154 SIDESTEP R21
1155 CANCEL 1727
1156 PICK 377 R5
1156 PICK 298 R13
1156 SIDESTEP R17
1157 CANCEL 1833
1157 CHARGED R9
1157 ASSIGN 382 R9 35
1157 SIDESTEP R2
1157 SIDESTEP R27
1158 DELIVER 457 R7 867
1158 SIDESTEP R26
1159 ASSIGN 390 R7 17
1159 SIDESTEP R19
1159 SIDESTEP R21
1162 SIDESTEP R1
1162 SIDESTEP R2
1162 SIDESTEP R27
1163 SIDESTEP R17
1164 SIDESTEP R19
1164 SIDESTEP R21
1164 PICK 323 R23
1165 CANCEL_FAIL 1747
1165 DELIVER 322 R25 963
1166 ASSIGN 327 R25 44
1166 SIDESTEP R4
1166 SIDESTEP R26
1166 CHARGE R29
1167 SIDESTEP R3
1168 SIDESTEP R2
1168 SIDESTEP R17
1169 CANCEL 1785
1169 DELIVER 359 R10 943
1169 SIDESTEP R19
1169 SIDESTEP R21
1169 CHARGE R24
1170 GO_CHARGE R10 26 1
1171 SIDESTEP R4
1171 DELIVER 309 R22 976
1171 SIDESTEP R26
1172 ASSIGN 328 R22 24
1172 SIDESTEP R28
1173 SIDESTEP R3
1173 SIDESTEP R17
1174 SIDESTEP R2
1174 SIDESTEP R13
1174 SIDESTEP R19
1174 SIDESTEP R21
1175 PICK 390 R7
1175 PICK 319 R18
1176 CANCEL 1842
1176 SIDESTEP R4
1176 SIDESTEP R15
1177 SIDESTEP R26
1178 CANCEL 1700
1178 DELIVER 323 R23 975
1179 ASSIGN 332 R23 16
1179 SIDESTEP R13
1179 SIDESTEP R19
1179 SIDESTEP R21
1179 DELIVER 299 R27 991
1180 ASSIGN 333 R27 23
1180 CHARGE R12
1180 SIDESTEP R20
1180 SIDESTEP R28
1181 SIDESTEP R4
1182 CHARGED R29
1182 ASSIGN 334 R29 27
1184 SIDESTEP R13
1184 SIDESTEP R19
1184 SIDESTEP R21
1185 SIDESTEP R20
1186 SIDESTEP R4
1186 SIDESTEP R11
1187 CHARGED R24
1187 ASSIGN 335 R24 18
1187 DELIVER 268 R0 1019
1188 ASSIGN 336 R0 21
1188 DELIVER 273 R26 1017
1189 CANCEL 1771
1189 GO_CHARGE R26 6 1
1189 DELIVER 310 R1 994
1189 SIDESTEP R13
1189 SIDESTEP R19
1189 SIDESTEP R21
1190 CANCEL 1854
1190 ASSIGN 337 R1 40
1190 PICK 300 R17
1190 SIDESTEP R20
1191 SIDESTEP R4
1191 SIDESTEP R27
1193 CHARGE R26
1194 CANCEL 1889
1194 DELIVER 377 R5 955
1194 PICK 376 R8
1194 SIDESTEP R13
1194 PICK 324 R16
1194 SIDESTEP R19
1194 SIDESTEP R21
1195 ASSIGN 340 R5 32
1195 PICK 328 R22
1195 PICK 332 R23
1196 CHARGED R12
1196 ASSIGN 561 R12 39
1196 SIDESTEP R4
1198 PICK 551 R11
1199 SIDESTEP R19
1199 SIDESTEP R21
1199 REPORT pending=1369 aged=1273 idle=0 to_pickup=11 delivering=15 to_charger=3 charging=1 dead=0 hot=34,13,4
1200 SIDESTEP R27
1200 CHARGE R28
1203 PICK 318 R6
1204 SIDESTEP R21
1204 PICK 335 R24
1205 SIDESTEP R27
1208 PICK 336 R0
1209 SIDESTEP R12
1209 PICK 327 R25
1210 SIDESTEP R22
1212 CHARGED R26
1212 ASSIGN 392 R26 47
1212 SIDESTEP R8
1212 SIDESTEP R27
1214 DELIVER 313 R3 1017
1214 DELIVER 300 R17 1025
1214 SIDESTEP R19
1215 ASSIGN 394 R17 35
1215 ASSIGN 398 R3 31
1215 DELIVER 305 R2 1023
1215 DELIVER 298 R13 1027
1215 SIDESTEP R22
1216 CHARGED R28
1216 ASSIGN 400 R28 8
1216 ASSIGN 404 R2 15
1216 GO_CHARGE R13 6 1
1216 DELIVER 390 R7 969
1217 CANCEL 1851
1217 ASSIGN 476 R7 38
1217 CHARGE R10
1217 DELIVER 319 R18 1016
1218 ASSIGN 407 R18 16
1219 DELIVER 551 R11 869
1219 CHARGE R14
1219 SIDESTEP R19
1220 ASSIGN 492 R11 50
1220 SIDESTEP R15
1220 SIDESTEP R22
1220 SIDESTEP R25
1220 PICK 334 R29
1223 PICK 400 R28
1224 CANCEL 1928
1224 DELIVER 376 R8 985
1224 CHARGE R13
1224 SIDESTEP R19
1224 DELIVER 317 R20 1025
1225 ASSIGN 415 R8 12
1225 ASSIGN 416 R20 20
1225 SIDESTEP R22
1225 SIDESTEP R25
1225 SIDESTEP R29
1226 SIDESTEP R3
1226 PICK 340 R5
1228 SIDESTEP R1
1228 SIDESTEP R17
1229 SIDESTEP R19
1229 DELIVER 332 R23 1020
1230 ASSIGN 418 R23 18
1230 SIDESTEP R18
1230 SIDESTEP R25
1231 CANCEL 1944
1231 SIDESTEP R0
1231 PICK 382 R9
1231 PICK 297 R21
1232 SIDESTEP R22
1233 CHARGED R10
1233 ASSIGN 419 R10 33
1234 CHARGED R14
1234 ASSIGN 421 R14 54
1234 SIDESTEP R19
1235 PICK 337 R1
1235 DELIVER 324 R16 1032
1235 SIDESTEP R18
1236 ASSIGN 341 R16 33
1236 SIDESTEP R0
1236 PICK 415 R8
1236 SIDESTEP R24
1236 SIDESTEP R27
1237 SIDESTEP R17
1237 SIDESTEP R22
1238 CANCEL 1843
1238 SIDESTEP R11
1238 PICK 561 R12
1238 DELIVER 304 R15 1047
1238 SIDESTEP R25
1239 CANCEL 1769
1239 ASSIGN 342 R15 50
1239 SIDESTEP R19
1240 CHARGED R13
1240 ASSIGN 344 R13 57
1240 DELIVER 296 R4 1054
1240 SIDESTEP R18
1241 ASSIGN 347 R4 21
1242 SIDESTEP R22
1243 SIDESTEP R25
1244 SIDESTEP R19
1245 DELIVER 318 R6 1045
1245 SIDESTEP R18
1246 ASSIGN 348 R6 51
1246 PICK 404 R2
1247 SIDESTEP R22
1248 CANCEL 1677
1248 SIDESTEP R4
1248 SIDESTEP R25
1248 PICK 333 R27
1249 SIDESTEP R19
1249 REPORT pending=1425 aged=1332 idle=0 to_pickup=15 delivering=15 to_charger=0 charging=0 dead=0 hot=13,29,5
1252 SIDESTEP R22
1253 SIDESTEP R4
1253 SIDESTEP R25
1253 DELIVER 334 R29 1043
1254 ASSIGN 354 R29 53
1254 SIDESTEP R19
1255 DELIVER 337 R1 1044
1256 ASSIGN 360 R1 32
1257 SIDESTEP R11
1257 PICK 407 R18
1257 SIDESTEP R22
1258 SIDESTEP R4
1258 SIDESTEP R25
1259 PICK 476 R7
1259 SIDESTEP R19
1260 DELIVER 336 R0 1049
1260 SIDESTEP R2
1260 SIDESTEP R17
1260 DELIVER 335 R24 1050
1261 ASSIGN 361 R24 26
1261 GO_CHARGE R0 36 1
1262 CANCEL 1896
1262 DELIVER 340 R5 1048
1262 SIDESTEP R22
1263 ASSIGN 366 R5 25
1263 SIDESTEP R4
1264 SIDESTEP R19
1264 PICK 416 R20
1264 SIDESTEP R29
1265 SIDESTEP R16
1267 CANCEL 2008
1267 SIDESTEP R11
1267 PICK 394 R17
1267 SIDESTEP R22
1268 SIDESTEP R4
1269 DELIVER 404 R2 1014
1269 PICK 419 R10
1269 SIDESTEP R19
1270 ASSIGN 367 R2 40
1270 DELIVER 415 R8 1007
1271 ASSIGN 369 R8 22
1271 SIDESTEP R21
1272 CANCEL 1884
1272 SIDESTEP R0
1272 SIDESTEP R6
1272 SIDESTEP R11
1273 DELIVER 382 R9 1031
1273 DELIVER 327 R25 1067
1274 ASSIGN 496 R9 20
1274 ASSIGN 588 R25 20
1274 SIDESTEP R19
1274 PICK 418 R23
1274 DELIVER 333 R27 1065
1274 DELIVER 400 R28 1021
1275 ASSIGN 372 R27 16
1275 ASSIGN 373 R28 15
1276 SIDESTEP R18
1276 SIDESTEP R21
1277 CANCEL 1939
1277 SIDESTEP R6
1277 SIDESTEP R11
1279 SIDESTEP R19
1281 SIDESTEP R18
1282 PICK 398 R3
1282 SIDESTEP R6
1282 SIDESTEP R11
1284 CANCEL 1787
1284 SIDESTEP R19
1285 CANCEL 1858
1285 CANCEL 1909
1286 SIDESTEP R10
1286 SIDESTEP R18
1286 PICK 361 R24
1287 SIDESTEP R5
1287 SIDESTEP R6
1287 SIDESTEP R11
1289 PICK 360 R1
1289 PICK 341 R16
1289 SIDESTEP R19
1289 SIDESTEP R28
1290 PICK 372 R27
1291 SIDESTEP R18
1292 SIDESTEP R5
1292 SIDESTEP R6
1292 SIDESTEP R10
1292 SIDESTEP R11
1292 DELIVER 418 R23 1028
1292 DELIVER 361 R24 1064
1293 ASSIGN 422 R23 4
1293 ASSIGN 429 R24 39
1293 PICK 496 R9
1294 DELIVER 561 R12 938
1294 SIDESTEP R19
1294 SIDESTEP R28
1295 ASSIGN 434 R12 14
1295 DELIVER 476 R7 994
1295 DELIVER 416 R20 1032
1296 ASSIGN 503 R7 15
1296 ASSIGN 520 R20 37
1296 PICK 422 R23
1297 SIDESTEP R5
1297 SIDESTEP R6
1297 SIDESTEP R11
1297 PICK 421 R14
1297 SIDESTEP R21
1297 SIDESTEP R25
1298 SIDESTEP R17
1298 DELIVER 328 R22 1091
1299 ASSIGN 438 R22 20
1299 SIDESTEP R19
1299 REPORT pending=1483 aged=1388 idle=0 to_pickup=17 delivering=12 to_charger=1 charging=0 dead=0 hot=15,30,6
1300 SIDESTEP R4
1301 SIDESTEP R3
1302 SIDESTEP R5
1302 SIDESTEP R6
1302 SIDESTEP R11
1302 SIDESTEP R21
1302 SIDESTEP R25
1302 PICK 373 R28
1302 SIDESTEP R29
1303 SIDESTEP R17
1304 SIDESTEP R19
1306 SIDESTEP R3
1306 SIDESTEP R23
1308 PICK 434 R12
1308 SIDESTEP R17
1309 PICK 367 R2
1309 SIDESTEP R10
1309 SIDESTEP R19
1310 SIDESTEP R5
1310 SIDESTEP R14
1310 DELIVER 407 R18 1052
1311 ASSIGN 439 R18 49
1311 SIDESTEP R3
1311 PICK 503 R7
1313 SIDESTEP R9
1313 SIDESTEP R17
1314 SIDESTEP R4
1314 SIDESTEP R10
1315 SIDESTEP R5
1315 SIDESTEP R14
1316 SIDESTEP R3
1316 PICK 354 R29
1317 CHARGE R0
1318 SIDESTEP R9
1318 SIDESTEP R17
1319 SIDESTEP R10
1319 DELIVER 434 R12 1044
1320 ASSIGN 378 R12 45
1320 SIDESTEP R27
1321 SIDESTEP R3
1321 PICK 342 R15
1321 SIDESTEP R16
1321 SIDESTEP R22
1321 SIDESTEP R26
1322 SIDESTEP R13
1322 SIDESTEP R14
1323 CANCEL 1821
1323 SIDESTEP R2
1323 SIDESTEP R9
1323 SIDESTEP R17
1324 PICK 366 R5
1326 SIDESTEP R7
1326 SIDESTEP R16
1328 PICK 347 R4
1328 SIDESTEP R17
1328 DELIVER 297 R21 1141
1328 SIDESTEP R22
1328 SIDESTEP R25
1329 CANCEL 2084
1329 ASSIGN 379 R21 29
1329 SIDESTEP R24
1331 SIDESTEP R7
1331 DELIVER 419 R10 1066
1331 SIDESTEP R16
1332 CANCEL 2053
1332 ASSIGN 380 R10 32
1333 SIDESTEP R17
1333 PICK 520 R20
1333 SIDESTEP R22
1333 PICK 588 R25
1335 CHARGED R0
1335 ASSIGN 383 R0 43
1335 PICK 369 R8
1335 SIDESTEP R26
1336 SIDESTEP R13
1337 SIDESTEP R2
1337 PICK 492 R11
1337 DELIVER 261 R19 1173
1337 DELIVER 373 R28 1100
1338 CANCEL 1983
1338 ASSIGN 384 R28 39
1338 GO_CHARGE R19 6 1
1338 SIDESTEP R6
1338 SIDESTEP R22
1339 SIDESTEP R14
1340 DELIVER 588 R25 968
1341 ASSIGN 386 R25 8
1342 SIDESTEP R2
1342 CHARGE R19
1343 CANCEL 2110
1343 DELIVER 398 R3 1091
1343 SIDESTEP R6
1343 SIDESTEP R22
1344 REJECT 2139
1344 ASSIGN 388 R3 41
1344 PICK 429 R24
1345 SIDESTEP R4
1345 SIDESTEP R23
1347 SIDESTEP R2
1348 SIDESTEP R6
1348 PICK 386 R25
1348 PICK 392 R26
1349 REPORT pending=1547 aged=1458 idle=0 to_pickup=10 delivering=19 to_charger=0 charging=1 dead=0 hot=5,20,5
1350 CANCEL 1883
1350 SIDESTEP R5
1350 SIDESTEP R23
1351 DELIVER 372 R27 1115
1352 GO_CHARGE R27 16 1
1352 SIDESTEP R2
1353 SIDESTEP R6
1353 DELIVER 421 R14 1086
1354 ASSIGN 617 R14 23
1354 DELIVER 503 R7 1035
1355 ASSIGN 620 R7 38
1355 SIDESTEP R5
1355 DELIVER 496 R9 1041
1356 ASSIGN 389 R9 33
1356 DELIVER 360 R1 1129
1357 ASSIGN 391 R1 36
1357 SIDESTEP R4
1357 SIDESTEP R21
1357 SIDESTEP R23
1357 SIDESTEP R25
1358 SIDESTEP R6
1359 DELIVER 369 R8 1125
1359 PICK 439 R18
1359 SIDESTEP R24
1360 CHARGED R19
1360 ASSIGN 535 R19 30
1360 ASSIGN 536 R8 38
1360 SIDESTEP R5
1360 PICK 344 R13
1360 DELIVER 341 R16 1145
1361 ASSIGN 395 R16 49
1361 DELIVER 394 R17 1111
1362 ASSIGN 539 R17 40
1362 SIDESTEP R21
1362 SIDESTEP R23
1363 SIDESTEP R6
1364 SIDESTEP R22
1364 SIDESTEP R24
1365 SIDESTEP R4
1365 SIDESTEP R5
1367 SIDESTEP R21
1368 SIDESTEP R6
1370 SIDESTEP R4
1370 SIDESTEP R5
1370 SIDESTEP R25
1370 CHARGE R27
1371 DELIVER 342 R15 1155
1372 CANCEL 2085
1372 ASSIGN 446 R15 10
1372 SIDESTEP R22
1373 SIDESTEP R23
1375 SIDESTEP R5
1376 SIDESTEP R9
1376 SIDESTEP R11
1376 PICK 617 R14
1377 PICK 383 R0
1377 DELIVER 386 R25 1133
1378 ASSIGN 452 R25 42
1378 SIDESTEP R23
1379 SIDESTEP R7
1380 SIDESTEP R5
1381 SIDESTEP R6
1381 SIDESTEP R9
1381 PICK 446 R15
1382 DELIVER 520 R20 1054
1383 ASSIGN 453 R20 48
1384 PICK 438 R22
1385 SIDESTEP R5
1386 CHARGED R27
1386 ASSIGN 456 R27 40
1386 SIDESTEP R6
1386 DELIVER 354 R29 1163
1387 ASSIGN 461 R29 52
1387 DELIVER 367 R2 1155
1387 DELIVER 439 R18 1109
1388 ASSIGN 470 R2 38
1388 ASSIGN 471 R18 47
1388 PICK 379 R21
1388 SIDESTEP R26
1389 PICK 535 R19
1390 CANCEL 2037
1390 SIDESTEP R5
1390 SIDESTEP R11
1391 SIDESTEP R6
1392 PICK 391 R1
1392 DELIVER 422 R23 1125
1393 GO_CHARGE R23 6 1
1393 PICK 378 R12
1394 DELIVER 347 R4 1175
1395 ASSIGN 399 R4 15
1395 SIDESTEP R5
1395 SIDESTEP R11
1395 DELIVER 344 R13 1178
1395 SIDESTEP R22
1396 ASSIGN 396 R13 47
1396 SIDESTEP R6
1399 REPORT pending=1609 aged=1514 idle=0 to_pickup=17 delivering=12 to_charger=1 charging=0 dead=0 hot=15,19,6
1400 SIDESTEP R5
1400 SIDESTEP R11
1401 SIDESTEP R6
1401 PICK 539 R17
1402 DELIVER 383 R0 1160
1402 PICK 384 R28
1403 CANCEL 1957
1403 ASSIGN 401 R0 36
1403 PICK 620 R7
1403 PICK 389 R9
1405 SIDESTEP R5
1405 SIDESTEP R11
1406 SIDESTEP R6
1408 SIDESTEP R2
1409 CANCEL 2151
1409 PICK 399 R4
1409 PICK 395 R16
1409 CHARGE R23
1409 SIDESTEP R27
1410 CANCEL 1961
1410 SIDESTEP R5
1410 SIDESTEP R11
1411 SIDESTEP R6
1412 SIDESTEP R0
1412 SIDESTEP R26
1414 CANCEL 2174
1414 SIDESTEP R27
1415 SIDESTEP R5
1415 SIDESTEP R11
1415 DELIVER 379 R21 1175
1416 ASSIGN 402 R21 43
1416 SIDESTEP R6
1417 SIDESTEP R0
1417 SIDESTEP R18
1418 DELIVER 392 R26 1169
1419 ASSIGN 405 R26 28
1420 CANCEL 2144
1420 SIDESTEP R11
1422 CANCEL 2046
1422 SIDESTEP R0
1422 PICK 380 R10
1422 DELIVER 378 R12 1182
1423 ASSIGN 408 R12 53
1424 PICK 452 R25
1425 CHARGED R23
1425 ASSIGN 413 R23 64
1425 SIDESTEP R11
1426 PICK 388 R3
1427 SIDESTEP R0
1427 SIDESTEP R1
1429 PICK 536 R8
1429 DELIVER 535 R19 1090
1430 ASSIGN 414 R19 18
1430 PICK 470 R2
1430 SIDESTEP R11
1432 SIDESTEP R0
1432 SIDESTEP R1
1433 CANCEL 2272
1433 DELIVER 384 R28 1190
1434 CANCEL 2004
1434 ASSIGN 661 R28 38
1434 PICK 348 R6
1435 SIDESTEP R11
1435 DELIVER 539 R17 1093
1436 ASSIGN 420 R17 18
1436 DELIVER 429 R24 1164
1437 ASSIGN 423 R24 49
1437 SIDESTEP R0
1438 SIDESTEP R19
1438 PICK 456 R27
1439 CANCEL 2122
1439 DELIVER 391 R1 1191
1439 DELIVER 389 R9 1193
1440 ASSIGN 568 R1 23
1440 ASSIGN 424 R9 56
1440 SIDESTEP R11
1442 SIDESTEP R0
1442 PICK 396 R13
1442 DELIVER 395 R16 1192
1442 PICK 461 R29
1443 ASSIGN 425 R16 26
1443 SIDESTEP R19
1444 CANCEL 2258
1444 PICK 471 R18
1445 CANCEL 1994
1445 DELIVER 366 R5 1214
1445 SIDESTEP R11
1446 CANCEL 1988
1446 ASSIGN 480 R5 35
1446 PICK 405 R26
1447 CANCEL 1999
1447 SIDESTEP R0
1448 SIDESTEP R19
1448 SIDESTEP R21
1448 DELIVER 452 R25 1160
1449 ASSIGN 482 R25 24
1449 REPORT pending=1665 aged=1568 idle=0 to_pickup=14 delivering=16 to_charger=0 charging=0 dead=0 hot=4,17,5
1450 DELIVER 348 R6 1230
1450 SIDESTEP R11
1450 DELIVER 461 R29 1157
1451 ASSIGN 484 R6 8
1451 ASSIGN 486 R29 46
1451 SIDESTEP R17
1452 SIDESTEP R0
1453 SIDESTEP R19
1455 SIDESTEP R11
1457 SIDESTEP R1
1457 DELIVER 456 R27 1167
1458 CANCEL 2208
1458 ASSIGN 488 R27 44
1458 PICK 484 R6
1458 SIDESTEP R16
1458 SIDESTEP R19
1459 DELIVER 446 R15 1175
1460 GO_CHARGE R15 36 1
1460 DELIVER 438 R22 1182
1461 ASSIGN 501 R22 11
1462 CANCEL 2197
1462 SIDESTEP R0
1462 DELIVER 380 R10 1221
1462 SIDESTEP R12
1463 CANCEL 2271
1463 ASSIGN 502 R10 23
1463 PICK 420 R17
1463 SIDESTEP R19
1464 SIDESTEP R21
1466 PICK 568 R1
1466 DELIVER 388 R3 1221
1467 ASSIGN 507 R3 20
1467 DELIVER 399 R4 1215
1468 GO_CHARGE R4 26 1
1468 SIDESTEP R19
1469 CANCEL 2030
1469 SIDESTEP R21
1470 CANCEL 2204
1470 DELIVER 617 R14 1081
1470 SIDESTEP R15
1470 SIDESTEP R25
1471 ASSIGN 426 R14 47
1471 SIDESTEP R7
1471 DELIVER 405 R26 1215
1471 PICK 661 R28
1472 ASSIGN 427 R26 27
1472 DELIVER 492 R11 1161
1472 PICK 425 R16
1472 PICK 501 R22
1473 CANCEL 2133
1473 ASSIGN 428 R11 29
1473 SIDESTEP R19
1474 SIDESTEP R21
1475 SIDESTEP R25
1476 SIDESTEP R17
1478 CANCEL 2225
1478 SIDESTEP R19
1479 SIDESTEP R0
1479 SIDESTEP R21
1480 SIDESTEP R1
1480 PICK 480 R5
1480 SIDESTEP R7
1481 SIDESTEP R4
1481 SIDESTEP R17
1483 PICK 408 R12
1483 DELIVER 396 R13 1232
1483 SIDESTEP R19
1484 CANCEL 2162
1484 ASSIGN 431 R13 23
1484 SIDESTEP R2
1485 SIDESTEP R1
1486 PICK 507 R3
1486 SIDESTEP R4
1486 SIDESTEP R6
1486 SIDESTEP R17
1486 PICK 453 R20
1488 SIDESTEP R19
1489 DELIVER 408 R12 1230
1490 ASSIGN 432 R12 36
1490 SIDESTEP R1
1492 SIDESTEP R7
1492 DELIVER 536 R8 1152
1493 ASSIGN 433 R8 63
1494 PICK 502 R10
1494 PICK 482 R25
1495 PICK 424 R9
1496 SIDESTEP R14
1496 PICK 402 R21
1497 SIDESTEP R7
1498 SIDESTEP R4
1498 SIDESTEP R18
1499 DELIVER 470 R2 1201
1499 PICK 486 R29
1499 REPORT pending=1731 aged=1628 idle=1 to_pickup=11 delivering=16 to_charger=2 charging=0 dead=0 hot=35,15,4
SUMMARY delivered=406 lost=0 rejected=21 cancelled=219 open=1758
LATENCY sum=240912 max=1232 avg=593
ROBOT R0 19 8 501 TO_PICKUP 944 518
ROBOT R1 34 28 171 DELIVERING 1133 332
ROBOT R2 2 5 226 IDLE 1022 431
ROBOT R3 32 31 220 DELIVERING 1069 399
ROBOT R4 32 32 68 TO_CHARGER 1137 331
ROBOT R5 34 13 147 DELIVERING 1155 298
ROBOT R6 24 31 201 DELIVERING 1122 339
ROBOT R7 32 30 90 DELIVERING 1155 302
ROBOT R8 48 32 277 TO_PICKUP 975 491
ROBOT R9 29 3 256 DELIVERING 1089 369
ROBOT R10 26 20 421 DELIVERING 1004 459
ROBOT R11 24 26 181 TO_PICKUP 1107 359
ROBOT R12 12 20 276 TO_PICKUP 1084 375
ROBOT R13 17 17 363 TO_PICKUP 981 474
ROBOT R14 39 20 370 TO_PICKUP 1011 450
ROBOT R15 34 14 126 TO_CHARGER 1122 333
ROBOT R16 24 8 103 DELIVERING 1189 262
ROBOT R17 22 27 247 DELIVERING 1133 324
ROBOT R18 48 31 113 DELIVERING 1201 262
ROBOT R19 5 20 493 TO_PICKUP 943 510
ROBOT R20 35 18 259 DELIVERING 1063 396
ROBOT R21 31 3 281 DELIVERING 1027 430
ROBOT R22 21 34 230 DELIVERING 1066 390
ROBOT R23 38 20 603 TO_PICKUP 1148 309
ROBOT R24 37 20 317 TO_PICKUP 1045 416
ROBOT R25 18 17 146 DELIVERING 1020 356
ROBOT R26 5 26 397 TO_PICKUP 996 469
ROBOT R27 35 15 507 TO_PICKUP 1249 197
ROBOT R28 5 25 273 DELIVERING 1060 391
ROBOT R29 39 6 279 DELIVERING 1036 419
