5 ASSIGN 1 R11 6
6 ASSIGN 2 R6 3
8 PICK 2 R6
10 ASSIGN 3 R20 7
10 PICK 1 R11
14 CANCEL_FAIL 100003
15 ASSIGN 4 R0 5
16 ASSIGN 5 R17 4
16 PICK 3 R20
17 ASSIGN 6 R15 6
19 PICK 4 R0
19 PICK 5 R17
20 ASSIGN 7 R8 9
22 PICK 6 R15
24 ASSIGN 8 R10 12
25 ASSIGN 9 R21 7
26 ASSIGN 10 R23 10
28 PICK 7 R8
29 ASSIGN 11 R18 10
29 DELIVER 1 R11 24
31 ASSIGN 12 R1 13
32 PICK 9 R21
33 ASSIGN 13 R19 14
34 ASSIGN 14 R13 11
35 ASSIGN 15 R5 0
35 PICK 15 R5
35 PICK 8 R10
35 PICK 10 R23
38 PICK 11 R18
39 ASSIGN 16 R2 11
39 DELIVER 9 R21 14
41 DELIVER 3 R20 31
42 DELIVER 2 R6 36
43 PICK 12 R1
43 SIDESTEP R15
44 ASSIGN 17 R12 1
44 DELIVER 4 R0 29
44 PICK 17 R12
44 PICK 14 R13
46 PICK 13 R19
48 SIDESTEP R15
49 PICK 16 R2
49 REPORT pending=0 aged=0 idle=12 to_pickup=0 delivering=12 to_charger=0 charging=0 dead=0 hot=2,23,4
50 ASSIGN 18 R6 10
52 ASSIGN 19 R7 5
52 DELIVER 5 R17 36
53 ASSIGN 20 R9 6
53 SIDESTEP R15
56 ASSIGN 21 R16 5
56 SIDESTEP R6
56 PICK 19 R7
57 SIDESTEP R12
58 PICK 20 R9
58 DELIVER 10 R23 32
60 ASSIGN 22 R22 3
60 PICK 21 R16
62 DELIVER 15 R5 27
62 SIDESTEP R12
62 PICK 22 R22
63 ASSIGN 23 R4 16
64 ASSIGN 24 R20 15
65 PICK 18 R6
65 DELIVER 11 R18 36
66 SIDESTEP R8
70 SIDESTEP R16
71 CANCEL_FAIL 100024
72 SIDESTEP R8
73 ASSIGN 25 R17 16
74 SIDESTEP R13
75 ASSIGN 26 R21 13
75 SIDESTEP R16
76 ASSIGN 27 R14 36
76 DELIVER 7 R8 56
76 SIDESTEP R15
77 DELIVER 16 R2 38
78 DELIVER 20 R9 25
78 PICK 24 R20
79 ASSIGN 28 R9 8
80 ASSIGN 29 R8 23
80 DELIVER 18 R6 30
80 DELIVER 14 R13 46
80 SIDESTEP R16
81 SIDESTEP R15
81 DELIVER 13 R19 48
82 ASSIGN 30 R23 23
83 DELIVER 12 R1 52
83 DELIVER 8 R10 59
83 DELIVER 22 R22 23
85 ASSIGN 31 R19 4
85 SIDESTEP R16
86 SIDESTEP R15
87 PICK 28 R9
88 ASSIGN 32 R5 27
88 DELIVER 19 R7 36
88 PICK 25 R17
88 PICK 31 R19
88 PICK 26 R21
89 DELIVER 17 R12 45
89 SIDESTEP R14
90 SIDESTEP R16
91 PICK 23 R4
91 SIDESTEP R15
92 ASSIGN 33 R10 31
94 DELIVER 28 R9 15
94 SIDESTEP R14
95 ASSIGN 34 R7 24
95 SIDESTEP R16
96 ASSIGN 35 R22 10
99 REPORT pending=0 aged=0 idle=10 to_pickup=7 delivering=7 to_charger=0 charging=0 dead=0 hot=1,26,4
101 SIDESTEP R5
102 ASSIGN 36 R9 28
102 PICK 29 R8
104 PICK 30 R23
105 ASSIGN 37 R6 7
105 PICK 35 R22
107 DELIVER 31 R19 22
108 ASSIGN 38 R12 6
109 SIDESTEP R14
109 DELIVER 24 R20 45
110 DELIVER 25 R17 37
111 PICK 37 R6
112 DELIVER 26 R21 37
113 ASSIGN 39 R20 23
113 PICK 38 R12
115 ASSIGN 40 R21 4
117 ASSIGN 41 R3 6
118 PICK 34 R7
118 PICK 40 R21
120 ASSIGN 42 R0 8
121 PICK 32 R5
122 ASSIGN 43 R17 12
122 PICK 41 R3
122 DELIVER 37 R6 17
122 PICK 33 R10
123 SIDESTEP R12
123 DELIVER 6 R15 106
124 ASSIGN 44 R15 10
124 DELIVER 23 R4 61
125 DELIVER 21 R16 69
126 ASSIGN 45 R19 10
126 DELIVER 30 R23 44
127 PICK 42 R0
128 SIDESTEP R12
129 PICK 36 R9
129 PICK 27 R14
133 ASSIGN 46 R4 27
133 SIDESTEP R12
133 PICK 44 R15
133 PICK 43 R17
134 DELIVER 29 R8 54
135 ASSIGN 47 R8 27
135 PICK 39 R20
137 SIDESTEP R21
138 ASSIGN 48 R23 19
138 DELIVER 41 R3 21
138 SIDESTEP R12
142 SIDESTEP R21
143 SIDESTEP R12
143 PICK 45 R19
144 DELIVER 34 R7 49
147 SIDESTEP R21
148 SIDESTEP R12
149 REPORT pending=0 aged=0 idle=9 to_pickup=3 delivering=12 to_charger=0 charging=0 dead=0 hot=3,14,4
150 ASSIGN 49 R16 11
151 ASSIGN 50 R18 6
152 SIDESTEP R21
153 SIDESTEP R12
156 CANCEL_FAIL 100051
156 ASSIGN 51 R11 17
156 PICK 50 R18
156 PICK 48 R23
157 DELIVER 33 R10 65
158 SIDESTEP R12
159 ASSIGN 52 R10 28
159 PICK 46 R4
160 PICK 49 R16
161 PICK 47 R8
162 DELIVER 27 R14 86
163 REJECT 53
163 SIDESTEP R12
163 SIDESTEP R20
164 DELIVER 50 R18 13
166 DELIVER 32 R5 78
167 ASSIGN 54 R7 24
168 ASSIGN 55 R18 7
168 SIDESTEP R12
168 SIDESTEP R20
169 DELIVER 46 R4 36
170 DELIVER 36 R9 68
171 ASSIGN 56 R1 11
172 PICK 51 R11
172 SIDESTEP R19
173 SIDESTEP R12
174 ASSIGN 57 R9 6
174 PICK 55 R18
176 ASSIGN 58 R3 16
176 DELIVER 43 R17 54
177 ASSIGN 59 R6 17
177 DELIVER 44 R15 53
177 SIDESTEP R19
178 SIDESTEP R12
178 DELIVER 40 R21 63
180 ASSIGN 60 R21 10
180 SIDESTEP R18
181 ASSIGN 61 R14 33
181 PICK 56 R1
181 DELIVER 45 R19 55
182 SIDESTEP R8
182 DELIVER 35 R22 86
183 SIDESTEP R12
184 ASSIGN 62 R22 21
184 SIDESTEP R10
185 SIDESTEP R18
187 SIDESTEP R8
187 PICK 57 R9
188 SIDESTEP R12
189 PICK 60 R21
190 CANCEL_FAIL 19
191 ASSIGN 63 R15 16
191 DELIVER 39 R20 78
192 SIDESTEP R8
192 PICK 52 R10
193 ASSIGN 64 R20 7
193 PICK 59 R6
193 SIDESTEP R9
193 SIDESTEP R12
194 SIDESTEP R0
196 DELIVER 48 R23 58
197 SIDESTEP R8
198 SIDESTEP R7
198 SIDESTEP R12
199 ASSIGN 65 R5 16
199 SIDESTEP R3
199 DELIVER 49 R16 49
199 PICK 64 R20
199 REPORT pending=0 aged=0 idle=7 to_pickup=6 delivering=11 to_charger=0 charging=0 dead=0 hot=5,6,5
201 ASSIGN 66 R2 17
202 ASSIGN 67 R16 20
203 SIDESTEP R12
204 SIDESTEP R3
205 ASSIGN 68 R23 25
205 PICK 62 R22
206 ASSIGN 69 R13 20
206 PICK 63 R15
207 ASSIGN 70 R19 31
207 DELIVER 55 R18 39
208 DELIVER 42 R0 88
209 ASSIGN 71 R17 16
209 SIDESTEP R20
210 ASSIGN 72 R4 17
211 ASSIGN 73 R0 26
211 SIDESTEP R3
212 ASSIGN 74 R18 47
212 SIDESTEP R19
214 PICK 65 R5
214 DELIVER 60 R21 34
215 ASSIGN 75 R21 47
216 PICK 54 R7
217 SIDESTEP R1
217 PICK 61 R14
218 PICK 66 R2
218 SIDESTEP R11
218 SIDESTEP R20
218 DELIVER 62 R22 34
219 ASSIGN 76 R22 30
219 DELIVER 56 R1 48
219 DELIVER 57 R9 45
219 SIDESTEP R10
220 ASSIGN 77 R9 16
220 ASSIGN 78 R1 36
220 DELIVER 59 R6 43
221 PICK 67 R16
223 SIDESTEP R20
224 SIDESTEP R10
224 PICK 71 R17
225 SIDESTEP R11
225 PICK 69 R13
228 SIDESTEP R20
229 SIDESTEP R15
229 PICK 68 R23
230 PICK 58 R3
230 SIDESTEP R9
230 SIDESTEP R11
231 SIDESTEP R10
232 ASSIGN 79 R6 32
232 DELIVER 47 R8 97
234 ASSIGN 80 R8 23
235 DELIVER 65 R5 36
236 ASSIGN 81 R5 39
236 PICK 73 R0
236 DELIVER 66 R2 35
236 SIDESTEP R10
236 DELIVER 38 R12 128
238 PICK 72 R4
238 DELIVER 69 R13 32
238 DELIVER 71 R17 29
239 DELIVER 63 R15 48
240 CANCEL_FAIL 52
240 DELIVER 51 R11 84
241 ASSIGN 82 R2 9
241 SIDESTEP R18
243 SIDESTEP R3
243 PICK 77 R9
244 SIDESTEP R16
246 ASSIGN 83 R15 8
247 ASSIGN 84 R13 29
248 SIDESTEP R3
249 ASSIGN 85 R11 31
249 PICK 82 R2
249 SIDESTEP R16
249 REPORT pending=0 aged=0 idle=2 to_pickup=11 delivering=11 to_charger=0 charging=0 dead=0 hot=8,18,4
251 SIDESTEP R9
253 SIDESTEP R3
253 SIDESTEP R11
253 PICK 83 R15
253 DELIVER 64 R20 60
254 CANCEL_FAIL 23
254 SIDESTEP R16
255 PICK 78 R1
255 DELIVER 82 R2 14
256 ASSIGN 86 R20 37
256 SIDESTEP R6
256 SIDESTEP R9
258 SIDESTEP R3
259 SIDESTEP R16
259 PICK 70 R19
260 ASSIGN 87 R2 33
260 DELIVER 61 R14 79
261 ASSIGN 88 R14 24
261 SIDESTEP R9
261 PICK 75 R21
261 DELIVER 68 R23 56
262 DELIVER 73 R0 51
262 DELIVER 52 R10 103
263 SIDESTEP R3
266 SIDESTEP R9
267 DELIVER 54 R7 100
268 PICK 76 R22
269 ASSIGN 89 R7 24
269 PICK 79 R6
269 SIDESTEP R13
269 DELIVER 67 R16 67
270 ASSIGN 90 R16 25
270 SIDESTEP R2
270 DELIVER 72 R4 60
271 ASSIGN 91 R17 7
273 SIDESTEP R22
274 SIDESTEP R15
275 SIDESTEP R5
276 ASSIGN 92 R10 29
277 PICK 91 R17
278 ASSIGN 93 R12 10
278 SIDESTEP R22
279 ASSIGN 94 R4 17
279 PICK 84 R13
279 SIDESTEP R15
280 SIDESTEP R5
280 PICK 80 R8
283 ASSIGN 95 R23 9
283 SIDESTEP R22
284 ASSIGN 96 R0 41
284 PICK 88 R14
284 PICK 74 R18
286 DELIVER 77 R9 70
286 PICK 85 R11
286 SIDESTEP R17
287 ASSIGN 97 R9 20
287 SIDESTEP R1
287 PICK 93 R12
289 SIDESTEP R5
289 SIDESTEP R15
290 DELIVER 75 R21 77
291 PICK 95 R23
292 SIDESTEP R1
292 PICK 86 R20
294 SIDESTEP R7
294 SIDESTEP R14
294 PICK 90 R16
295 ASSIGN 98 R21 21
296 PICK 87 R2
296 DELIVER 91 R17 25
297 SIDESTEP R1
297 SIDESTEP R4
297 DELIVER 80 R8 63
298 ASSIGN 99 R8 26
299 SIDESTEP R7
299 SIDESTEP R14
299 REPORT pending=0 aged=0 idle=1 to_pickup=8 delivering=15 to_charger=0 charging=0 dead=0 hot=13,11,4
300 ASSIGN 100 R17 29
301 SIDESTEP R23
302 SIDESTEP R8
303 DELIVER 70 R19 96
304 ASSIGN 101 R19 25
305 PICK 89 R7
306 DELIVER 78 R1 86
306 DELIVER 58 R3 130
306 SIDESTEP R6
306 PICK 97 R9
306 SIDESTEP R23
308 ASSIGN 102 R1 39
308 PICK 94 R4
308 PICK 92 R10
309 DELIVER 93 R12 31
311 SIDESTEP R6
311 SIDESTEP R21
313 ASSIGN 103 R12 4
316 SIDESTEP R6
316 SIDESTEP R11
316 PICK 103 R12
317 ASSIGN 104 R3 42
318 SIDESTEP R21
320 SIDESTEP R5
320 DELIVER 84 R13 73
321 ASSIGN 105 R13 23
321 SIDESTEP R11
322 SIDESTEP R6
322 SIDESTEP R8
322 DELIVER 83 R15 76
323 ASSIGN 106 R15 26
324 PICK 96 R0
326 SIDESTEP R3
326 PICK 81 R5
326 SIDESTEP R11
327 SIDESTEP R6
327 SIDESTEP R8
327 SIDESTEP R19
328 DELIVER 74 R18 116
329 ASSIGN 110 R18 27
329 DELIVER 88 R14 68
329 DELIVER 90 R16 59
329 DELIVER 76 R22 115
330 ASSIGN 107 R16 20
330 ASSIGN 108 R14 19
330 ASSIGN 109 R22 20
331 SIDESTEP R11
332 SIDESTEP R6
332 SIDESTEP R8
333 SIDESTEP R5
334 DELIVER 87 R2 74
335 ASSIGN 112 R2 28
335 DELIVER 86 R20 79
335 DELIVER 95 R23 52
336 ASSIGN 111 R20 15
336 ASSIGN 113 R23 27
336 SIDESTEP R11
337 SIDESTEP R8
337 PICK 100 R17
338 SIDESTEP R14
339 SIDESTEP R0
339 DELIVER 92 R10 63
339 SIDESTEP R12
340 ASSIGN 114 R10 29
343 PICK 105 R13
344 DELIVER 97 R9 59
344 SIDESTEP R12
345 ASSIGN 115 R9 24
345 PICK 98 R21
346 SIDESTEP R23
349 DELIVER 89 R7 80
349 SIDESTEP R12
349 PICK 101 R19
349 PICK 109 R22
349 REPORT pending=4 aged=0 idle=1 to_pickup=12 delivering=11 to_charger=0 charging=0 dead=0 hot=21,24,5
350 ASSIGN 117 R7 28
350 PICK 102 R1
350 PICK 107 R16
350 PICK 111 R20
351 DELIVER 94 R4 72
352 ASSIGN 118 R4 44
352 PICK 108 R14
354 SIDESTEP R0
354 DELIVER 79 R6 122
354 PICK 99 R8
354 SIDESTEP R12
355 ASSIGN 116 R6 12
356 CANCEL_FAIL 74
356 PICK 110 R18
359 SIDESTEP R0
359 SIDESTEP R12
359 DELIVER 107 R16 35
359 SIDESTEP R23
360 ASSIGN 119 R16 35
360 DELIVER 108 R14 35
360 SIDESTEP R17
360 DELIVER 101 R19 57
361 ASSIGN 120 R19 21
361 ASSIGN 121 R14 40
361 DELIVER 81 R5 125
362 ASSIGN 122 R5 38
362 PICK 112 R2
364 SIDESTEP R12
364 SIDESTEP R23
365 SIDESTEP R1
365 SIDESTEP R17
365 SIDESTEP R21
368 PICK 114 R10
368 SIDESTEP R20
369 SIDESTEP R12
370 PICK 116 R6
370 DELIVER 85 R11 121
370 SIDESTEP R17
370 SIDESTEP R21
371 ASSIGN 125 R11 36
371 SIDESTEP R0
371 SIDESTEP R1
371 SIDESTEP R4
371 SIDESTEP R23
372 PICK 106 R15
376 SIDESTEP R23
378 CANCEL_FAIL 84
378 SIDESTEP R4
378 SIDESTEP R9
379 CANCEL_FAIL 100128
379 DELIVER 116 R6 36
379 SIDESTEP R7
379 SIDESTEP R13
380 ASSIGN 127 R6 12
381 PICK 120 R19
381 SIDESTEP R23
383 PICK 104 R3
383 SIDESTEP R4
383 SIDESTEP R9
383 DELIVER 103 R12 70
384 ASSIGN 123 R12 25
384 DELIVER 96 R0 100
384 SIDESTEP R7
384 DELIVER 114 R10 45
384 SIDESTEP R13
384 SIDESTEP R14
385 ASSIGN 124 R0 29
385 GO_CHARGE R10 6 1
385 DELIVER 98 R21 90
386 ASSIGN 126 R21 25
388 SIDESTEP R4
389 DELIVER 102 R1 81
389 SIDESTEP R5
389 SIDESTEP R13
389 SIDESTEP R14
389 DELIVER 100 R17 89
389 SIDESTEP R19
390 ASSIGN 128 R1 7
390 ASSIGN 129 R17 38
391 PICK 127 R6
391 PICK 115 R9
392 DELIVER 106 R15 72
393 CANCEL_FAIL 100131
393 GO_CHARGE R15 13 1
393 SIDESTEP R4
393 DELIVER 99 R8 95
393 DELIVER 109 R22 67
394 ASSIGN 130 R22 25
394 GO_CHARGE R8 27 1
394 DELIVER 112 R2 62
394 SIDESTEP R13
395 ASSIGN 131 R2 27
395 SIDESTEP R7
395 SIDESTEP R19
396 PICK 128 R1
396 SIDESTEP R5
396 CHARGE R10
398 SIDESTEP R4
399 SIDESTEP R13
399 REPORT pending=3 aged=0 idle=0 to_pickup=13 delivering=8 to_charger=2 charging=1 dead=0 hot=13,17,7
400 CANCEL 121
400 ASSIGN 135 R14 16
400 DELIVER 110 R18 73
400 SIDESTEP R19
400 SIDESTEP R22
401 ASSIGN 136 R18 36
401 SIDESTEP R1
401 SIDESTEP R5
401 SIDESTEP R9
404 SIDESTEP R13
405 SIDESTEP R19
405 SIDESTEP R22
406 SIDESTEP R1
406 PICK 125 R11
406 SIDESTEP R14
407 DELIVER 127 R6 36
408 ASSIGN 138 R6 36
408 PICK 123 R12
409 SIDESTEP R13
410 DELIVER 111 R20 80
410 PICK 126 R21
410 SIDESTEP R22
411 CHARGED R10
411 ASSIGN 137 R10 19
411 GO_CHARGE R20 20 1
411 SIDESTEP R1
411 SIDESTEP R9
412 SIDESTEP R7
412 SIDESTEP R17
413 SIDESTEP R0
413 SIDESTEP R12
413 SIDESTEP R23
414 SIDESTEP R13
415 SIDESTEP R22
416 SIDESTEP R1
417 SIDESTEP R19
418 SIDESTEP R0
418 PICK 117 R7
418 CHARGE R15
418 SIDESTEP R18
418 SIDESTEP R23
419 SIDESTEP R13
420 SIDESTEP R22
421 SIDESTEP R1
421 PICK 131 R2
422 PICK 135 R14
423 SIDESTEP R0
423 SIDESTEP R9
424 SIDESTEP R13
425 PICK 122 R5
425 DELIVER 125 R11 59
426 ASSIGN 139 R11 46
427 SIDESTEP R7
428 SIDESTEP R0
428 SIDESTEP R9
429 PICK 137 R10
429 SIDESTEP R13
432 SIDESTEP R7
432 DELIVER 120 R19 80
433 CHARGED R15
433 ASSIGN 140 R15 29
433 ASSIGN 132 R19 6
433 SIDESTEP R9
434 SIDESTEP R3
434 SIDESTEP R13
434 SIDESTEP R17
435 PICK 118 R4
438 SIDESTEP R1
438 PICK 132 R19
439 SIDESTEP R12
439 SIDESTEP R13
439 SIDESTEP R14
439 SIDESTEP R22
441 SIDESTEP R3
441 SIDESTEP R9
443 DELIVER 131 R2 50
443 PICK 138 R6
444 ASSIGN 151 R2 34
444 SIDESTEP R11
444 SIDESTEP R12
444 SIDESTEP R13
444 SIDESTEP R14
444 SIDESTEP R22
445 SIDESTEP R7
446 SIDESTEP R10
448 SIDESTEP R3
449 SIDESTEP R12
449 SIDESTEP R13
449 SIDESTEP R14
449 SIDESTEP R22
449 REPORT pending=13 aged=0 idle=0 to_pickup=9 delivering=13 to_charger=2 charging=0 dead=0 hot=13,11,9
450 SIDESTEP R4
450 PICK 119 R16
451 SIDESTEP R0
452 SIDESTEP R11
452 PICK 129 R17
453 SIDESTEP R5
453 DELIVER 126 R21 86
454 GO_CHARGE R21 6 1
454 SIDESTEP R12
454 SIDESTEP R13
454 SIDESTEP R22
455 SIDESTEP R4
455 SIDESTEP R10
456 SIDESTEP R0
457 DELIVER 132 R19 62
458 GO_CHARGE R19 13 1
459 SIDESTEP R13
459 PICK 136 R18
460 SIDESTEP R10
460 SIDESTEP R11
461 SIDESTEP R3
461 SIDESTEP R4
461 PICK 140 R15
464 SIDESTEP R13
465 DELIVER 117 R7 118
466 GO_CHARGE R7 6 1
466 DELIVER 138 R6 58
466 SIDESTEP R10
466 SIDESTEP R11
467 GO_CHARGE R6 27 1
467 SIDESTEP R0
467 CHARGE R21
468 DELIVER 122 R5 111
469 GO_CHARGE R5 6 1
469 SIDESTEP R13
471 SIDESTEP R10
471 SIDESTEP R17
471 PICK 113 R23
472 DELIVER 115 R9 131
472 SIDESTEP R11
473 GO_CHARGE R9 13 1
473 DELIVER 135 R14 73
474 GO_CHARGE R14 6 1
474 SIDESTEP R13
475 DELIVER 104 R3 158
475 PICK 130 R22
476 ASSIGN 150 R3 17
478 SIDESTEP R2
478 SIDESTEP R18
479 SIDESTEP R13
481 CANCEL_FAIL 131
482 PICK 124 R0
482 SIDESTEP R9
483 SIDESTEP R2
483 SIDESTEP R18
484 CHARGED R21
484 ASSIGN 152 R21 39
485 SIDESTEP R1
485 SIDESTEP R5
486 CHARGE R7
487 SIDESTEP R9
488 SIDESTEP R18
490 SIDESTEP R1
490 CHARGE R8
490 DELIVER 119 R16 141
491 GO_CHARGE R16 13 1
491 PICK 151 R2
492 PICK 150 R3
492 SIDESTEP R9
493 SIDESTEP R18
493 SIDESTEP R19
495 SIDESTEP R1
495 CHARGE R20
497 SIDESTEP R9
497 DELIVER 113 R23 162
498 GO_CHARGE R23 6 1
498 SIDESTEP R10
499 SIDESTEP R14
499 SIDESTEP R19
499 REPORT pending=26 aged=5 idle=0 to_pickup=2 delivering=12 to_charger=7 charging=3 dead=0 hot=3,1,4
500 SIDESTEP R1
502 CHARGED R7
502 ASSIGN 166 R7 23
502 SIDESTEP R9
503 DELIVER 124 R0 139
503 CHARGE R5
503 SIDESTEP R10
503 DELIVER 129 R17 119
504 ASSIGN 161 R0 26
504 GO_CHARGE R17 6 1
505 SIDESTEP R1
505 PICK 139 R11
506 CHARGED R8
506 ASSIGN 133 R8 11
507 SIDESTEP R9
507 DELIVER 140 R15 96
507 DELIVER 130 R22 119
508 ASSIGN 134 R15 23
508 GO_CHARGE R22 27 1
508 SIDESTEP R10
508 SIDESTEP R19
509 DELIVER 123 R12 148
510 GO_CHARGE R12 13 1
510 SIDESTEP R1
510 SIDESTEP R8
511 CHARGE R6
512 CHARGED R20
512 ASSIGN 141 R20 20
512 DELIVER 105 R13 194
513 ASSIGN 142 R13 4
513 SIDESTEP R19
515 SIDESTEP R1
515 DELIVER 118 R4 167
516 GO_CHARGE R4 20 1
516 PICK 142 R13
516 SIDESTEP R22
518 CHARGED R5
518 ASSIGN 143 R5 40
518 DELIVER 137 R10 113
518 CHARGE R14
518 SIDESTEP R19
519 ASSIGN 144 R10 43
519 DELIVER 151 R2 80
520 GO_CHARGE R2 27 1
520 SIDESTEP R1
520 PICK 133 R8
521 SIDESTEP R13
522 SIDESTEP R20
523 SIDESTEP R3
525 SIDESTEP R1
525 DELIVER 136 R18 124
526 GO_CHARGE R18 6 1
529 CHARGED R6
529 ASSIGN 181 R6 16
530 SIDESTEP R1
530 PICK 134 R15
531 PICK 161 R0
532 CHARGE R19
534 CHARGED R14
534 ASSIGN 145 R14 31
534 CHARGE R23
535 SIDESTEP R1
535 DELIVER 150 R3 97
535 DELIVER 142 R13 121
535 PICK 141 R20
536 ASSIGN 186 R3 27
536 GO_CHARGE R13 13 1
539 SIDESTEP R5
540 SIDESTEP R1
542 SIDESTEP R9
543 CANCEL_FAIL 100188
543 SIDESTEP R0
544 CANCEL_FAIL 100188
544 SIDESTEP R5
544 PICK 181 R6
544 SIDESTEP R14
544 SIDESTEP R18
545 SIDESTEP R1
547 SIDESTEP R12
548 CHARGED R19
548 ASSIGN 155 R19 12
548 SIDESTEP R0
549 SIDESTEP R5
549 REPORT pending=36 aged=10 idle=0 to_pickup=7 delivering=7 to_charger=9 charging=1 dead=0 hot=15,1,5
550 CHARGED R23
550 ASSIGN 156 R23 54
550 SIDESTEP R1
550 SIDESTEP R18
551 CHARGE R17
551 CHARGE R22
552 SIDESTEP R12
552 SIDESTEP R19
553 DELIVER 139 R11 144
553 CHARGE R16
554 GO_CHARGE R11 6 1
555 SIDESTEP R1
555 DEAD R9
557 SIDESTEP R15
559 SIDESTEP R0
560 SIDESTEP R1
560 SIDESTEP R8
560 SIDESTEP R23
561 PICK 144 R10
564 SIDESTEP R0
564 SIDESTEP R4
565 SIDESTEP R8
565 SIDESTEP R15
567 CHARGED R22
567 ASSIGN 159 R22 23
567 SIDESTEP R11
568 CHARGED R17
568 ASSIGN 160 R17 31
568 CHARGE R18
569 CHARGED R16
569 ASSIGN 164 R16 21
569 SIDESTEP R0
569 SIDESTEP R6
569 PICK 166 R7
570 SIDESTEP R4
570 SIDESTEP R8
570 SIDESTEP R15
571 SIDESTEP R22
572 CHARGE R2
573 PICK 145 R14
574 SIDESTEP R1
574 SIDESTEP R6
575 SIDESTEP R8
575 PICK 155 R19
576 SIDESTEP R3
576 DELIVER 141 R20 163
577 ASSIGN 199 R20 30
577 SIDESTEP R4
579 SIDESTEP R1
579 SIDESTEP R12
579 SIDESTEP R14
581 SIDESTEP R0
581 SIDESTEP R3
583 SIDESTEP R4
583 PICK 143 R5
583 DELIVER 134 R15 185
583 PICK 152 R21
584 CHARGED R18
584 ASSIGN 168 R18 37
584 ASSIGN 169 R15 24
584 SIDESTEP R1
584 SIDESTEP R12
585 CHARGE R11
586 SIDESTEP R0
586 SIDESTEP R20
589 CHARGED R2
589 ASSIGN 146 R2 32
589 SIDESTEP R1
589 SIDESTEP R12
591 SIDESTEP R0
593 DELIVER 133 R8 197
593 PICK 159 R22
594 ASSIGN 171 R8 14
594 SIDESTEP R1
595 DELIVER 181 R6 71
596 ASSIGN 147 R6 25
597 SIDESTEP R0
597 PICK 186 R3
597 SIDESTEP R13
599 CANCEL_FAIL 135
599 SIDESTEP R1
599 CHARGE R4
599 SIDESTEP R16
599 REPORT pending=45 aged=20 idle=0 to_pickup=9 delivering=10 to_charger=2 charging=2 dead=1 hot=14,11,5
601 CHARGE R12
602 CHARGED R11
602 ASSIGN 148 R11 18
604 SIDESTEP R1
605 SIDESTEP R3
605 SIDESTEP R16
605 SIDESTEP R17
607 PICK 171 R8
608 DELIVER 144 R10 188
609 ASSIGN 149 R10 31
610 SIDESTEP R1
610 SIDESTEP R5
610 SIDESTEP R17
611 PICK 169 R15
611 PICK 199 R20
611 DELIVER 152 R21 163
612 ASSIGN 153 R21 32
612 SIDESTEP R11
613 SIDESTEP R18
615 DELIVER 166 R7 127
616 CHARGED R4
616 ASSIGN 154 R4 14
616 ASSIGN 177 R7 37
616 SIDESTEP R1
617 CHARGED R12
617 ASSIGN 179 R12 16
617 SIDESTEP R17
618 SIDESTEP R5
619 PICK 164 R16
620 PICK 147 R6
621 SIDESTEP R12
621 CHARGE R13
621 SIDESTEP R22
623 DELIVER 145 R14 201
624 ASSIGN 157 R14 48
624 PICK 146 R2
624 SIDESTEP R17
624 PICK 168 R18
624 SIDESTEP R20
625 SIDESTEP R3
626 SIDESTEP R22
627 PICK 156 R23
629 SIDESTEP R1
629 PICK 154 R4
629 SIDESTEP R17
630 DELIVER 161 R0 154
631 GO_CHARGE R0 6 1
631 SIDESTEP R8
631 SIDESTEP R22
633 DELIVER 155 R19 174
634 ASSIGN 158 R19 17
634 DELIVER 186 R3 98
634 SIDESTEP R17
635 GO_CHARGE R3 20 1
635 SIDESTEP R1
635 SIDESTEP R21
636 SIDESTEP R8
636 SIDESTEP R20
636 SIDESTEP R22
637 CHARGED R13
637 ASSIGN 162 R13 11
637 DELIVER 147 R6 202
637 DELIVER 168 R18 136
638 ASSIGN 163 R18 12
638 ASSIGN 189 R6 8
639 SIDESTEP R17
640 PICK 149 R10
640 PICK 179 R12
641 SIDESTEP R1
641 DELIVER 154 R4 188
641 SIDESTEP R20
641 SIDESTEP R22
642 ASSIGN 226 R4 28
644 CANCEL 172
644 DEAD R1
644 LOST 128
645 PICK 189 R6
645 SIDESTEP R10
646 SIDESTEP R20
646 SIDESTEP R22
647 PICK 148 R11
648 SIDESTEP R12
648 SIDESTEP R21
649 SIDESTEP R3
649 REPORT pending=50 aged=22 idle=0 to_pickup=8 delivering=12 to_charger=2 charging=0 dead=2 hot=20,18,4
650 SIDESTEP R10
651 SIDESTEP R8
651 PICK 162 R13
651 PICK 163 R18
651 SIDESTEP R20
652 SIDESTEP R2
652 DELIVER 169 R15 150
652 PICK 158 R19
653 ASSIGN 227 R15 39
653 SIDESTEP R6
653 SIDESTEP R21
654 CHARGE R0
654 SIDESTEP R4
655 RESCUE R9
655 ASSIGN 165 R9 34
656 SIDESTEP R14
657 DELIVER 171 R8 152
658 ASSIGN 167 R8 27
658 DELIVER 143 R5 242
658 SIDESTEP R21
659 ASSIGN 197 R5 31
659 SIDESTEP R13
660 PICK 177 R7
662 SIDESTEP R20
663 SIDESTEP R21
664 DELIVER 146 R2 235
664 SIDESTEP R3
664 SIDESTEP R13
664 DELIVER 164 R16 185
665 ASSIGN 170 R16 36
665 ASSIGN 198 R2 28
665 SIDESTEP R9
665 SIDESTEP R12
666 DELIVER 159 R22 200
667 ASSIGN 232 R22 26
667 PICK 160 R17
669 DELIVER 189 R6 123
669 SIDESTEP R15
670 CANCEL_FAIL 100232
670 ASSIGN 173 R6 23
672 CHARGED R0
672 ASSIGN 174 R0 20
674 SIDESTEP R4
674 SIDESTEP R19
677 PICK 157 R14
678 SIDESTEP R15
678 DELIVER 156 R23 218
679 ASSIGN 235 R23 24
679 SIDESTEP R4
679 SIDESTEP R10
679 SIDESTEP R11
679 SIDESTEP R19
681 DELIVER 177 R7 168
682 ASSIGN 175 R7 26
684 SIDESTEP R4
684 PICK 167 R8
684 SIDESTEP R10
684 SIDESTEP R11
684 PICK 153 R21
685 DELIVER 163 R18 207
686 CANCEL_FAIL 167
686 ASSIGN 176 R18 33
686 DELIVER 162 R13 209
687 ASSIGN 178 R13 51
688 DELIVER 179 R12 171
688 SIDESTEP R22
689 ASSIGN 180 R12 25
689 SIDESTEP R11
689 SIDESTEP R15
689 SIDESTEP R20
691 PICK 174 R0
691 SIDESTEP R5
692 PICK 198 R2
693 PICK 173 R6
693 DELIVER 160 R17 222
694 ASSIGN 182 R17 22
694 SIDESTEP R4
694 SIDESTEP R8
695 SIDESTEP R3
695 SIDESTEP R19
696 SIDESTEP R5
699 CANCEL 185
699 SIDESTEP R8
699 REPORT pending=49 aged=26 idle=0 to_pickup=12 delivering=10 to_charger=1 charging=0 dead=1 hot=13,11,6
700 PICK 170 R16
700 SIDESTEP R19
701 SIDESTEP R5
701 DELIVER 153 R21 249
702 ASSIGN 183 R21 29
702 SIDESTEP R23
703 PICK 232 R22
704 PICK 165 R9
706 SIDESTEP R15
706 DELIVER 199 R20 130
707 ASSIGN 245 R20 23
707 SIDESTEP R3
707 SIDESTEP R4
707 SIDESTEP R10
708 SIDESTEP R0
710 PICK 197 R5
710 SIDESTEP R7
710 PICK 235 R23
712 CANCEL_FAIL 100247
712 SIDESTEP R3
712 SIDESTEP R10
713 SIDESTEP R0
713 PICK 180 R12
714 SIDESTEP R4
715 PICK 175 R7
715 PICK 182 R17
717 DELIVER 165 R9 233
718 ASSIGN 248 R9 40
718 SIDESTEP R18
719 SIDESTEP R0
719 SIDESTEP R4
720 DELIVER 170 R16 217
721 ASSIGN 184 R16 26
723 CANCEL 202
723 SIDESTEP R17
724 SIDESTEP R4
724 SIDESTEP R13
724 SIDESTEP R19
725 CANCEL 191
725 DELIVER 148 R11 289
726 ASSIGN 187 R11 42
726 CHARGE R3
726 PICK 227 R15
727 DELIVER 180 R12 209
728 ASSIGN 188 R12 26
729 PICK 176 R18
729 SIDESTEP R19
730 SIDESTEP R10
732 SIDESTEP R9
733 DELIVER 157 R14 271
733 SIDESTEP R22
734 ASSIGN 228 R14 15
734 PICK 226 R4
734 SIDESTEP R19
735 SIDESTEP R10
736 DELIVER 198 R2 161
737 ASSIGN 190 R2 13
738 DELIVER 167 R8 249
738 SIDESTEP R22
739 ASSIGN 201 R8 55
739 SIDESTEP R19
740 DELIVER 175 R7 229
740 SIDESTEP R10
741 ASSIGN 192 R7 34
742 DELIVER 235 R23 67
743 CHARGED R3
743 ASSIGN 193 R3 14
743 ASSIGN 194 R23 12
743 SIDESTEP R22
744 RESCUE R1
744 ASSIGN 195 R1 17
744 SIDESTEP R0
744 SIDESTEP R5
744 SIDESTEP R19
745 DELIVER 173 R6 238
745 SIDESTEP R10
745 PICK 245 R20
746 ASSIGN 204 R6 43
748 PICK 228 R14
748 SIDESTEP R22
749 PICK 190 R2
749 SIDESTEP R5
749 PICK 178 R13
749 SIDESTEP R19
749 REPORT pending=55 aged=27 idle=0 to_pickup=11 delivering=13 to_charger=0 charging=0 dead=0 hot=10,11,5
750 DELIVER 226 R4 109
751 ASSIGN 205 R4 16
753 SIDESTEP R22
754 SIDESTEP R5
754 SIDESTEP R8
754 PICK 188 R12
754 SIDESTEP R19
754 PICK 194 R23
755 DELIVER 190 R2 200
756 ASSIGN 196 R2 23
757 DELIVER 174 R0 248
757 SIDESTEP R14
758 ASSIGN 200 R0 40
758 SIDESTEP R20
758 SIDESTEP R22
759 SIDESTEP R5
759 SIDESTEP R10
759 SIDESTEP R19
760 PICK 193 R3
760 SIDESTEP R11
762 SIDESTEP R14
762 PICK 183 R21
764 SIDESTEP R5
765 DELIVER 176 R18 253
766 ASSIGN 209 R18 38
766 PICK 205 R4
766 SIDESTEP R20
767 SIDESTEP R1
767 SIDESTEP R14
767 SIDESTEP R21
768 SIDESTEP R3
769 SIDESTEP R5
770 PICK 184 R16
770 DELIVER 182 R17 244
770 SIDESTEP R23
771 ASSIGN 210 R17 29
771 DELIVER 188 R12 229
771 DELIVER 178 R13 257
772 ASSIGN 203 R13 6
772 ASSIGN 206 R12 24
772 PICK 195 R1
772 SIDESTEP R14
772 SIDESTEP R21
774 DELIVER 158 R19 309
775 ASSIGN 207 R19 38
775 DELIVER 149 R10 338
775 SIDESTEP R23
776 GO_CHARGE R10 6 1
776 DELIVER 227 R15 126
776 SIDESTEP R18
777 GO_CHARGE R15 6 1
777 PICK 203 R13
777 SIDESTEP R14
777 SIDESTEP R21
777 DELIVER 232 R22 111
778 ASSIGN 208 R22 29
778 SIDESTEP R3
778 SIDESTEP R9
779 DELIVER 205 R4 189
780 ASSIGN 215 R4 35
780 DELIVER 197 R5 209
780 SIDESTEP R23
781 ASSIGN 211 R5 39
782 PICK 196 R2
782 SIDESTEP R21
783 SIDESTEP R9
783 DELIVER 184 R16 251
784 ASSIGN 212 R16 44
784 SIDESTEP R3
787 SIDESTEP R21
788 PICK 204 R6
789 CHARGE R10
789 SIDESTEP R14
789 DELIVER 245 R20 84
790 ASSIGN 246 R20 23
790 SIDESTEP R9
792 SIDESTEP R21
794 SIDESTEP R1
794 DELIVER 194 R23 231
795 ASSIGN 223 R23 35
795 SIDESTEP R18
796 SIDESTEP R14
797 PICK 206 R12
797 SIDESTEP R21
798 DELIVER 203 R13 214
799 ASSIGN 213 R13 15
799 PICK 192 R7
799 PICK 210 R17
799 REPORT pending=55 aged=26 idle=0 to_pickup=13 delivering=9 to_charger=1 charging=1 dead=0 hot=14,11,4
800 SIDESTEP R0
801 SIDESTEP R14
802 SIDESTEP R9
802 SIDESTEP R21
805 CHARGED R10
805 ASSIGN 251 R10 18
805 SIDESTEP R0
806 PICK 208 R22
807 SIDESTEP R9
808 DELIVER 196 R2 239
808 CHARGE R15
809 ASSIGN 256 R2 36
809 PICK 187 R11
809 SIDESTEP R17
810 SIDESTEP R1
812 SIDESTEP R16
812 PICK 246 R20
813 PICK 213 R13
813 SIDESTEP R14
813 PICK 207 R19
814 PICK 215 R4
814 SIDESTEP R9
815 SIDESTEP R0
815 SIDESTEP R1
815 SIDESTEP R23
817 SIDESTEP R12
817 PICK 209 R18
818 SIDESTEP R7
819 PICK 211 R5
819 SIDESTEP R9
820 SIDESTEP R0
820 SIDESTEP R23
821 PICK 201 R8
822 PICK 251 R10
824 SIDESTEP R9
825 SIDESTEP R0
825 DELIVER 246 R20 117
825 SIDESTEP R23
826 CHARGED R15
826 ASSIGN 231 R15 33
826 GO_CHARGE R20 6 1
828 DELIVER 183 R21 300
829 ASSIGN 261 R21 41
829 SIDESTEP R9
830 SIDESTEP R23
832 DELIVER 213 R13 218
833 ASSIGN 214 R13 23
833 DELIVER 210 R17 232
834 ASSIGN 216 R17 36
834 SIDESTEP R9
835 DELIVER 209 R18 235
836 ASSIGN 295 R18 25
836 DELIVER 208 R22 238
837 ASSIGN 217 R22 29
837 SIDESTEP R1
837 SIDESTEP R23
840 DELIVER 193 R3 278
841 ASSIGN 218 R3 44
841 DELIVER 204 R6 255
841 DELIVER 228 R14 189
842 ASSIGN 219 R14 8
842 GO_CHARGE R6 13 1
842 SIDESTEP R4
843 DELIVER 195 R1 275
844 ASSIGN 220 R1 29
844 SIDESTEP R11
845 PICK 256 R2
845 DELIVER 251 R10 123
845 DELIVER 206 R12 251
846 ASSIGN 221 R12 9
846 ASSIGN 222 R10 50
847 PICK 200 R0
847 SIDESTEP R4
847 CHARGE R20
849 SIDESTEP R11
849 PICK 219 R14
849 REPORT pending=63 aged=32 idle=0 to_pickup=13 delivering=9 to_charger=1 charging=1 dead=0 hot=15,23,5
850 SIDESTEP R10
850 PICK 212 R16
851 DELIVER 211 R5 249
851 PICK 248 R9
852 ASSIGN 224 R5 28
852 SIDESTEP R4
852 SIDESTEP R6
852 SIDESTEP R18
854 SIDESTEP R11
854 PICK 221 R12
855 PICK 214 R13
857 SIDESTEP R4
857 SIDESTEP R21
858 SIDESTEP R19
859 DELIVER 192 R7 300
859 SIDESTEP R15
860 ASSIGN 225 R7 26
862 CHARGED R20
862 ASSIGN 240 R20 47
863 SIDESTEP R22
864 SIDESTEP R15
865 SIDESTEP R6
866 PICK 295 R18
868 DELIVER 187 R11 328
868 SIDESTEP R22
869 ASSIGN 269 R11 43
869 DELIVER 201 R8 290
870 GO_CHARGE R8 6 1
870 SIDESTEP R6
870 SIDESTEP R19
871 SIDESTEP R4
871 DELIVER 214 R13 255
871 PICK 216 R17
872 ASSIGN 247 R13 23
873 SIDESTEP R22
873 SIDESTEP R23
875 PICK 220 R1
876 SIDESTEP R4
877 SIDESTEP R6
881 SIDESTEP R4
881 DELIVER 219 R14 254
882 GO_CHARGE R14 20 1
882 SIDESTEP R5
882 SIDESTEP R6
882 PICK 231 R15
883 PICK 217 R22
883 PICK 223 R23
884 DELIVER 256 R2 156
884 CHARGE R8
884 DELIVER 207 R19 288
885 ASSIGN 249 R19 50
885 GO_CHARGE R2 27 1
885 PICK 225 R7
885 DELIVER 221 R12 255
886 ASSIGN 252 R12 28
886 SIDESTEP R4
886 PICK 224 R5
886 DELIVER 216 R17 263
886 SIDESTEP R18
887 ASSIGN 254 R17 24
887 SIDESTEP R6
888 PICK 218 R3
890 DELIVER 248 R9 172
891 GO_CHARGE R9 27 1
891 SIDESTEP R4
891 SIDESTEP R18
892 SIDESTEP R6
893 DELIVER 212 R16 281
894 ASSIGN 257 R16 35
894 DELIVER 200 R0 316
894 PICK 247 R13
895 ASSIGN 278 R0 20
896 SIDESTEP R4
896 SIDESTEP R18
897 SIDESTEP R6
897 DELIVER 223 R23 262
898 ASSIGN 283 R23 34
899 DELIVER 224 R5 262
899 REPORT pending=64 aged=39 idle=1 to_pickup=10 delivering=8 to_charger=4 charging=1 dead=0 hot=5,3,5
900 CHARGED R8
900 ASSIGN 229 R8 26
900 GO_CHARGE R5 6 1
901 SIDESTEP R4
901 SIDESTEP R18
902 SIDESTEP R7
903 DELIVER 247 R13 192
904 ASSIGN 230 R13 38
905 DELIVER 220 R1 277
906 GO_CHARGE R1 13 1
906 SIDESTEP R4
906 DELIVER 217 R22 282
907 GO_CHARGE R22 6 1
907 SIDESTEP R6
907 SIDESTEP R7
909 PICK 240 R20
911 PICK 269 R11
912 SIDESTEP R6
912 SIDESTEP R7
912 PICK 254 R17
913 DELIVER 231 R15 248
914 ASSIGN 233 R15 22
914 PICK 278 R0
914 CHARGE R14
915 PICK 252 R12
916 SIDESTEP R10
917 SIDESTEP R6
917 SIDESTEP R7
918 SIDESTEP R13
919 SIDESTEP R1
920 SIDESTEP R5
921 SIDESTEP R10
923 SIDESTEP R2
923 DELIVER 215 R4 303
924 ASSIGN 234 R4 17
926 SIDESTEP R10
927 SIDESTEP R21
927 CHARGE R22
928 CHARGE R9
929 SIDESTEP R2
929 PICK 229 R8
930 CHARGED R14
930 ASSIGN 236 R14 8
930 SIDESTEP R13
930 PICK 257 R16
931 SIDESTEP R5
931 SIDESTEP R10
931 PICK 283 R23
932 DELIVER 218 R3 306
933 ASSIGN 237 R3 43
933 SIDESTEP R15
933 PICK 261 R21
934 PICK 249 R19
935 SIDESTEP R13
935 SIDESTEP R17
936 SIDESTEP R5
936 SIDESTEP R10
937 PICK 236 R14
938 CANCEL 274
940 SIDESTEP R17
941 DELIVER 229 R8 282
941 SIDESTEP R10
941 SIDESTEP R13
942 CHARGED R22
942 ASSIGN 238 R8 14
942 ASSIGN 239 R22 41
942 PICK 233 R15
945 CHARGED R9
945 ASSIGN 241 R9 25
946 CHARGE R2
947 SIDESTEP R16
948 SIDESTEP R1
948 PICK 234 R4
948 SIDESTEP R13
949 SIDESTEP R3
949 REPORT pending=72 aged=47 idle=0 to_pickup=6 delivering=14 to_charger=3 charging=1 dead=0 hot=13,11,7
950 DELIVER 252 R12 227
951 GO_CHARGE R12 20 1
952 CHARGE R5
952 SIDESTEP R16
953 SIDESTEP R6
953 SIDESTEP R13
953 DELIVER 240 R20 258
954 ASSIGN 242 R20 18
954 SIDESTEP R0
955 PICK 238 R8
955 DELIVER 283 R23 141
956 GO_CHARGE R23 27 1
956 DELIVER 295 R18 121
957 GO_CHARGE R18 6 1
957 SIDESTEP R16
960 SIDESTEP R14
960 SIDESTEP R17
961 SIDESTEP R13
962 CHARGED R2
962 ASSIGN 307 R2 39
962 SIDESTEP R16
963 DELIVER 225 R7 324
964 GO_CHARGE R7 6 1
965 SIDESTEP R14
966 SIDESTEP R0
966 DELIVER 269 R11 190
966 SIDESTEP R13
966 SIDESTEP R21
967 ASSIGN 243 R11 11
967 CHARGE R1
967 SIDESTEP R16
968 CHARGED R5
968 ASSIGN 244 R5 26
968 CHARGE R18
969 PICK 241 R9
970 DELIVER 238 R8 278
971 ASSIGN 250 R8 15
971 PICK 242 R20
972 SIDESTEP R16
973 SIDESTEP R14
974 SIDESTEP R12
974 SIDESTEP R13
975 DELIVER 234 R4 303
976 ASSIGN 253 R4 38
978 SIDESTEP R5
978 DELIVER 233 R15 307
978 DELIVER 254 R17 252
978 SIDESTEP R20
978 SIDESTEP R22
979 ASSIGN 285 R15 27
979 GO_CHARGE R17 6 1
979 SIDESTEP R9
979 SIDESTEP R13
980 SIDESTEP R12
980 DELIVER 249 R19 261
981 GO_CHARGE R19 6 1
981 PICK 237 R3
983 SIDESTEP R20
984 CHARGED R1
984 CHARGED R18
984 ASSIGN 255 R18 16
984 ASSIGN 258 R1 18
984 SIDESTEP R13
985 CHARGE R7
985 PICK 250 R8
988 SIDESTEP R1
988 CHARGE R6
988 SIDESTEP R20
989 PICK 243 R11
990 SIDESTEP R0
990 SIDESTEP R12
991 SIDESTEP R15
993 SIDESTEP R3
993 DELIVER 241 R9 297
993 SIDESTEP R20
994 ASSIGN 263 R9 8
994 PICK 239 R22
995 SIDESTEP R0
996 PICK 222 R10
996 SIDESTEP R12
996 SIDESTEP R15
996 DELIVER 257 R16 266
997 GO_CHARGE R16 6 1
997 PICK 244 R5
997 SIDESTEP R18
997 CHARGE R23
998 SIDESTEP R3
998 SIDESTEP R20
999 REPORT pending=81 aged=52 idle=0 to_pickup=7 delivering=10 to_charger=4 charging=3 dead=0 hot=4,1,5
1001 SIDESTEP R0
1001 PICK 263 R9
1001 SIDESTEP R15
1002 CANCEL 332
1002 SIDESTEP R12
1002 SIDESTEP R18
1003 CHARGED R7
1003 ASSIGN 297 R7 30
1003 CHARGE R19
1003 SIDESTEP R20
1005 CHARGED R6
1005 ASSIGN 314 R6 33
1005 PICK 258 R1
1006 SIDESTEP R15
1007 SIDESTEP R0
1007 DELIVER 263 R9 258
1007 SIDESTEP R18
1008 ASSIGN 259 R9 13
1008 PICK 307 R2
1008 DELIVER 222 R10 377
1008 SIDESTEP R13
1008 SIDESTEP R17
1009 CANCEL 340
1009 ASSIGN 267 R10 39
1009 SIDESTEP R12
1009 DELIVER 239 R22 315
1010 CANCEL_FAIL 100353
1010 ASSIGN 260 R22 20
1012 SIDESTEP R7
1012 SIDESTEP R18
1013 SIDESTEP R0
1013 PICK 253 R4
1013 SIDESTEP R13
1013 DELIVER 236 R14 332
1013 SIDESTEP R17
1014 CHARGED R23
1014 ASSIGN 262 R23 12
1014 ASSIGN 264 R14 48
1014 SIDESTEP R16
1015 DELIVER 250 R8 294
1015 SIDESTEP R12
1016 ASSIGN 265 R8 25
1017 SIDESTEP R7
1017 SIDESTEP R18
1018 SIDESTEP R13
1019 SIDESTEP R0
1019 SIDESTEP R16
1020 PICK 259 R9
1020 SIDESTEP R12
1021 CHARGED R19
1021 ASSIGN 273 R19 34
1022 SIDESTEP R7
1022 SIDESTEP R18
1022 SIDESTEP R22
1024 SIDESTEP R16
1025 SIDESTEP R0
1025 PICK 262 R23
1026 DELIVER 307 R2 148
1026 SIDESTEP R12
1026 CHARGE R16
1026 DELIVER 261 R21 287
1027 ASSIGN 266 R2 36
1027 GO_CHARGE R21 13 1
1027 PICK 230 R13
1030 SIDESTEP R0
1030 PICK 285 R15
1031 SIDESTEP R6
1031 DELIVER 243 R11 328
1032 GO_CHARGE R11 27 1
1032 SIDESTEP R12
1033 SIDESTEP R9
1033 PICK 260 R22
1034 DELIVER 258 R1 303
1035 ASSIGN 268 R1 23
1035 SIDESTEP R0
1036 SIDESTEP R6
1036 SIDESTEP R23
1037 SIDESTEP R12
1037 SIDESTEP R21
1038 DELIVER 230 R13 374
1039 GO_CHARGE R13 13 1
1039 DELIVER 237 R3 355
1039 DELIVER 244 R5 335
1040 ASSIGN 270 R5 42
1040 ASSIGN 271 R3 8
1040 SIDESTEP R0
1040 PICK 255 R18
1040 DELIVER 242 R20 340
1041 ASSIGN 272 R20 20
1041 SIDESTEP R6
1041 SIDESTEP R8
1041 SIDESTEP R9
1041 SIDESTEP R23
1042 REJECT 366
1042 SIDESTEP R12
1043 CHARGED R16
1043 ASSIGN 275 R16 15
1043 CHARGE R17
1045 SIDESTEP R0
1045 DELIVER 253 R4 321
1046 GO_CHARGE R4 6 1
1046 SIDESTEP R23
1047 SIDESTEP R8
1047 SIDESTEP R12
1048 SIDESTEP R3
1048 SIDESTEP R21
1049 REPORT pending=83 aged=55 idle=0 to_pickup=12 delivering=6 to_charger=5 charging=1 dead=0 hot=8,1,5
1050 SIDESTEP R0
1051 SIDESTEP R22
1051 SIDESTEP R23
1052 PICK 265 R8
1052 SIDESTEP R13
1053 SIDESTEP R3
1054 SIDESTEP R21
1055 SIDESTEP R0
1055 DELIVER 259 R9 320
1056 ASSIGN 280 R9 27
1056 PICK 297 R7
1056 SIDESTEP R22
1056 SIDESTEP R23
1057 PICK 268 R1
1057 SIDESTEP R13
1059 DELIVER 255 R18 332
1059 SIDESTEP R21
1060 ASSIGN 281 R18 30
1060 SIDESTEP R0
1060 PICK 271 R3
1060 PICK 272 R20
1061 CHARGED R17
1061 ASSIGN 284 R17 34
1061 SIDESTEP R23
1062 PICK 266 R2
1063 CHARGE R4
1063 SIDESTEP R15
1065 SIDESTEP R0
1065 PICK 314 R6
1068 SIDESTEP R2
1068 SIDESTEP R15
1069 CHARGE R11
1069 SIDESTEP R13
1070 SIDESTEP R0
1071 PICK 267 R10
1071 CHARGE R21
1072 DELIVER 260 R22 335
1073 ASSIGN 288 R22 42
1073 PICK 264 R14
1073 PICK 275 R16
1074 DELIVER 297 R7 232
1074 SIDESTEP R13
1075 ASSIGN 292 R7 37
1075 SIDESTEP R0
1075 SIDESTEP R18
1076 DELIVER 272 R20 297
1077 ASSIGN 315 R20 39
1077 SIDESTEP R6
1079 SIDESTEP R13
1080 CHARGED R4
1080 ASSIGN 318 R4 19
1080 SIDESTEP R0
1084 SIDESTEP R13
1085 SIDESTEP R0
1085 PICK 270 R5
1085 SIDESTEP R18
1086 CHARGED R11
1086 CHARGED R21
1086 ASSIGN 299 R21 12
1086 ASSIGN 276 R11 35
1086 SIDESTEP R6
1087 DELIVER 271 R3 309
1088 GO_CHARGE R3 6 1
1088 PICK 280 R9
1088 DELIVER 262 R23 341
1089 ASSIGN 277 R23 33
1090 SIDESTEP R0
1091 DELIVER 266 R2 324
1092 ASSIGN 279 R2 36
1092 DELIVER 285 R15 273
1093 ASSIGN 282 R15 46
1093 DELIVER 268 R1 320
1094 ASSIGN 286 R1 34
1095 SIDESTEP R0
1095 DELIVER 314 R6 187
1095 SIDESTEP R22
1096 ASSIGN 287 R6 10
1096 CHARGE R12
1097 DELIVER 265 R8 333
1097 DELIVER 267 R10 328
1097 PICK 284 R17
1097 PICK 299 R21
1098 ASSIGN 289 R10 30
1098 ASSIGN 290 R8 20
1098 DELIVER 275 R16 309
1099 ASSIGN 291 R16 32
1099 PICK 318 R4
1099 REPORT pending=80 aged=55 idle=0 to_pickup=14 delivering=7 to_charger=2 charging=1 dead=0 hot=3,13,4
1100 SIDESTEP R0
1103 DELIVER 280 R9 299
1104 ASSIGN 328 R9 20
1104 PICK 281 R18
1105 SIDESTEP R0
1105 PICK 287 R6
1107 SIDESTEP R22
1110 SIDESTEP R0
1110 DELIVER 281 R18 304
1111 ASSIGN 304 R18 41
1111 SIDESTEP R5
1111 PICK 292 R7
1112 CHARGED R12
1112 ASSIGN 329 R12 18
1115 SIDESTEP R0
1115 DELIVER 318 R4 201
1115 SIDESTEP R8
1115 PICK 315 R20
1116 ASSIGN 293 R4 16
1116 SIDESTEP R1
1116 SIDESTEP R5
1117 CHARGE R13
1117 SIDESTEP R21
1118 SIDESTEP R7
1119 CHARGE R3
1120 SIDESTEP R0
1120 SIDESTEP R9
1120 PICK 276 R11
1121 SIDESTEP R1
1121 SIDESTEP R17
1122 SIDESTEP R21
1123 CANCEL 329
1123 ASSIGN 294 R12 20
1125 SIDESTEP R0
1125 SIDESTEP R9
1126 SIDESTEP R1
1126 SIDESTEP R8
1126 SIDESTEP R17
1127 PICK 279 R2
1127 SIDESTEP R21
1129 PICK 289 R10
1129 PICK 288 R22
1130 SIDESTEP R0
1130 SIDESTEP R9
1130 SIDESTEP R15
1131 PICK 293 R4
1131 SIDESTEP R8
1131 SIDESTEP R14
1132 SIDESTEP R6
1132 SIDESTEP R21
1134 CHARGED R13
1134 ASSIGN 308 R13 16
1134 SIDESTEP R20
1135 SIDESTEP R0
1135 SIDESTEP R9
1135 SIDESTEP R15
1136 CHARGED R3
1136 ASSIGN 309 R3 37
1136 SIDESTEP R8
1136 SIDESTEP R14
1137 SIDESTEP R1
1137 SIDESTEP R6
1137 SIDESTEP R21
1139 PICK 291 R16
1139 SIDESTEP R20
1140 SIDESTEP R0
1141 PICK 328 R9
1141 DELIVER 276 R11 350
1141 SIDESTEP R14
1141 SIDESTEP R18
1141 PICK 277 R23
1142 ASSIGN 311 R11 14
1144 DELIVER 279 R2 344
1145 ASSIGN 338 R2 17
1145 SIDESTEP R0
1147 DELIVER 292 R7 317
1148 ASSIGN 342 R7 32
1148 PICK 290 R8
1149 PICK 308 R13
1149 REPORT pending=87 aged=61 idle=0 to_pickup=9 delivering=15 to_charger=0 charging=0 dead=0 hot=28,1,2
1150 SIDESTEP R0
1150 PICK 294 R12
1151 DELIVER 328 R9 210
1152 ASSIGN 316 R9 32
1152 DELIVER 264 R14 402
1153 ASSIGN 368 R14 22
1153 PICK 282 R15
1153 SIDESTEP R23
1154 DELIVER 270 R5 377
1155 ASSIGN 371 R5 39
1155 SIDESTEP R22
1156 DELIVER 287 R6 333
1157 ASSIGN 348 R6 32
1157 PICK 304 R18
1158 PICK 273 R19
1158 SIDESTEP R23
1159 DELIVER 293 R4 328
1159 DELIVER 290 R8 333
1160 ASSIGN 296 R8 10
1160 ASSIGN 298 R4 33
1160 DELIVER 284 R17 343
1160 SIDESTEP R22
1161 ASSIGN 300 R17 34
1161 PICK 338 R2
1162 PICK 286 R1
1165 SIDESTEP R22
1169 SIDESTEP R2
1169 PICK 296 R8
1170 DELIVER 299 R21 324
1170 SIDESTEP R22
1171 ASSIGN 324 R21 26
1171 SIDESTEP R20
1172 SIDESTEP R9
1172 DELIVER 294 R12 338
1173 ASSIGN 301 R12 16
1173 SIDESTEP R7
1173 DELIVER 289 R10 348
1174 ASSIGN 353 R10 25
1174 DELIVER 338 R2 208
1175 ASSIGN 302 R2 27
1175 SIDESTEP R18
1176 SIDESTEP R20
1176 SIDESTEP R22
1177 SIDESTEP R8
1177 PICK 311 R11
1178 DELIVER 277 R23 384
1179 ASSIGN 303 R23 21
1180 PICK 309 R3
1180 DELIVER 282 R15 372
1180 SIDESTEP R18
1181 ASSIGN 357 R15 23
1181 SIDESTEP R20
1181 SIDESTEP R22
1182 SIDESTEP R0
1182 SIDESTEP R11
1183 SIDESTEP R9
1185 SIDESTEP R2
1185 DELIVER 291 R16 358
1186 ASSIGN 385 R16 17
1186 PICK 342 R7
1186 SIDESTEP R22
1187 SIDESTEP R0
1188 PICK 348 R6
1188 PICK 301 R12
1188 SIDESTEP R14
1192 SIDESTEP R0
1192 SIDESTEP R11
1192 SIDESTEP R21
1193 PICK 371 R5
1193 DELIVER 296 R8 354
1194 ASSIGN 305 R8 25
1194 PICK 300 R17
1196 DELIVER 308 R13 311
1197 ASSIGN 306 R13 26
1197 SIDESTEP R0
1197 SIDESTEP R11
1197 SIDESTEP R21
1198 CANCEL 403
1199 SIDESTEP R1
1199 SIDESTEP R12
1199 REPORT pending=88 aged=60 idle=0 to_pickup=11 delivering=13 to_charger=0 charging=0 dead=0 hot=22,20,6
1200 PICK 298 R4
1200 PICK 303 R23
1202 SIDESTEP R0
1202 SIDESTEP R21
1203 PICK 357 R15
1204 SIDESTEP R1
1204 SIDESTEP R3
1204 SIDESTEP R12
1204 PICK 368 R14
1207 SIDESTEP R0
1208 DELIVER 300 R17 358
1208 SIDESTEP R22
1209 REJECT 423
1209 ASSIGN 310 R17 47
1209 SIDESTEP R19
1209 SIDESTEP R21
1210 SIDESTEP R16
1211 SIDESTEP R7
1211 DELIVER 301 R12 359
1212 ASSIGN 336 R12 34
1212 SIDESTEP R0
1212 SIDESTEP R10
1213 DELIVER 315 R20 303
1214 GO_CHARGE R20 13 1
1214 SIDESTEP R21
1215 PICK 302 R2
1215 SIDESTEP R16
1215 DELIVER 304 R18 349
1216 ASSIGN 362 R18 32
1216 PICK 316 R9
1216 SIDESTEP R11
1216 DELIVER 303 R23 352
1217 CANCEL 389
1217 ASSIGN 312 R23 27
1219 SIDESTEP R21
1220 SIDESTEP R2
1220 SIDESTEP R16
1221 SIDESTEP R11
1223 DELIVER 309 R3 337
1224 ASSIGN 341 R3 25
1224 DELIVER 348 R6 228
1225 ASSIGN 343 R6 43
1225 DELIVER 278 R0 427
1225 DELIVER 273 R19 444
1226 ASSIGN 313 R19 28
1226 GO_CHARGE R0 6 1
1226 PICK 306 R13
1226 SIDESTEP R23
1227 SIDESTEP R8
1228 SIDESTEP R10
1229 CHARGE R0
1229 SIDESTEP R4
1229 DELIVER 368 R14 182
1229 PICK 385 R16
1229 DELIVER 288 R22 405
1230 ASSIGN 344 R14 39
1230 ASSIGN 317 R22 43
1232 DELIVER 286 R1 410
1232 SIDESTEP R8
1233 ASSIGN 319 R1 25
1233 SIDESTEP R2
1233 DELIVER 342 R7 250
1233 SIDESTEP R21
1234 ASSIGN 320 R7 37
1234 SIDESTEP R4
1237 DELIVER 311 R11 342
1238 ASSIGN 321 R11 25
1238 SIDESTEP R3
1238 SIDESTEP R21
1239 SIDESTEP R4
1241 PICK 305 R8
1242 DELIVER 316 R9 331
1242 DELIVER 357 R15 222
1243 ASSIGN 322 R9 34
1243 GO_CHARGE R15 20 1
1243 SIDESTEP R6
1243 DELIVER 306 R13 370
1244 ASSIGN 405 R13 46
1244 SIDESTEP R4
1246 PICK 353 R10
1247 CHARGED R0
1247 ASSIGN 323 R0 14
1247 PICK 362 R18
1248 SIDESTEP R6
1248 SIDESTEP R12
1249 SIDESTEP R4
1249 REPORT pending=90 aged=60 idle=0 to_pickup=15 delivering=7 to_charger=2 charging=0 dead=0 hot=5,7,4
1250 DELIVER 371 R5 192
1251 ASSIGN 325 R5 43
1251 SIDESTEP R19
1252 PICK 324 R21
1253 DELIVER 385 R16 151
1254 ASSIGN 326 R16 27
1254 PICK 341 R3
1254 SIDESTEP R4
1255 PICK 336 R12
1256 SIDESTEP R9
1256 PICK 312 R23
1257 PICK 319 R1
1259 SIDESTEP R4
1259 PICK 313 R19
1260 PICK 323 R0
1261 SIDESTEP R23
1262 DELIVER 305 R8 390
1262 CHARGE R20
1263 GO_CHARGE R8 6 1
1263 SIDESTEP R6
1263 SIDESTEP R9
1263 SIDESTEP R11
1264 SIDESTEP R4
1264 CHARGE R15
1264 SIDESTEP R19
1268 SIDESTEP R6
1268 SIDESTEP R9
1268 PICK 344 R14
1270 PICK 320 R7
1270 PICK 321 R11
1270 DELIVER 336 R12 311
1271 ASSIGN 327 R12 27
1271 DELIVER 324 R21 343
1272 ASSIGN 330 R21 20
1272 PICK 317 R22
1274 DELIVER 313 R19 368
1275 ASSIGN 331 R19 36
1276 DELIVER 362 R18 247
1277 ASSIGN 333 R18 9
1278 CHARGED R20
1278 ASSIGN 334 R20 12
1279 SIDESTEP R13
1280 DELIVER 302 R2 425
1280 DELIVER 320 R7 360
1280 PICK 326 R16
1281 CHARGED R15
1281 ASSIGN 335 R15 12
1281 ASSIGN 356 R7 10
1281 ASSIGN 361 R2 32
1284 DELIVER 319 R1 365
1284 SIDESTEP R13
1284 SIDESTEP R14
1285 ASSIGN 337 R1 23
1285 DELIVER 353 R10 278
1285 PICK 333 R18
1286 GO_CHARGE R10 27 1
1287 CANCEL 430
1287 PICK 310 R17
1288 SIDESTEP R2
1288 DELIVER 341 R3 310
1289 ASSIGN 364 R3 38
1289 SIDESTEP R13
1289 SIDESTEP R14
1289 PICK 334 R20
1290 SIDESTEP R5
1290 PICK 356 R7
1291 DELIVER 323 R0 365
1291 PICK 330 R21
1292 ASSIGN 339 R0 21
1292 DELIVER 298 R4 447
1292 PICK 335 R15
1293 ASSIGN 365 R4 22
1294 CHARGE R8
1294 SIDESTEP R13
1294 SIDESTEP R14
1295 SIDESTEP R5
1295 DELIVER 312 R23 395
1296 ASSIGN 386 R23 25
1296 PICK 343 R6
1298 PICK 327 R12
1299 SIDESTEP R13
1299 SIDESTEP R14
1299 REPORT pending=91 aged=65 idle=0 to_pickup=10 delivering=12 to_charger=1 charging=1 dead=0 hot=31,11,6
1300 SIDESTEP R5
1303 DELIVER 310 R17 416
1303 DELIVER 317 R22 390
1303 SIDESTEP R23
1304 ASSIGN 345 R17 14
1304 GO_CHARGE R22 13 1
1304 SIDESTEP R13
1304 SIDESTEP R14
1304 SIDESTEP R19
1305 REJECT 455
1305 SIDESTEP R5
1307 PICK 337 R1
1308 SIDESTEP R23
1309 SIDESTEP R19
1310 SIDESTEP R5
1311 CHARGED R8
1311 ASSIGN 374 R8 9
1312 DELIVER 333 R18 357
1312 SIDESTEP R22
1313 ASSIGN 346 R18 28
1313 DELIVER 343 R6 328
1313 SIDESTEP R23
1314 ASSIGN 347 R6 29
1314 PICK 365 R4
1314 SIDESTEP R7
1314 SIDESTEP R19
1315 SIDESTEP R0
1315 SIDESTEP R5
1316 DELIVER 330 R21 365
1317 ASSIGN 400 R21 14
1317 SIDESTEP R17
1319 SIDESTEP R1
1319 PICK 374 R8
1319 SIDESTEP R19
1320 SIDESTEP R5
1322 PICK 361 R2
1322 SIDESTEP R17
1324 SIDESTEP R0
1324 SIDESTEP R1
1324 CHARGE R10
1324 SIDESTEP R19
1325 DELIVER 365 R4 285
1325 SIDESTEP R5
1325 DELIVER 374 R8 254
1325 PICK 405 R13
1326 ASSIGN 349 R4 20
1326 ASSIGN 350 R8 13
1326 PICK 364 R3
1326 PICK 322 R9
1326 DELIVER 327 R12 387
1327 ASSIGN 351 R12 15
1328 SIDESTEP R20
1329 SIDESTEP R15
1329 SIDESTEP R19
1330 DELIVER 321 R11 409
1330 SIDESTEP R22
1331 ASSIGN 352 R11 28
1332 DELIVER 326 R16 395
1333 ASSIGN 378 R16 13
1334 PICK 339 R0
1334 PICK 345 R17
1334 DELIVER 334 R20 378
1334 PICK 400 R21
1335 ASSIGN 354 R20 38
1335 SIDESTEP R22
1336 DELIVER 356 R7 317
1337 GO_CHARGE R7 6 1
1337 SIDESTEP R1
1337 SIDESTEP R14
1338 PICK 350 R8
1339 PICK 386 R23
1340 PICK 346 R18
1341 CHARGED R10
1341 ASSIGN 355 R10 5
1341 PICK 351 R12
1342 DELIVER 339 R0 371
1342 SIDESTEP R14
1343 ASSIGN 358 R0 19
1344 CANCEL 462
1344 SIDESTEP R13
1345 PICK 325 R5
1345 PICK 355 R10
1346 PICK 378 R16
1346 PICK 331 R19
1347 SIDESTEP R22
1348 DELIVER 350 R8 345
1348 SIDESTEP R15
1349 ASSIGN 359 R8 16
1349 SIDESTEP R1
1349 DELIVER 361 R2 321
1349 REPORT pending=91 aged=67 idle=1 to_pickup=6 delivering=15 to_charger=2 charging=0 dead=0 hot=17,18,6
1350 GO_CHARGE R2 20 1
1350 CHARGE R7
1352 SIDESTEP R22
1353 SIDESTEP R15
1354 SIDESTEP R1
1354 DELIVER 345 R17 364
1355 ASSIGN 360 R17 22
1355 PICK 347 R6
1357 SIDESTEP R12
1357 SIDESTEP R20
1357 SIDESTEP R22
1358 PICK 352 R11
1358 SIDESTEP R15
1359 SIDESTEP R0
1360 SIDESTEP R13
1361 DELIVER 400 R21 211
1362 ASSIGN 363 R21 40
1362 SIDESTEP R12
1362 SIDESTEP R22
1364 SIDESTEP R0
1364 DELIVER 386 R23 258
1365 CANCEL 476
1365 GO_CHARGE R23 27 1
1365 SIDESTEP R13
1366 CHARGED R7
1366 ASSIGN 367 R7 16
1366 DELIVER 331 R19 414
1367 ASSIGN 380 R19 28
1367 DELIVER 325 R5 435
1367 DELIVER 346 R18 374
1367 SIDESTEP R22
1368 GO_CHARGE R5 6 1
1368 GO_CHARGE R18 13 1
1368 PICK 349 R4
1368 DELIVER 344 R14 382
1368 DELIVER 378 R16 284
1369 GO_CHARGE R14 13 1
1369 GO_CHARGE R16 6 1
1369 SIDESTEP R6
1370 SIDESTEP R13
1370 SIDESTEP R15
1371 DELIVER 364 R3 332
1372 ASSIGN 369 R3 35
1372 CHARGE R5
1372 PICK 359 R8
1374 SIDESTEP R6
1375 SIDESTEP R15
1376 PICK 360 R17
1378 DELIVER 359 R8 353
1378 SIDESTEP R22
1379 ASSIGN 370 R8 33
1379 SIDESTEP R6
1379 SIDESTEP R12
1379 PICK 354 R20
1380 DELIVER 322 R9 458
1380 DELIVER 355 R10 364
1380 SIDESTEP R15
1381 ASSIGN 372 R10 28
1381 GO_CHARGE R9 6 1
1381 CHARGE R2
1381 SIDESTEP R4
1383 SIDESTEP R22
1384 SIDESTEP R1
1384 SIDESTEP R6
1384 SIDESTEP R12
1386 SIDESTEP R4
1389 CHARGED R5
1389 ASSIGN 429 R5 6
1389 SIDESTEP R6
1389 PICK 367 R7
1389 SIDESTEP R12
1389 SIDESTEP R13
1390 SIDESTEP R3
1391 SIDESTEP R4
1392 DELIVER 335 R15 435
1392 DELIVER 360 R17 366
1393 ASSIGN 401 R17 14
1393 ASSIGN 373 R15 15
1393 SIDESTEP R1
1394 PICK 358 R0
1394 PICK 429 R5
1394 SIDESTEP R6
1397 SIDESTEP R22
1398 CHARGED R2
1398 ASSIGN 375 R2 42
1398 SIDESTEP R19
1399 CHARGE R16
1399 REPORT pending=97 aged=72 idle=0 to_pickup=8 delivering=10 to_charger=5 charging=1 dead=0 hot=14,17,6
1401 PICK 363 R21
1402 DELIVER 405 R13 241
1403 ASSIGN 376 R13 7
1403 SIDESTEP R19
1404 DELIVER 429 R5 178
1404 SIDESTEP R10
1405 ASSIGN 377 R5 28
1405 SIDESTEP R3
1405 CHARGE R23
1406 PICK 401 R17
1406 SIDESTEP R20
1409 SIDESTEP R10
1409 DELIVER 352 R11 404
1410 ASSIGN 379 R11 35
1410 SIDESTEP R3
1410 PICK 380 R19
1411 DELIVER 337 R1 447
1411 DELIVER 349 R4 409
1411 PICK 370 R8
1411 SIDESTEP R13
1411 SIDESTEP R20
1412 ASSIGN 382 R4 25
1412 GO_CHARGE R1 20 1
1412 DELIVER 367 R7 366
1412 DELIVER 351 R12 408
1413 ASSIGN 381 R7 48
1413 ASSIGN 392 R12 47
1413 PICK 376 R13
1414 SIDESTEP R10
1415 CHARGED R16
1415 ASSIGN 384 R16 34
1415 PICK 373 R15
1415 DELIVER 363 R21 381
1416 ASSIGN 393 R21 20
1416 CHARGE R9
1416 DELIVER 401 R17 263
1416 SIDESTEP R20
1417 GO_CHARGE R17 6 1
1417 DELIVER 358 R0 395
1417 DELIVER 347 R6 423
1417 SIDESTEP R14
1418 ASSIGN 390 R0 35
1418 GO_CHARGE R6 6 1
1419 SIDESTEP R10
1420 REJECT 494
1421 CHARGED R23
1421 ASSIGN 383 R23 29
1422 SIDESTEP R1
1422 SIDESTEP R2
1422 SIDESTEP R14
1422 SIDESTEP R22
1423 PICK 369 R3
1423 SIDESTEP R18
1424 SIDESTEP R10
1427 SIDESTEP R14
1427 SIDESTEP R22
1428 SIDESTEP R1
1428 SIDESTEP R8
1428 SIDESTEP R18
1429 SIDESTEP R2
1429 SIDESTEP R15
1433 PICK 377 R5
1434 CHARGED R9
1434 ASSIGN 443 R9 22
1434 SIDESTEP R1
1434 SIDESTEP R2
1434 SIDESTEP R15
1435 PICK 372 R10
1435 DELIVER 376 R13 356
1436 ASSIGN 387 R13 17
1436 SIDESTEP R14
1436 PICK 393 R21
1437 CHARGE R17
1439 SIDESTEP R2
1439 SIDESTEP R15
1441 SIDESTEP R14
1441 SIDESTEP R18
1442 PICK 382 R4
1445 DELIVER 369 R3 394
1445 DELIVER 393 R21 315
1446 ASSIGN 388 R3 12
1446 GO_CHARGE R21 27 1
1446 SIDESTEP R5
1446 SIDESTEP R18
1446 DELIVER 354 R20 434
1447 ASSIGN 391 R20 39
1448 PICK 384 R16
1449 PICK 383 R23
1449 REPORT pending=96 aged=75 idle=0 to_pickup=9 delivering=8 to_charger=6 charging=1 dead=0 hot=13,13,4
1450 CHARGE R1
1451 DELIVER 372 R10 391
1452 CHARGED R17
1452 ASSIGN 394 R10 34
1452 ASSIGN 395 R17 21
1452 DELIVER 370 R8 396
1452 PICK 387 R13
1452 CHARGE R22
1453 ASSIGN 413 R8 29
1453 PICK 390 R0
1453 CHARGE R6
1455 PICK 443 R9
1455 DELIVER 380 R19 364
1456 ASSIGN 419 R19 39
1457 CANCEL 438
1457 PICK 388 R3
1458 PICK 379 R11
1459 PICK 392 R12
1459 DELIVER 373 R15 393
1460 ASSIGN 396 R15 41
1462 DELIVER 377 R5 382
1462 PICK 381 R7
1462 SIDESTEP R17
1462 DELIVER 383 R23 362
1463 ASSIGN 397 R23 31
1463 ASSIGN 425 R5 16
1463 SIDESTEP R4
1463 SIDESTEP R20
1465 PICK 375 R2
1467 SIDESTEP R18
1468 CHARGED R1
1468 ASSIGN 398 R1 26
1468 SIDESTEP R4
1469 CHARGED R6
1469 CHARGED R22
1469 ASSIGN 399 R22 42
1469 ASSIGN 426 R6 30
1472 DELIVER 388 R3 353
1472 DELIVER 387 R13 364
1473 GO_CHARGE R3 6 1
1473 GO_CHARGE R13 20 1
1473 SIDESTEP R18
1473 SIDESTEP R22
1474 DELIVER 392 R12 347
1474 CHARGE R14
1475 GO_CHARGE R12 27 1
1478 SIDESTEP R4
1479 PICK 425 R5
1479 SIDESTEP R6
1480 PICK 395 R17
1481 PICK 413 R8
1483 SIDESTEP R4
1485 PICK 394 R10
1485 DELIVER 379 R11 396
1486 GO_CHARGE R11 6 1
1487 SIDESTEP R21
1488 SIDESTEP R4
1488 SIDESTEP R20
1490 DELIVER 390 R0 366
1491 ASSIGN 402 R0 5
1492 CHARGED R14
1492 ASSIGN 404 R14 9
1493 PICK 398 R1
1493 SIDESTEP R4
1493 SIDESTEP R9
1493 SIDESTEP R21
1494 CANCEL 459
1495 PICK 397 R23
1496 SIDESTEP R14
1496 CHARGE R18
1497 SIDESTEP R0
1498 SIDESTEP R4
1498 PICK 419 R19
1499 SIDESTEP R21
1499 REPORT pending=100 aged=75 idle=0 to_pickup=6 delivering=12 to_charger=5 charging=1 dead=0 hot=5,17,5
SUMMARY delivered=379 lost=1 rejected=5 cancelled=24 open=118
LATENCY sum=78663 max=458 avg=208
ROBOT R0 5 20 231 TO_PICKUP 857 496
ROBOT R1 29 18 497 DELIVERING 857 391
ROBOT R2 5 16 455 DELIVERING 1082 201
ROBOT R3 5 17 98 TO_CHARGER 954 350
ROBOT R4 5 15 75 DELIVERING 973 376
ROBOT R5 14 17 382 DELIVERING 1047 315
ROBOT R6 13 17 489 TO_PICKUP 1036 314
ROBOT R7 10 17 340 DELIVERING 1069 303
ROBOT R8 16 19 271 DELIVERING 1116 314
ROBOT R9 5 18 446 DELIVERING 952 352
ROBOT R10 27 20 320 DELIVERING 1066 343
ROBOT R11 1 4 48 TO_CHARGER 969 360
ROBOT R12 37 4 52 TO_CHARGER 945 419
ROBOT R13 7 1 105 TO_CHARGER 953 349
ROBOT R14 14 4 509 TO_PICKUP 973 386
ROBOT R15 24 8 283 TO_PICKUP 1092 325
ROBOT R16 2 20 389 DELIVERING 1029 343
ROBOT R17 15 12 465 DELIVERING 1025 314
ROBOT R18 13 1 106 CHARGING 990 356
ROBOT R19 24 24 116 DELIVERING 942 447
ROBOT R20 21 6 284 TO_PICKUP 1074 343
ROBOT R21 12 2 64 TO_CHARGER 954 449
ROBOT R22 24 17 494 TO_PICKUP 983 399
ROBOT R23 30 18 423 DELIVERING 1058 307
