0 ASSIGN 1 R0 6
0 REPORT pending=0 aged=0 idle=0 to_pickup=1 delivering=0 to_charger=0 charging=0 dead=0 hot=1,1,1
1 REPORT pending=0 aged=0 idle=0 to_pickup=1 delivering=0 to_charger=0 charging=0 dead=0 hot=2,1,1
2 REPORT pending=0 aged=0 idle=0 to_pickup=1 delivering=0 to_charger=0 charging=0 dead=0 hot=2,2,1
3 REPORT pending=0 aged=0 idle=0 to_pickup=1 delivering=0 to_charger=0 charging=0 dead=0 hot=4,1,1
4 REPORT pending=0 aged=0 idle=0 to_pickup=1 delivering=0 to_charger=0 charging=0 dead=0 hot=5,1,1
5 PICK 1 R0
5 REPORT pending=0 aged=0 idle=0 to_pickup=0 delivering=1 to_charger=0 charging=0 dead=0 hot=5,2,1
6 REPORT pending=0 aged=0 idle=0 to_pickup=0 delivering=1 to_charger=0 charging=0 dead=0 hot=5,1,1
7 REPORT pending=0 aged=0 idle=0 to_pickup=0 delivering=1 to_charger=0 charging=0 dead=0 hot=4,1,1
8 DELIVER 1 R0 8
8 REPORT pending=0 aged=0 idle=1 to_pickup=0 delivering=0 to_charger=0 charging=0 dead=0 hot=5,1,1
9 REPORT pending=0 aged=0 idle=1 to_pickup=0 delivering=0 to_charger=0 charging=0 dead=0 hot=5,1,1
10 REPORT pending=0 aged=0 idle=1 to_pickup=0 delivering=0 to_charger=0 charging=0 dead=0 hot=5,1,1
11 REPORT pending=0 aged=0 idle=1 to_pickup=0 delivering=0 to_charger=0 charging=0 dead=0 hot=5,1,1
12 REPORT pending=0 aged=0 idle=1 to_pickup=0 delivering=0 to_charger=0 charging=0 dead=0 hot=5,1,1
13 REPORT pending=0 aged=0 idle=1 to_pickup=0 delivering=0 to_charger=0 charging=0 dead=0 hot=5,1,1
14 REPORT pending=0 aged=0 idle=1 to_pickup=0 delivering=0 to_charger=0 charging=0 dead=0 hot=5,1,1
15 REPORT pending=0 aged=0 idle=1 to_pickup=0 delivering=0 to_charger=0 charging=0 dead=0 hot=5,1,1
16 REPORT pending=0 aged=0 idle=1 to_pickup=0 delivering=0 to_charger=0 charging=0 dead=0 hot=5,1,1
17 REPORT pending=0 aged=0 idle=1 to_pickup=0 delivering=0 to_charger=0 charging=0 dead=0 hot=5,1,1
18 REPORT pending=0 aged=0 idle=1 to_pickup=0 delivering=0 to_charger=0 charging=0 dead=0 hot=5,1,1
19 REPORT pending=0 aged=0 idle=1 to_pickup=0 delivering=0 to_charger=0 charging=0 dead=0 hot=5,1,1
20 REPORT pending=0 aged=0 idle=1 to_pickup=0 delivering=0 to_charger=0 charging=0 dead=0 hot=5,1,1
21 REPORT pending=0 aged=0 idle=1 to_pickup=0 delivering=0 to_charger=0 charging=0 dead=0 hot=5,1,1
22 REPORT pending=0 aged=0 idle=1 to_pickup=0 delivering=0 to_charger=0 charging=0 dead=0 hot=5,1,1
23 REPORT pending=0 aged=0 idle=1 to_pickup=0 delivering=0 to_charger=0 charging=0 dead=0 hot=5,1,1
24 REPORT pending=0 aged=0 idle=1 to_pickup=0 delivering=0 to_charger=0 charging=0 dead=0 hot=5,1,1
25 REPORT pending=0 aged=0 idle=1 to_pickup=0 delivering=0 to_charger=0 charging=0 dead=0 hot=5,1,1
26 REPORT pending=0 aged=0 idle=1 to_pickup=0 delivering=0 to_charger=0 charging=0 dead=0 hot=5,1,1
27 REPORT pending=0 aged=0 idle=1 to_pickup=0 delivering=0 to_charger=0 charging=0 dead=0 hot=5,1,1
28 REPORT pending=0 aged=0 idle=1 to_pickup=0 delivering=0 to_charger=0 charging=0 dead=0 hot=5,1,1
29 REPORT pending=0 aged=0 idle=1 to_pickup=0 delivering=0 to_charger=0 charging=0 dead=0 hot=5,1,1
SUMMARY delivered=1 lost=0 rejected=0 cancelled=0 open=0
LATENCY sum=8 max=8 avg=8
ROBOT R0 6 2 71 IDLE 9 0
