3 REJECT 2
9 CANCEL_FAIL 2
16 REJECT 12
21 CANCEL 8
23 CANCEL_FAIL 16
23 REPORT pending=11 aged=10 idle=2 to_pickup=0 delivering=0 to_charger=0 charging=0 dead=0 hot=1,1,1
25 CANCEL 5
26 CANCEL 11
27 CANCEL 6
29 CANCEL 14
32 CANCEL 13
33 REJECT 19
35 CANCEL_FAIL 2
36 CANCEL 17
40 REJECT 21
47 REPORT pending=11 aged=10 idle=2 to_pickup=0 delivering=0 to_charger=0 charging=0 dead=0 hot=1,1,1
62 ASSIGN 29 R0 0
62 PICK 29 R0
63 REJECT 30
63 DELIVER 29 R0 2
66 CANCEL 16
66 REJECT 31
68 CANCEL_FAIL 12
69 REJECT 32
71 REPORT pending=17 aged=16 idle=2 to_pickup=0 delivering=0 to_charger=0 charging=0 dead=0 hot=1,1,1
77 CANCEL 3
83 CANCEL 35
84 CANCEL_FAIL 3
85 CANCEL 22
92 CANCEL_FAIL 2
92 CANCEL 10
94 REJECT 49
95 REPORT pending=28 aged=26 idle=2 to_pickup=0 delivering=0 to_charger=0 charging=0 dead=0 hot=1,1,1
96 CANCEL 1
103 ASSIGN 51 R0 0
103 PICK 51 R0
104 REJECT 53
104 DELIVER 51 R0 1
106 ASSIGN 54 R0 0
106 PICK 54 R0
107 DELIVER 54 R0 1
113 CANCEL_FAIL 3
114 CANCEL_FAIL 1
115 REJECT 55
119 CANCEL 46
119 REPORT pending=31 aged=28 idle=2 to_pickup=0 delivering=0 to_charger=0 charging=0 dead=0 hot=1,1,1
131 CANCEL_FAIL 13
132 ASSIGN 60 R0 0
132 PICK 60 R0
133 DELIVER 60 R0 1
143 REPORT pending=39 aged=36 idle=2 to_pickup=0 delivering=0 to_charger=0 charging=0 dead=0 hot=1,1,1
145 REJECT 68
146 CANCEL 65
147 CANCEL 48
147 CANCEL_FAIL 16
147 REJECT 69
154 REJECT 74
155 CANCEL_FAIL 77
159 CANCEL_FAIL 32
160 CANCEL_FAIL 48
166 CANCEL_FAIL 29
167 CANCEL_FAIL 1
167 REPORT pending=50 aged=46 idle=2 to_pickup=0 delivering=0 to_charger=0 charging=0 dead=0 hot=1,1,1
168 CANCEL 79
168 CANCEL 78
175 CANCEL_FAIL 88
181 ASSIGN 87 R0 0
181 PICK 87 R0
182 REJECT 89
182 DELIVER 87 R0 1
185 REJECT 90
SUMMARY delivered=5 lost=0 rejected=15 cancelled=26 open=53
LATENCY sum=6 max=2 avg=1
ROBOT R0 1 4 51 IDLE 0 0
ROBOT R1 1 2 51 IDLE 0 0
