5 ASSIGN 3 R4 1
5 PICK 3 R4
8 ASSIGN 5 R10 1
8 PICK 5 R10
11 SIDESTEP R4
15 CANCEL_FAIL 5
17 SIDESTEP R4
21 CANCEL 8
23 SIDESTEP R4
23 REPORT pending=6 aged=6 idle=9 to_pickup=0 delivering=2 to_charger=0 charging=0 dead=0 hot=5,2,8
26 REJECT 12
28 CANCEL 7
29 SIDESTEP R4
32 CANCEL_FAIL 5
35 CANCEL 4
35 REJECT 16
35 SIDESTEP R4
37 CANCEL 13
37 DEAD R4
37 LOST 3
47 REPORT pending=15 aged=15 idle=9 to_pickup=0 delivering=1 to_charger=0 charging=0 dead=1 hot=5,2,7
49 ASSIGN 24 R6 1
49 PICK 24 R6
49 DELIVER 5 R10 41
52 ASSIGN 25 R10 2
53 PICK 25 R10
55 CANCEL 9
55 DELIVER 24 R6 6
SUMMARY delivered=2 lost=1 rejected=2 cancelled=7 open=17
LATENCY sum=47 max=41 avg=24
ROBOT R0 5 4 34 IDLE 0 0
ROBOT R1 9 1 34 IDLE 0 0
ROBOT R2 6 1 34 IDLE 0 0
ROBOT R3 3 4 34 IDLE 0 0
ROBOT R4 8 1 0 DEAD 12 20
ROBOT R5 7 4 34 IDLE 0 0
ROBOT R6 8 2 24 IDLE 4 3
ROBOT R7 1 4 34 IDLE 0 0
ROBOT R8 1 2 34 IDLE 0 0
ROBOT R9 3 3 34 IDLE 0 0
ROBOT R10 9 2 25 DELIVERING 5 43
