1 CANCEL_FAIL 2
1 ASSIGN 1 R7 0
1 PICK 1 R7
2 REJECT 2
3 ASSIGN 3 R2 0
3 PICK 3 R2
4 CANCEL_FAIL 3
4 ASSIGN 4 R5 1
4 PICK 4 R5
4 DELIVER 1 R7 3
10 SIDESTEP R5
12 SIDESTEP R2
15 SIDESTEP R5
16 ASSIGN 8 R4 1
16 PICK 8 R4
17 ASSIGN 11 R1 1
17 ASSIGN 9 R3 2
18 ASSIGN 12 R6 0
18 SIDESTEP R2
18 PICK 12 R6
20 SIDESTEP R5
21 REJECT 15
21 ASSIGN 14 R8 1
21 PICK 14 R8
23 SIDESTEP R2
24 ASSIGN 16 R7 1
25 ASSIGN 17 R0 1
25 PICK 17 R0
25 SIDESTEP R5
28 CANCEL_FAIL 8
28 REJECT 19
29 REJECT 20
29 SIDESTEP R2
30 SIDESTEP R0
31 CANCEL_FAIL 1
31 CANCEL_FAIL 14
31 CANCEL_FAIL 3
31 PICK 16 R7
32 ASSIGN 21 R9 8
34 CANCEL_FAIL 12
35 REJECT 24
35 SIDESTEP R2
35 SIDESTEP R8
36 CANCEL 23
36 SIDESTEP R7
37 CANCEL_FAIL 25
40 SIDESTEP R6
40 SIDESTEP R9
41 SIDESTEP R0
41 SIDESTEP R2
41 DELIVER 4 R5 37
41 SIDESTEP R8
42 REJECT 26
42 ASSIGN 22 R5 2
43 REPORT pending=10 aged=0 idle=0 to_pickup=4 delivering=6 to_charger=0 charging=0 dead=0 hot=5,2,4
47 SIDESTEP R2
47 SIDESTEP R6
47 SIDESTEP R8
47 SIDESTEP R9
48 PICK 22 R5
48 SIDESTEP R7
51 CANCEL_FAIL 22
52 CANCEL_FAIL 2
52 SIDESTEP R6
52 SIDESTEP R8
52 SIDESTEP R9
53 SIDESTEP R2
53 SIDESTEP R7
54 DEAD R2
54 LOST 3
57 CANCEL 10
58 SIDESTEP R5
58 SIDESTEP R7
59 DELIVER 17 R0 34
60 ASSIGN 35 R0 1
60 PICK 35 R0
63 SIDESTEP R5
64 CANCEL 28
65 SIDESTEP R0
65 SIDESTEP R7
65 SIDESTEP R8
69 SIDESTEP R6
72 SIDESTEP R7
72 SIDESTEP R8
74 SIDESTEP R5
75 DELIVER 35 R0 18
75 SIDESTEP R6
76 ASSIGN 37 R0 3
77 CANCEL 42
77 SIDESTEP R7
80 SIDESTEP R0
81 SIDESTEP R6
85 SIDESTEP R5
85 SIDESTEP R7
85 SIDESTEP R8
86 DEAD R7
86 LOST 16
87 SIDESTEP R6
87 REPORT pending=24 aged=0 idle=0 to_pickup=4 delivering=4 to_charger=0 charging=0 dead=2 hot=6,2,4
92 SIDESTEP R0
92 SIDESTEP R5
92 SIDESTEP R8
93 SIDESTEP R6
94 DEAD R5
94 LOST 22
94 DEAD R6
94 LOST 12
94 DEAD R8
94 LOST 14
96 CANCEL 6
96 CANCEL_FAIL 22
107 CANCEL_FAIL 42
108 CANCEL 33
113 REJECT 59
116 REJECT 61
125 REJECT 64
131 REPORT pending=39 aged=4 idle=0 to_pickup=4 delivering=1 to_charger=0 charging=0 dead=5 hot=6,2,3
133 CANCEL 25
142 CANCEL 13
142 CANCEL_FAIL 19
144 CANCEL_FAIL 15
144 REJECT 74
149 REJECT 75
154 CANCEL 50
154 RESCUE R2
154 ASSIGN 34 R2 0
154 PICK 34 R2
155 DELIVER 34 R2 102
156 ASSIGN 58 R2 3
161 SIDESTEP R2
162 CANCEL 48
166 CANCEL_FAIL 6
167 SIDESTEP R2
173 SIDESTEP R2
174 CANCEL 62
175 REPORT pending=45 aged=14 idle=0 to_pickup=5 delivering=1 to_charger=0 charging=0 dead=4 hot=7,2,4
179 SIDESTEP R2
182 CANCEL_FAIL 34
185 SIDESTEP R2
186 RESCUE R7
186 ASSIGN 85 R7 0
186 PICK 85 R7
189 CANCEL_FAIL 33
190 CANCEL 79
190 SIDESTEP R4
191 SIDESTEP R7
194 RESCUE R6
197 SIDESTEP R7
198 RESCUE R5
202 SIDESTEP R7
SUMMARY delivered=5 lost=5 rejected=11 cancelled=24 open=55
LATENCY sum=194 max=102 avg=39
ROBOT R0 6 2 13 TO_PICKUP 16 163
ROBOT R1 6 3 37 TO_PICKUP 0 187
ROBOT R2 7 1 7 TO_PICKUP 29 69
ROBOT R3 7 2 36 TO_PICKUP 1 186
ROBOT R4 8 3 34 DELIVERING 2 186
ROBOT R5 4 2 18 IDLE 20 70
ROBOT R6 2 3 18 IDLE 18 57
ROBOT R7 5 2 8 DELIVERING 24 58
ROBOT R8 6 2 0 DEAD 19 54
ROBOT R9 3 2 28 TO_PICKUP 9 163
