13 CANCEL 2
17 REJECT 10
22 CANCEL_FAIL 15
31 CANCEL 6
31 CANCEL_FAIL 21
32 CANCEL_FAIL 21
33 CANCEL 3
34 CANCEL 9
37 CANCEL 5
37 REPORT pending=16 aged=16 idle=11 to_pickup=0 delivering=0 to_charger=0 charging=0 dead=0 hot=5,2,7
45 CANCEL_FAIL 9
47 CANCEL_FAIL 6
65 REJECT 41
72 REJECT 43
75 REPORT pending=38 aged=36 idle=11 to_pickup=0 delivering=0 to_charger=0 charging=0 dead=0 hot=5,2,7
81 CANCEL_FAIL 10
82 CANCEL_FAIL 50
86 REJECT 50
95 CANCEL 33
99 CANCEL_FAIL 41
107 CANCEL_FAIL 50
113 REJECT 63
113 CANCEL 38
113 REPORT pending=51 aged=51 idle=11 to_pickup=0 delivering=0 to_charger=0 charging=0 dead=0 hot=5,2,7
115 CANCEL_FAIL 33
115 REJECT 65
118 CANCEL 8
123 REJECT 67
125 CANCEL 35
140 CANCEL 55
141 CANCEL 60
149 CANCEL_FAIL 3
150 CANCEL_FAIL 10
150 CANCEL 12
151 REPORT pending=57 aged=56 idle=11 to_pickup=0 delivering=0 to_charger=0 charging=0 dead=0 hot=5,2,7
154 CANCEL 22
159 CANCEL_FAIL 2
161 CANCEL_FAIL 3
166 CANCEL_FAIL 3
166 CANCEL_FAIL 67
167 REJECT 81
170 CANCEL 45
171 CANCEL 58
SUMMARY delivered=0 lost=0 rejected=8 cancelled=22 open=60
LATENCY sum=0 max=0 avg=0
ROBOT R0 5 2 2 IDLE 0 0
ROBOT R1 1 2 2 IDLE 0 0
ROBOT R2 6 5 2 IDLE 0 0
ROBOT R3 2 2 2 IDLE 0 0
ROBOT R4 3 3 2 IDLE 0 0
ROBOT R5 2 5 2 IDLE 0 0
ROBOT R6 5 1 2 IDLE 0 0
ROBOT R7 5 5 2 IDLE 0 0
ROBOT R8 7 3 2 IDLE 0 0
ROBOT R9 7 5 2 IDLE 0 0
ROBOT R10 4 1 2 IDLE 0 0
