0 ASSIGN 1 R9 1
0 ASSIGN 2 R6 1
0 PICK 2 R6
1 PICK 1 R9
2 DELIVER 2 R6 2
4 CANCEL_FAIL 1
4 CANCEL_FAIL 1
7 SIDESTEP R9
8 ASSIGN 3 R0 0
8 PICK 3 R0
9 REJECT 4
13 CANCEL_FAIL 5
13 ASSIGN 6 R10 0
13 SIDESTEP R0
13 PICK 6 R10
14 DELIVER 6 R10 1
15 REJECT 8
18 ASSIGN 9 R1 0
18 SIDESTEP R0
18 PICK 9 R1
18 SIDESTEP R9
19 CANCEL_FAIL 2
19 ASSIGN 11 R2 0
19 ASSIGN 10 R7 1
19 PICK 11 R2
19 PICK 10 R7
20 DELIVER 9 R1 2
24 SIDESTEP R2
25 SIDESTEP R0
25 SIDESTEP R7
25 SIDESTEP R9
28 REPORT pending=2 aged=0 idle=8 to_pickup=0 delivering=4 to_charger=0 charging=0 dead=0 hot=2,4,4
30 CANCEL_FAIL 9
30 ASSIGN 12 R1 2
30 SIDESTEP R2
31 REJECT 13
31 CANCEL_FAIL 9
31 REJECT 14
31 PICK 12 R1
31 SIDESTEP R7
32 SIDESTEP R0
32 SIDESTEP R9
33 DELIVER 12 R1 3
35 CANCEL 18
36 SIDESTEP R2
37 SIDESTEP R7
39 SIDESTEP R0
39 SIDESTEP R9
40 ASSIGN 19 R8 1
40 ASSIGN 20 R10 0
40 DEAD R9
40 LOST 1
40 PICK 20 R10
41 CANCEL_FAIL 22
41 CANCEL 15
41 PICK 19 R8
42 SIDESTEP R2
43 DEAD R0
43 LOST 3
43 SIDESTEP R7
45 SIDESTEP R10
46 CANCEL_FAIL 19
48 SIDESTEP R2
48 SIDESTEP R8
49 SIDESTEP R7
50 DEAD R2
50 LOST 11
50 DEAD R7
50 LOST 10
51 ASSIGN 22 R4 2
51 ASSIGN 23 R1 1
51 PICK 23 R1
51 SIDESTEP R10
52 CANCEL 22
52 ASSIGN 24 R11 4
53 ASSIGN 25 R5 1
53 PICK 25 R5
56 SIDESTEP R11
57 SIDESTEP R10
57 REPORT pending=7 aged=0 idle=3 to_pickup=1 delivering=4 to_charger=0 charging=0 dead=4 hot=2,2,3
58 SIDESTEP R8
59 CANCEL_FAIL 10
61 ASSIGN 28 R4 1
61 PICK 28 R4
61 SIDESTEP R11
SUMMARY delivered=4 lost=4 rejected=4 cancelled=10 open=13
LATENCY sum=8 max=3 avg=2
ROBOT R0 2 4 3 DEAD 10 24
ROBOT R1 3 2 30 DELIVERING 7 10
ROBOT R2 4 4 3 DEAD 10 20
ROBOT R3 5 5 53 IDLE 0 0
ROBOT R4 4 3 51 DELIVERING 2 0
ROBOT R5 2 2 52 DELIVERING 1 8
ROBOT R6 3 4 42 IDLE 3 0
ROBOT R7 4 1 2 DEAD 11 20
ROBOT R8 2 3 17 DELIVERING 8 14
ROBOT R9 2 5 2 DEAD 11 29
ROBOT R10 3 5 18 DELIVERING 7 15
ROBOT R11 5 4 51 TO_PICKUP 2 8
