0 CANCEL_FAIL 1
9 CANCEL 1
9 CANCEL_FAIL 1
13 CANCEL_FAIL 2
13 REPORT pending=0 aged=0 idle=12 to_pickup=0 delivering=0 to_charger=0 charging=0 dead=0 hot=6,4,8
14 CANCEL_FAIL 4
14 ASSIGN 2 R4 0
14 PICK 2 R4
17 ASSIGN 3 R6 1
17 PICK 3 R6
18 CANCEL_FAIL 5
21 SIDESTEP R4
23 SIDESTEP R6
25 REJECT 5
25 ASSIGN 4 R2 1
25 PICK 4 R2
27 ASSIGN 6 R3 1
27 PICK 6 R3
27 SIDESTEP R4
27 REPORT pending=0 aged=0 idle=8 to_pickup=0 delivering=4 to_charger=0 charging=0 dead=0 hot=7,2,7
29 ASSIGN 7 R8 1
29 PICK 7 R8
31 DELIVER 7 R8 2
32 REJECT 9
32 SIDESTEP R4
33 SIDESTEP R2
34 ASSIGN 11 R10 4
34 SIDESTEP R3
36 ASSIGN 12 R0 1
37 SIDESTEP R4
37 PICK 11 R10
38 ASSIGN 14 R5 6
38 PICK 12 R0
40 ASSIGN 15 R7 0
40 SIDESTEP R3
40 PICK 15 R7
41 REPORT pending=4 aged=0 idle=4 to_pickup=1 delivering=7 to_charger=0 charging=0 dead=0 hot=6,3,8
42 DELIVER 4 R2 17
42 SIDESTEP R4
43 GO_CHARGE R2 2 4
44 PICK 14 R5
45 SIDESTEP R7
46 SIDESTEP R3
46 DELIVER 3 R6 29
47 ASSIGN 17 R1 0
47 GO_CHARGE R6 2 4
47 PICK 17 R1
47 DELIVER 15 R7 7
48 SIDESTEP R2
50 CANCEL_FAIL 4
52 ASSIGN 18 R8 3
52 SIDESTEP R1
52 SIDESTEP R3
52 SIDESTEP R5
53 SIDESTEP R4
53 SIDESTEP R10
54 DELIVER 12 R0 18
54 DELIVER 6 R3 27
54 DEAD R4
54 LOST 2
55 GO_CHARGE R3 2 4
55 PICK 18 R8
55 REPORT pending=7 aged=0 idle=4 to_pickup=0 delivering=4 to_charger=3 charging=0 dead=1 hot=3,3,9
56 ASSIGN 23 R9 2
56 ASSIGN 24 R11 4
57 ASSIGN 26 R7 5
57 PICK 23 R9
58 DELIVER 23 R9 2
58 SIDESTEP R10
59 ASSIGN 25 R9 12
60 SIDESTEP R1
60 SIDESTEP R6
60 PICK 24 R11
61 DELIVER 14 R5 23
62 CANCEL_FAIL 11
62 GO_CHARGE R5 2 4
63 CANCEL_FAIL 9
65 SIDESTEP R8
65 SIDESTEP R9
66 SIDESTEP R5
66 PICK 26 R7
66 DEAD R10
66 LOST 11
66 SIDESTEP R11
67 SIDESTEP R1
69 REPORT pending=14 aged=0 idle=1 to_pickup=1 delivering=4 to_charger=4 charging=0 dead=2 hot=3,3,10
70 SIDESTEP R8
71 CANCEL_FAIL 5
71 SIDESTEP R11
72 SIDESTEP R1
72 SIDESTEP R6
72 SIDESTEP R9
73 DELIVER 26 R7 16
74 ASSIGN 30 R7 5
76 ASSIGN 34 R0 10
77 SIDESTEP R11
78 SIDESTEP R5
78 SIDESTEP R7
78 SIDESTEP R8
80 SIDESTEP R0
80 CHARGE R2
83 CHARGED R2
83 ASSIGN 35 R2 10
83 SIDESTEP R5
83 REPORT pending=16 aged=0 idle=0 to_pickup=4 delivering=3 to_charger=3 charging=0 dead=2 hot=3,4,10
84 DEAD R5
84 PICK 30 R7
85 SIDESTEP R0
87 CANCEL 31
87 SIDESTEP R2
87 CHARGE R3
87 SIDESTEP R11
88 SIDESTEP R1
88 SIDESTEP R9
89 SIDESTEP R7
89 SIDESTEP R8
90 CHARGED R3
90 ASSIGN 36 R3 3
90 SIDESTEP R0
90 DEAD R8
90 LOST 18
91 CANCEL_FAIL 5
92 SIDESTEP R2
93 REJECT 41
94 SIDESTEP R3
94 CHARGE R6
94 SIDESTEP R9
95 SIDESTEP R11
96 CHARGED R6
96 ASSIGN 39 R6 4
96 SIDESTEP R1
96 DEAD R11
96 LOST 24
97 SIDESTEP R2
97 REPORT pending=16 aged=0 idle=0 to_pickup=5 delivering=2 to_charger=0 charging=0 dead=5 hot=2,2,7
99 SIDESTEP R3
99 SIDESTEP R7
100 CANCEL 10
100 SIDESTEP R6
100 DEAD R7
100 LOST 30
101 CANCEL 21
102 DEAD R1
102 LOST 17
104 CANCEL_FAIL 11
104 PICK 36 R3
106 CANCEL_FAIL 23
106 PICK 39 R6
107 PICK 34 R0
107 DELIVER 39 R6 17
108 ASSIGN 47 R6 1
108 DELIVER 34 R0 32
108 PICK 47 R6
109 GO_CHARGE R0 2 4
109 DELIVER 47 R6 2
110 ASSIGN 48 R6 4
111 CANCEL_FAIL 4
111 DELIVER 36 R3 31
111 REPORT pending=20 aged=0 idle=1 to_pickup=3 delivering=0 to_charger=1 charging=0 dead=7 hot=6,3,5
114 CANCEL_FAIL 3
114 CANCEL_FAIL 18
115 PICK 48 R6
115 PICK 25 R9
116 PICK 35 R2
SUMMARY delivered=13 lost=6 rejected=3 cancelled=12 open=25
LATENCY sum=223 max=32 avg=17
ROBOT R0 5 4 8 TO_CHARGER 26 33
ROBOT R1 3 4 3 DEAD 11 43
ROBOT R2 10 2 42 DELIVERING 31 59
ROBOT R3 5 5 26 IDLE 26 57
ROBOT R4 7 1 3 DEAD 11 28
ROBOT R5 5 5 0 DEAD 22 24
ROBOT R6 7 2 32 DELIVERING 32 66
ROBOT R7 4 4 1 DEAD 21 29
ROBOT R8 5 4 4 DEAD 14 27
ROBOT R9 10 1 30 DELIVERING 28 32
ROBOT R10 4 4 4 DEAD 14 18
ROBOT R11 2 2 4 DEAD 14 26
