8 CANCEL_FAIL 4
9 CANCEL 1
11 REJECT 4
14 CANCEL 5
15 REJECT 7
20 CANCEL_FAIL 7
31 CANCEL 2
34 CANCEL_FAIL 11
40 REPORT pending=6 aged=5 idle=11 to_pickup=0 delivering=0 to_charger=0 charging=0 dead=0 hot=2,2,9
47 CANCEL_FAIL 1
49 CANCEL 13
50 CANCEL 14
51 REJECT 18
56 CANCEL_FAIL 7
58 CANCEL 17
60 CANCEL 8
67 CANCEL_FAIL 2
71 REJECT 28
75 CANCEL 10
75 CANCEL_FAIL 10
81 CANCEL 16
81 REPORT pending=20 aged=19 idle=11 to_pickup=0 delivering=0 to_charger=0 charging=0 dead=0 hot=2,2,9
84 CANCEL 12
87 CANCEL_FAIL 39
94 CANCEL 23
98 CANCEL 3
111 CANCEL_FAIL 43
112 CANCEL_FAIL 4
114 CANCEL_FAIL 10
116 CANCEL_FAIL 13
116 CANCEL 39
118 CANCEL 45
122 CANCEL_FAIL 28
122 REPORT pending=27 aged=27 idle=11 to_pickup=0 delivering=0 to_charger=0 charging=0 dead=0 hot=2,2,9
134 CANCEL_FAIL 2
137 CANCEL_FAIL 2
138 CANCEL 25
138 CANCEL 15
147 CANCEL_FAIL 12
160 CANCEL 30
160 CANCEL 20
163 REPORT pending=44 aged=44 idle=11 to_pickup=0 delivering=0 to_charger=0 charging=0 dead=0 hot=2,2,9
164 REJECT 67
189 CANCEL 69
189 CANCEL 57
191 CANCEL 65
192 CANCEL 47
196 CANCEL_FAIL 20
204 REPORT pending=55 aged=54 idle=11 to_pickup=0 delivering=0 to_charger=0 charging=0 dead=0 hot=2,2,9
206 REJECT 84
207 CANCEL 74
207 CANCEL 29
212 REJECT 86
213 CANCEL 54
214 REJECT 88
223 CANCEL 60
223 CANCEL_FAIL 7
232 CANCEL_FAIL 29
233 REJECT 99
238 CANCEL 103
245 CANCEL 101
245 REPORT pending=71 aged=70 idle=11 to_pickup=0 delivering=0 to_charger=0 charging=0 dead=0 hot=2,2,9
250 CANCEL 6
250 CANCEL 51
255 CANCEL 26
255 CANCEL 33
257 REJECT 114
257 REJECT 115
264 CANCEL 91
270 CANCEL_FAIL 99
273 CANCEL 40
278 CANCEL 116
282 REJECT 123
286 CANCEL 111
286 REPORT pending=76 aged=75 idle=11 to_pickup=0 delivering=0 to_charger=0 charging=0 dead=0 hot=2,2,9
289 CANCEL 102
291 CANCEL 59
291 CANCEL 62
296 CANCEL 77
297 CANCEL 122
297 CANCEL 38
299 CANCEL 71
301 CANCEL 109
318 CANCEL 70
SUMMARY delivered=0 lost=0 rejected=12 cancelled=55 open=74
LATENCY sum=0 max=0 avg=0
ROBOT R0 2 3 21 IDLE 0 0
ROBOT R1 3 1 21 IDLE 0 0
ROBOT R2 2 1 21 IDLE 0 0
ROBOT R3 1 4 21 IDLE 0 0
ROBOT R4 3 3 21 IDLE 0 0
ROBOT R5 1 2 21 IDLE 0 0
ROBOT R6 1 1 21 IDLE 0 0
ROBOT R7 2 2 21 IDLE 0 0
ROBOT R8 3 2 21 IDLE 0 0
ROBOT R9 3 4 21 IDLE 0 0
ROBOT R10 2 4 21 IDLE 0 0
