3 CANCEL_FAIL 2
8 CANCEL_FAIL 1
11 CANCEL_FAIL 1
16 CANCEL 1
18 REJECT 6
20 CANCEL_FAIL 7
20 CANCEL_FAIL 8
20 ASSIGN 7 R0 0
20 PICK 7 R0
21 DELIVER 7 R0 1
26 ASSIGN 11 R0 0
26 PICK 11 R0
27 DELIVER 11 R0 1
28 REJECT 12
33 CANCEL 3
36 REJECT 15
39 ASSIGN 2 R1 1
39 ASSIGN 4 R0 0
39 PICK 4 R0
39 PICK 2 R1
40 DELIVER 2 R1 27
41 ASSIGN 5 R1 1
44 REJECT 16
45 CANCEL_FAIL 12
52 CANCEL 9
53 REPORT pending=7 aged=7 idle=0 to_pickup=1 delivering=1 to_charger=0 charging=0 dead=0 hot=1,1,2
54 CANCEL 17
62 CANCEL_FAIL 22
68 CANCEL_FAIL 7
69 CANCEL 10
72 CANCEL_FAIL 3
77 CANCEL 8
77 CANCEL_FAIL 10
83 REJECT 31
84 REJECT 33
85 CANCEL 28
86 CANCEL_FAIL 12
87 CANCEL_FAIL 6
91 CANCEL_FAIL 7
96 CANCEL 19
99 CANCEL 37
101 REJECT 42
104 CANCEL_FAIL 28
107 REPORT pending=25 aged=24 idle=0 to_pickup=1 delivering=1 to_charger=0 charging=0 dead=0 hot=1,1,2
109 CANCEL_FAIL 42
111 REJECT 50
111 CANCEL_FAIL 15
117 REJECT 53
128 CANCEL 56
130 CANCEL 41
144 REJECT 63
150 CANCEL 64
152 CANCEL_FAIL 64
156 CANCEL 18
156 CANCEL_FAIL 70
161 CANCEL 43
161 REPORT pending=42 aged=42 idle=0 to_pickup=1 delivering=1 to_charger=0 charging=0 dead=0 hot=1,1,2
181 REJECT 78
185 CANCEL 24
188 CANCEL 67
192 CANCEL_FAIL 4
193 CANCEL 52
193 REJECT 81
195 CANCEL_FAIL 87
199 REJECT 89
SUMMARY delivered=3 lost=0 rejected=13 cancelled=24 open=56
LATENCY sum=29 max=27 avg=10
ROBOT R0 1 1 54 DELIVERING 0 162
ROBOT R1 1 2 53 TO_PICKUP 1 161
