1 REJECT 1
14 CANCEL_FAIL 3
17 REJECT 4
26 CANCEL_FAIL 4
27 REJECT 8
32 CANCEL_FAIL 14
34 CANCEL 13
34 REJECT 15
48 REJECT 23
51 REPORT pending=18 aged=18 idle=2 to_pickup=0 delivering=0 to_charger=0 charging=0 dead=0 hot=5,1,2
70 CANCEL 10
71 CANCEL 17
72 REJECT 34
74 CANCEL 29
74 CANCEL 14
77 CANCEL 22
86 REJECT 43
89 REJECT 44
89 REJECT 45
90 CANCEL 9
101 REJECT 55
103 REPORT pending=40 aged=39 idle=2 to_pickup=0 delivering=0 to_charger=0 charging=0 dead=0 hot=5,1,2
105 CANCEL_FAIL 34
109 CANCEL 38
116 CANCEL_FAIL 29
116 CANCEL 57
117 REJECT 61
127 CANCEL 6
128 REJECT 70
133 CANCEL 11
139 CANCEL 12
141 CANCEL 64
151 CANCEL 73
155 REPORT pending=54 aged=53 idle=2 to_pickup=0 delivering=0 to_charger=0 charging=0 dead=0 hot=5,1,2
163 CANCEL 25
165 CANCEL_FAIL 84
167 CANCEL 59
168 REJECT 85
168 CANCEL 66
174 CANCEL_FAIL 73
175 REJECT 90
176 REJECT 92
181 CANCEL_FAIL 13
184 CANCEL_FAIL 17
185 CANCEL 74
187 REJECT 97
189 REJECT 99
192 CANCEL 30
195 REJECT 101
200 CANCEL 37
201 CANCEL_FAIL 11
205 CANCEL 41
207 REJECT 109
207 REPORT pending=69 aged=69 idle=2 to_pickup=0 delivering=0 to_charger=0 charging=0 dead=0 hot=5,1,2
208 CANCEL_FAIL 90
218 CANCEL 68
222 REJECT 113
SUMMARY delivered=0 lost=0 rejected=20 cancelled=27 open=71
LATENCY sum=0 max=0 avg=0
ROBOT R0 6 1 58 IDLE 0 0
ROBOT R1 4 1 58 IDLE 0 0
