5 ASSIGN 1 R3 3
6 ASSIGN 2 R5 1
6 PICK 2 R5
7 CANCEL 1
7 GO_CHARGE R3 3 7
11 ASSIGN 3 R2 2
11 ASSIGN 4 R0 3
12 PICK 3 R2
13 SIDESTEP R3
13 DELIVER 2 R5 7
14 ASSIGN 5 R1 4
14 ASSIGN 6 R4 2
14 GO_CHARGE R5 3 7
15 CANCEL 5
15 ASSIGN 7 R1 1
15 PICK 7 R1
15 PICK 6 R4
18 SIDESTEP R3
19 DELIVER 7 R1 4
20 GO_CHARGE R1 3 7
20 PICK 4 R0
20 CHARGE R1
20 SIDESTEP R2
21 CHARGED R1
21 ASSIGN 8 R1 5
23 DELIVER 4 R0 12
24 GO_CHARGE R0 3 7
24 DELIVER 6 R4 10
25 GO_CHARGE R4 3 7
25 SIDESTEP R5
27 SIDESTEP R1
27 CHARGE R4
28 CHARGED R4
28 GO_CHARGE R4 3 7
28 DELIVER 3 R2 17
28 CHARGE R4
29 CHARGED R4
29 ASSIGN 9 R4 5
29 GO_CHARGE R2 3 7
29 PICK 8 R1
32 DELIVER 8 R1 14
33 GO_CHARGE R1 3 7
33 SIDESTEP R0
33 SIDESTEP R4
33 SIDESTEP R5
34 CHARGE R3
35 CHARGED R3
35 GO_CHARGE R3 3 7
35 CHARGE R3
36 CHARGED R3
36 ASSIGN 11 R3 4
38 SIDESTEP R4
39 SIDESTEP R5
40 SIDESTEP R3
41 SIDESTEP R0
43 PICK 11 R3
45 SIDESTEP R4
45 REPORT pending=6 aged=6 idle=0 to_pickup=1 delivering=1 to_charger=4 charging=0 dead=0 hot=3,5,3
46 SIDESTEP R0
46 SIDESTEP R1
46 CHARGE R2
46 DELIVER 11 R3 21
47 GO_CHARGE R3 3 7
48 CHARGED R2
48 GO_CHARGE R2 3 7
48 CHARGE R2
49 CHARGED R2
49 ASSIGN 10 R2 7
50 CANCEL 14
50 SIDESTEP R4
51 REJECT 20
52 SIDESTEP R1
53 SIDESTEP R3
54 CANCEL 9
54 GO_CHARGE R4 3 7
54 SIDESTEP R0
58 SIDESTEP R1
59 CANCEL_FAIL 6
60 SIDESTEP R3
61 SIDESTEP R0
62 REJECT 23
79 CANCEL 25
79 CANCEL 29
88 CANCEL_FAIL 6
88 CANCEL 13
90 REJECT 40
91 REPORT pending=22 aged=22 idle=0 to_pickup=1 delivering=0 to_charger=5 charging=0 dead=0 hot=3,5,3
102 CANCEL 32
105 REJECT 48
111 CANCEL_FAIL 3
119 REJECT 55
123 CANCEL 45
123 CANCEL_FAIL 2
131 CANCEL 44
137 REPORT pending=38 aged=38 idle=0 to_pickup=1 delivering=0 to_charger=5 charging=0 dead=0 hot=3,5,3
139 CANCEL 27
142 CANCEL 19
144 CANCEL 21
155 CANCEL_FAIL 44
159 CANCEL 66
163 CANCEL 60
167 REJECT 76
171 REJECT 79
172 CANCEL 12
173 REJECT 82
176 CANCEL 67
183 CANCEL 56
183 REPORT pending=50 aged=50 idle=0 to_pickup=1 delivering=0 to_charger=5 charging=0 dead=0 hot=3,5,3
194 CANCEL_FAIL 1
201 SIDESTEP R1
202 CANCEL_FAIL 2
212 SIDESTEP R3
213 SIDESTEP R0
219 SIDESTEP R3
220 CANCEL 65
220 SIDESTEP R0
221 CANCEL 53
223 CANCEL_FAIL 23
226 CANCEL 18
226 SIDESTEP R3
227 SIDESTEP R0
229 REPORT pending=70 aged=70 idle=0 to_pickup=1 delivering=0 to_charger=5 charging=0 dead=0 hot=3,5,3
233 SIDESTEP R3
234 SIDESTEP R0
235 CANCEL 50
240 SIDESTEP R3
241 SIDESTEP R0
242 CANCEL 115
247 SIDESTEP R3
248 SIDESTEP R0
254 SIDESTEP R3
255 SIDESTEP R0
258 REJECT 125
259 CANCEL 110
266 CANCEL 103
266 REJECT 131
271 CANCEL_FAIL 56
271 CANCEL 87
275 REPORT pending=94 aged=93 idle=0 to_pickup=1 delivering=0 to_charger=5 charging=0 dead=0 hot=3,5,3
282 CANCEL_FAIL 79
285 CANCEL 88
288 CANCEL 43
291 CANCEL_FAIL 65
294 CANCEL 78
297 CANCEL_FAIL 6
298 CANCEL 47
300 CANCEL_FAIL 27
306 CANCEL 98
316 REJECT 157
319 CANCEL 126
320 CANCEL 62
320 REJECT 158
321 REPORT pending=106 aged=106 idle=0 to_pickup=1 delivering=0 to_charger=5 charging=0 dead=0 hot=3,5,3
326 CANCEL_FAIL 19
328 REJECT 164
329 SIDESTEP R3
330 SIDESTEP R0
332 SIDESTEP R1
334 CANCEL_FAIL 56
337 SIDESTEP R1
338 CANCEL 123
338 SIDESTEP R0
342 SIDESTEP R1
343 SIDESTEP R0
343 SIDESTEP R3
345 CANCEL 141
349 SIDESTEP R1
350 SIDESTEP R0
350 SIDESTEP R3
351 CANCEL 152
357 SIDESTEP R0
362 SIDESTEP R0
362 SIDESTEP R1
362 SIDESTEP R3
363 REJECT 182
363 CANCEL 30
364 CANCEL 100
367 REPORT pending=124 aged=122 idle=0 to_pickup=1 delivering=0 to_charger=5 charging=0 dead=0 hot=2,4,3
380 CANCEL 28
389 REJECT 203
391 CANCEL_FAIL 66
SUMMARY delivered=7 lost=0 rejected=15 cancelled=53 open=142
LATENCY sum=85 max=21 avg=12
ROBOT R0 1 4 4 TO_CHARGER 41 342
ROBOT R1 2 4 16 TO_CHARGER 35 345
ROBOT R2 3 7 47 TO_PICKUP 16 365
ROBOT R3 2 5 9 TO_CHARGER 48 340
ROBOT R4 3 8 40 TO_CHARGER 17 362
ROBOT R5 3 6 23 TO_CHARGER 17 371
