0 CANCEL 2
0 ASSIGN 1 R2 0
0 PICK 1 R2
1 DELIVER 1 R2 1
3 CANCEL_FAIL 4
11 ASSIGN 4 R2 0
11 PICK 4 R2
12 ASSIGN 5 R0 2
12 DELIVER 4 R2 1
13 GO_CHARGE R2 5 2
13 PICK 5 R0
13 CHARGE R2
14 ASSIGN 7 R1 4
16 CANCEL_FAIL 4
16 CHARGED R2
17 PICK 7 R1
18 SIDESTEP R0
18 DELIVER 7 R1 4
19 GO_CHARGE R1 5 2
20 REJECT 13
20 DEAD R0
20 LOST 5
23 CANCEL 8
29 ASSIGN 18 R2 1
31 REPORT pending=12 aged=10 idle=0 to_pickup=1 delivering=0 to_charger=1 charging=0 dead=1 hot=5,1,2
33 CANCEL_FAIL 22
33 CANCEL_FAIL 1
37 CANCEL 11
42 CANCEL_FAIL 11
44 REJECT 24
46 CANCEL 22
52 CANCEL_FAIL 5
56 CANCEL 10
59 CANCEL 12
63 REPORT pending=23 aged=21 idle=0 to_pickup=1 delivering=0 to_charger=1 charging=0 dead=1 hot=5,1,2
64 CANCEL_FAIL 38
66 REJECT 37
67 REJECT 39
71 CANCEL 17
72 CANCEL 29
77 CANCEL 21
89 CANCEL 45
93 CANCEL 42
93 REJECT 52
SUMMARY delivered=3 lost=1 rejected=5 cancelled=15 open=32
LATENCY sum=6 max=4 avg=2
ROBOT R0 5 1 2 DEAD 4 4
ROBOT R1 5 1 8 TO_CHARGER 6 73
ROBOT R2 5 2 14 TO_PICKUP 2 65
