0 ASSIGN 1 R3 3
1 CANCEL_FAIL 4
1 ASSIGN 2 R2 4
1 ASSIGN 3 R0 4
2 PICK 1 R3
4 PICK 2 R2
8 DELIVER 2 R2 7
8 SIDESTEP R3
9 ASSIGN 4 R1 4
9 PICK 3 R0
10 CANCEL_FAIL 1
10 DELIVER 3 R0 9
10 REPORT pending=0 aged=0 idle=2 to_pickup=1 delivering=1 to_charger=0 charging=0 dead=0 hot=4,4,4
12 CANCEL 4
12 ASSIGN 5 R2 4
13 REJECT 7
13 ASSIGN 6 R0 3
15 ASSIGN 10 R1 10
15 PICK 5 R2
16 PICK 6 R0
17 DELIVER 1 R3 17
18 ASSIGN 9 R3 5
19 REJECT 12
19 DELIVER 5 R2 7
20 ASSIGN 8 R2 4
21 REPORT pending=3 aged=3 idle=0 to_pickup=3 delivering=1 to_charger=0 charging=0 dead=0 hot=4,1,4
23 SIDESTEP R1
23 PICK 8 R2
23 PICK 9 R3
24 DELIVER 6 R0 11
24 DELIVER 9 R3 9
25 ASSIGN 11 R0 6
28 CANCEL_FAIL 2
28 CANCEL 15
29 CANCEL 11
29 ASSIGN 13 R0 6
30 REJECT 16
32 ASSIGN 17 R3 4
32 REPORT pending=2 aged=1 idle=0 to_pickup=3 delivering=1 to_charger=0 charging=0 dead=0 hot=3,1,4
33 CANCEL_FAIL 15
34 CANCEL_FAIL 15
34 PICK 13 R0
35 PICK 10 R1
36 DELIVER 10 R1 21
37 ASSIGN 14 R1 7
38 SIDESTEP R3
39 DELIVER 13 R0 19
40 CANCEL 23
40 ASSIGN 18 R0 4
43 PICK 18 R0
43 SIDESTEP R1
43 REPORT pending=6 aged=5 idle=0 to_pickup=2 delivering=2 to_charger=0 charging=0 dead=0 hot=4,1,4
44 SIDESTEP R3
46 DELIVER 18 R0 14
49 SIDESTEP R1
51 CANCEL_FAIL 23
52 CANCEL 27
54 REPORT pending=9 aged=9 idle=1 to_pickup=2 delivering=1 to_charger=0 charging=0 dead=0 hot=1,1,4
55 SIDESTEP R1
SUMMARY delivered=9 lost=0 rejected=3 cancelled=10 open=14
LATENCY sum=114 max=21 avg=13
ROBOT R0 2 4 7 IDLE 28 16
ROBOT R1 3 2 23 TO_PICKUP 23 21
ROBOT R2 3 3 14 DELIVERING 22 31
ROBOT R3 4 2 11 TO_PICKUP 24 26
